#
# There is insufficient memory for the Java Runtime Environment to continue.
# Native memory allocation (malloc) failed to allocate 1271968 bytes. Error detail: Chunk::new
# Possible reasons:
#   The system is out of physical RAM or swap space
#   This process is running with CompressedOops enabled, and the Java Heap may be blocking the growth of the native heap
# Possible solutions:
#   Reduce memory load on the system
#   Increase physical memory or swap space
#   Check if swap backing store is full
#   Decrease Java heap size (-Xmx/-Xms)
#   Decrease number of Java threads
#   Decrease Java thread stack sizes (-Xss)
#   Set larger code cache with -XX:ReservedCodeCacheSize=
#   JVM is running with Unscaled Compressed Oops mode in which the Java heap is
#     placed in the first 4GB address space. The Java Heap base address is the
#     maximum limit for the native heap growth. Please use -XX:HeapBaseMinAddress
#     to set the Java Heap base and to place the Java Heap above 4GB virtual address.
# This output file may be truncated or incomplete.
#
#  Out of Memory Error (arena.cpp:168), pid=1964, tid=15700
#
# JRE version: OpenJDK Runtime Environment Temurin-21.0.11+10 (21.0.11+10) (build 21.0.11+10-LTS)
# Java VM: OpenJDK 64-Bit Server VM Temurin-21.0.11+10 (21.0.11+10-LTS, mixed mode, sharing, tiered, compressed oops, compressed class ptrs, parallel gc, windows-amd64)
# No core dump will be written. Minidumps are not enabled by default on client versions of Windows
#

---------------  S U M M A R Y ------------

Command Line: --add-modules=ALL-SYSTEM --add-opens=java.base/java.util=ALL-UNNAMED --add-opens=java.base/java.lang=ALL-UNNAMED --add-opens=java.base/sun.nio.fs=ALL-UNNAMED -Declipse.application=org.eclipse.jdt.ls.core.id1 -Dosgi.bundles.defaultStartLevel=4 -Declipse.product=org.eclipse.jdt.ls.core.product -Djava.import.generatesMetadataFilesAtProjectRoot=false -DDetectVMInstallationsJob.disabled=true -Dfile.encoding=utf8 -XX:+UseParallelGC -XX:GCTimeRatio=4 -XX:AdaptiveSizePolicyWeight=90 -Dsun.zip.disableMemoryMapping=true -Xmx2G -Xms100m -Xlog:disable -javaagent:c:\Users\DELL\.vscode\extensions\redhat.java-1.55.0-win32-x64\lombok\lombok-1.18.39-4050.jar -XX:+HeapDumpOnOutOfMemoryError -XX:HeapDumpPath=c:\Users\DELL\AppData\Roaming\Code\User\workspaceStorage\1a6564583ea9243afe764279d878b582\redhat.java -Daether.dependencyCollector.impl=bf c:\Users\DELL\.vscode\extensions\redhat.java-1.55.0-win32-x64\server\plugins\org.eclipse.equinox.launcher_1.7.200.v20260619-2039.jar -configuration c:\Users\DELL\AppData\Roaming\Code\User\globalStorage\redhat.java\1.55.0\config_win -data c:\Users\DELL\AppData\Roaming\Code\User\workspaceStorage\1a6564583ea9243afe764279d878b582\redhat.java\jdt_ws --pipe=\\.\pipe\lsp-5a6fe7dc91f0ac6568b092169b327aa8-sock

Host: Intel(R) Core(TM) i3-1005G1 CPU @ 1.20GHz, 4 cores, 3G,  Windows 10 , 64 bit Build 19041 (10.0.19041.5915)
Time: Wed Jul 15 09:04:55 2026 India Standard Time elapsed time: 28.949532 seconds (0d 0h 0m 28s)

---------------  T H R E A D  ---------------

Current thread (0x000001f479e8e000):  JavaThread "C2 CompilerThread0" daemon [_thread_in_native, id=15700, stack(0x000000b7b3b00000,0x000000b7b3c00000) (1024K)]


Current CompileTask:
C2:28949 9126       4       java.lang.invoke.MethodType::makeImpl (109 bytes)

Stack: [0x000000b7b3b00000,0x000000b7b3c00000]
Native frames: (J=compiled Java code, j=interpreted, Vv=VM code, C=native code)
V  [jvm.dll+0x6d7e19]
V  [jvm.dll+0x8b5096]
V  [jvm.dll+0x8b764e]
V  [jvm.dll+0x8b7d33]
V  [jvm.dll+0x284596]
V  [jvm.dll+0xc685d]
V  [jvm.dll+0xc6da1]
V  [jvm.dll+0x3bed6b]
V  [jvm.dll+0x1e3f42]
V  [jvm.dll+0x24c853]
V  [jvm.dll+0x24bce0]
V  [jvm.dll+0x1cb4ae]
V  [jvm.dll+0x25baad]
V  [jvm.dll+0x25a03a]
V  [jvm.dll+0x3f868e]
V  [jvm.dll+0x85fb0d]
V  [jvm.dll+0x6d664d]
C  [ucrtbase.dll+0x21bb2]
C  [KERNEL32.DLL+0x17374]
C  [ntdll.dll+0x4cc91]


---------------  P R O C E S S  ---------------

Threads class SMR info:
_java_thread_list=0x000001f4435f0480, length=40, elements={
0x000001f4634a0630, 0x000001f479e82950, 0x000001f479e841c0, 0x000001f479e87d60,
0x000001f479e8ab90, 0x000001f479e8c760, 0x000001f479e8d1c0, 0x000001f479e8e000,
0x000001f479eff110, 0x000001f47ad32d50, 0x000001f47ad7b8e0, 0x000001f47f369900,
0x000001f47f380b20, 0x000001f47f595810, 0x000001f47f597580, 0x000001f4410cd3a0,
0x000001f4412bd2a0, 0x000001f441094330, 0x000001f47f7fcd70, 0x000001f47f7fb9c0,
0x000001f47f7fc050, 0x000001f441ac7740, 0x000001f441ac8460, 0x000001f441ac5670,
0x000001f441ac6390, 0x000001f441ac9810, 0x000001f441ac4fe0, 0x000001f441aca530,
0x000001f441ac7dd0, 0x000001f441ac9ea0, 0x000001f441ac4950, 0x000001f441ac9180,
0x000001f441ac8af0, 0x000001f441ac6a20, 0x000001f441acabc0, 0x000001f441ac3c30,
0x000001f441ac5d00, 0x000001f441fbe060, 0x000001f441fbb270, 0x000001f441fbed80
}

Java Threads: ( => current thread )
  0x000001f4634a0630 JavaThread "main"                              [_thread_blocked, id=19388, stack(0x000000b7b3100000,0x000000b7b3200000) (1024K)]
  0x000001f479e82950 JavaThread "Reference Handler"          daemon [_thread_blocked, id=8884, stack(0x000000b7b3500000,0x000000b7b3600000) (1024K)]
  0x000001f479e841c0 JavaThread "Finalizer"                  daemon [_thread_blocked, id=17764, stack(0x000000b7b3600000,0x000000b7b3700000) (1024K)]
  0x000001f479e87d60 JavaThread "Signal Dispatcher"          daemon [_thread_blocked, id=18252, stack(0x000000b7b3700000,0x000000b7b3800000) (1024K)]
  0x000001f479e8ab90 JavaThread "Attach Listener"            daemon [_thread_blocked, id=18408, stack(0x000000b7b3800000,0x000000b7b3900000) (1024K)]
  0x000001f479e8c760 JavaThread "Service Thread"             daemon [_thread_blocked, id=14828, stack(0x000000b7b3900000,0x000000b7b3a00000) (1024K)]
  0x000001f479e8d1c0 JavaThread "Monitor Deflation Thread"   daemon [_thread_blocked, id=16708, stack(0x000000b7b3a00000,0x000000b7b3b00000) (1024K)]
=>0x000001f479e8e000 JavaThread "C2 CompilerThread0"         daemon [_thread_in_native, id=15700, stack(0x000000b7b3b00000,0x000000b7b3c00000) (1024K)]
  0x000001f479eff110 JavaThread "C1 CompilerThread0"         daemon [_thread_blocked, id=8876, stack(0x000000b7b3c00000,0x000000b7b3d00000) (1024K)]
  0x000001f47ad32d50 JavaThread "Common-Cleaner"             daemon [_thread_blocked, id=4908, stack(0x000000b7b3d00000,0x000000b7b3e00000) (1024K)]
  0x000001f47ad7b8e0 JavaThread "Notification Thread"        daemon [_thread_blocked, id=17416, stack(0x000000b7b3e00000,0x000000b7b3f00000) (1024K)]
  0x000001f47f369900 JavaThread "Active Thread: Equinox Container: 613935f1-5445-4219-bdde-c35a7e60a243"        [_thread_blocked, id=14764, stack(0x000000b7b4200000,0x000000b7b4300000) (1024K)]
  0x000001f47f380b20 JavaThread "Refresh Thread: Equinox Container: 613935f1-5445-4219-bdde-c35a7e60a243" daemon [_thread_blocked, id=13284, stack(0x000000b7b4300000,0x000000b7b4400000) (1024K)]
  0x000001f47f595810 JavaThread "Framework Event Dispatcher: Equinox Container: 613935f1-5445-4219-bdde-c35a7e60a243" daemon [_thread_blocked, id=16256, stack(0x000000b7b4400000,0x000000b7b4500000) (1024K)]
  0x000001f47f597580 JavaThread "Start Level: Equinox Container: 613935f1-5445-4219-bdde-c35a7e60a243" daemon [_thread_blocked, id=12852, stack(0x000000b7b4500000,0x000000b7b4600000) (1024K)]
  0x000001f4410cd3a0 JavaThread "Bundle File Closer"         daemon [_thread_blocked, id=10516, stack(0x000000b7b4600000,0x000000b7b4700000) (1024K)]
  0x000001f4412bd2a0 JavaThread "SCR Component Actor"        daemon [_thread_blocked, id=7216, stack(0x000000b7b4700000,0x000000b7b4800000) (1024K)]
  0x000001f441094330 JavaThread "Worker-JM"                         [_thread_blocked, id=4540, stack(0x000000b7b4800000,0x000000b7b4900000) (1024K)]
  0x000001f47f7fcd70 JavaThread "JNA Cleaner"                daemon [_thread_blocked, id=13932, stack(0x000000b7b4900000,0x000000b7b4a00000) (1024K)]
  0x000001f47f7fb9c0 JavaThread "Worker-0"                          [_thread_blocked, id=15320, stack(0x000000b7b4a00000,0x000000b7b4b00000) (1024K)]
  0x000001f47f7fc050 JavaThread "Worker-1"                          [_thread_blocked, id=8536, stack(0x000000b7b4b00000,0x000000b7b4c00000) (1024K)]
  0x000001f441ac7740 JavaThread "Worker-2"                          [_thread_blocked, id=7156, stack(0x000000b7b4c00000,0x000000b7b4d00000) (1024K)]
  0x000001f441ac8460 JavaThread "Worker-3"                          [_thread_blocked, id=10732, stack(0x000000b7b4d00000,0x000000b7b4e00000) (1024K)]
  0x000001f441ac5670 JavaThread "Java indexing"              daemon [_thread_blocked, id=3616, stack(0x000000b7b4e00000,0x000000b7b4f00000) (1024K)]
  0x000001f441ac6390 JavaThread "Worker-4"                          [_thread_blocked, id=19580, stack(0x000000b7b4f00000,0x000000b7b5000000) (1024K)]
  0x000001f441ac9810 JavaThread "Worker-5"                          [_thread_blocked, id=17368, stack(0x000000b7b5000000,0x000000b7b5100000) (1024K)]
  0x000001f441ac4fe0 JavaThread "Thread-1"                   daemon [_thread_in_native, id=19784, stack(0x000000b7b5100000,0x000000b7b5200000) (1024K)]
  0x000001f441aca530 JavaThread "Thread-2"                   daemon [_thread_in_native, id=10728, stack(0x000000b7b5200000,0x000000b7b5300000) (1024K)]
  0x000001f441ac7dd0 JavaThread "Thread-3"                   daemon [_thread_in_native, id=12752, stack(0x000000b7b5300000,0x000000b7b5400000) (1024K)]
  0x000001f441ac9ea0 JavaThread "Thread-4"                   daemon [_thread_in_native, id=19708, stack(0x000000b7b5400000,0x000000b7b5500000) (1024K)]
  0x000001f441ac4950 JavaThread "Thread-5"                   daemon [_thread_in_native, id=17324, stack(0x000000b7b5500000,0x000000b7b5600000) (1024K)]
  0x000001f441ac9180 JavaThread "pool-2-thread-1"                   [_thread_blocked, id=11768, stack(0x000000b7b5600000,0x000000b7b5700000) (1024K)]
  0x000001f441ac8af0 JavaThread "WorkspaceEventsHandler"            [_thread_blocked, id=14572, stack(0x000000b7b5700000,0x000000b7b5800000) (1024K)]
  0x000001f441ac6a20 JavaThread "pool-1-thread-1"                   [_thread_blocked, id=1040, stack(0x000000b7b5800000,0x000000b7b5900000) (1024K)]
  0x000001f441acabc0 JavaThread "PatternSearchJob-worker-1"  daemon [_thread_blocked, id=11636, stack(0x000000b7b5900000,0x000000b7b5a00000) (1024K)]
  0x000001f441ac3c30 JavaThread "PatternSearchJob-worker-2"  daemon [_thread_blocked, id=16184, stack(0x000000b7b5a00000,0x000000b7b5b00000) (1024K)]
  0x000001f441ac5d00 JavaThread "ForkJoinPool.commonPool-worker-1" daemon [_thread_blocked, id=19512, stack(0x000000b7b5b00000,0x000000b7b5c00000) (1024K)]
  0x000001f441fbe060 JavaThread "ForkJoinPool.commonPool-worker-2" daemon [_thread_in_Java, id=13904, stack(0x000000b7b5c00000,0x000000b7b5d00000) (1024K)]
  0x000001f441fbb270 JavaThread "ForkJoinPool.commonPool-worker-3" daemon [_thread_in_Java, id=12180, stack(0x000000b7b5d00000,0x000000b7b5e00000) (1024K)]
  0x000001f441fbed80 JavaThread "Cleaner-0"                  daemon [_thread_blocked, id=7352, stack(0x000000b7b5e00000,0x000000b7b5f00000) (1024K)]
Total: 40

Other Threads:
  0x000001f463557f30 VMThread "VM Thread"                           [id=19872, stack(0x000000b7b3400000,0x000000b7b3500000) (1024K)]
  0x000001f463505150 WatcherThread "VM Periodic Task Thread"        [id=5944, stack(0x000000b7b3300000,0x000000b7b3400000) (1024K)]
  0x000001f4634b7d90 WorkerThread "GC Thread#0"                     [id=9680, stack(0x000000b7b3200000,0x000000b7b3300000) (1024K)]
  0x000001f47adca030 WorkerThread "GC Thread#1"                     [id=15300, stack(0x000000b7b3f00000,0x000000b7b4000000) (1024K)]
  0x000001f47adca3e0 WorkerThread "GC Thread#2"                     [id=8408, stack(0x000000b7b4000000,0x000000b7b4100000) (1024K)]
  0x000001f47adca790 WorkerThread "GC Thread#3"                     [id=9092, stack(0x000000b7b4100000,0x000000b7b4200000) (1024K)]
Total: 6

Threads with active compile tasks:
C2 CompilerThread0  29024 9126       4       java.lang.invoke.MethodType::makeImpl (109 bytes)
Total: 1

VM state: not at safepoint (normal execution)

VM Mutex/Monitor currently owned by a thread: None

Heap address: 0x0000000080000000, size: 2048 MB, Compressed Oops mode: 32-bit

CDS archive(s) mapped at: [0x000001f400000000-0x000001f400ba0000-0x000001f400ba0000), size 12189696, SharedBaseAddress: 0x000001f400000000, ArchiveRelocationMode: 1.
Compressed class space mapped at: 0x000001f401000000-0x000001f441000000, reserved size: 1073741824
Narrow klass base: 0x000001f400000000, Narrow klass shift: 0, Narrow klass range: 0x100000000

GC Precious Log:
 CardTable entry size: 512
 CPUs: 4 total, 4 available
 Memory: 3862M
 Large Page Support: Disabled
 NUMA Support: Disabled
 Compressed Oops: Enabled (32-bit)
 Alignments: Space 512K, Generation 512K, Heap 2M
 Heap Min Capacity: 100M
 Heap Initial Capacity: 100M
 Heap Max Capacity: 2G
 Pre-touch: Disabled
 Parallel Workers: 4

Heap:
 PSYoungGen      total 18432K, used 13024K [0x00000000d5580000, 0x00000000d6b00000, 0x0000000100000000)
  eden space 17408K, 70% used [0x00000000d5580000,0x00000000d6169e18,0x00000000d6680000)
  from space 1024K, 80% used [0x00000000d6680000,0x00000000d674e568,0x00000000d6780000)
  to   space 2048K, 0% used [0x00000000d6900000,0x00000000d6900000,0x00000000d6b00000)
 ParOldGen       total 68608K, used 46900K [0x0000000080000000, 0x0000000084300000, 0x00000000d5580000)
  object space 68608K, 68% used [0x0000000080000000,0x0000000082dcd0c0,0x0000000084300000)
 Metaspace       used 63966K, committed 65280K, reserved 1114112K
  class space    used 6742K, committed 7296K, reserved 1048576K

Card table byte_map: [0x000001f462e40000,0x000001f463250000] _byte_map_base: 0x000001f462a40000

Marking Bits: (ParMarkBitMap*) 0x00007ffa3a294460
 Begin Bits: [0x000001f475950000, 0x000001f477950000)
 End Bits:   [0x000001f477950000, 0x000001f479950000)

Polling page: 0x000001f461470000

Metaspace:

Usage:
  Non-class:     55.88 MB used.
      Class:      6.58 MB used.
       Both:     62.47 MB used.

Virtual space:
  Non-class space:       64.00 MB reserved,      56.62 MB ( 88%) committed,  1 nodes.
      Class space:        1.00 GB reserved,       7.12 MB ( <1%) committed,  1 nodes.
             Both:        1.06 GB reserved,      63.75 MB (  6%) committed. 

Chunk freelists:
   Non-Class:  6.56 MB
       Class:  8.83 MB
        Both:  15.39 MB

MaxMetaspaceSize: unlimited
CompressedClassSpaceSize: 1.00 GB
Initial GC threshold: 21.00 MB
Current GC threshold: 98.12 MB
CDS: on
 - commit_granule_bytes: 65536.
 - commit_granule_words: 8192.
 - virtual_space_node_default_size: 8388608.
 - enlarge_chunks_in_place: 1.
 - use_allocation_guard: 0.


Internal statistics:

num_allocs_failed_limit: 15.
num_arena_births: 1076.
num_arena_deaths: 14.
num_vsnodes_births: 2.
num_vsnodes_deaths: 0.
num_space_committed: 1020.
num_space_uncommitted: 0.
num_chunks_returned_to_freelist: 29.
num_chunks_taken_from_freelist: 4003.
num_chunk_merges: 21.
num_chunk_splits: 2503.
num_chunks_enlarged: 1475.
num_inconsistent_stats: 0.

CodeHeap 'non-profiled nmethods': size=120000Kb used=4634Kb max_used=4634Kb free=115365Kb
 bounds [0x000001f46e170000, 0x000001f46e600000, 0x000001f4756a0000]
CodeHeap 'profiled nmethods': size=120000Kb used=19178Kb max_used=19178Kb free=100821Kb
 bounds [0x000001f4666a0000, 0x000001f467960000, 0x000001f46dbd0000]
CodeHeap 'non-nmethods': size=5760Kb used=1461Kb max_used=1505Kb free=4298Kb
 bounds [0x000001f46dbd0000, 0x000001f46de40000, 0x000001f46e170000]
CodeCache: size=245760Kb, used=25273Kb, max_used=25317Kb, free=220484Kb
 total_blobs=9338, nmethods=8568, adapters=674, full_count=0
Compilation: enabled, stopped_count=0, restarted_count=0

Compilation events (20 events):
Event: 28.926 Thread 0x000001f479eff110 nmethod 9297 0x000001f46793d410 code [0x000001f46793d5e0, 0x000001f46793d8e0]
Event: 28.926 Thread 0x000001f479eff110 9298       2       org.eclipse.jdt.internal.core.NameLookup$$Lambda/0x000001f401680000::<init> (10 bytes)
Event: 28.927 Thread 0x000001f479eff110 nmethod 9298 0x000001f46793db10 code [0x000001f46793dca0, 0x000001f46793ddc0]
Event: 28.927 Thread 0x000001f479eff110 9299   !   2       org.eclipse.jdt.internal.core.NameLookup::seekModule (267 bytes)
Event: 28.928 Thread 0x000001f479eff110 nmethod 9299 0x000001f46793de90 code [0x000001f46793e140, 0x000001f46793ea00]
Event: 28.928 Thread 0x000001f479eff110 9300       2       java.util.stream.Stream::of (5 bytes)
Event: 28.929 Thread 0x000001f479eff110 nmethod 9300 0x000001f46793f310 code [0x000001f46793f4c0, 0x000001f46793f608]
Event: 28.929 Thread 0x000001f479eff110 9301       2       org.eclipse.jdt.internal.compiler.lookup.SplitPackageBinding::getIncarnation (44 bytes)
Event: 28.929 Thread 0x000001f479eff110 nmethod 9301 0x000001f46793f710 code [0x000001f46793f8e0, 0x000001f46793fb78]
Event: 28.929 Thread 0x000001f479eff110 9302       2       org.eclipse.jdt.internal.compiler.lookup.BinaryModuleBinding::getDeclaredPackage (18 bytes)
Event: 28.930 Thread 0x000001f479eff110 nmethod 9302 0x000001f46793fd10 code [0x000001f46793ff00, 0x000001f467940230]
Event: 28.930 Thread 0x000001f479eff110 9303       2       org.eclipse.jdt.internal.compiler.lookup.ModuleBinding::getDeclaredPackage (12 bytes)
Event: 28.930 Thread 0x000001f479eff110 nmethod 9303 0x000001f467940490 code [0x000001f467940660, 0x000001f4679408a8]
Event: 28.930 Thread 0x000001f479eff110 9304       2       org.eclipse.jdt.internal.compiler.lookup.ModuleBinding$$Lambda/0x000001f4016846e8::apply (12 bytes)
Event: 28.930 Thread 0x000001f479eff110 nmethod 9304 0x000001f467940a10 code [0x000001f467940bc0, 0x000001f467940d38]
Event: 28.930 Thread 0x000001f479eff110 9305       2       org.eclipse.jdt.core.compiler.CharOperation::arrayConcat (43 bytes)
Event: 28.930 Thread 0x000001f479eff110 nmethod 9305 0x000001f467940e10 code [0x000001f467940fe0, 0x000001f467941438]
Event: 28.930 Thread 0x000001f479eff110 9306       1       org.eclipse.jdt.internal.compiler.lookup.ModuleBinding::isAutomatic (5 bytes)
Event: 28.930 Thread 0x000001f479eff110 nmethod 9306 0x000001f46e5f5f10 code [0x000001f46e5f60a0, 0x000001f46e5f6170]
Event: 28.930 Thread 0x000001f479eff110 9307       2       org.eclipse.jdt.internal.compiler.lookup.BinaryTypeBinding::createMethod (1666 bytes)

GC Heap History (20 events):
Event: 23.685 GC heap before
{Heap before GC invocations=31 (full 2):
 PSYoungGen      total 19456K, used 19264K [0x00000000d5580000, 0x00000000d6b80000, 0x0000000100000000)
  eden space 18944K, 100% used [0x00000000d5580000,0x00000000d6800000,0x00000000d6800000)
  from space 512K, 62% used [0x00000000d6b00000,0x00000000d6b50000,0x00000000d6b80000)
  to   space 1536K, 0% used [0x00000000d6880000,0x00000000d6880000,0x00000000d6a00000)
 ParOldGen       total 68608K, used 41307K [0x0000000080000000, 0x0000000084300000, 0x00000000d5580000)
  object space 68608K, 60% used [0x0000000080000000,0x0000000082856d38,0x0000000084300000)
 Metaspace       used 52609K, committed 53760K, reserved 1114112K
  class space    used 5640K, committed 6144K, reserved 1048576K
}
Event: 23.687 GC heap after
{Heap after GC invocations=31 (full 2):
 PSYoungGen      total 20480K, used 1103K [0x00000000d5580000, 0x00000000d6b80000, 0x0000000100000000)
  eden space 18944K, 0% used [0x00000000d5580000,0x00000000d5580000,0x00000000d6800000)
  from space 1536K, 71% used [0x00000000d6880000,0x00000000d6993ea8,0x00000000d6a00000)
  to   space 1536K, 0% used [0x00000000d6a00000,0x00000000d6a00000,0x00000000d6b80000)
 ParOldGen       total 68608K, used 41523K [0x0000000080000000, 0x0000000084300000, 0x00000000d5580000)
  object space 68608K, 60% used [0x0000000080000000,0x000000008288cd38,0x0000000084300000)
 Metaspace       used 52609K, committed 53760K, reserved 1114112K
  class space    used 5640K, committed 6144K, reserved 1048576K
}
Event: 23.786 GC heap before
{Heap before GC invocations=32 (full 2):
 PSYoungGen      total 20480K, used 19898K [0x00000000d5580000, 0x00000000d6b80000, 0x0000000100000000)
  eden space 18944K, 99% used [0x00000000d5580000,0x00000000d67da9e0,0x00000000d6800000)
  from space 1536K, 71% used [0x00000000d6880000,0x00000000d6993ea8,0x00000000d6a00000)
  to   space 1536K, 0% used [0x00000000d6a00000,0x00000000d6a00000,0x00000000d6b80000)
 ParOldGen       total 68608K, used 41523K [0x0000000080000000, 0x0000000084300000, 0x00000000d5580000)
  object space 68608K, 60% used [0x0000000080000000,0x000000008288cd38,0x0000000084300000)
 Metaspace       used 52628K, committed 53760K, reserved 1114112K
  class space    used 5640K, committed 6144K, reserved 1048576K
}
Event: 23.788 GC heap after
{Heap after GC invocations=32 (full 2):
 PSYoungGen      total 19968K, used 918K [0x00000000d5580000, 0x00000000d6b00000, 0x0000000100000000)
  eden space 18944K, 0% used [0x00000000d5580000,0x00000000d5580000,0x00000000d6800000)
  from space 1024K, 89% used [0x00000000d6a00000,0x00000000d6ae5a08,0x00000000d6b00000)
  to   space 1024K, 0% used [0x00000000d6900000,0x00000000d6900000,0x00000000d6a00000)
 ParOldGen       total 68608K, used 42534K [0x0000000080000000, 0x0000000084300000, 0x00000000d5580000)
  object space 68608K, 61% used [0x0000000080000000,0x0000000082989a08,0x0000000084300000)
 Metaspace       used 52628K, committed 53760K, reserved 1114112K
  class space    used 5640K, committed 6144K, reserved 1048576K
}
Event: 24.382 GC heap before
{Heap before GC invocations=33 (full 2):
 PSYoungGen      total 19968K, used 19862K [0x00000000d5580000, 0x00000000d6b00000, 0x0000000100000000)
  eden space 18944K, 100% used [0x00000000d5580000,0x00000000d6800000,0x00000000d6800000)
  from space 1024K, 89% used [0x00000000d6a00000,0x00000000d6ae5a08,0x00000000d6b00000)
  to   space 1024K, 0% used [0x00000000d6900000,0x00000000d6900000,0x00000000d6a00000)
 ParOldGen       total 68608K, used 42534K [0x0000000080000000, 0x0000000084300000, 0x00000000d5580000)
  object space 68608K, 61% used [0x0000000080000000,0x0000000082989a08,0x0000000084300000)
 Metaspace       used 54363K, committed 55488K, reserved 1114112K
  class space    used 5787K, committed 6272K, reserved 1048576K
}
Event: 24.383 GC heap after
{Heap after GC invocations=33 (full 2):
 PSYoungGen      total 19456K, used 398K [0x00000000d5580000, 0x00000000d6a80000, 0x0000000100000000)
  eden space 18944K, 0% used [0x00000000d5580000,0x00000000d5580000,0x00000000d6800000)
  from space 512K, 77% used [0x00000000d6900000,0x00000000d6963bd0,0x00000000d6980000)
  to   space 1024K, 0% used [0x00000000d6980000,0x00000000d6980000,0x00000000d6a80000)
 ParOldGen       total 68608K, used 42558K [0x0000000080000000, 0x0000000084300000, 0x00000000d5580000)
  object space 68608K, 62% used [0x0000000080000000,0x000000008298fa08,0x0000000084300000)
 Metaspace       used 54363K, committed 55488K, reserved 1114112K
  class space    used 5787K, committed 6272K, reserved 1048576K
}
Event: 25.253 GC heap before
{Heap before GC invocations=34 (full 2):
 PSYoungGen      total 19456K, used 19339K [0x00000000d5580000, 0x00000000d6a80000, 0x0000000100000000)
  eden space 18944K, 99% used [0x00000000d5580000,0x00000000d67ff078,0x00000000d6800000)
  from space 512K, 77% used [0x00000000d6900000,0x00000000d6963bd0,0x00000000d6980000)
  to   space 1024K, 0% used [0x00000000d6980000,0x00000000d6980000,0x00000000d6a80000)
 ParOldGen       total 68608K, used 42558K [0x0000000080000000, 0x0000000084300000, 0x00000000d5580000)
  object space 68608K, 62% used [0x0000000080000000,0x000000008298fa08,0x0000000084300000)
 Metaspace       used 56173K, committed 57408K, reserved 1114112K
  class space    used 6011K, committed 6528K, reserved 1048576K
}
Event: 25.257 GC heap after
{Heap after GC invocations=34 (full 2):
 PSYoungGen      total 19968K, used 625K [0x00000000d5580000, 0x00000000d6a80000, 0x0000000100000000)
  eden space 18944K, 0% used [0x00000000d5580000,0x00000000d5580000,0x00000000d6800000)
  from space 1024K, 61% used [0x00000000d6980000,0x00000000d6a1c710,0x00000000d6a80000)
  to   space 1024K, 0% used [0x00000000d6880000,0x00000000d6880000,0x00000000d6980000)
 ParOldGen       total 68608K, used 42678K [0x0000000080000000, 0x0000000084300000, 0x00000000d5580000)
  object space 68608K, 62% used [0x0000000080000000,0x00000000829ada08,0x0000000084300000)
 Metaspace       used 56173K, committed 57408K, reserved 1114112K
  class space    used 6011K, committed 6528K, reserved 1048576K
}
Event: 25.775 GC heap before
{Heap before GC invocations=35 (full 2):
 PSYoungGen      total 19968K, used 19569K [0x00000000d5580000, 0x00000000d6a80000, 0x0000000100000000)
  eden space 18944K, 100% used [0x00000000d5580000,0x00000000d6800000,0x00000000d6800000)
  from space 1024K, 61% used [0x00000000d6980000,0x00000000d6a1c710,0x00000000d6a80000)
  to   space 1024K, 0% used [0x00000000d6880000,0x00000000d6880000,0x00000000d6980000)
 ParOldGen       total 68608K, used 42678K [0x0000000080000000, 0x0000000084300000, 0x00000000d5580000)
  object space 68608K, 62% used [0x0000000080000000,0x00000000829ada08,0x0000000084300000)
 Metaspace       used 58180K, committed 59520K, reserved 1114112K
  class space    used 6219K, committed 6784K, reserved 1048576K
}
Event: 25.781 GC heap after
{Heap after GC invocations=35 (full 2):
 PSYoungGen      total 19968K, used 1014K [0x00000000d5580000, 0x00000000d6e00000, 0x0000000100000000)
  eden space 18944K, 0% used [0x00000000d5580000,0x00000000d5580000,0x00000000d6800000)
  from space 1024K, 99% used [0x00000000d6880000,0x00000000d697da40,0x00000000d6980000)
  to   space 3072K, 0% used [0x00000000d6b00000,0x00000000d6b00000,0x00000000d6e00000)
 ParOldGen       total 68608K, used 44149K [0x0000000080000000, 0x0000000084300000, 0x00000000d5580000)
  object space 68608K, 64% used [0x0000000080000000,0x0000000082b1d5e8,0x0000000084300000)
 Metaspace       used 58180K, committed 59520K, reserved 1114112K
  class space    used 6219K, committed 6784K, reserved 1048576K
}
Event: 25.972 GC heap before
{Heap before GC invocations=36 (full 2):
 PSYoungGen      total 19968K, used 8092K [0x00000000d5580000, 0x00000000d6e00000, 0x0000000100000000)
  eden space 18944K, 37% used [0x00000000d5580000,0x00000000d5c697f0,0x00000000d6800000)
  from space 1024K, 99% used [0x00000000d6880000,0x00000000d697da40,0x00000000d6980000)
  to   space 3072K, 0% used [0x00000000d6b00000,0x00000000d6b00000,0x00000000d6e00000)
 ParOldGen       total 68608K, used 44149K [0x0000000080000000, 0x0000000084300000, 0x00000000d5580000)
  object space 68608K, 64% used [0x0000000080000000,0x0000000082b1d5e8,0x0000000084300000)
 Metaspace       used 58954K, committed 60288K, reserved 1114112K
  class space    used 6314K, committed 6912K, reserved 1048576K
}
Event: 25.978 GC heap after
{Heap after GC invocations=36 (full 2):
 PSYoungGen      total 20480K, used 1409K [0x00000000d5580000, 0x00000000d6c80000, 0x0000000100000000)
  eden space 18944K, 0% used [0x00000000d5580000,0x00000000d5580000,0x00000000d6800000)
  from space 1536K, 91% used [0x00000000d6b00000,0x00000000d6c60748,0x00000000d6c80000)
  to   space 2048K, 0% used [0x00000000d6880000,0x00000000d6880000,0x00000000d6a80000)
 ParOldGen       total 68608K, used 45139K [0x0000000080000000, 0x0000000084300000, 0x00000000d5580000)
  object space 68608K, 65% used [0x0000000080000000,0x0000000082c14e80,0x0000000084300000)
 Metaspace       used 58954K, committed 60288K, reserved 1114112K
  class space    used 6314K, committed 6912K, reserved 1048576K
}
Event: 25.978 GC heap before
{Heap before GC invocations=37 (full 3):
 PSYoungGen      total 20480K, used 1409K [0x00000000d5580000, 0x00000000d6c80000, 0x0000000100000000)
  eden space 18944K, 0% used [0x00000000d5580000,0x00000000d5580000,0x00000000d6800000)
  from space 1536K, 91% used [0x00000000d6b00000,0x00000000d6c60748,0x00000000d6c80000)
  to   space 2048K, 0% used [0x00000000d6880000,0x00000000d6880000,0x00000000d6a80000)
 ParOldGen       total 68608K, used 45139K [0x0000000080000000, 0x0000000084300000, 0x00000000d5580000)
  object space 68608K, 65% used [0x0000000080000000,0x0000000082c14e80,0x0000000084300000)
 Metaspace       used 58954K, committed 60288K, reserved 1114112K
  class space    used 6314K, committed 6912K, reserved 1048576K
}
Event: 26.144 GC heap after
{Heap after GC invocations=37 (full 3):
 PSYoungGen      total 20480K, used 0K [0x00000000d5580000, 0x00000000d6c80000, 0x0000000100000000)
  eden space 18944K, 0% used [0x00000000d5580000,0x00000000d5580000,0x00000000d6800000)
  from space 1536K, 0% used [0x00000000d6b00000,0x00000000d6b00000,0x00000000d6c80000)
  to   space 2048K, 0% used [0x00000000d6880000,0x00000000d6880000,0x00000000d6a80000)
 ParOldGen       total 68608K, used 43235K [0x0000000080000000, 0x0000000084300000, 0x00000000d5580000)
  object space 68608K, 63% used [0x0000000080000000,0x0000000082a38d18,0x0000000084300000)
 Metaspace       used 58954K, committed 60288K, reserved 1114112K
  class space    used 6314K, committed 6912K, reserved 1048576K
}
Event: 26.982 GC heap before
{Heap before GC invocations=38 (full 3):
 PSYoungGen      total 20480K, used 18933K [0x00000000d5580000, 0x00000000d6c80000, 0x0000000100000000)
  eden space 18944K, 99% used [0x00000000d5580000,0x00000000d67fd5d8,0x00000000d6800000)
  from space 1536K, 0% used [0x00000000d6b00000,0x00000000d6b00000,0x00000000d6c80000)
  to   space 2048K, 0% used [0x00000000d6880000,0x00000000d6880000,0x00000000d6a80000)
 ParOldGen       total 68608K, used 43235K [0x0000000080000000, 0x0000000084300000, 0x00000000d5580000)
  object space 68608K, 63% used [0x0000000080000000,0x0000000082a38d18,0x0000000084300000)
 Metaspace       used 60983K, committed 62272K, reserved 1114112K
  class space    used 6500K, committed 7040K, reserved 1048576K
}
Event: 26.987 GC heap after
{Heap after GC invocations=38 (full 3):
 PSYoungGen      total 20992K, used 1925K [0x00000000d5580000, 0x00000000d6c00000, 0x0000000100000000)
  eden space 18944K, 0% used [0x00000000d5580000,0x00000000d5580000,0x00000000d6800000)
  from space 2048K, 94% used [0x00000000d6880000,0x00000000d6a614f8,0x00000000d6a80000)
  to   space 1536K, 0% used [0x00000000d6a80000,0x00000000d6a80000,0x00000000d6c00000)
 ParOldGen       total 68608K, used 43243K [0x0000000080000000, 0x0000000084300000, 0x00000000d5580000)
  object space 68608K, 63% used [0x0000000080000000,0x0000000082a3ad18,0x0000000084300000)
 Metaspace       used 60983K, committed 62272K, reserved 1114112K
  class space    used 6500K, committed 7040K, reserved 1048576K
}
Event: 28.191 GC heap before
{Heap before GC invocations=39 (full 3):
 PSYoungGen      total 20992K, used 20869K [0x00000000d5580000, 0x00000000d6c00000, 0x0000000100000000)
  eden space 18944K, 100% used [0x00000000d5580000,0x00000000d6800000,0x00000000d6800000)
  from space 2048K, 94% used [0x00000000d6880000,0x00000000d6a614f8,0x00000000d6a80000)
  to   space 1536K, 0% used [0x00000000d6a80000,0x00000000d6a80000,0x00000000d6c00000)
 ParOldGen       total 68608K, used 43243K [0x0000000080000000, 0x0000000084300000, 0x00000000d5580000)
  object space 68608K, 63% used [0x0000000080000000,0x0000000082a3ad18,0x0000000084300000)
 Metaspace       used 62101K, committed 63424K, reserved 1114112K
  class space    used 6561K, committed 7104K, reserved 1048576K
}
Event: 28.201 GC heap after
{Heap after GC invocations=39 (full 3):
 PSYoungGen      total 18944K, used 1516K [0x00000000d5580000, 0x00000000d7000000, 0x0000000100000000)
  eden space 17408K, 0% used [0x00000000d5580000,0x00000000d5580000,0x00000000d6680000)
  from space 1536K, 98% used [0x00000000d6a80000,0x00000000d6bfb3e8,0x00000000d6c00000)
  to   space 4096K, 0% used [0x00000000d6680000,0x00000000d6680000,0x00000000d6a80000)
 ParOldGen       total 68608K, used 45408K [0x0000000080000000, 0x0000000084300000, 0x00000000d5580000)
  object space 68608K, 66% used [0x0000000080000000,0x0000000082c583c8,0x0000000084300000)
 Metaspace       used 62101K, committed 63424K, reserved 1114112K
  class space    used 6561K, committed 7104K, reserved 1048576K
}
Event: 28.716 GC heap before
{Heap before GC invocations=40 (full 3):
 PSYoungGen      total 18944K, used 18924K [0x00000000d5580000, 0x00000000d7000000, 0x0000000100000000)
  eden space 17408K, 100% used [0x00000000d5580000,0x00000000d6680000,0x00000000d6680000)
  from space 1536K, 98% used [0x00000000d6a80000,0x00000000d6bfb3e8,0x00000000d6c00000)
  to   space 4096K, 0% used [0x00000000d6680000,0x00000000d6680000,0x00000000d6a80000)
 ParOldGen       total 68608K, used 45408K [0x0000000080000000, 0x0000000084300000, 0x00000000d5580000)
  object space 68608K, 66% used [0x0000000080000000,0x0000000082c583c8,0x0000000084300000)
 Metaspace       used 63514K, committed 64896K, reserved 1114112K
  class space    used 6701K, committed 7296K, reserved 1048576K
}
Event: 28.720 GC heap after
{Heap after GC invocations=40 (full 3):
 PSYoungGen      total 18432K, used 825K [0x00000000d5580000, 0x00000000d6b00000, 0x0000000100000000)
  eden space 17408K, 0% used [0x00000000d5580000,0x00000000d5580000,0x00000000d6680000)
  from space 1024K, 80% used [0x00000000d6680000,0x00000000d674e568,0x00000000d6780000)
  to   space 2048K, 0% used [0x00000000d6900000,0x00000000d6900000,0x00000000d6b00000)
 ParOldGen       total 68608K, used 46900K [0x0000000080000000, 0x0000000084300000, 0x00000000d5580000)
  object space 68608K, 68% used [0x0000000080000000,0x0000000082dcd0c0,0x0000000084300000)
 Metaspace       used 63514K, committed 64896K, reserved 1114112K
  class space    used 6701K, committed 7296K, reserved 1048576K
}

Dll operation events (10 events):
Event: 0.090 Loaded shared library c:\Users\DELL\.vscode\extensions\redhat.java-1.55.0-win32-x64\jre\21.0.11-win32-x86_64\bin\java.dll
Event: 0.236 Loaded shared library c:\Users\DELL\.vscode\extensions\redhat.java-1.55.0-win32-x64\jre\21.0.11-win32-x86_64\bin\zip.dll
Event: 0.266 Loaded shared library C:\Users\DELL\.vscode\extensions\redhat.java-1.55.0-win32-x64\jre\21.0.11-win32-x86_64\bin\instrument.dll
Event: 0.274 Loaded shared library C:\Users\DELL\.vscode\extensions\redhat.java-1.55.0-win32-x64\jre\21.0.11-win32-x86_64\bin\net.dll
Event: 0.279 Loaded shared library C:\Users\DELL\.vscode\extensions\redhat.java-1.55.0-win32-x64\jre\21.0.11-win32-x86_64\bin\nio.dll
Event: 0.284 Loaded shared library C:\Users\DELL\.vscode\extensions\redhat.java-1.55.0-win32-x64\jre\21.0.11-win32-x86_64\bin\zip.dll
Event: 0.311 Loaded shared library C:\Users\DELL\.vscode\extensions\redhat.java-1.55.0-win32-x64\jre\21.0.11-win32-x86_64\bin\jimage.dll
Event: 0.458 Loaded shared library c:\Users\DELL\.vscode\extensions\redhat.java-1.55.0-win32-x64\jre\21.0.11-win32-x86_64\bin\verify.dll
Event: 3.753 Loaded shared library C:\Users\DELL\AppData\Roaming\Code\User\globalStorage\redhat.java\1.55.0\config_win\org.eclipse.equinox.launcher\org.eclipse.equinox.launcher.win32.win32.x86_64_1.3.100.v20260613-0559\eclipse_11924.dll
Event: 9.765 Loaded shared library C:\Users\DELL\AppData\Local\Temp\jna-2094529\jna4518072454864489553.dll

Deoptimization events (20 events):
Event: 28.647 Thread 0x000001f441fbb270 DEOPT PACKING pc=0x000001f46e5f0b20 sp=0x000000b7b5dfe460
Event: 28.647 Thread 0x000001f441fbb270 DEOPT UNPACKING pc=0x000001f46dc26da2 sp=0x000000b7b5dfe3f0 mode 2
Event: 28.647 Thread 0x000001f441fbb270 Uncommon trap: trap_request=0xffffffc6 fr.pc=0x000001f46e5f0b20 relative=0x0000000000000080
Event: 28.647 Thread 0x000001f441fbb270 Uncommon trap: reason=bimorphic_or_optimized_type_check action=maybe_recompile pc=0x000001f46e5f0b20 method=org.eclipse.jdt.internal.core.JavaElement.getJavaProject()Lorg/eclipse/jdt/core/IJavaProject; @ 1 c2
Event: 28.647 Thread 0x000001f441fbb270 DEOPT PACKING pc=0x000001f46e5f0b20 sp=0x000000b7b5dfe460
Event: 28.647 Thread 0x000001f441fbb270 DEOPT UNPACKING pc=0x000001f46dc26da2 sp=0x000000b7b5dfe3f0 mode 2
Event: 28.647 Thread 0x000001f441fbb270 Uncommon trap: trap_request=0xffffffc6 fr.pc=0x000001f46e5f0b20 relative=0x0000000000000080
Event: 28.647 Thread 0x000001f441fbb270 Uncommon trap: reason=bimorphic_or_optimized_type_check action=maybe_recompile pc=0x000001f46e5f0b20 method=org.eclipse.jdt.internal.core.JavaElement.getJavaProject()Lorg/eclipse/jdt/core/IJavaProject; @ 1 c2
Event: 28.647 Thread 0x000001f441fbb270 DEOPT PACKING pc=0x000001f46e5f0b20 sp=0x000000b7b5dfe460
Event: 28.647 Thread 0x000001f441fbb270 DEOPT UNPACKING pc=0x000001f46dc26da2 sp=0x000000b7b5dfe3f0 mode 2
Event: 28.647 Thread 0x000001f441fbb270 Uncommon trap: trap_request=0xffffffc6 fr.pc=0x000001f46e5f0b20 relative=0x0000000000000080
Event: 28.647 Thread 0x000001f441fbb270 Uncommon trap: reason=bimorphic_or_optimized_type_check action=maybe_recompile pc=0x000001f46e5f0b20 method=org.eclipse.jdt.internal.core.JavaElement.getJavaProject()Lorg/eclipse/jdt/core/IJavaProject; @ 1 c2
Event: 28.647 Thread 0x000001f441fbb270 DEOPT PACKING pc=0x000001f46e5f0b20 sp=0x000000b7b5dfe460
Event: 28.647 Thread 0x000001f441fbb270 DEOPT UNPACKING pc=0x000001f46dc26da2 sp=0x000000b7b5dfe3f0 mode 2
Event: 28.854 Thread 0x000001f441fbe060 DEOPT PACKING pc=0x000001f467199848 sp=0x000000b7b5cfe020
Event: 28.854 Thread 0x000001f441fbe060 DEOPT UNPACKING pc=0x000001f46dc278e2 sp=0x000000b7b5cfd4d8 mode 0
Event: 28.876 Thread 0x000001f441fbb270 Uncommon trap: trap_request=0xffffff45 fr.pc=0x000001f46e585c40 relative=0x00000000000000a0
Event: 28.876 Thread 0x000001f441fbb270 Uncommon trap: reason=unstable_if action=reinterpret pc=0x000001f46e585c40 method=org.eclipse.jdt.internal.compiler.ast.TypeDeclaration.kind(I)I @ 5 c2
Event: 28.876 Thread 0x000001f441fbb270 DEOPT PACKING pc=0x000001f46e585c40 sp=0x000000b7b5dfd7a0
Event: 28.876 Thread 0x000001f441fbb270 DEOPT UNPACKING pc=0x000001f46dc26da2 sp=0x000000b7b5dfd728 mode 2

Classes loaded (20 events):
Event: 28.321 Loading class java/util/stream/ReduceOps$5
Event: 28.324 Loading class java/util/stream/ReduceOps$5 done
Event: 28.324 Loading class java/util/stream/ReduceOps$CountingSink$OfRef
Event: 28.325 Loading class java/util/stream/ReduceOps$CountingSink
Event: 28.325 Loading class java/util/stream/ReduceOps$CountingSink done
Event: 28.325 Loading class java/util/stream/ReduceOps$CountingSink$OfRef done
Event: 28.421 Loading class java/util/AbstractList$RandomAccessSubList
Event: 28.422 Loading class java/util/AbstractList$SubList
Event: 28.422 Loading class java/util/AbstractList$SubList done
Event: 28.422 Loading class java/util/AbstractList$RandomAccessSubList done
Event: 28.422 Loading class java/util/AbstractList$SubList$1
Event: 28.422 Loading class java/util/AbstractList$SubList$1 done
Event: 28.451 Loading class java/util/stream/ReduceOps$1
Event: 28.451 Loading class java/util/stream/ReduceOps$1 done
Event: 28.452 Loading class java/util/stream/ReduceOps$1ReducingSink
Event: 28.452 Loading class java/util/stream/ReduceOps$1ReducingSink done
Event: 28.634 Loading class javax/xml/transform/TransformerConfigurationException
Event: 28.635 Loading class javax/xml/transform/TransformerConfigurationException done
Event: 28.656 Loading class java/util/LinkedList$LLSpliterator
Event: 28.656 Loading class java/util/LinkedList$LLSpliterator done

Classes unloaded (7 events):
Event: 11.132 Thread 0x000001f463557f30 Unloading class 0x000001f4011a9400 'java/lang/invoke/LambdaForm$MH+0x000001f4011a9400'
Event: 11.132 Thread 0x000001f463557f30 Unloading class 0x000001f4011a9000 'java/lang/invoke/LambdaForm$MH+0x000001f4011a9000'
Event: 11.132 Thread 0x000001f463557f30 Unloading class 0x000001f4011a8c00 'java/lang/invoke/LambdaForm$MH+0x000001f4011a8c00'
Event: 11.132 Thread 0x000001f463557f30 Unloading class 0x000001f4011a8800 'java/lang/invoke/LambdaForm$MH+0x000001f4011a8800'
Event: 11.132 Thread 0x000001f463557f30 Unloading class 0x000001f4011a8400 'java/lang/invoke/LambdaForm$BMH+0x000001f4011a8400'
Event: 11.132 Thread 0x000001f463557f30 Unloading class 0x000001f4011a8000 'java/lang/invoke/LambdaForm$DMH+0x000001f4011a8000'
Event: 11.132 Thread 0x000001f463557f30 Unloading class 0x000001f4011a6c00 'java/lang/invoke/LambdaForm$DMH+0x000001f4011a6c00'

Classes redefined (0 events):
No events

Internal exceptions (20 events):
Event: 28.743 Thread 0x000001f441fbb270 Implicit null exception at 0x000001f467833921 to 0x000001f467833b1d
Event: 28.743 Thread 0x000001f441fbb270 Exception <a 'java/lang/NullPointerException'{0x00000000d5731020}> (0x00000000d5731020) 
thrown [s\src\hotspot\share\runtime\sharedRuntime.cpp, line 625]
Event: 28.744 Thread 0x000001f441fbb270 Implicit null exception at 0x000001f467833921 to 0x000001f467833b1d
Event: 28.744 Thread 0x000001f441fbb270 Exception <a 'java/lang/NullPointerException'{0x00000000d5732618}> (0x00000000d5732618) 
thrown [s\src\hotspot\share\runtime\sharedRuntime.cpp, line 625]
Event: 28.744 Thread 0x000001f441fbb270 Implicit null exception at 0x000001f467833921 to 0x000001f467833b1d
Event: 28.744 Thread 0x000001f441fbb270 Exception <a 'java/lang/NullPointerException'{0x00000000d5733e90}> (0x00000000d5733e90) 
thrown [s\src\hotspot\share\runtime\sharedRuntime.cpp, line 625]
Event: 28.744 Thread 0x000001f441fbb270 Implicit null exception at 0x000001f467833921 to 0x000001f467833b1d
Event: 28.745 Thread 0x000001f441fbb270 Exception <a 'java/lang/NullPointerException'{0x00000000d57346c8}> (0x00000000d57346c8) 
thrown [s\src\hotspot\share\runtime\sharedRuntime.cpp, line 625]
Event: 28.914 Thread 0x000001f441fbb270 Implicit null exception at 0x000001f467833921 to 0x000001f467833b1d
Event: 28.915 Thread 0x000001f441fbb270 Exception <a 'java/lang/NullPointerException'{0x00000000d5e52ff8}> (0x00000000d5e52ff8) 
thrown [s\src\hotspot\share\runtime\sharedRuntime.cpp, line 625]
Event: 28.915 Thread 0x000001f441fbb270 Implicit null exception at 0x000001f467833921 to 0x000001f467833b1d
Event: 28.915 Thread 0x000001f441fbb270 Exception <a 'java/lang/NullPointerException'{0x00000000d5e54b10}> (0x00000000d5e54b10) 
thrown [s\src\hotspot\share\runtime\sharedRuntime.cpp, line 625]
Event: 28.915 Thread 0x000001f441fbb270 Implicit null exception at 0x000001f467833921 to 0x000001f467833b1d
Event: 28.915 Thread 0x000001f441fbb270 Exception <a 'java/lang/NullPointerException'{0x00000000d5e551b0}> (0x00000000d5e551b0) 
thrown [s\src\hotspot\share\runtime\sharedRuntime.cpp, line 625]
Event: 28.915 Thread 0x000001f441fbb270 Implicit null exception at 0x000001f467833921 to 0x000001f467833b1d
Event: 28.915 Thread 0x000001f441fbb270 Exception <a 'java/lang/NullPointerException'{0x00000000d5e56670}> (0x00000000d5e56670) 
thrown [s\src\hotspot\share\runtime\sharedRuntime.cpp, line 625]
Event: 28.916 Thread 0x000001f441fbb270 Implicit null exception at 0x000001f467833921 to 0x000001f467833b1d
Event: 28.916 Thread 0x000001f441fbb270 Exception <a 'java/lang/NullPointerException'{0x00000000d5e57ce0}> (0x00000000d5e57ce0) 
thrown [s\src\hotspot\share\runtime\sharedRuntime.cpp, line 625]
Event: 28.916 Thread 0x000001f441fbb270 Implicit null exception at 0x000001f467833921 to 0x000001f467833b1d
Event: 28.916 Thread 0x000001f441fbb270 Exception <a 'java/lang/NullPointerException'{0x00000000d5e584a0}> (0x00000000d5e584a0) 
thrown [s\src\hotspot\share\runtime\sharedRuntime.cpp, line 625]

ZGC Phase Switch (0 events):
No events

VM Operations (20 events):
Event: 26.163 Executing non-safepoint VM operation: HandshakeAllThreads (Deoptimize)
Event: 26.163 Executing non-safepoint VM operation: HandshakeAllThreads (Deoptimize) done
Event: 26.821 Executing non-safepoint VM operation: HandshakeAllThreads (Deoptimize)
Event: 26.861 Executing non-safepoint VM operation: HandshakeAllThreads (Deoptimize) done
Event: 26.981 Executing safepoint VM operation: ParallelGCFailedAllocation (Allocation Failure)
Event: 26.987 Executing safepoint VM operation: ParallelGCFailedAllocation (Allocation Failure) done
Event: 27.028 Executing non-safepoint VM operation: HandshakeAllThreads (Deoptimize)
Event: 27.032 Executing non-safepoint VM operation: HandshakeAllThreads (Deoptimize) done
Event: 27.042 Executing non-safepoint VM operation: HandshakeAllThreads (Deoptimize)
Event: 27.110 Executing non-safepoint VM operation: HandshakeAllThreads (Deoptimize) done
Event: 28.088 Executing safepoint VM operation: ICBufferFull
Event: 28.088 Executing safepoint VM operation: ICBufferFull done
Event: 28.191 Executing safepoint VM operation: ParallelGCFailedAllocation (Allocation Failure)
Event: 28.201 Executing safepoint VM operation: ParallelGCFailedAllocation (Allocation Failure) done
Event: 28.600 Executing non-safepoint VM operation: HandshakeAllThreads (Deoptimize)
Event: 28.603 Executing non-safepoint VM operation: HandshakeAllThreads (Deoptimize) done
Event: 28.715 Executing safepoint VM operation: ParallelGCFailedAllocation (Allocation Failure)
Event: 28.720 Executing safepoint VM operation: ParallelGCFailedAllocation (Allocation Failure) done
Event: 28.874 Executing non-safepoint VM operation: HandshakeAllThreads (Deoptimize)
Event: 28.874 Executing non-safepoint VM operation: HandshakeAllThreads (Deoptimize) done

Memory protections (0 events):
No events

Nmethod flushes (20 events):
Event: 26.052 Thread 0x000001f463557f30 flushing  nmethod 0x000001f466f86d90
Event: 26.052 Thread 0x000001f463557f30 flushing  nmethod 0x000001f466f9ac10
Event: 26.052 Thread 0x000001f463557f30 flushing  nmethod 0x000001f466f9bc10
Event: 26.052 Thread 0x000001f463557f30 flushing  nmethod 0x000001f466f9c090
Event: 26.052 Thread 0x000001f463557f30 flushing  nmethod 0x000001f466f9c610
Event: 26.052 Thread 0x000001f463557f30 flushing  nmethod 0x000001f466f9cb90
Event: 26.052 Thread 0x000001f463557f30 flushing  nmethod 0x000001f466f9cf10
Event: 26.052 Thread 0x000001f463557f30 flushing  nmethod 0x000001f466f9de10
Event: 26.052 Thread 0x000001f463557f30 flushing  nmethod 0x000001f466f9e410
Event: 26.052 Thread 0x000001f463557f30 flushing  nmethod 0x000001f466f9ec90
Event: 26.052 Thread 0x000001f463557f30 flushing  nmethod 0x000001f466f9f190
Event: 26.052 Thread 0x000001f463557f30 flushing  nmethod 0x000001f466f9fe10
Event: 26.052 Thread 0x000001f463557f30 flushing  nmethod 0x000001f466fa0b90
Event: 26.052 Thread 0x000001f463557f30 flushing  nmethod 0x000001f466fcdb10
Event: 26.052 Thread 0x000001f463557f30 flushing  nmethod 0x000001f466fd6810
Event: 26.052 Thread 0x000001f463557f30 flushing  nmethod 0x000001f466fd7010
Event: 26.052 Thread 0x000001f463557f30 flushing  nmethod 0x000001f466fd7610
Event: 26.052 Thread 0x000001f463557f30 flushing  nmethod 0x000001f466fd7e90
Event: 26.052 Thread 0x000001f463557f30 flushing osr nmethod 0x000001f466fdd110
Event: 26.052 Thread 0x000001f463557f30 flushing  nmethod 0x000001f466fe0c90

Events (20 events):
Event: 12.429 Thread 0x000001f441ac7740 Thread added: 0x000001f441ac8460
Event: 13.602 Thread 0x000001f47f597580 Thread added: 0x000001f441ac5670
Event: 14.565 Thread 0x000001f441ac7740 Thread added: 0x000001f441ac6390
Event: 14.748 Thread 0x000001f441ac6390 Thread added: 0x000001f441ac9810
Event: 14.794 Thread 0x000001f4634a0630 Thread added: 0x000001f441ac4fe0
Event: 14.794 Thread 0x000001f4634a0630 Thread added: 0x000001f441aca530
Event: 14.794 Thread 0x000001f4634a0630 Thread added: 0x000001f441ac7dd0
Event: 14.794 Thread 0x000001f4634a0630 Thread added: 0x000001f441ac9ea0
Event: 14.794 Thread 0x000001f4634a0630 Thread added: 0x000001f441ac4950
Event: 14.816 Thread 0x000001f4634a0630 Thread added: 0x000001f441ac9180
Event: 15.171 Thread 0x000001f4634a0630 Thread added: 0x000001f441ac8af0
Event: 15.172 Thread 0x000001f4634a0630 Thread added: 0x000001f441ac6a20
Event: 18.647 Thread 0x000001f441ac8460 Thread added: 0x000001f441acabc0
Event: 18.649 Thread 0x000001f441acabc0 Thread added: 0x000001f441ac3c30
Event: 19.571 Thread 0x000001f441ac7740 Thread added: 0x000001f441acb250
Event: 24.555 Thread 0x000001f441acb250 Thread exited: 0x000001f441acb250
Event: 26.375 Thread 0x000001f441ac6a20 Thread added: 0x000001f441ac5d00
Event: 26.381 Thread 0x000001f441ac5d00 Thread added: 0x000001f441fbe060
Event: 26.390 Thread 0x000001f441fbe060 Thread added: 0x000001f441fbb270
Event: 27.938 Thread 0x000001f441fbb270 Thread added: 0x000001f441fbed80


Dynamic libraries:
0x00007ff674ab0000 - 0x00007ff674abe000 	c:\Users\DELL\.vscode\extensions\redhat.java-1.55.0-win32-x64\jre\21.0.11-win32-x86_64\bin\java.exe
0x00007ffaf6b30000 - 0x00007ffaf6d28000 	C:\Windows\SYSTEM32\ntdll.dll
0x00007ffaf61c0000 - 0x00007ffaf6282000 	C:\Windows\System32\KERNEL32.DLL
0x00007ffaf4630000 - 0x00007ffaf4926000 	C:\Windows\System32\KERNELBASE.dll
0x00007ffaefcb0000 - 0x00007ffaefd44000 	C:\Windows\SYSTEM32\apphelp.dll
0x00007ffaf4420000 - 0x00007ffaf4520000 	C:\Windows\System32\ucrtbase.dll
0x00007ffae57f0000 - 0x00007ffae5808000 	c:\Users\DELL\.vscode\extensions\redhat.java-1.55.0-win32-x64\jre\21.0.11-win32-x86_64\bin\jli.dll
0x00007ffaf6340000 - 0x00007ffaf64e1000 	C:\Windows\System32\USER32.dll
0x00007ffaf43f0000 - 0x00007ffaf4412000 	C:\Windows\System32\win32u.dll
0x00007ffaf68e0000 - 0x00007ffaf690b000 	C:\Windows\System32\GDI32.dll
0x00007ffaf4980000 - 0x00007ffaf4a99000 	C:\Windows\System32\gdi32full.dll
0x00007ffaf4350000 - 0x00007ffaf43ed000 	C:\Windows\System32\msvcp_win.dll
0x00007ffae5790000 - 0x00007ffae57ae000 	c:\Users\DELL\.vscode\extensions\redhat.java-1.55.0-win32-x64\jre\21.0.11-win32-x86_64\bin\VCRUNTIME140.dll
0x00007ffaf34f0000 - 0x00007ffaf378b000 	C:\Windows\WinSxS\amd64_microsoft.windows.common-controls_6595b64144ccf1df_6.0.19041.6456_none_60b8a6cb71f64256\COMCTL32.dll
0x00007ffaf67e0000 - 0x00007ffaf687e000 	C:\Windows\System32\msvcrt.dll
0x00007ffaf4eb0000 - 0x00007ffaf4edf000 	C:\Windows\System32\IMM32.DLL
0x00007ffaef7a0000 - 0x00007ffaef7ac000 	c:\Users\DELL\.vscode\extensions\redhat.java-1.55.0-win32-x64\jre\21.0.11-win32-x86_64\bin\vcruntime140_1.dll
0x00007ffac0220000 - 0x00007ffac02ad000 	c:\Users\DELL\.vscode\extensions\redhat.java-1.55.0-win32-x64\jre\21.0.11-win32-x86_64\bin\msvcp140.dll
0x00007ffa395d0000 - 0x00007ffa3a372000 	c:\Users\DELL\.vscode\extensions\redhat.java-1.55.0-win32-x64\jre\21.0.11-win32-x86_64\bin\server\jvm.dll
0x00007ffaf56b0000 - 0x00007ffaf5761000 	C:\Windows\System32\ADVAPI32.dll
0x00007ffaf6a50000 - 0x00007ffaf6aef000 	C:\Windows\System32\sechost.dll
0x00007ffaf6920000 - 0x00007ffaf6a40000 	C:\Windows\System32\RPCRT4.dll
0x00007ffaf4320000 - 0x00007ffaf4347000 	C:\Windows\System32\bcrypt.dll
0x00007ffaf5df0000 - 0x00007ffaf5e5b000 	C:\Windows\System32\WS2_32.dll
0x00007ffaf4020000 - 0x00007ffaf406b000 	C:\Windows\SYSTEM32\POWRPROF.dll
0x00007ffadbb20000 - 0x00007ffadbb47000 	C:\Windows\SYSTEM32\WINMM.dll
0x00007ffaf0900000 - 0x00007ffaf090a000 	C:\Windows\SYSTEM32\VERSION.dll
0x00007ffaf4000000 - 0x00007ffaf4012000 	C:\Windows\SYSTEM32\UMPDC.dll
0x00007ffaf2330000 - 0x00007ffaf2342000 	C:\Windows\SYSTEM32\kernel.appcore.dll
0x00007ffaeb130000 - 0x00007ffaeb13a000 	c:\Users\DELL\.vscode\extensions\redhat.java-1.55.0-win32-x64\jre\21.0.11-win32-x86_64\bin\jimage.dll
0x00007ffaf38e0000 - 0x00007ffaf3ae1000 	C:\Windows\SYSTEM32\DBGHELP.DLL
0x00007ffaf3880000 - 0x00007ffaf38b4000 	C:\Windows\SYSTEM32\dbgcore.DLL
0x00007ffaf45a0000 - 0x00007ffaf4622000 	C:\Windows\System32\bcryptPrimitives.dll
0x00007ffae5160000 - 0x00007ffae516f000 	c:\Users\DELL\.vscode\extensions\redhat.java-1.55.0-win32-x64\jre\21.0.11-win32-x86_64\bin\instrument.dll
0x00007ffae5140000 - 0x00007ffae5160000 	c:\Users\DELL\.vscode\extensions\redhat.java-1.55.0-win32-x64\jre\21.0.11-win32-x86_64\bin\java.dll
0x00007ffaf4ee0000 - 0x00007ffaf5650000 	C:\Windows\System32\SHELL32.dll
0x00007ffaf1b70000 - 0x00007ffaf2315000 	C:\Windows\SYSTEM32\windows.storage.dll
0x00007ffaf5e60000 - 0x00007ffaf61b4000 	C:\Windows\System32\combase.dll
0x00007ffaf33a0000 - 0x00007ffaf33cb000 	C:\Windows\SYSTEM32\Wldp.dll
0x00007ffaf65e0000 - 0x00007ffaf66ad000 	C:\Windows\System32\OLEAUT32.dll
0x00007ffaf6290000 - 0x00007ffaf633d000 	C:\Windows\System32\SHCORE.dll
0x00007ffaf5650000 - 0x00007ffaf56ab000 	C:\Windows\System32\shlwapi.dll
0x00007ffaf40f0000 - 0x00007ffaf4114000 	C:\Windows\SYSTEM32\profapi.dll
0x00007ffae4d20000 - 0x00007ffae4d38000 	c:\Users\DELL\.vscode\extensions\redhat.java-1.55.0-win32-x64\jre\21.0.11-win32-x86_64\bin\zip.dll
0x00007ffae3f80000 - 0x00007ffae3f90000 	C:\Users\DELL\.vscode\extensions\redhat.java-1.55.0-win32-x64\jre\21.0.11-win32-x86_64\bin\net.dll
0x00007ffae9be0000 - 0x00007ffae9cea000 	C:\Windows\SYSTEM32\WINHTTP.dll
0x00007ffaf3160000 - 0x00007ffaf31ca000 	C:\Windows\system32\mswsock.dll
0x00007ffae3f60000 - 0x00007ffae3f76000 	C:\Users\DELL\.vscode\extensions\redhat.java-1.55.0-win32-x64\jre\21.0.11-win32-x86_64\bin\nio.dll
0x00007ffae3f50000 - 0x00007ffae3f60000 	c:\Users\DELL\.vscode\extensions\redhat.java-1.55.0-win32-x64\jre\21.0.11-win32-x86_64\bin\verify.dll
0x00007ffabad70000 - 0x00007ffabadb5000 	C:\Users\DELL\AppData\Roaming\Code\User\globalStorage\redhat.java\1.55.0\config_win\org.eclipse.equinox.launcher\org.eclipse.equinox.launcher.win32.win32.x86_64_1.3.100.v20260613-0559\eclipse_11924.dll
0x00007ffaf66b0000 - 0x00007ffaf67db000 	C:\Windows\System32\ole32.dll
0x00007ffaf3e50000 - 0x00007ffaf3e68000 	C:\Windows\SYSTEM32\CRYPTSP.dll
0x00007ffaf2b20000 - 0x00007ffaf2b58000 	C:\Windows\system32\rsaenh.dll
0x00007ffaf40b0000 - 0x00007ffaf40de000 	C:\Windows\SYSTEM32\USERENV.dll
0x00007ffaf33f0000 - 0x00007ffaf33fc000 	C:\Windows\SYSTEM32\CRYPTBASE.dll
0x00007ffaf2e80000 - 0x00007ffaf2ebb000 	C:\Windows\SYSTEM32\IPHLPAPI.DLL
0x00007ffaf6910000 - 0x00007ffaf6918000 	C:\Windows\System32\NSI.dll
0x00007ffae3200000 - 0x00007ffae3249000 	C:\Users\DELL\AppData\Local\Temp\jna-2094529\jna4518072454864489553.dll
0x00007ffaf6a40000 - 0x00007ffaf6a48000 	C:\Windows\System32\PSAPI.DLL
0x00007ffaea460000 - 0x00007ffaea477000 	C:\Windows\SYSTEM32\dhcpcsvc6.DLL
0x00007ffaeb390000 - 0x00007ffaeb3ad000 	C:\Windows\SYSTEM32\dhcpcsvc.DLL

JVMTI agents:
c:\Users\DELL\.vscode\extensions\redhat.java-1.55.0-win32-x64\lombok\lombok-1.18.39-4050.jar path:c:\Users\DELL\.vscode\extensions\redhat.java-1.55.0-win32-x64\jre\21.0.11-win32-x86_64\bin\instrument.dll, loaded, initialized, instrumentlib options:none

dbghelp: loaded successfully - version: 4.0.5 - missing functions: none
symbol engine: initialized successfully - sym options: 0x614 - pdb path: .;c:\Users\DELL\.vscode\extensions\redhat.java-1.55.0-win32-x64\jre\21.0.11-win32-x86_64\bin;C:\Windows\SYSTEM32;C:\Windows\WinSxS\amd64_microsoft.windows.common-controls_6595b64144ccf1df_6.0.19041.6456_none_60b8a6cb71f64256;c:\Users\DELL\.vscode\extensions\redhat.java-1.55.0-win32-x64\jre\21.0.11-win32-x86_64\bin\server;C:\Users\DELL\AppData\Roaming\Code\User\globalStorage\redhat.java\1.55.0\config_win\org.eclipse.equinox.launcher\org.eclipse.equinox.launcher.win32.win32.x86_64_1.3.100.v20260613-0559;C:\Users\DELL\AppData\Local\Temp\jna-2094529

VM Arguments:
jvm_args: --add-modules=ALL-SYSTEM --add-opens=java.base/java.util=ALL-UNNAMED --add-opens=java.base/java.lang=ALL-UNNAMED --add-opens=java.base/sun.nio.fs=ALL-UNNAMED -Declipse.application=org.eclipse.jdt.ls.core.id1 -Dosgi.bundles.defaultStartLevel=4 -Declipse.product=org.eclipse.jdt.ls.core.product -Djava.import.generatesMetadataFilesAtProjectRoot=false -DDetectVMInstallationsJob.disabled=true -Dfile.encoding=utf8 -XX:+UseParallelGC -XX:GCTimeRatio=4 -XX:AdaptiveSizePolicyWeight=90 -Dsun.zip.disableMemoryMapping=true -Xmx2G -Xms100m -Xlog:disable -javaagent:c:\Users\DELL\.vscode\extensions\redhat.java-1.55.0-win32-x64\lombok\lombok-1.18.39-4050.jar -XX:+HeapDumpOnOutOfMemoryError -XX:HeapDumpPath=c:\Users\DELL\AppData\Roaming\Code\User\workspaceStorage\1a6564583ea9243afe764279d878b582\redhat.java -Daether.dependencyCollector.impl=bf 
java_command: c:\Users\DELL\.vscode\extensions\redhat.java-1.55.0-win32-x64\server\plugins\org.eclipse.equinox.launcher_1.7.200.v20260619-2039.jar -configuration c:\Users\DELL\AppData\Roaming\Code\User\globalStorage\redhat.java\1.55.0\config_win -data c:\Users\DELL\AppData\Roaming\Code\User\workspaceStorage\1a6564583ea9243afe764279d878b582\redhat.java\jdt_ws --pipe=\\.\pipe\lsp-5a6fe7dc91f0ac6568b092169b327aa8-sock
java_class_path (initial): c:\Users\DELL\.vscode\extensions\redhat.java-1.55.0-win32-x64\server\plugins\org.eclipse.equinox.launcher_1.7.200.v20260619-2039.jar
Launcher Type: SUN_STANDARD

[Global flags]
    uintx AdaptiveSizePolicyWeight                 = 90                                        {product} {command line}
     intx CICompilerCount                          = 3                                         {product} {ergonomic}
    uintx GCTimeRatio                              = 4                                         {product} {command line}
     bool HeapDumpOnOutOfMemoryError               = true                                   {manageable} {command line}
    ccstr HeapDumpPath                             = c:\Users\DELL\AppData\Roaming\Code\User\workspaceStorage\1a6564583ea9243afe764279d878b582\redhat.java         {manageable} {command line}
   size_t InitialHeapSize                          = 104857600                                 {product} {command line}
   size_t MaxHeapSize                              = 2147483648                                {product} {command line}
   size_t MaxNewSize                               = 715653120                                 {product} {ergonomic}
   size_t MinHeapDeltaBytes                        = 524288                                    {product} {ergonomic}
   size_t MinHeapSize                              = 104857600                                 {product} {command line}
   size_t NewSize                                  = 34603008                                  {product} {ergonomic}
    uintx NonNMethodCodeHeapSize                   = 5832780                                {pd product} {ergonomic}
    uintx NonProfiledCodeHeapSize                  = 122912730                              {pd product} {ergonomic}
   size_t OldSize                                  = 70254592                                  {product} {ergonomic}
    uintx ProfiledCodeHeapSize                     = 122912730                              {pd product} {ergonomic}
    uintx ReservedCodeCacheSize                    = 251658240                              {pd product} {ergonomic}
     bool SegmentedCodeCache                       = true                                      {product} {ergonomic}
   size_t SoftMaxHeapSize                          = 2147483648                             {manageable} {ergonomic}
     bool UseCompressedOops                        = true                           {product lp64_product} {ergonomic}
     bool UseLargePagesIndividualAllocation        = false                                  {pd product} {ergonomic}
     bool UseParallelGC                            = true                                      {product} {command line}

Logging:
Log output configuration:
 #0: stdout all=off uptime,level,tags foldmultilines=false
 #1: stderr all=off uptime,level,tags foldmultilines=false

Release file:
JAVA_VERSION="21.0.11" 
MODULES="java.base java.compiler java.datatransfer java.xml java.prefs java.desktop java.instrument java.logging java.management java.security.sasl java.naming java.rmi java.management.rmi java.net.http java.scripting java.security.jgss java.transaction.xa java.sql java.sql.rowset java.xml.crypto java.se java.smartcardio jdk.accessibility jdk.internal.jvmstat jdk.attach jdk.charsets jdk.internal.opt jdk.zipfs jdk.compiler jdk.crypto.ec jdk.crypto.cryptoki jdk.crypto.mscapi jdk.dynalink jdk.internal.ed jdk.editpad jdk.hotspot.agent jdk.httpserver jdk.internal.le jdk.internal.vm.ci jdk.internal.vm.compiler jdk.internal.vm.compiler.management jdk.jartool jdk.javadoc jdk.jcmd jdk.management jdk.management.agent jdk.jconsole jdk.jdeps jdk.jdwp.agent jdk.jdi jdk.jfr jdk.jshell jdk.jsobject jdk.jstatd jdk.localedata jdk.management.jfr jdk.naming.dns jdk.naming.rmi jdk.net jdk.nio.mapmode jdk.random jdk.sctp jdk.security.auth jdk.security.jgss jdk.unsupported jdk.unsupported.desktop jdk.xml.dom" 

Environment Variables:
JAVA_HOME=C:\Program Files\Java\jdk-22
PATH=C:\Program Files\Common Files\Oracle\Java\javapath;C:\oraclexe\app\oracle\product\11.2.0\server\bin;C:\Windows\system32;C:\Windows;C:\Windows\System32\Wbem;C:\Windows\System32\WindowsPowerShell\v1.0\;C:\Windows\System32\OpenSSH\;C:\Program Files\Java\jdk-17.0.1\bin;C:\Program Files\dotnet\;C:\php;C:\Program Files\Java\jdk1.8.0_351\bin;C:\Program Files\Java\jdk-22;C:\Program Files\MySQL\MySQL Server 8.0\bin;C:\MinGW\bin;C:\Program Files\Java\jdk-25\bin;C:\Program Files\Git\cmd;C:\Program Files\nodejs\;C:\Program Files\MySQL\MySQL Shell 8.0\bin\;C:\Users\DELL\AppData\Local\Programs\Python\Python37\Scripts\;C:\Users\DELL\AppData\Local\Programs\Python\Python37\;C:\Users\DELL\AppData\Local\Microsoft\WindowsApps;C:\Program Files (x86)\mingw-w64\i686-8.1.0-posix-dwarf-rt_v6-rev0\mingw32\bin;C:\Program Files\Java\jdk-17.0.1\bin;C:\Users\DELL\AppData\Local\Programs\Python\Python38\Scripts;C:\Users\DELL\AppData\Local\Programs\Python\Python38;C:\Users\DELL\AppData\Local\Programs\Microsoft VS Code\bin;C:\Users\DELL\AppData\Local\GitHubDesktop\bin;C:\Program Files\JetBrains\IntelliJ IDEA 2025.3.1\bin;C:\Users\DELL\AppData\Roaming\npm
USERNAME=DELL
OS=Windows_NT
PROCESSOR_IDENTIFIER=Intel64 Family 6 Model 126 Stepping 5, GenuineIntel
TMP=C:\Users\DELL\AppData\Local\Temp
TEMP=C:\Users\DELL\AppData\Local\Temp




Periodic native trim disabled

---------------  S Y S T E M  ---------------

OS:
 Windows 10 , 64 bit Build 19041 (10.0.19041.5915)
OS uptime: 8 days 10:32 hours

CPU: total 4 (initial active 4) (2 cores per cpu, 2 threads per core) family 6 model 126 stepping 5 microcode 0xcc, cx8, cmov, fxsr, ht, mmx, 3dnowpref, sse, sse2, sse3, ssse3, sse4.1, sse4.2, popcnt, lzcnt, tsc, tscinvbit, avx, avx2, aes, erms, clmul, bmi1, bmi2, adx, avx512f, avx512dq, avx512cd, avx512bw, avx512vl, sha, fma, vzeroupper, avx512_vpopcntdq, avx512_vpclmulqdq, avx512_vaes, avx512_vnni, clflush, clflushopt, avx512_vbmi2, avx512_vbmi, rdtscp, rdpid, fsrm, gfni, avx512_bitalg, f16c, pku, avx512_ifma
Processor Information for the first 4 processors :
  Max Mhz: 1190, Current Mhz: 1190, Mhz Limit: 1190

Memory: 4k page, system-wide physical 3862M (22M free)
TotalPageFile size 15638M (AvailPageFile size 2M)
current process WorkingSet (physical memory assigned to process): 191M, peak: 211M
current process commit charge ("private bytes"): 350M, peak: 353M

vm_info: OpenJDK 64-Bit Server VM (21.0.11+10-LTS) for windows-amd64 JRE (21.0.11+10-LTS), built on 2026-04-21T00:00:00Z by "admin" with MS VC++ 17.12 (VS2022)

END.
