#
# There is insufficient memory for the Java Runtime Environment to continue.
# Native memory allocation (malloc) failed to allocate 298896 bytes. Error detail: Chunk::new
# Possible reasons:
#   The system is out of physical RAM or swap space
#   This process is running with CompressedOops enabled, and the Java Heap may be blocking the growth of the native heap
# Possible solutions:
#   Reduce memory load on the system
#   Increase physical memory or swap space
#   Check if swap backing store is full
#   Decrease Java heap size (-Xmx/-Xms)
#   Decrease number of Java threads
#   Decrease Java thread stack sizes (-Xss)
#   Set larger code cache with -XX:ReservedCodeCacheSize=
#   JVM is running with Unscaled Compressed Oops mode in which the Java heap is
#     placed in the first 4GB address space. The Java Heap base address is the
#     maximum limit for the native heap growth. Please use -XX:HeapBaseMinAddress
#     to set the Java Heap base and to place the Java Heap above 4GB virtual address.
# This output file may be truncated or incomplete.
#
#  Out of Memory Error (arena.cpp:168), pid=18592, tid=19704
#
# JRE version: OpenJDK Runtime Environment Temurin-21.0.11+10 (21.0.11+10) (build 21.0.11+10-LTS)
# Java VM: OpenJDK 64-Bit Server VM Temurin-21.0.11+10 (21.0.11+10-LTS, mixed mode, sharing, tiered, compressed oops, compressed class ptrs, parallel gc, windows-amd64)
# No core dump will be written. Minidumps are not enabled by default on client versions of Windows
#

---------------  S U M M A R Y ------------

Command Line: --add-modules=ALL-SYSTEM --add-opens=java.base/java.util=ALL-UNNAMED --add-opens=java.base/java.lang=ALL-UNNAMED --add-opens=java.base/sun.nio.fs=ALL-UNNAMED -Declipse.application=org.eclipse.jdt.ls.core.id1 -Dosgi.bundles.defaultStartLevel=4 -Declipse.product=org.eclipse.jdt.ls.core.product -Djava.import.generatesMetadataFilesAtProjectRoot=false -DDetectVMInstallationsJob.disabled=true -Dfile.encoding=utf8 -XX:+UseParallelGC -XX:GCTimeRatio=4 -XX:AdaptiveSizePolicyWeight=90 -Dsun.zip.disableMemoryMapping=true -Xmx2G -Xms100m -Xlog:disable -javaagent:c:\Users\DELL\.vscode\extensions\redhat.java-1.55.0-win32-x64\lombok\lombok-1.18.39-4050.jar c:\Users\DELL\.vscode\extensions\redhat.java-1.55.0-win32-x64\server\plugins\org.eclipse.equinox.launcher_1.7.200.v20260619-2039.jar -configuration c:\Users\DELL\AppData\Roaming\Code\User\globalStorage\redhat.java\1.55.0\config_ss_win -data c:\Users\DELL\AppData\Roaming\Code\User\workspaceStorage\1a6564583ea9243afe764279d878b582\redhat.java\ss_ws --pipe=\\.\pipe\lsp-fd8223b0f0885b337e3e3d46bb39a5b1-sock

Host: Intel(R) Core(TM) i3-1005G1 CPU @ 1.20GHz, 4 cores, 3G,  Windows 10 , 64 bit Build 19041 (10.0.19041.5915)
Time: Wed Jul 15 09:04:56 2026 India Standard Time elapsed time: 35.784744 seconds (0d 0h 0m 35s)

---------------  T H R E A D  ---------------

Current thread (0x00000284b29cf790):  JavaThread "C2 CompilerThread0" daemon [_thread_in_native, id=19704, stack(0x000000cb0f600000,0x000000cb0f700000) (1024K)]


Current CompileTask:
C2:35784 7780       4       java.io.DataOutputStream::writeUTF (389 bytes)

Stack: [0x000000cb0f600000,0x000000cb0f700000]
Native frames: (J=compiled Java code, j=interpreted, Vv=VM code, C=native code)
V  [jvm.dll+0x6d7e19]
V  [jvm.dll+0x8b5096]
V  [jvm.dll+0x8b764e]
V  [jvm.dll+0x8b7d33]
V  [jvm.dll+0x284596]
V  [jvm.dll+0xc685d]
V  [jvm.dll+0xc6da1]
V  [jvm.dll+0x2fb4ee]
V  [jvm.dll+0x5fe9a4]
V  [jvm.dll+0x255d67]
V  [jvm.dll+0x25612d]
V  [jvm.dll+0x24e6a0]
V  [jvm.dll+0x24bbe6]
V  [jvm.dll+0x1cb4ae]
V  [jvm.dll+0x25baad]
V  [jvm.dll+0x25a03a]
V  [jvm.dll+0x3f868e]
V  [jvm.dll+0x85fb0d]
V  [jvm.dll+0x6d664d]
C  [ucrtbase.dll+0x21bb2]
C  [KERNEL32.DLL+0x17374]
C  [ntdll.dll+0x4cc91]


---------------  P R O C E S S  ---------------

Threads class SMR info:
_java_thread_list=0x0000028512402440, length=42, elements={
0x00000284b085fd80, 0x00000284b29c4660, 0x00000284b29c5f70, 0x00000284b29cba20,
0x00000284b29cd490, 0x00000284b29cdef0, 0x00000284b29ce950, 0x00000284b29cf790,
0x00000284b29ffeb0, 0x000002850b26ffe0, 0x000002850b48e830, 0x000002850baee910,
0x000002850bb27c70, 0x000002850babf190, 0x000002850bafbbe0, 0x000002850b7b80f0,
0x000002850b6c2290, 0x0000028510263e40, 0x000002850b306b00, 0x000002850b305de0,
0x000002850b305750, 0x000002850b307820, 0x000002850b306470, 0x000002850b307eb0,
0x000002850b308540, 0x000002850b307190, 0x000002850b308bd0, 0x00000285108dc060,
0x00000285108de130, 0x00000285108dd410, 0x00000285108dcd80, 0x00000285108dc6f0,
0x00000285108ddaa0, 0x00000285108de7c0, 0x00000285108dee50, 0x0000028510f7f620,
0x0000028510f81060, 0x0000028510f81d80, 0x0000028510f7e270, 0x0000028510f82aa0,
0x0000028510f7e900, 0x0000028510f809d0
}

Java Threads: ( => current thread )
  0x00000284b085fd80 JavaThread "main"                              [_thread_blocked, id=16416, stack(0x000000cb0ec00000,0x000000cb0ed00000) (1024K)]
  0x00000284b29c4660 JavaThread "Reference Handler"          daemon [_thread_blocked, id=2856, stack(0x000000cb0f000000,0x000000cb0f100000) (1024K)]
  0x00000284b29c5f70 JavaThread "Finalizer"                  daemon [_thread_blocked, id=8632, stack(0x000000cb0f100000,0x000000cb0f200000) (1024K)]
  0x00000284b29cba20 JavaThread "Signal Dispatcher"          daemon [_thread_blocked, id=7072, stack(0x000000cb0f200000,0x000000cb0f300000) (1024K)]
  0x00000284b29cd490 JavaThread "Attach Listener"            daemon [_thread_blocked, id=4040, stack(0x000000cb0f300000,0x000000cb0f400000) (1024K)]
  0x00000284b29cdef0 JavaThread "Service Thread"             daemon [_thread_blocked, id=10764, stack(0x000000cb0f400000,0x000000cb0f500000) (1024K)]
  0x00000284b29ce950 JavaThread "Monitor Deflation Thread"   daemon [_thread_blocked, id=3040, stack(0x000000cb0f500000,0x000000cb0f600000) (1024K)]
=>0x00000284b29cf790 JavaThread "C2 CompilerThread0"         daemon [_thread_in_native, id=19704, stack(0x000000cb0f600000,0x000000cb0f700000) (1024K)]
  0x00000284b29ffeb0 JavaThread "C1 CompilerThread0"         daemon [_thread_blocked, id=14412, stack(0x000000cb0f700000,0x000000cb0f800000) (1024K)]
  0x000002850b26ffe0 JavaThread "Common-Cleaner"             daemon [_thread_blocked, id=17968, stack(0x000000cb0f800000,0x000000cb0f900000) (1024K)]
  0x000002850b48e830 JavaThread "Notification Thread"        daemon [_thread_blocked, id=16688, stack(0x000000cb0f900000,0x000000cb0fa00000) (1024K)]
  0x000002850baee910 JavaThread "Active Thread: Equinox Container: 09ab6686-7d19-430a-9797-60dece8aba44"        [_thread_blocked, id=4800, stack(0x000000cb0fd00000,0x000000cb0fe00000) (1024K)]
  0x000002850bb27c70 JavaThread "Framework Event Dispatcher: Equinox Container: 09ab6686-7d19-430a-9797-60dece8aba44" daemon [_thread_blocked, id=6244, stack(0x000000cb0fe00000,0x000000cb0ff00000) (1024K)]
  0x000002850babf190 JavaThread "Start Level: Equinox Container: 09ab6686-7d19-430a-9797-60dece8aba44" daemon [_thread_blocked, id=7268, stack(0x000000cb0ff00000,0x000000cb10000000) (1024K)]
  0x000002850bafbbe0 JavaThread "SCR Component Actor"        daemon [_thread_blocked, id=1640, stack(0x000000cb10000000,0x000000cb10100000) (1024K)]
  0x000002850b7b80f0 JavaThread "Worker-JM"                         [_thread_blocked, id=5208, stack(0x000000cb10100000,0x000000cb10200000) (1024K)]
  0x000002850b6c2290 JavaThread "JNA Cleaner"                daemon [_thread_blocked, id=14132, stack(0x000000cb10200000,0x000000cb10300000) (1024K)]
  0x0000028510263e40 JavaThread "Worker-0"                          [_thread_blocked, id=17136, stack(0x000000cb10300000,0x000000cb10400000) (1024K)]
  0x000002850b306b00 JavaThread "Worker-1"                          [_thread_blocked, id=11300, stack(0x000000cb10400000,0x000000cb10500000) (1024K)]
  0x000002850b305de0 JavaThread "Thread-1"                   daemon [_thread_in_native, id=11320, stack(0x000000cb10500000,0x000000cb10600000) (1024K)]
  0x000002850b305750 JavaThread "Thread-2"                   daemon [_thread_in_native, id=2632, stack(0x000000cb10600000,0x000000cb10700000) (1024K)]
  0x000002850b307820 JavaThread "Thread-3"                   daemon [_thread_in_native, id=19180, stack(0x000000cb10700000,0x000000cb10800000) (1024K)]
  0x000002850b306470 JavaThread "Thread-4"                   daemon [_thread_in_native, id=17980, stack(0x000000cb10800000,0x000000cb10900000) (1024K)]
  0x000002850b307eb0 JavaThread "Thread-5"                   daemon [_thread_in_native, id=19068, stack(0x000000cb10900000,0x000000cb10a00000) (1024K)]
  0x000002850b308540 JavaThread "pool-2-thread-1"                   [_thread_blocked, id=2140, stack(0x000000cb10a00000,0x000000cb10b00000) (1024K)]
  0x000002850b307190 JavaThread "Worker-2: Shutdown..."             [_thread_in_native, id=17876, stack(0x000000cb10b00000,0x000000cb10c00000) (1024K)]
  0x000002850b308bd0 JavaThread "WorkspaceEventsHandler"            [_thread_blocked, id=12296, stack(0x000000cb10c00000,0x000000cb10d00000) (1024K)]
  0x00000285108dc060 JavaThread "pool-1-thread-1"                   [_thread_blocked, id=19944, stack(0x000000cb10d00000,0x000000cb10e00000) (1024K)]
  0x00000285108de130 JavaThread "ForkJoinPool.commonPool-worker-1" daemon [_thread_blocked, id=5548, stack(0x000000cb10e00000,0x000000cb10f00000) (1024K)]
  0x00000285108dd410 JavaThread "ForkJoinPool.commonPool-worker-2" daemon [_thread_blocked, id=8076, stack(0x000000cb10f00000,0x000000cb11000000) (1024K)]
  0x00000285108dcd80 JavaThread "ForkJoinPool.commonPool-worker-3" daemon [_thread_blocked, id=19308, stack(0x000000cb11000000,0x000000cb11100000) (1024K)]
  0x00000285108dc6f0 JavaThread "LocalFile Deleter"          daemon [_thread_blocked, id=10440, stack(0x000000cb11100000,0x000000cb11200000) (1024K)]
  0x00000285108ddaa0 JavaThread "LocalFile Deleter"          daemon [_thread_blocked, id=5296, stack(0x000000cb11200000,0x000000cb11300000) (1024K)]
  0x00000285108de7c0 JavaThread "LocalFile Deleter"          daemon [_thread_blocked, id=9456, stack(0x000000cb11300000,0x000000cb11400000) (1024K)]
  0x00000285108dee50 JavaThread "LocalFile Deleter"          daemon [_thread_blocked, id=10304, stack(0x000000cb11400000,0x000000cb11500000) (1024K)]
  0x0000028510f7f620 JavaThread "Worker-3"                          [_thread_blocked, id=20032, stack(0x000000cb11500000,0x000000cb11600000) (1024K)]
  0x0000028510f81060 JavaThread "Compiler Source File Reader" daemon [_thread_blocked, id=2532, stack(0x000000cb11600000,0x000000cb11700000) (1024K)]
  0x0000028510f81d80 JavaThread "Compiler Source File Reader" daemon [_thread_blocked, id=16828, stack(0x000000cb11700000,0x000000cb11800000) (1024K)]
  0x0000028510f7e270 JavaThread "Compiler Processing Task"   daemon [_thread_blocked, id=18912, stack(0x000000cb11800000,0x000000cb11900000) (1024K)]
  0x0000028510f82aa0 JavaThread "Compiler Class File Writer" daemon [_thread_blocked, id=13796, stack(0x000000cb11900000,0x000000cb11a00000) (1024K)]
  0x0000028510f7e900 JavaThread "Compiler Class File Writer" daemon [_thread_blocked, id=13832, stack(0x000000cb11a00000,0x000000cb11b00000) (1024K)]
  0x0000028510f809d0 JavaThread "pool-3-thread-1"                   [_thread_blocked, id=11476, stack(0x000000cb0ea00000,0x000000cb0eb00000) (1024K)]
Total: 42

Other Threads:
  0x00000284b2b998e0 VMThread "VM Thread"                           [id=2568, stack(0x000000cb0ef00000,0x000000cb0f000000) (1024K)]
  0x00000284b2b47ea0 WatcherThread "VM Periodic Task Thread"        [id=20292, stack(0x000000cb0ee00000,0x000000cb0ef00000) (1024K)]
  0x00000284b2af7f70 WorkerThread "GC Thread#0"                     [id=16856, stack(0x000000cb0ed00000,0x000000cb0ee00000) (1024K)]
  0x000002850b8921f0 WorkerThread "GC Thread#1"                     [id=2608, stack(0x000000cb0fa00000,0x000000cb0fb00000) (1024K)]
  0x000002850b53ef70 WorkerThread "GC Thread#2"                     [id=8628, stack(0x000000cb0fb00000,0x000000cb0fc00000) (1024K)]
  0x000002850b53f320 WorkerThread "GC Thread#3"                     [id=18040, stack(0x000000cb0fc00000,0x000000cb0fd00000) (1024K)]
Total: 6

Threads with active compile tasks:
C2 CompilerThread0  35819 7780       4       java.io.DataOutputStream::writeUTF (389 bytes)
Total: 1

VM state: not at safepoint (normal execution)

VM Mutex/Monitor currently owned by a thread: None

Heap address: 0x0000000080000000, size: 2048 MB, Compressed Oops mode: 32-bit

CDS archive(s) mapped at: [0x00000284ca000000-0x00000284caba0000-0x00000284caba0000), size 12189696, SharedBaseAddress: 0x00000284ca000000, ArchiveRelocationMode: 1.
Compressed class space mapped at: 0x00000284cb000000-0x000002850b000000, reserved size: 1073741824
Narrow klass base: 0x00000284ca000000, Narrow klass shift: 0, Narrow klass range: 0x100000000

GC Precious Log:
 CardTable entry size: 512
 CPUs: 4 total, 4 available
 Memory: 3862M
 Large Page Support: Disabled
 NUMA Support: Disabled
 Compressed Oops: Enabled (32-bit)
 Alignments: Space 512K, Generation 512K, Heap 2M
 Heap Min Capacity: 100M
 Heap Initial Capacity: 100M
 Heap Max Capacity: 2G
 Pre-touch: Disabled
 Parallel Workers: 4

Heap:
 PSYoungGen      total 18944K, used 15438K [0x00000000d5580000, 0x00000000d7a00000, 0x0000000100000000)
  eden space 14336K, 75% used [0x00000000d5580000,0x00000000d6016818,0x00000000d6380000)
  from space 4608K, 99% used [0x00000000d6c80000,0x00000000d70fd0c0,0x00000000d7100000)
  to   space 9216K, 0% used [0x00000000d6380000,0x00000000d6380000,0x00000000d6c80000)
 ParOldGen       total 68608K, used 40711K [0x0000000080000000, 0x0000000084300000, 0x00000000d5580000)
  object space 68608K, 59% used [0x0000000080000000,0x00000000827c1c90,0x0000000084300000)
 Metaspace       used 46599K, committed 47744K, reserved 1114112K
  class space    used 4550K, committed 5056K, reserved 1048576K

Card table byte_map: [0x00000284b2480000,0x00000284b2890000] _byte_map_base: 0x00000284b2080000

Marking Bits: (ParMarkBitMap*) 0x00007ffa3a294460
 Begin Bits: [0x00000284c4f90000, 0x00000284c6f90000)
 End Bits:   [0x00000284c6f90000, 0x00000284c8f90000)

Polling page: 0x00000284b07e0000

Metaspace:

Usage:
  Non-class:     41.06 MB used.
      Class:      4.44 MB used.
       Both:     45.51 MB used.

Virtual space:
  Non-class space:       64.00 MB reserved,      41.69 MB ( 65%) committed,  1 nodes.
      Class space:        1.00 GB reserved,       4.94 MB ( <1%) committed,  1 nodes.
             Both:        1.06 GB reserved,      46.62 MB (  4%) committed. 

Chunk freelists:
   Non-Class:  5.73 MB
       Class:  11.03 MB
        Both:  16.77 MB

MaxMetaspaceSize: unlimited
CompressedClassSpaceSize: 1.00 GB
Initial GC threshold: 21.00 MB
Current GC threshold: 58.38 MB
CDS: on
 - commit_granule_bytes: 65536.
 - commit_granule_words: 8192.
 - virtual_space_node_default_size: 8388608.
 - enlarge_chunks_in_place: 1.
 - use_allocation_guard: 0.


Internal statistics:

num_allocs_failed_limit: 6.
num_arena_births: 906.
num_arena_deaths: 14.
num_vsnodes_births: 2.
num_vsnodes_deaths: 0.
num_space_committed: 746.
num_space_uncommitted: 0.
num_chunks_returned_to_freelist: 20.
num_chunks_taken_from_freelist: 2941.
num_chunk_merges: 12.
num_chunk_splits: 1858.
num_chunks_enlarged: 1124.
num_inconsistent_stats: 0.

CodeHeap 'non-profiled nmethods': size=120000Kb used=3972Kb max_used=3972Kb free=116028Kb
 bounds [0x00000284bd7b0000, 0x00000284bdba0000, 0x00000284c4ce0000]
CodeHeap 'profiled nmethods': size=120000Kb used=18019Kb max_used=18019Kb free=101980Kb
 bounds [0x00000284b5ce0000, 0x00000284b6e80000, 0x00000284bd210000]
CodeHeap 'non-nmethods': size=5760Kb used=1426Kb max_used=1494Kb free=4334Kb
 bounds [0x00000284bd210000, 0x00000284bd480000, 0x00000284bd7b0000]
CodeCache: size=245760Kb, used=23417Kb, max_used=23485Kb, free=222342Kb
 total_blobs=8103, nmethods=7377, adapters=631, full_count=0
Compilation: enabled, stopped_count=0, restarted_count=0

Compilation events (20 events):
Event: 35.767 Thread 0x00000284b29ffeb0 nmethod 7775 0x00000284b6e6e710 code [0x00000284b6e6e8c0, 0x00000284b6e6ea80]
Event: 35.768 Thread 0x00000284b29ffeb0 7776   !   3       org.eclipse.core.internal.localstore.SafeFileOutputStream::write (20 bytes)
Event: 35.769 Thread 0x00000284b29ffeb0 nmethod 7776 0x00000284b6e6eb90 code [0x00000284b6e6ed40, 0x00000284b6e6ef58]
Event: 35.769 Thread 0x00000284b29cf790 7777       4       org.eclipse.core.runtime.Assert::isNotNull (7 bytes)
Event: 35.770 Thread 0x00000284b29cf790 nmethod 7777 0x00000284bdb90410 code [0x00000284bdb905a0, 0x00000284bdb90620]
Event: 35.770 Thread 0x00000284b29cf790 7778       4       java.lang.invoke.VarHandleByteArrayAsLongs$ArrayHandle::index (13 bytes)
Event: 35.770 Thread 0x00000284b29cf790 nmethod 7778 0x00000284bdb90710 code [0x00000284bdb908a0, 0x00000284bdb90968]
Event: 35.770 Thread 0x00000284b29cf790 7780       4       java.io.DataOutputStream::writeUTF (389 bytes)
Event: 35.772 Thread 0x00000284b29ffeb0 7781       3       java.io.OutputStream::write (34 bytes)
Event: 35.772 Thread 0x00000284b29ffeb0 nmethod 7781 0x00000284b6e6f090 code [0x00000284b6e6f280, 0x00000284b6e6f6e0]
Event: 35.773 Thread 0x00000284b29ffeb0 7782       3       java.io.DataOutputStream::writeLong (30 bytes)
Event: 35.773 Thread 0x00000284b29ffeb0 nmethod 7782 0x00000284b6e6f910 code [0x00000284b6e6fae0, 0x00000284b6e6fdb8]
Event: 35.773 Thread 0x00000284b29ffeb0 7783       3       java.lang.invoke.VarHandleGuards::guard_LIJ_V (135 bytes)
Event: 35.776 Thread 0x00000284b29ffeb0 nmethod 7783 0x00000284b6e6ff10 code [0x00000284b6e70340, 0x00000284b6e72838]
Event: 35.777 Thread 0x00000284b29ffeb0 7785       3       java.lang.invoke.VarHandleByteArrayAsLongs$ArrayHandle::set (39 bytes)
Event: 35.777 Thread 0x00000284b29ffeb0 nmethod 7785 0x00000284b6e73410 code [0x00000284b6e735e0, 0x00000284b6e73a08]
Event: 35.779 Thread 0x00000284b29ffeb0 7786       3       jdk.internal.misc.Unsafe::putLongUnaligned (157 bytes)
Event: 35.779 Thread 0x00000284b29ffeb0 nmethod 7786 0x00000284b6e73c10 code [0x00000284b6e73e00, 0x00000284b6e74390]
Event: 35.781 Thread 0x00000284b29ffeb0 7787       3       org.eclipse.core.internal.dtree.DataTreeWriter::writeNumber (47 bytes)
Event: 35.781 Thread 0x00000284b29ffeb0 nmethod 7787 0x00000284b6e74490 code [0x00000284b6e74680, 0x00000284b6e74aa8]

GC Heap History (20 events):
Event: 14.802 GC heap before
{Heap before GC invocations=19 (full 1):
 PSYoungGen      total 22528K, used 4261K [0x00000000d5580000, 0x00000000d6e00000, 0x0000000100000000)
  eden space 20992K, 13% used [0x00000000d5580000,0x00000000d583efb0,0x00000000d6a00000)
  from space 1536K, 94% used [0x00000000d6a00000,0x00000000d6b6a558,0x00000000d6b80000)
  to   space 2048K, 0% used [0x00000000d6c00000,0x00000000d6c00000,0x00000000d6e00000)
 ParOldGen       total 68608K, used 28438K [0x0000000080000000, 0x0000000084300000, 0x00000000d5580000)
  object space 68608K, 41% used [0x0000000080000000,0x0000000081bc5b30,0x0000000084300000)
 Metaspace       used 34937K, committed 35840K, reserved 1114112K
  class space    used 3534K, committed 3968K, reserved 1048576K
}
Event: 14.804 GC heap after
{Heap after GC invocations=19 (full 1):
 PSYoungGen      total 21504K, used 342K [0x00000000d5580000, 0x00000000d6c80000, 0x0000000100000000)
  eden space 20992K, 0% used [0x00000000d5580000,0x00000000d5580000,0x00000000d6a00000)
  from space 512K, 66% used [0x00000000d6c00000,0x00000000d6c55b80,0x00000000d6c80000)
  to   space 1024K, 0% used [0x00000000d6a80000,0x00000000d6a80000,0x00000000d6b80000)
 ParOldGen       total 68608K, used 29801K [0x0000000080000000, 0x0000000084300000, 0x00000000d5580000)
  object space 68608K, 43% used [0x0000000080000000,0x0000000081d1a548,0x0000000084300000)
 Metaspace       used 34937K, committed 35840K, reserved 1114112K
  class space    used 3534K, committed 3968K, reserved 1048576K
}
Event: 14.804 GC heap before
{Heap before GC invocations=20 (full 2):
 PSYoungGen      total 21504K, used 342K [0x00000000d5580000, 0x00000000d6c80000, 0x0000000100000000)
  eden space 20992K, 0% used [0x00000000d5580000,0x00000000d5580000,0x00000000d6a00000)
  from space 512K, 66% used [0x00000000d6c00000,0x00000000d6c55b80,0x00000000d6c80000)
  to   space 1024K, 0% used [0x00000000d6a80000,0x00000000d6a80000,0x00000000d6b80000)
 ParOldGen       total 68608K, used 29801K [0x0000000080000000, 0x0000000084300000, 0x00000000d5580000)
  object space 68608K, 43% used [0x0000000080000000,0x0000000081d1a548,0x0000000084300000)
 Metaspace       used 34937K, committed 35840K, reserved 1114112K
  class space    used 3534K, committed 3968K, reserved 1048576K
}
Event: 14.874 GC heap after
{Heap after GC invocations=20 (full 2):
 PSYoungGen      total 21504K, used 0K [0x00000000d5580000, 0x00000000d6c80000, 0x0000000100000000)
  eden space 20992K, 0% used [0x00000000d5580000,0x00000000d5580000,0x00000000d6a00000)
  from space 512K, 0% used [0x00000000d6c00000,0x00000000d6c00000,0x00000000d6c80000)
  to   space 1024K, 0% used [0x00000000d6a80000,0x00000000d6a80000,0x00000000d6b80000)
 ParOldGen       total 68608K, used 28383K [0x0000000080000000, 0x0000000084300000, 0x00000000d5580000)
  object space 68608K, 41% used [0x0000000080000000,0x0000000081bb7fe8,0x0000000084300000)
 Metaspace       used 34937K, committed 35840K, reserved 1114112K
  class space    used 3534K, committed 3968K, reserved 1048576K
}
Event: 15.670 GC heap before
{Heap before GC invocations=21 (full 2):
 PSYoungGen      total 21504K, used 20930K [0x00000000d5580000, 0x00000000d6c80000, 0x0000000100000000)
  eden space 20992K, 99% used [0x00000000d5580000,0x00000000d69f0958,0x00000000d6a00000)
  from space 512K, 0% used [0x00000000d6c00000,0x00000000d6c00000,0x00000000d6c80000)
  to   space 1024K, 0% used [0x00000000d6a80000,0x00000000d6a80000,0x00000000d6b80000)
 ParOldGen       total 68608K, used 28383K [0x0000000080000000, 0x0000000084300000, 0x00000000d5580000)
  object space 68608K, 41% used [0x0000000080000000,0x0000000081bb7fe8,0x0000000084300000)
 Metaspace       used 36682K, committed 37632K, reserved 1114112K
  class space    used 3713K, committed 4160K, reserved 1048576K
}
Event: 15.672 GC heap after
{Heap after GC invocations=21 (full 2):
 PSYoungGen      total 22016K, used 770K [0x00000000d5580000, 0x00000000d6c80000, 0x0000000100000000)
  eden space 20992K, 0% used [0x00000000d5580000,0x00000000d5580000,0x00000000d6a00000)
  from space 1024K, 75% used [0x00000000d6a80000,0x00000000d6b40b38,0x00000000d6b80000)
  to   space 1024K, 0% used [0x00000000d6b80000,0x00000000d6b80000,0x00000000d6c80000)
 ParOldGen       total 68608K, used 28391K [0x0000000080000000, 0x0000000084300000, 0x00000000d5580000)
  object space 68608K, 41% used [0x0000000080000000,0x0000000081bb9fe8,0x0000000084300000)
 Metaspace       used 36682K, committed 37632K, reserved 1114112K
  class space    used 3713K, committed 4160K, reserved 1048576K
}
Event: 16.294 GC heap before
{Heap before GC invocations=22 (full 2):
 PSYoungGen      total 22016K, used 21762K [0x00000000d5580000, 0x00000000d6c80000, 0x0000000100000000)
  eden space 20992K, 100% used [0x00000000d5580000,0x00000000d6a00000,0x00000000d6a00000)
  from space 1024K, 75% used [0x00000000d6a80000,0x00000000d6b40b38,0x00000000d6b80000)
  to   space 1024K, 0% used [0x00000000d6b80000,0x00000000d6b80000,0x00000000d6c80000)
 ParOldGen       total 68608K, used 28391K [0x0000000080000000, 0x0000000084300000, 0x00000000d5580000)
  object space 68608K, 41% used [0x0000000080000000,0x0000000081bb9fe8,0x0000000084300000)
 Metaspace       used 38273K, committed 39296K, reserved 1114112K
  class space    used 3865K, committed 4352K, reserved 1048576K
}
Event: 16.296 GC heap after
{Heap after GC invocations=22 (full 2):
 PSYoungGen      total 22016K, used 544K [0x00000000d5580000, 0x00000000d6c80000, 0x0000000100000000)
  eden space 20992K, 0% used [0x00000000d5580000,0x00000000d5580000,0x00000000d6a00000)
  from space 1024K, 53% used [0x00000000d6b80000,0x00000000d6c08000,0x00000000d6c80000)
  to   space 1024K, 0% used [0x00000000d6a80000,0x00000000d6a80000,0x00000000d6b80000)
 ParOldGen       total 68608K, used 29028K [0x0000000080000000, 0x0000000084300000, 0x00000000d5580000)
  object space 68608K, 42% used [0x0000000080000000,0x0000000081c593e8,0x0000000084300000)
 Metaspace       used 38273K, committed 39296K, reserved 1114112K
  class space    used 3865K, committed 4352K, reserved 1048576K
}
Event: 17.414 GC heap before
{Heap before GC invocations=23 (full 2):
 PSYoungGen      total 22016K, used 21536K [0x00000000d5580000, 0x00000000d6c80000, 0x0000000100000000)
  eden space 20992K, 100% used [0x00000000d5580000,0x00000000d6a00000,0x00000000d6a00000)
  from space 1024K, 53% used [0x00000000d6b80000,0x00000000d6c08000,0x00000000d6c80000)
  to   space 1024K, 0% used [0x00000000d6a80000,0x00000000d6a80000,0x00000000d6b80000)
 ParOldGen       total 68608K, used 29028K [0x0000000080000000, 0x0000000084300000, 0x00000000d5580000)
  object space 68608K, 42% used [0x0000000080000000,0x0000000081c593e8,0x0000000084300000)
 Metaspace       used 40808K, committed 41920K, reserved 1114112K
  class space    used 4100K, committed 4608K, reserved 1048576K
}
Event: 17.417 GC heap after
{Heap after GC invocations=23 (full 2):
 PSYoungGen      total 22016K, used 996K [0x00000000d5580000, 0x00000000d7000000, 0x0000000100000000)
  eden space 20992K, 0% used [0x00000000d5580000,0x00000000d5580000,0x00000000d6a00000)
  from space 1024K, 97% used [0x00000000d6a80000,0x00000000d6b79310,0x00000000d6b80000)
  to   space 3072K, 0% used [0x00000000d6d00000,0x00000000d6d00000,0x00000000d7000000)
 ParOldGen       total 68608K, used 30703K [0x0000000080000000, 0x0000000084300000, 0x00000000d5580000)
  object space 68608K, 44% used [0x0000000080000000,0x0000000081dfbdd8,0x0000000084300000)
 Metaspace       used 40808K, committed 41920K, reserved 1114112K
  class space    used 4100K, committed 4608K, reserved 1048576K
}
Event: 18.120 GC heap before
{Heap before GC invocations=24 (full 2):
 PSYoungGen      total 22016K, used 21988K [0x00000000d5580000, 0x00000000d7000000, 0x0000000100000000)
  eden space 20992K, 100% used [0x00000000d5580000,0x00000000d6a00000,0x00000000d6a00000)
  from space 1024K, 97% used [0x00000000d6a80000,0x00000000d6b79310,0x00000000d6b80000)
  to   space 3072K, 0% used [0x00000000d6d00000,0x00000000d6d00000,0x00000000d7000000)
 ParOldGen       total 68608K, used 30703K [0x0000000080000000, 0x0000000084300000, 0x00000000d5580000)
  object space 68608K, 44% used [0x0000000080000000,0x0000000081dfbdd8,0x0000000084300000)
 Metaspace       used 42350K, committed 43392K, reserved 1114112K
  class space    used 4263K, committed 4736K, reserved 1048576K
}
Event: 18.125 GC heap after
{Heap after GC invocations=24 (full 2):
 PSYoungGen      total 22016K, used 3050K [0x00000000d5580000, 0x00000000d7400000, 0x0000000100000000)
  eden space 18944K, 0% used [0x00000000d5580000,0x00000000d5580000,0x00000000d6800000)
  from space 3072K, 99% used [0x00000000d6d00000,0x00000000d6ffaaf0,0x00000000d7000000)
  to   space 5120K, 0% used [0x00000000d6800000,0x00000000d6800000,0x00000000d6d00000)
 ParOldGen       total 68608K, used 31905K [0x0000000080000000, 0x0000000084300000, 0x00000000d5580000)
  object space 68608K, 46% used [0x0000000080000000,0x0000000081f28458,0x0000000084300000)
 Metaspace       used 42350K, committed 43392K, reserved 1114112K
  class space    used 4263K, committed 4736K, reserved 1048576K
}
Event: 18.244 GC heap before
{Heap before GC invocations=25 (full 2):
 PSYoungGen      total 22016K, used 21994K [0x00000000d5580000, 0x00000000d7400000, 0x0000000100000000)
  eden space 18944K, 100% used [0x00000000d5580000,0x00000000d6800000,0x00000000d6800000)
  from space 3072K, 99% used [0x00000000d6d00000,0x00000000d6ffaaf0,0x00000000d7000000)
  to   space 5120K, 0% used [0x00000000d6800000,0x00000000d6800000,0x00000000d6d00000)
 ParOldGen       total 68608K, used 31905K [0x0000000080000000, 0x0000000084300000, 0x00000000d5580000)
  object space 68608K, 46% used [0x0000000080000000,0x0000000081f28458,0x0000000084300000)
 Metaspace       used 42471K, committed 43456K, reserved 1114112K
  class space    used 4265K, committed 4736K, reserved 1048576K
}
Event: 18.247 GC heap after
{Heap after GC invocations=25 (full 2):
 PSYoungGen      total 19968K, used 924K [0x00000000d5580000, 0x00000000d6d80000, 0x0000000100000000)
  eden space 18944K, 0% used [0x00000000d5580000,0x00000000d5580000,0x00000000d6800000)
  from space 1024K, 90% used [0x00000000d6800000,0x00000000d68e73e8,0x00000000d6900000)
  to   space 2560K, 0% used [0x00000000d6b00000,0x00000000d6b00000,0x00000000d6d80000)
 ParOldGen       total 68608K, used 34207K [0x0000000080000000, 0x0000000084300000, 0x00000000d5580000)
  object space 68608K, 49% used [0x0000000080000000,0x0000000082167db8,0x0000000084300000)
 Metaspace       used 42471K, committed 43456K, reserved 1114112K
  class space    used 4265K, committed 4736K, reserved 1048576K
}
Event: 18.490 GC heap before
{Heap before GC invocations=26 (full 2):
 PSYoungGen      total 19968K, used 19868K [0x00000000d5580000, 0x00000000d6d80000, 0x0000000100000000)
  eden space 18944K, 100% used [0x00000000d5580000,0x00000000d6800000,0x00000000d6800000)
  from space 1024K, 90% used [0x00000000d6800000,0x00000000d68e73e8,0x00000000d6900000)
  to   space 2560K, 0% used [0x00000000d6b00000,0x00000000d6b00000,0x00000000d6d80000)
 ParOldGen       total 68608K, used 34207K [0x0000000080000000, 0x0000000084300000, 0x00000000d5580000)
  object space 68608K, 49% used [0x0000000080000000,0x0000000082167db8,0x0000000084300000)
 Metaspace       used 43564K, committed 44608K, reserved 1114112K
  class space    used 4364K, committed 4864K, reserved 1048576K
}
Event: 18.492 GC heap after
{Heap after GC invocations=26 (full 2):
 PSYoungGen      total 19456K, used 288K [0x00000000d5580000, 0x00000000d6b80000, 0x0000000100000000)
  eden space 18944K, 0% used [0x00000000d5580000,0x00000000d5580000,0x00000000d6800000)
  from space 512K, 56% used [0x00000000d6b00000,0x00000000d6b48000,0x00000000d6b80000)
  to   space 1024K, 0% used [0x00000000d6980000,0x00000000d6980000,0x00000000d6a80000)
 ParOldGen       total 68608K, used 34231K [0x0000000080000000, 0x0000000084300000, 0x00000000d5580000)
  object space 68608K, 49% used [0x0000000080000000,0x000000008216ddb8,0x0000000084300000)
 Metaspace       used 43564K, committed 44608K, reserved 1114112K
  class space    used 4364K, committed 4864K, reserved 1048576K
}
Event: 22.752 GC heap before
{Heap before GC invocations=27 (full 2):
 PSYoungGen      total 19456K, used 19232K [0x00000000d5580000, 0x00000000d6b80000, 0x0000000100000000)
  eden space 18944K, 100% used [0x00000000d5580000,0x00000000d6800000,0x00000000d6800000)
  from space 512K, 56% used [0x00000000d6b00000,0x00000000d6b48000,0x00000000d6b80000)
  to   space 1024K, 0% used [0x00000000d6980000,0x00000000d6980000,0x00000000d6a80000)
 ParOldGen       total 68608K, used 34231K [0x0000000080000000, 0x0000000084300000, 0x00000000d5580000)
  object space 68608K, 49% used [0x0000000080000000,0x000000008216ddb8,0x0000000084300000)
 Metaspace       used 45209K, committed 46336K, reserved 1114112K
  class space    used 4483K, committed 4992K, reserved 1048576K
}
Event: 22.757 GC heap after
{Heap after GC invocations=27 (full 2):
 PSYoungGen      total 19968K, used 992K [0x00000000d5580000, 0x00000000d7100000, 0x0000000100000000)
  eden space 18944K, 0% used [0x00000000d5580000,0x00000000d5580000,0x00000000d6800000)
  from space 1024K, 96% used [0x00000000d6980000,0x00000000d6a78020,0x00000000d6a80000)
  to   space 4608K, 0% used [0x00000000d6c80000,0x00000000d6c80000,0x00000000d7100000)
 ParOldGen       total 68608K, used 37102K [0x0000000080000000, 0x0000000084300000, 0x00000000d5580000)
  object space 68608K, 54% used [0x0000000080000000,0x000000008243bac0,0x0000000084300000)
 Metaspace       used 45209K, committed 46336K, reserved 1114112K
  class space    used 4483K, committed 4992K, reserved 1048576K
}
Event: 24.218 GC heap before
{Heap before GC invocations=28 (full 2):
 PSYoungGen      total 19968K, used 19936K [0x00000000d5580000, 0x00000000d7100000, 0x0000000100000000)
  eden space 18944K, 100% used [0x00000000d5580000,0x00000000d6800000,0x00000000d6800000)
  from space 1024K, 96% used [0x00000000d6980000,0x00000000d6a78020,0x00000000d6a80000)
  to   space 4608K, 0% used [0x00000000d6c80000,0x00000000d6c80000,0x00000000d7100000)
 ParOldGen       total 68608K, used 37102K [0x0000000080000000, 0x0000000084300000, 0x00000000d5580000)
  object space 68608K, 54% used [0x0000000080000000,0x000000008243bac0,0x0000000084300000)
 Metaspace       used 46159K, committed 47296K, reserved 1114112K
  class space    used 4523K, committed 5056K, reserved 1048576K
}
Event: 24.230 GC heap after
{Heap after GC invocations=28 (full 2):
 PSYoungGen      total 18944K, used 4596K [0x00000000d5580000, 0x00000000d7a00000, 0x0000000100000000)
  eden space 14336K, 0% used [0x00000000d5580000,0x00000000d5580000,0x00000000d6380000)
  from space 4608K, 99% used [0x00000000d6c80000,0x00000000d70fd0c0,0x00000000d7100000)
  to   space 9216K, 0% used [0x00000000d6380000,0x00000000d6380000,0x00000000d6c80000)
 ParOldGen       total 68608K, used 40711K [0x0000000080000000, 0x0000000084300000, 0x00000000d5580000)
  object space 68608K, 59% used [0x0000000080000000,0x00000000827c1c90,0x0000000084300000)
 Metaspace       used 46159K, committed 47296K, reserved 1114112K
  class space    used 4523K, committed 5056K, reserved 1048576K
}

Dll operation events (10 events):
Event: 0.824 Loaded shared library c:\Users\DELL\.vscode\extensions\redhat.java-1.55.0-win32-x64\jre\21.0.11-win32-x86_64\bin\java.dll
Event: 1.106 Loaded shared library c:\Users\DELL\.vscode\extensions\redhat.java-1.55.0-win32-x64\jre\21.0.11-win32-x86_64\bin\zip.dll
Event: 1.169 Loaded shared library C:\Users\DELL\.vscode\extensions\redhat.java-1.55.0-win32-x64\jre\21.0.11-win32-x86_64\bin\instrument.dll
Event: 1.183 Loaded shared library C:\Users\DELL\.vscode\extensions\redhat.java-1.55.0-win32-x64\jre\21.0.11-win32-x86_64\bin\net.dll
Event: 1.191 Loaded shared library C:\Users\DELL\.vscode\extensions\redhat.java-1.55.0-win32-x64\jre\21.0.11-win32-x86_64\bin\nio.dll
Event: 1.199 Loaded shared library C:\Users\DELL\.vscode\extensions\redhat.java-1.55.0-win32-x64\jre\21.0.11-win32-x86_64\bin\zip.dll
Event: 1.266 Loaded shared library C:\Users\DELL\.vscode\extensions\redhat.java-1.55.0-win32-x64\jre\21.0.11-win32-x86_64\bin\jimage.dll
Event: 1.502 Loaded shared library c:\Users\DELL\.vscode\extensions\redhat.java-1.55.0-win32-x64\jre\21.0.11-win32-x86_64\bin\verify.dll
Event: 5.697 Loaded shared library C:\Users\DELL\AppData\Roaming\Code\User\globalStorage\redhat.java\1.55.0\config_ss_win\org.eclipse.equinox.launcher\org.eclipse.equinox.launcher.win32.win32.x86_64_1.3.100.v20260613-0559\eclipse_11924.dll
Event: 8.270 Loaded shared library C:\Users\DELL\AppData\Local\Temp\jna-2094529\jna504790203212573852.dll

Deoptimization events (20 events):
Event: 34.768 Thread 0x000002850b307190 DEOPT PACKING pc=0x00000284bd9990ac sp=0x000000cb10bfe500
Event: 34.768 Thread 0x000002850b307190 DEOPT UNPACKING pc=0x00000284bd266da2 sp=0x000000cb10bfe4b8 mode 2
Event: 34.938 Thread 0x000002850b307190 Uncommon trap: trap_request=0xffffff45 fr.pc=0x00000284bdaba820 relative=0x00000000000014a0
Event: 34.939 Thread 0x000002850b307190 Uncommon trap: reason=unstable_if action=reinterpret pc=0x00000284bdaba820 method=org.eclipse.core.runtime.Path.toOSString()Ljava/lang/String; @ 28 c2
Event: 34.939 Thread 0x000002850b307190 DEOPT PACKING pc=0x00000284bdaba820 sp=0x000000cb10bfe920
Event: 34.939 Thread 0x000002850b307190 DEOPT UNPACKING pc=0x00000284bd266da2 sp=0x000000cb10bfe8e0 mode 2
Event: 35.062 Thread 0x0000028510f7c1a0 Uncommon trap: trap_request=0xffffff45 fr.pc=0x00000284bdb250b0 relative=0x00000000000006f0
Event: 35.062 Thread 0x0000028510f7c1a0 Uncommon trap: reason=unstable_if action=reinterpret pc=0x00000284bdb250b0 method=java.util.HashMap.putVal(ILjava/lang/Object;Ljava/lang/Object;ZZ)Ljava/lang/Object; @ 236 c2
Event: 35.062 Thread 0x0000028510f7c1a0 DEOPT PACKING pc=0x00000284bdb250b0 sp=0x000000cb11bfdf40
Event: 35.062 Thread 0x0000028510f7c1a0 DEOPT UNPACKING pc=0x00000284bd266da2 sp=0x000000cb11bfdeb8 mode 2
Event: 35.465 Thread 0x0000028510f7c1a0 DEOPT PACKING pc=0x00000284b5e21844 sp=0x000000cb11bfedf0
Event: 35.466 Thread 0x0000028510f7c1a0 DEOPT UNPACKING pc=0x00000284bd2678e2 sp=0x000000cb11bfe2a0 mode 0
Event: 35.768 Thread 0x000002850b307190 Uncommon trap: trap_request=0xffffffde fr.pc=0x00000284bd84f4b4 relative=0x00000000000006f4
Event: 35.768 Thread 0x000002850b307190 Uncommon trap: reason=class_check action=maybe_recompile pc=0x00000284bd84f4b4 method=java.util.HashMap.computeIfAbsent(Ljava/lang/Object;Ljava/util/function/Function;)Ljava/lang/Object; @ 188 c2
Event: 35.768 Thread 0x000002850b307190 DEOPT PACKING pc=0x00000284bd84f4b4 sp=0x000000cb10bfeaf0
Event: 35.768 Thread 0x000002850b307190 DEOPT UNPACKING pc=0x00000284bd266da2 sp=0x000000cb10bfea98 mode 2
Event: 35.768 Thread 0x000002850b307190 Uncommon trap: trap_request=0xffffffde fr.pc=0x00000284bd84f4b4 relative=0x00000000000006f4
Event: 35.768 Thread 0x000002850b307190 Uncommon trap: reason=class_check action=maybe_recompile pc=0x00000284bd84f4b4 method=java.util.HashMap.computeIfAbsent(Ljava/lang/Object;Ljava/util/function/Function;)Ljava/lang/Object; @ 188 c2
Event: 35.768 Thread 0x000002850b307190 DEOPT PACKING pc=0x00000284bd84f4b4 sp=0x000000cb10bfeaf0
Event: 35.768 Thread 0x000002850b307190 DEOPT UNPACKING pc=0x00000284bd266da2 sp=0x000000cb10bfea98 mode 2

Classes loaded (20 events):
Event: 34.923 Loading class java/util/concurrent/ConcurrentHashMap$EntrySpliterator
Event: 34.924 Loading class java/util/concurrent/ConcurrentHashMap$EntrySpliterator done
Event: 35.029 Loading class java/util/stream/Nodes$CollectorTask$OfRef
Event: 35.030 Loading class java/util/stream/Nodes$CollectorTask
Event: 35.031 Loading class java/util/stream/Nodes$CollectorTask done
Event: 35.031 Loading class java/util/stream/Nodes$CollectorTask$OfRef done
Event: 35.042 Loading class java/util/function/LongFunction
Event: 35.043 Loading class java/util/function/LongFunction done
Event: 35.043 Loading class java/util/stream/Nodes$ConcNode
Event: 35.043 Loading class java/util/stream/Nodes$AbstractConcNode
Event: 35.044 Loading class java/util/stream/Nodes$AbstractConcNode done
Event: 35.044 Loading class java/util/stream/Nodes$ConcNode done
Event: 35.049 Loading class java/util/zip/Deflater
Event: 35.051 Loading class java/util/zip/Deflater done
Event: 35.053 Loading class java/util/zip/Deflater$DeflaterZStreamRef
Event: 35.053 Loading class java/util/zip/Deflater$DeflaterZStreamRef done
Event: 35.464 Loading class java/util/stream/Nodes$ToArrayTask$OfRef
Event: 35.465 Loading class java/util/stream/Nodes$ToArrayTask
Event: 35.465 Loading class java/util/stream/Nodes$ToArrayTask done
Event: 35.465 Loading class java/util/stream/Nodes$ToArrayTask$OfRef done

Classes unloaded (7 events):
Event: 9.731 Thread 0x00000284b2b998e0 Unloading class 0x00000284cb18cc00 'java/lang/invoke/LambdaForm$MH+0x00000284cb18cc00'
Event: 9.731 Thread 0x00000284b2b998e0 Unloading class 0x00000284cb18c800 'java/lang/invoke/LambdaForm$MH+0x00000284cb18c800'
Event: 9.731 Thread 0x00000284b2b998e0 Unloading class 0x00000284cb18c400 'java/lang/invoke/LambdaForm$MH+0x00000284cb18c400'
Event: 9.731 Thread 0x00000284b2b998e0 Unloading class 0x00000284cb18c000 'java/lang/invoke/LambdaForm$MH+0x00000284cb18c000'
Event: 9.731 Thread 0x00000284b2b998e0 Unloading class 0x00000284cb18bc00 'java/lang/invoke/LambdaForm$BMH+0x00000284cb18bc00'
Event: 9.731 Thread 0x00000284b2b998e0 Unloading class 0x00000284cb18b800 'java/lang/invoke/LambdaForm$DMH+0x00000284cb18b800'
Event: 9.731 Thread 0x00000284b2b998e0 Unloading class 0x00000284cb18a400 'java/lang/invoke/LambdaForm$DMH+0x00000284cb18a400'

Classes redefined (0 events):
No events

Internal exceptions (20 events):
Event: 24.364 Thread 0x0000028510f7e270 Implicit null exception at 0x00000284b6dacf1b to 0x00000284b6dad4d5
Event: 24.364 Thread 0x0000028510f7e270 Exception <a 'java/lang/NullPointerException'{0x00000000d56f58c8}> (0x00000000d56f58c8) 
thrown [s\src\hotspot\share\runtime\sharedRuntime.cpp, line 625]
Event: 24.364 Thread 0x0000028510f7e270 Implicit null exception at 0x00000284b6dacf1b to 0x00000284b6dad4d5
Event: 24.364 Thread 0x0000028510f7e270 Exception <a 'java/lang/NullPointerException'{0x00000000d56f6580}> (0x00000000d56f6580) 
thrown [s\src\hotspot\share\runtime\sharedRuntime.cpp, line 625]
Event: 24.364 Thread 0x0000028510f7e270 Implicit null exception at 0x00000284b6dacf1b to 0x00000284b6dad4d5
Event: 24.364 Thread 0x0000028510f7e270 Exception <a 'java/lang/NullPointerException'{0x00000000d56f6c48}> (0x00000000d56f6c48) 
thrown [s\src\hotspot\share\runtime\sharedRuntime.cpp, line 625]
Event: 24.364 Thread 0x0000028510f7e270 Implicit null exception at 0x00000284b6dacf1b to 0x00000284b6dad4d5
Event: 24.364 Thread 0x0000028510f7e270 Exception <a 'java/lang/NullPointerException'{0x00000000d56f71a0}> (0x00000000d56f71a0) 
thrown [s\src\hotspot\share\runtime\sharedRuntime.cpp, line 625]
Event: 24.364 Thread 0x0000028510f7e270 Implicit null exception at 0x00000284b6dacf1b to 0x00000284b6dad4d5
Event: 24.364 Thread 0x0000028510f7e270 Exception <a 'java/lang/NullPointerException'{0x00000000d56f7868}> (0x00000000d56f7868) 
thrown [s\src\hotspot\share\runtime\sharedRuntime.cpp, line 625]
Event: 24.364 Thread 0x0000028510f7e270 Implicit null exception at 0x00000284b6dacf1b to 0x00000284b6dad4d5
Event: 24.364 Thread 0x0000028510f7e270 Exception <a 'java/lang/NullPointerException'{0x00000000d56f7e18}> (0x00000000d56f7e18) 
thrown [s\src\hotspot\share\runtime\sharedRuntime.cpp, line 625]
Event: 24.364 Thread 0x0000028510f7e270 Implicit null exception at 0x00000284b6dacf1b to 0x00000284b6dad4d5
Event: 24.364 Thread 0x0000028510f7e270 Exception <a 'java/lang/NullPointerException'{0x00000000d56f8550}> (0x00000000d56f8550) 
thrown [s\src\hotspot\share\runtime\sharedRuntime.cpp, line 625]
Event: 24.365 Thread 0x0000028510f7e270 Implicit null exception at 0x00000284b6dacf1b to 0x00000284b6dad4d5
Event: 24.365 Thread 0x0000028510f7e270 Exception <a 'java/lang/NullPointerException'{0x00000000d56f8e18}> (0x00000000d56f8e18) 
thrown [s\src\hotspot\share\runtime\sharedRuntime.cpp, line 625]
Event: 29.293 Thread 0x000002850b307190 Exception <a 'sun/nio/fs/WindowsException'{0x00000000d5df40f8}> (0x00000000d5df40f8) 
thrown [s\src\hotspot\share\prims\jni.cpp, line 520]
Event: 29.294 Thread 0x000002850b307190 Exception <a 'sun/nio/fs/WindowsException'{0x00000000d5df4728}> (0x00000000d5df4728) 
thrown [s\src\hotspot\share\prims\jni.cpp, line 520]
Event: 34.745 Thread 0x00000285108dc060 Exception <a 'java/lang/NoSuchMethodError'{0x00000000d5ea9060}: 'void java.lang.invoke.DirectMethodHandle$Holder.invokeInterface(java.lang.Object, java.lang.Object)'> (0x00000000d5ea9060) 
thrown [s\src\hotspot\share\interpreter\linkResolver.cpp, line 773]
Event: 34.938 Thread 0x000002850b307190 Implicit null exception at 0x00000284bdab9678 to 0x00000284bdaba804

ZGC Phase Switch (0 events):
No events

VM Operations (20 events):
Event: 24.123 Executing safepoint VM operation: ICBufferFull
Event: 24.124 Executing safepoint VM operation: ICBufferFull done
Event: 24.217 Executing safepoint VM operation: ParallelGCFailedAllocation (Allocation Failure)
Event: 24.230 Executing safepoint VM operation: ParallelGCFailedAllocation (Allocation Failure) done
Event: 26.238 Executing safepoint VM operation: Cleanup
Event: 26.238 Executing safepoint VM operation: Cleanup done
Event: 27.250 Executing safepoint VM operation: Cleanup
Event: 27.251 Executing safepoint VM operation: Cleanup done
Event: 29.251 Executing safepoint VM operation: Cleanup
Event: 29.251 Executing safepoint VM operation: Cleanup done
Event: 31.251 Executing safepoint VM operation: Cleanup
Event: 31.251 Executing safepoint VM operation: Cleanup done
Event: 32.266 Executing safepoint VM operation: Cleanup
Event: 32.266 Executing safepoint VM operation: Cleanup done
Event: 35.041 Executing non-safepoint VM operation: HandshakeAllThreads (Deoptimize)
Event: 35.041 Executing non-safepoint VM operation: HandshakeAllThreads (Deoptimize) done
Event: 35.041 Executing safepoint VM operation: Cleanup
Event: 35.041 Executing safepoint VM operation: Cleanup done
Event: 35.763 Executing non-safepoint VM operation: HandshakeAllThreads (Deoptimize)
Event: 35.763 Executing non-safepoint VM operation: HandshakeAllThreads (Deoptimize) done

Memory protections (0 events):
No events

Nmethod flushes (20 events):
Event: 14.828 Thread 0x00000284b2b998e0 flushing  nmethod 0x00000284b6012610
Event: 14.828 Thread 0x00000284b2b998e0 flushing  nmethod 0x00000284b6025490
Event: 14.828 Thread 0x00000284b2b998e0 flushing  nmethod 0x00000284b6043110
Event: 14.828 Thread 0x00000284b2b998e0 flushing  nmethod 0x00000284b6044a90
Event: 14.828 Thread 0x00000284b2b998e0 flushing  nmethod 0x00000284b6044d90
Event: 14.828 Thread 0x00000284b2b998e0 flushing  nmethod 0x00000284b604a590
Event: 14.828 Thread 0x00000284b2b998e0 flushing  nmethod 0x00000284b605c410
Event: 14.828 Thread 0x00000284b2b998e0 flushing  nmethod 0x00000284b60be710
Event: 14.828 Thread 0x00000284b2b998e0 flushing  nmethod 0x00000284b6109b10
Event: 14.828 Thread 0x00000284b2b998e0 flushing  nmethod 0x00000284b6129610
Event: 14.828 Thread 0x00000284b2b998e0 flushing  nmethod 0x00000284b612a010
Event: 14.828 Thread 0x00000284b2b998e0 flushing  nmethod 0x00000284b612ef10
Event: 14.828 Thread 0x00000284b2b998e0 flushing  nmethod 0x00000284b614fc10
Event: 14.828 Thread 0x00000284b2b998e0 flushing  nmethod 0x00000284b6172c90
Event: 14.828 Thread 0x00000284b2b998e0 flushing  nmethod 0x00000284b617b910
Event: 14.828 Thread 0x00000284b2b998e0 flushing  nmethod 0x00000284b61b7690
Event: 14.828 Thread 0x00000284b2b998e0 flushing  nmethod 0x00000284b61b7a90
Event: 14.828 Thread 0x00000284b2b998e0 flushing  nmethod 0x00000284b61b7f90
Event: 14.828 Thread 0x00000284b2b998e0 flushing  nmethod 0x00000284b61c7990
Event: 14.828 Thread 0x00000284b2b998e0 flushing  nmethod 0x00000284b61ce210

Events (20 events):
Event: 12.382 Thread 0x00000284b085fd80 Thread added: 0x000002850b308bd0
Event: 12.382 Thread 0x00000284b085fd80 Thread added: 0x00000285108dc060
Event: 13.722 Thread 0x00000285108dc060 Thread added: 0x00000285108de130
Event: 14.194 Thread 0x00000285108dc060 Thread added: 0x00000285108dd410
Event: 14.338 Thread 0x00000285108dc060 Thread added: 0x00000285108dcd80
Event: 15.031 Thread 0x000002850b307190 Thread added: 0x00000285108dc6f0
Event: 15.036 Thread 0x00000285108dc6f0 Thread added: 0x00000285108ddaa0
Event: 15.038 Thread 0x00000285108dc6f0 Thread added: 0x00000285108de7c0
Event: 15.046 Thread 0x00000285108ddaa0 Thread added: 0x00000285108dee50
Event: 18.280 Thread 0x000002850b306b00 Thread added: 0x0000028510f7f620
Event: 21.957 Thread 0x000002850b307190 Thread added: 0x0000028510f81060
Event: 21.957 Thread 0x000002850b307190 Thread added: 0x0000028510f81d80
Event: 22.414 Thread 0x000002850b307190 Thread added: 0x0000028510f7e270
Event: 22.530 Thread 0x000002850b307190 Thread added: 0x0000028510f82aa0
Event: 22.530 Thread 0x000002850b307190 Thread added: 0x0000028510f7e900
Event: 34.856 Thread 0x00000285108dc060 Thread added: 0x0000028510f809d0
Event: 34.961 Thread 0x000002850b307190 Thread added: 0x0000028510f7c1a0
Event: 35.045 Thread 0x0000028510f7c1a0 Thread added: 0x0000028510f82410
Event: 35.467 Thread 0x0000028510f82410 Thread exited: 0x0000028510f82410
Event: 35.468 Thread 0x0000028510f7c1a0 Thread exited: 0x0000028510f7c1a0


Dynamic libraries:
0x00007ff674ab0000 - 0x00007ff674abe000 	c:\Users\DELL\.vscode\extensions\redhat.java-1.55.0-win32-x64\jre\21.0.11-win32-x86_64\bin\java.exe
0x00007ffaf6b30000 - 0x00007ffaf6d28000 	C:\Windows\SYSTEM32\ntdll.dll
0x00007ffaf61c0000 - 0x00007ffaf6282000 	C:\Windows\System32\KERNEL32.DLL
0x00007ffaf4630000 - 0x00007ffaf4926000 	C:\Windows\System32\KERNELBASE.dll
0x00007ffaefcb0000 - 0x00007ffaefd44000 	C:\Windows\SYSTEM32\apphelp.dll
0x00007ffaf4420000 - 0x00007ffaf4520000 	C:\Windows\System32\ucrtbase.dll
0x00007ffae57f0000 - 0x00007ffae5808000 	c:\Users\DELL\.vscode\extensions\redhat.java-1.55.0-win32-x64\jre\21.0.11-win32-x86_64\bin\jli.dll
0x00007ffae5790000 - 0x00007ffae57ae000 	c:\Users\DELL\.vscode\extensions\redhat.java-1.55.0-win32-x64\jre\21.0.11-win32-x86_64\bin\VCRUNTIME140.dll
0x00007ffaf6340000 - 0x00007ffaf64e1000 	C:\Windows\System32\USER32.dll
0x00007ffaf43f0000 - 0x00007ffaf4412000 	C:\Windows\System32\win32u.dll
0x00007ffaf34f0000 - 0x00007ffaf378b000 	C:\Windows\WinSxS\amd64_microsoft.windows.common-controls_6595b64144ccf1df_6.0.19041.6456_none_60b8a6cb71f64256\COMCTL32.dll
0x00007ffaf68e0000 - 0x00007ffaf690b000 	C:\Windows\System32\GDI32.dll
0x00007ffaf67e0000 - 0x00007ffaf687e000 	C:\Windows\System32\msvcrt.dll
0x00007ffaf4980000 - 0x00007ffaf4a99000 	C:\Windows\System32\gdi32full.dll
0x00007ffaf4350000 - 0x00007ffaf43ed000 	C:\Windows\System32\msvcp_win.dll
0x00007ffaf4eb0000 - 0x00007ffaf4edf000 	C:\Windows\System32\IMM32.DLL
0x00007ffaef7a0000 - 0x00007ffaef7ac000 	c:\Users\DELL\.vscode\extensions\redhat.java-1.55.0-win32-x64\jre\21.0.11-win32-x86_64\bin\vcruntime140_1.dll
0x00007ffac0220000 - 0x00007ffac02ad000 	c:\Users\DELL\.vscode\extensions\redhat.java-1.55.0-win32-x64\jre\21.0.11-win32-x86_64\bin\msvcp140.dll
0x00007ffa395d0000 - 0x00007ffa3a372000 	c:\Users\DELL\.vscode\extensions\redhat.java-1.55.0-win32-x64\jre\21.0.11-win32-x86_64\bin\server\jvm.dll
0x00007ffaf56b0000 - 0x00007ffaf5761000 	C:\Windows\System32\ADVAPI32.dll
0x00007ffaf6a50000 - 0x00007ffaf6aef000 	C:\Windows\System32\sechost.dll
0x00007ffaf6920000 - 0x00007ffaf6a40000 	C:\Windows\System32\RPCRT4.dll
0x00007ffaf4320000 - 0x00007ffaf4347000 	C:\Windows\System32\bcrypt.dll
0x00007ffaf5df0000 - 0x00007ffaf5e5b000 	C:\Windows\System32\WS2_32.dll
0x00007ffaf4020000 - 0x00007ffaf406b000 	C:\Windows\SYSTEM32\POWRPROF.dll
0x00007ffadbb20000 - 0x00007ffadbb47000 	C:\Windows\SYSTEM32\WINMM.dll
0x00007ffaf0900000 - 0x00007ffaf090a000 	C:\Windows\SYSTEM32\VERSION.dll
0x00007ffaf4000000 - 0x00007ffaf4012000 	C:\Windows\SYSTEM32\UMPDC.dll
0x00007ffaf2330000 - 0x00007ffaf2342000 	C:\Windows\SYSTEM32\kernel.appcore.dll
0x00007ffaeb130000 - 0x00007ffaeb13a000 	c:\Users\DELL\.vscode\extensions\redhat.java-1.55.0-win32-x64\jre\21.0.11-win32-x86_64\bin\jimage.dll
0x00007ffaf38e0000 - 0x00007ffaf3ae1000 	C:\Windows\SYSTEM32\DBGHELP.DLL
0x00007ffaf3880000 - 0x00007ffaf38b4000 	C:\Windows\SYSTEM32\dbgcore.DLL
0x00007ffaf45a0000 - 0x00007ffaf4622000 	C:\Windows\System32\bcryptPrimitives.dll
0x00007ffae5160000 - 0x00007ffae516f000 	c:\Users\DELL\.vscode\extensions\redhat.java-1.55.0-win32-x64\jre\21.0.11-win32-x86_64\bin\instrument.dll
0x00007ffae5140000 - 0x00007ffae5160000 	c:\Users\DELL\.vscode\extensions\redhat.java-1.55.0-win32-x64\jre\21.0.11-win32-x86_64\bin\java.dll
0x00007ffaf4ee0000 - 0x00007ffaf5650000 	C:\Windows\System32\SHELL32.dll
0x00007ffaf1b70000 - 0x00007ffaf2315000 	C:\Windows\SYSTEM32\windows.storage.dll
0x00007ffaf5e60000 - 0x00007ffaf61b4000 	C:\Windows\System32\combase.dll
0x00007ffaf33a0000 - 0x00007ffaf33cb000 	C:\Windows\SYSTEM32\Wldp.dll
0x00007ffaf65e0000 - 0x00007ffaf66ad000 	C:\Windows\System32\OLEAUT32.dll
0x00007ffaf6290000 - 0x00007ffaf633d000 	C:\Windows\System32\SHCORE.dll
0x00007ffaf5650000 - 0x00007ffaf56ab000 	C:\Windows\System32\shlwapi.dll
0x00007ffaf40f0000 - 0x00007ffaf4114000 	C:\Windows\SYSTEM32\profapi.dll
0x00007ffae4d20000 - 0x00007ffae4d38000 	c:\Users\DELL\.vscode\extensions\redhat.java-1.55.0-win32-x64\jre\21.0.11-win32-x86_64\bin\zip.dll
0x00007ffae3f80000 - 0x00007ffae3f90000 	C:\Users\DELL\.vscode\extensions\redhat.java-1.55.0-win32-x64\jre\21.0.11-win32-x86_64\bin\net.dll
0x00007ffae9be0000 - 0x00007ffae9cea000 	C:\Windows\SYSTEM32\WINHTTP.dll
0x00007ffaf3160000 - 0x00007ffaf31ca000 	C:\Windows\system32\mswsock.dll
0x00007ffae3f60000 - 0x00007ffae3f76000 	C:\Users\DELL\.vscode\extensions\redhat.java-1.55.0-win32-x64\jre\21.0.11-win32-x86_64\bin\nio.dll
0x00007ffae3f50000 - 0x00007ffae3f60000 	c:\Users\DELL\.vscode\extensions\redhat.java-1.55.0-win32-x64\jre\21.0.11-win32-x86_64\bin\verify.dll
0x00007ffac3d00000 - 0x00007ffac3d45000 	C:\Users\DELL\AppData\Roaming\Code\User\globalStorage\redhat.java\1.55.0\config_ss_win\org.eclipse.equinox.launcher\org.eclipse.equinox.launcher.win32.win32.x86_64_1.3.100.v20260613-0559\eclipse_11924.dll
0x00007ffaf66b0000 - 0x00007ffaf67db000 	C:\Windows\System32\ole32.dll
0x00007ffaf3e50000 - 0x00007ffaf3e68000 	C:\Windows\SYSTEM32\CRYPTSP.dll
0x00007ffaf2b20000 - 0x00007ffaf2b58000 	C:\Windows\system32\rsaenh.dll
0x00007ffaf40b0000 - 0x00007ffaf40de000 	C:\Windows\SYSTEM32\USERENV.dll
0x00007ffaf33f0000 - 0x00007ffaf33fc000 	C:\Windows\SYSTEM32\CRYPTBASE.dll
0x00007ffaf2e80000 - 0x00007ffaf2ebb000 	C:\Windows\SYSTEM32\IPHLPAPI.DLL
0x00007ffaf6910000 - 0x00007ffaf6918000 	C:\Windows\System32\NSI.dll
0x00007ffabadc0000 - 0x00007ffabae09000 	C:\Users\DELL\AppData\Local\Temp\jna-2094529\jna504790203212573852.dll
0x00007ffaf6a40000 - 0x00007ffaf6a48000 	C:\Windows\System32\PSAPI.DLL
0x00007ffaea460000 - 0x00007ffaea477000 	C:\Windows\SYSTEM32\dhcpcsvc6.DLL
0x00007ffaeb390000 - 0x00007ffaeb3ad000 	C:\Windows\SYSTEM32\dhcpcsvc.DLL
0x00007ffaf3e10000 - 0x00007ffaf3e43000 	C:\Windows\SYSTEM32\ntmarta.dll

JVMTI agents:
c:\Users\DELL\.vscode\extensions\redhat.java-1.55.0-win32-x64\lombok\lombok-1.18.39-4050.jar path:c:\Users\DELL\.vscode\extensions\redhat.java-1.55.0-win32-x64\jre\21.0.11-win32-x86_64\bin\instrument.dll, loaded, initialized, instrumentlib options:none

dbghelp: loaded successfully - version: 4.0.5 - missing functions: none
symbol engine: initialized successfully - sym options: 0x614 - pdb path: .;c:\Users\DELL\.vscode\extensions\redhat.java-1.55.0-win32-x64\jre\21.0.11-win32-x86_64\bin;C:\Windows\SYSTEM32;C:\Windows\WinSxS\amd64_microsoft.windows.common-controls_6595b64144ccf1df_6.0.19041.6456_none_60b8a6cb71f64256;c:\Users\DELL\.vscode\extensions\redhat.java-1.55.0-win32-x64\jre\21.0.11-win32-x86_64\bin\server;C:\Users\DELL\AppData\Roaming\Code\User\globalStorage\redhat.java\1.55.0\config_ss_win\org.eclipse.equinox.launcher\org.eclipse.equinox.launcher.win32.win32.x86_64_1.3.100.v20260613-0559;C:\Users\DELL\AppData\Local\Temp\jna-2094529

VM Arguments:
jvm_args: --add-modules=ALL-SYSTEM --add-opens=java.base/java.util=ALL-UNNAMED --add-opens=java.base/java.lang=ALL-UNNAMED --add-opens=java.base/sun.nio.fs=ALL-UNNAMED -Declipse.application=org.eclipse.jdt.ls.core.id1 -Dosgi.bundles.defaultStartLevel=4 -Declipse.product=org.eclipse.jdt.ls.core.product -Djava.import.generatesMetadataFilesAtProjectRoot=false -DDetectVMInstallationsJob.disabled=true -Dfile.encoding=utf8 -XX:+UseParallelGC -XX:GCTimeRatio=4 -XX:AdaptiveSizePolicyWeight=90 -Dsun.zip.disableMemoryMapping=true -Xmx2G -Xms100m -Xlog:disable -javaagent:c:\Users\DELL\.vscode\extensions\redhat.java-1.55.0-win32-x64\lombok\lombok-1.18.39-4050.jar 
java_command: c:\Users\DELL\.vscode\extensions\redhat.java-1.55.0-win32-x64\server\plugins\org.eclipse.equinox.launcher_1.7.200.v20260619-2039.jar -configuration c:\Users\DELL\AppData\Roaming\Code\User\globalStorage\redhat.java\1.55.0\config_ss_win -data c:\Users\DELL\AppData\Roaming\Code\User\workspaceStorage\1a6564583ea9243afe764279d878b582\redhat.java\ss_ws --pipe=\\.\pipe\lsp-fd8223b0f0885b337e3e3d46bb39a5b1-sock
java_class_path (initial): c:\Users\DELL\.vscode\extensions\redhat.java-1.55.0-win32-x64\server\plugins\org.eclipse.equinox.launcher_1.7.200.v20260619-2039.jar
Launcher Type: SUN_STANDARD

[Global flags]
    uintx AdaptiveSizePolicyWeight                 = 90                                        {product} {command line}
     intx CICompilerCount                          = 3                                         {product} {ergonomic}
    uintx GCTimeRatio                              = 4                                         {product} {command line}
   size_t InitialHeapSize                          = 104857600                                 {product} {command line}
   size_t MaxHeapSize                              = 2147483648                                {product} {command line}
   size_t MaxNewSize                               = 715653120                                 {product} {ergonomic}
   size_t MinHeapDeltaBytes                        = 524288                                    {product} {ergonomic}
   size_t MinHeapSize                              = 104857600                                 {product} {command line}
   size_t NewSize                                  = 34603008                                  {product} {ergonomic}
    uintx NonNMethodCodeHeapSize                   = 5832780                                {pd product} {ergonomic}
    uintx NonProfiledCodeHeapSize                  = 122912730                              {pd product} {ergonomic}
   size_t OldSize                                  = 70254592                                  {product} {ergonomic}
    uintx ProfiledCodeHeapSize                     = 122912730                              {pd product} {ergonomic}
    uintx ReservedCodeCacheSize                    = 251658240                              {pd product} {ergonomic}
     bool SegmentedCodeCache                       = true                                      {product} {ergonomic}
   size_t SoftMaxHeapSize                          = 2147483648                             {manageable} {ergonomic}
     bool UseCompressedOops                        = true                           {product lp64_product} {ergonomic}
     bool UseLargePagesIndividualAllocation        = false                                  {pd product} {ergonomic}
     bool UseParallelGC                            = true                                      {product} {command line}

Logging:
Log output configuration:
 #0: stdout all=off uptime,level,tags foldmultilines=false
 #1: stderr all=off uptime,level,tags foldmultilines=false

Release file:
JAVA_VERSION="21.0.11" 
MODULES="java.base java.compiler java.datatransfer java.xml java.prefs java.desktop java.instrument java.logging java.management java.security.sasl java.naming java.rmi java.management.rmi java.net.http java.scripting java.security.jgss java.transaction.xa java.sql java.sql.rowset java.xml.crypto java.se java.smartcardio jdk.accessibility jdk.internal.jvmstat jdk.attach jdk.charsets jdk.internal.opt jdk.zipfs jdk.compiler jdk.crypto.ec jdk.crypto.cryptoki jdk.crypto.mscapi jdk.dynalink jdk.internal.ed jdk.editpad jdk.hotspot.agent jdk.httpserver jdk.internal.le jdk.internal.vm.ci jdk.internal.vm.compiler jdk.internal.vm.compiler.management jdk.jartool jdk.javadoc jdk.jcmd jdk.management jdk.management.agent jdk.jconsole jdk.jdeps jdk.jdwp.agent jdk.jdi jdk.jfr jdk.jshell jdk.jsobject jdk.jstatd jdk.localedata jdk.management.jfr jdk.naming.dns jdk.naming.rmi jdk.net jdk.nio.mapmode jdk.random jdk.sctp jdk.security.auth jdk.security.jgss jdk.unsupported jdk.unsupported.desktop jdk.xml.dom" 

Environment Variables:
JAVA_HOME=C:\Program Files\Java\jdk-22
PATH=C:\Program Files\Common Files\Oracle\Java\javapath;C:\oraclexe\app\oracle\product\11.2.0\server\bin;C:\Windows\system32;C:\Windows;C:\Windows\System32\Wbem;C:\Windows\System32\WindowsPowerShell\v1.0\;C:\Windows\System32\OpenSSH\;C:\Program Files\Java\jdk-17.0.1\bin;C:\Program Files\dotnet\;C:\php;C:\Program Files\Java\jdk1.8.0_351\bin;C:\Program Files\Java\jdk-22;C:\Program Files\MySQL\MySQL Server 8.0\bin;C:\MinGW\bin;C:\Program Files\Java\jdk-25\bin;C:\Program Files\Git\cmd;C:\Program Files\nodejs\;C:\Program Files\MySQL\MySQL Shell 8.0\bin\;C:\Users\DELL\AppData\Local\Programs\Python\Python37\Scripts\;C:\Users\DELL\AppData\Local\Programs\Python\Python37\;C:\Users\DELL\AppData\Local\Microsoft\WindowsApps;C:\Program Files (x86)\mingw-w64\i686-8.1.0-posix-dwarf-rt_v6-rev0\mingw32\bin;C:\Program Files\Java\jdk-17.0.1\bin;C:\Users\DELL\AppData\Local\Programs\Python\Python38\Scripts;C:\Users\DELL\AppData\Local\Programs\Python\Python38;C:\Users\DELL\AppData\Local\Programs\Microsoft VS Code\bin;C:\Users\DELL\AppData\Local\GitHubDesktop\bin;C:\Program Files\JetBrains\IntelliJ IDEA 2025.3.1\bin;C:\Users\DELL\AppData\Roaming\npm
USERNAME=DELL
OS=Windows_NT
PROCESSOR_IDENTIFIER=Intel64 Family 6 Model 126 Stepping 5, GenuineIntel
TMP=C:\Users\DELL\AppData\Local\Temp
TEMP=C:\Users\DELL\AppData\Local\Temp




Periodic native trim disabled

---------------  S Y S T E M  ---------------

OS:
 Windows 10 , 64 bit Build 19041 (10.0.19041.5915)
OS uptime: 8 days 10:32 hours

CPU: total 4 (initial active 4) (2 cores per cpu, 2 threads per core) family 6 model 126 stepping 5 microcode 0xcc, cx8, cmov, fxsr, ht, mmx, 3dnowpref, sse, sse2, sse3, ssse3, sse4.1, sse4.2, popcnt, lzcnt, tsc, tscinvbit, avx, avx2, aes, erms, clmul, bmi1, bmi2, adx, avx512f, avx512dq, avx512cd, avx512bw, avx512vl, sha, fma, vzeroupper, avx512_vpopcntdq, avx512_vpclmulqdq, avx512_vaes, avx512_vnni, clflush, clflushopt, avx512_vbmi2, avx512_vbmi, rdtscp, rdpid, fsrm, gfni, avx512_bitalg, f16c, pku, avx512_ifma
Processor Information for the first 4 processors :
  Max Mhz: 1190, Current Mhz: 1190, Mhz Limit: 1190

Memory: 4k page, system-wide physical 3862M (39M free)
TotalPageFile size 15638M (AvailPageFile size 0M)
current process WorkingSet (physical memory assigned to process): 103M, peak: 195M
current process commit charge ("private bytes"): 305M, peak: 330M

vm_info: OpenJDK 64-Bit Server VM (21.0.11+10-LTS) for windows-amd64 JRE (21.0.11+10-LTS), built on 2026-04-21T00:00:00Z by "admin" with MS VC++ 17.12 (VS2022)

END.
