#
# There is insufficient memory for the Java Runtime Environment to continue.
# Native memory allocation (malloc) failed to allocate 156656 bytes. Error detail: Chunk::new
# Possible reasons:
#   The system is out of physical RAM or swap space
#   This process is running with CompressedOops enabled, and the Java Heap may be blocking the growth of the native heap
# Possible solutions:
#   Reduce memory load on the system
#   Increase physical memory or swap space
#   Check if swap backing store is full
#   Decrease Java heap size (-Xmx/-Xms)
#   Decrease number of Java threads
#   Decrease Java thread stack sizes (-Xss)
#   Set larger code cache with -XX:ReservedCodeCacheSize=
#   JVM is running with Unscaled Compressed Oops mode in which the Java heap is
#     placed in the first 4GB address space. The Java Heap base address is the
#     maximum limit for the native heap growth. Please use -XX:HeapBaseMinAddress
#     to set the Java Heap base and to place the Java Heap above 4GB virtual address.
# This output file may be truncated or incomplete.
#
#  Out of Memory Error (arena.cpp:168), pid=5556, tid=12600
#
# JRE version: OpenJDK Runtime Environment Temurin-21.0.11+10 (21.0.11+10) (build 21.0.11+10-LTS)
# Java VM: OpenJDK 64-Bit Server VM Temurin-21.0.11+10 (21.0.11+10-LTS, mixed mode, sharing, tiered, compressed oops, compressed class ptrs, parallel gc, windows-amd64)
# No core dump will be written. Minidumps are not enabled by default on client versions of Windows
#

---------------  S U M M A R Y ------------

Command Line: --add-modules=ALL-SYSTEM --add-opens=java.base/java.util=ALL-UNNAMED --add-opens=java.base/java.lang=ALL-UNNAMED --add-opens=java.base/sun.nio.fs=ALL-UNNAMED -Declipse.application=org.eclipse.jdt.ls.core.id1 -Dosgi.bundles.defaultStartLevel=4 -Declipse.product=org.eclipse.jdt.ls.core.product -Djava.import.generatesMetadataFilesAtProjectRoot=false -DDetectVMInstallationsJob.disabled=true -Dfile.encoding=utf8 -XX:+UseParallelGC -XX:GCTimeRatio=4 -XX:AdaptiveSizePolicyWeight=90 -Dsun.zip.disableMemoryMapping=true -Xmx2G -Xms100m -Xlog:disable -javaagent:c:\Users\DELL\.vscode\extensions\redhat.java-1.55.0-win32-x64\lombok\lombok-1.18.39-4050.jar -XX:+HeapDumpOnOutOfMemoryError -XX:HeapDumpPath=c:\Users\DELL\AppData\Roaming\Code\User\workspaceStorage\1a6564583ea9243afe764279d878b582\redhat.java -Daether.dependencyCollector.impl=bf c:\Users\DELL\.vscode\extensions\redhat.java-1.55.0-win32-x64\server\plugins\org.eclipse.equinox.launcher_1.7.200.v20260619-2039.jar -configuration c:\Users\DELL\AppData\Roaming\Code\User\globalStorage\redhat.java\1.55.0\config_win -data c:\Users\DELL\AppData\Roaming\Code\User\workspaceStorage\1a6564583ea9243afe764279d878b582\redhat.java\jdt_ws --pipe=\\.\pipe\lsp-a45a42f5061f43eaa2a3c2609384d7ad-sock

Host: Intel(R) Core(TM) i3-1005G1 CPU @ 1.20GHz, 4 cores, 3G,  Windows 10 , 64 bit Build 19041 (10.0.19041.5915)
Time: Wed Jul 15 09:03:25 2026 India Standard Time elapsed time: 4.617646 seconds (0d 0h 0m 4s)

---------------  T H R E A D  ---------------

Current thread (0x00000237566816a0):  JavaThread "C2 CompilerThread0" daemon [_thread_in_native, id=12600, stack(0x0000004aa0b00000,0x0000004aa0c00000) (1024K)]


Current CompileTask:
C2:4617 1857       4       java.util.HashMap::putVal (300 bytes)

Stack: [0x0000004aa0b00000,0x0000004aa0c00000]
Native frames: (J=compiled Java code, j=interpreted, Vv=VM code, C=native code)
V  [jvm.dll+0x6d7e19]
V  [jvm.dll+0x8b5096]
V  [jvm.dll+0x8b764e]
V  [jvm.dll+0x8b7d33]
V  [jvm.dll+0x284596]
V  [jvm.dll+0xc685d]
V  [jvm.dll+0xc6da1]
V  [jvm.dll+0x3bed6b]
V  [jvm.dll+0x38b2b2]
V  [jvm.dll+0x38a6fa]
V  [jvm.dll+0x24c700]
V  [jvm.dll+0x24bce0]
V  [jvm.dll+0x1cb4ae]
V  [jvm.dll+0x25baad]
V  [jvm.dll+0x25a03a]
V  [jvm.dll+0x3f868e]
V  [jvm.dll+0x85fb0d]
V  [jvm.dll+0x6d664d]
C  [ucrtbase.dll+0x21bb2]
C  [KERNEL32.DLL+0x17374]
C  [ntdll.dll+0x4cc91]


---------------  P R O C E S S  ---------------

Threads class SMR info:
_java_thread_list=0x0000023798c39b60, length=13, elements={
0x000002373da7f0e0, 0x0000023756676140, 0x00000237566779b0, 0x000002375667a8e0,
0x000002375667e060, 0x000002375667fc30, 0x0000023756680690, 0x00000237566816a0,
0x00000237566a2c90, 0x00000237984cb240, 0x00000237984ee180, 0x0000023798b92660,
0x0000023798df1490
}

Java Threads: ( => current thread )
  0x000002373da7f0e0 JavaThread "main"                              [_thread_blocked, id=19708, stack(0x0000004aa0000000,0x0000004aa0100000) (1024K)]
  0x0000023756676140 JavaThread "Reference Handler"          daemon [_thread_blocked, id=9636, stack(0x0000004aa0500000,0x0000004aa0600000) (1024K)]
  0x00000237566779b0 JavaThread "Finalizer"                  daemon [_thread_blocked, id=13188, stack(0x0000004aa0600000,0x0000004aa0700000) (1024K)]
  0x000002375667a8e0 JavaThread "Signal Dispatcher"          daemon [_thread_blocked, id=14572, stack(0x0000004aa0700000,0x0000004aa0800000) (1024K)]
  0x000002375667e060 JavaThread "Attach Listener"            daemon [_thread_blocked, id=1040, stack(0x0000004aa0800000,0x0000004aa0900000) (1024K)]
  0x000002375667fc30 JavaThread "Service Thread"             daemon [_thread_blocked, id=11008, stack(0x0000004aa0900000,0x0000004aa0a00000) (1024K)]
  0x0000023756680690 JavaThread "Monitor Deflation Thread"   daemon [_thread_blocked, id=2532, stack(0x0000004aa0a00000,0x0000004aa0b00000) (1024K)]
=>0x00000237566816a0 JavaThread "C2 CompilerThread0"         daemon [_thread_in_native, id=12600, stack(0x0000004aa0b00000,0x0000004aa0c00000) (1024K)]
  0x00000237566a2c90 JavaThread "C1 CompilerThread0"         daemon [_thread_blocked, id=16828, stack(0x0000004aa0c00000,0x0000004aa0d00000) (1024K)]
  0x00000237984cb240 JavaThread "Common-Cleaner"             daemon [_thread_blocked, id=16044, stack(0x0000004aa0d00000,0x0000004aa0e00000) (1024K)]
  0x00000237984ee180 JavaThread "Notification Thread"        daemon [_thread_blocked, id=18912, stack(0x0000004aa0e00000,0x0000004aa0f00000) (1024K)]
  0x0000023798b92660 JavaThread "Active Thread: Equinox Container: b7203111-3416-45b3-bec1-e51c8d944e06"        [_thread_blocked, id=18636, stack(0x0000004aa1200000,0x0000004aa1300000) (1024K)]
  0x0000023798df1490 JavaThread "Refresh Thread: Equinox Container: b7203111-3416-45b3-bec1-e51c8d944e06" daemon [_thread_in_vm, id=15888, stack(0x0000004aa1300000,0x0000004aa1400000) (1024K)]
Total: 13

Other Threads:
  0x000002375665dd20 VMThread "VM Thread"                           [id=5404, stack(0x0000004aa0400000,0x0000004aa0500000) (1024K)]
  0x000002373fcf7b90 WatcherThread "VM Periodic Task Thread"        [id=11768, stack(0x0000004aa0300000,0x0000004aa0400000) (1024K)]
  0x000002373fcaaab0 WorkerThread "GC Thread#0"                     [id=17324, stack(0x0000004aa0200000,0x0000004aa0300000) (1024K)]
  0x000002379884c7e0 WorkerThread "GC Thread#1"                     [id=13796, stack(0x0000004aa0f00000,0x0000004aa1000000) (1024K)]
  0x0000023798c04960 WorkerThread "GC Thread#2"                     [id=13832, stack(0x0000004aa1000000,0x0000004aa1100000) (1024K)]
  0x0000023798ad3330 WorkerThread "GC Thread#3"                     [id=20388, stack(0x0000004aa1100000,0x0000004aa1200000) (1024K)]
Total: 6

Threads with active compile tasks:
C2 CompilerThread0  4646 1857       4       java.util.HashMap::putVal (300 bytes)
Total: 1

VM state: not at safepoint (normal execution)

VM Mutex/Monitor currently owned by a thread:  ([mutex/lock_event])
[0x00007ffa74f9d4f0] Metaspace_lock - owner thread: 0x0000023798df1490

Heap address: 0x0000000080000000, size: 2048 MB, Compressed Oops mode: 32-bit

CDS archive(s) mapped at: [0x0000023757000000-0x0000023757ba0000-0x0000023757ba0000), size 12189696, SharedBaseAddress: 0x0000023757000000, ArchiveRelocationMode: 1.
Compressed class space mapped at: 0x0000023758000000-0x0000023798000000, reserved size: 1073741824
Narrow klass base: 0x0000023757000000, Narrow klass shift: 0, Narrow klass range: 0x100000000

GC Precious Log:
 CardTable entry size: 512
 CPUs: 4 total, 4 available
 Memory: 3862M
 Large Page Support: Disabled
 NUMA Support: Disabled
 Compressed Oops: Enabled (32-bit)
 Alignments: Space 512K, Generation 512K, Heap 2M
 Heap Min Capacity: 100M
 Heap Initial Capacity: 100M
 Heap Max Capacity: 2G
 Pre-touch: Disabled
 Parallel Workers: 4

Heap:
 PSYoungGen      total 29696K, used 5229K [0x00000000d5580000, 0x00000000d7680000, 0x0000000100000000)
  eden space 25600K, 4% used [0x00000000d5580000,0x00000000d569d748,0x00000000d6e80000)
  from space 4096K, 99% used [0x00000000d7280000,0x00000000d767dea8,0x00000000d7680000)
  to   space 4096K, 0% used [0x00000000d6e80000,0x00000000d6e80000,0x00000000d7280000)
 ParOldGen       total 68608K, used 2008K [0x0000000080000000, 0x0000000084300000, 0x00000000d5580000)
  object space 68608K, 2% used [0x0000000080000000,0x00000000801f6020,0x0000000084300000)
 Metaspace       used 8083K, committed 8384K, reserved 1114112K
  class space    used 843K, committed 960K, reserved 1048576K

Card table byte_map: [0x000002373f630000,0x000002373fa40000] _byte_map_base: 0x000002373f230000

Marking Bits: (ParMarkBitMap*) 0x00007ffa74fa4460
 Begin Bits: [0x0000023752140000, 0x0000023754140000)
 End Bits:   [0x0000023754140000, 0x0000023756140000)

Polling page: 0x000002373dc70000

Metaspace:

Usage:
  Non-class:      7.07 MB used.
      Class:    843.95 KB used.
       Both:      7.89 MB used.

Virtual space:
  Non-class space:       64.00 MB reserved,       7.25 MB ( 11%) committed,  1 nodes.
      Class space:        1.00 GB reserved,     960.00 KB ( <1%) committed,  1 nodes.
             Both:        1.06 GB reserved,       8.19 MB ( <1%) committed. 

Chunk freelists:
   Non-Class:  8.75 MB
       Class:  14.90 MB
        Both:  23.65 MB

MaxMetaspaceSize: unlimited
CompressedClassSpaceSize: 1.00 GB
Initial GC threshold: 21.00 MB
Current GC threshold: 21.00 MB
CDS: on
 - commit_granule_bytes: 65536.
 - commit_granule_words: 8192.
 - virtual_space_node_default_size: 8388608.
 - enlarge_chunks_in_place: 1.
 - use_allocation_guard: 0.


Internal statistics:

num_allocs_failed_limit: 0.
num_arena_births: 232.
num_arena_deaths: 0.
num_vsnodes_births: 2.
num_vsnodes_deaths: 0.
num_space_committed: 131.
num_space_uncommitted: 0.
num_chunks_returned_to_freelist: 0.
num_chunks_taken_from_freelist: 426.
num_chunk_merges: 0.
num_chunk_splits: 273.
num_chunks_enlarged: 182.
num_inconsistent_stats: 0.

CodeHeap 'non-profiled nmethods': size=120000Kb used=829Kb max_used=829Kb free=119170Kb
 bounds [0x000002374a960000, 0x000002374abd0000, 0x0000023751e90000]
CodeHeap 'profiled nmethods': size=120000Kb used=3491Kb max_used=3491Kb free=116508Kb
 bounds [0x0000023742e90000, 0x0000023743200000, 0x000002374a3c0000]
CodeHeap 'non-nmethods': size=5760Kb used=1225Kb max_used=1246Kb free=4534Kb
 bounds [0x000002374a3c0000, 0x000002374a630000, 0x000002374a960000]
CodeCache: size=245760Kb, used=5545Kb, max_used=5566Kb, free=240212Kb
 total_blobs=2347, nmethods=1865, adapters=389, full_count=0
Compilation: enabled, stopped_count=0, restarted_count=0

Compilation events (20 events):
Event: 4.607 Thread 0x00000237566a2c90 nmethod 1856 0x00000237431f5190 code [0x00000237431f5340, 0x00000237431f5478]
Event: 4.611 Thread 0x00000237566a2c90 1858       3       java.util.concurrent.locks.ReentrantReadWriteLock$NonfairSync::readerShouldBlock (5 bytes)
Event: 4.611 Thread 0x00000237566a2c90 nmethod 1858 0x00000237431f5510 code [0x00000237431f56c0, 0x00000237431f57f8]
Event: 4.611 Thread 0x00000237566a2c90 1859       3       java.util.concurrent.locks.AbstractQueuedSynchronizer::apparentlyFirstQueuedIsExclusive (38 bytes)
Event: 4.612 Thread 0x00000237566a2c90 nmethod 1859 0x00000237431f5890 code [0x00000237431f5a40, 0x00000237431f5d78]
Event: 4.613 Thread 0x00000237566a2c90 1860       3       org.eclipse.osgi.container.ModuleWiring::<init> (93 bytes)
Event: 4.614 Thread 0x00000237566a2c90 nmethod 1860 0x00000237431f5e90 code [0x00000237431f60a0, 0x00000237431f6910]
Event: 4.614 Thread 0x00000237566a2c90 1861       1       org.eclipse.osgi.container.ModuleWiring::getCapabilities (5 bytes)
Event: 4.614 Thread 0x00000237566a2c90 nmethod 1861 0x000002374aa2ea10 code [0x000002374aa2eba0, 0x000002374aa2ec68]
Event: 4.614 Thread 0x00000237566a2c90 1862       1       org.eclipse.osgi.container.ModuleWiring::getRequirements (5 bytes)
Event: 4.614 Thread 0x00000237566a2c90 nmethod 1862 0x000002374aa2ed10 code [0x000002374aa2eea0, 0x000002374aa2ef68]
Event: 4.614 Thread 0x00000237566a2c90 1863       1       org.eclipse.osgi.container.ModuleWiring::getProvidedWires (5 bytes)
Event: 4.614 Thread 0x00000237566a2c90 nmethod 1863 0x000002374aa2f010 code [0x000002374aa2f1a0, 0x000002374aa2f268]
Event: 4.614 Thread 0x00000237566a2c90 1864       1       org.eclipse.osgi.container.ModuleWiring::getRequiredWires (5 bytes)
Event: 4.614 Thread 0x00000237566a2c90 nmethod 1864 0x000002374aa2f310 code [0x000002374aa2f4a0, 0x000002374aa2f568]
Event: 4.614 Thread 0x00000237566a2c90 1865       3       java.util.concurrent.locks.ReentrantReadWriteLock$ReadLock::unlock (10 bytes)
Event: 4.614 Thread 0x00000237566a2c90 nmethod 1865 0x00000237431f6c10 code [0x00000237431f6de0, 0x00000237431f70b8]
Event: 4.614 Thread 0x00000237566a2c90 1866       3       java.util.concurrent.locks.AbstractQueuedSynchronizer::releaseShared (19 bytes)
Event: 4.615 Thread 0x00000237566a2c90 nmethod 1866 0x00000237431f7210 code [0x00000237431f7420, 0x00000237431f7a38]
Event: 4.615 Thread 0x00000237566a2c90 1867       3       java.util.concurrent.locks.ReentrantReadWriteLock$Sync::tryReleaseShared (146 bytes)

GC Heap History (4 events):
Event: 2.210 GC heap before
{Heap before GC invocations=1 (full 0):
 PSYoungGen      total 29696K, used 25600K [0x00000000d5580000, 0x00000000d7680000, 0x0000000100000000)
  eden space 25600K, 100% used [0x00000000d5580000,0x00000000d6e80000,0x00000000d6e80000)
  from space 4096K, 0% used [0x00000000d7280000,0x00000000d7280000,0x00000000d7680000)
  to   space 4096K, 0% used [0x00000000d6e80000,0x00000000d6e80000,0x00000000d7280000)
 ParOldGen       total 68608K, used 0K [0x0000000080000000, 0x0000000084300000, 0x00000000d5580000)
  object space 68608K, 0% used [0x0000000080000000,0x0000000080000000,0x0000000084300000)
 Metaspace       used 4381K, committed 4608K, reserved 1114112K
  class space    used 475K, committed 576K, reserved 1048576K
}
Event: 2.219 GC heap after
{Heap after GC invocations=1 (full 0):
 PSYoungGen      total 29696K, used 3303K [0x00000000d5580000, 0x00000000d7680000, 0x0000000100000000)
  eden space 25600K, 0% used [0x00000000d5580000,0x00000000d5580000,0x00000000d6e80000)
  from space 4096K, 80% used [0x00000000d6e80000,0x00000000d71b9e98,0x00000000d7280000)
  to   space 4096K, 0% used [0x00000000d7280000,0x00000000d7280000,0x00000000d7680000)
 ParOldGen       total 68608K, used 8K [0x0000000080000000, 0x0000000084300000, 0x00000000d5580000)
  object space 68608K, 0% used [0x0000000080000000,0x0000000080002000,0x0000000084300000)
 Metaspace       used 4381K, committed 4608K, reserved 1114112K
  class space    used 475K, committed 576K, reserved 1048576K
}
Event: 4.504 GC heap before
{Heap before GC invocations=2 (full 0):
 PSYoungGen      total 29696K, used 28903K [0x00000000d5580000, 0x00000000d7680000, 0x0000000100000000)
  eden space 25600K, 100% used [0x00000000d5580000,0x00000000d6e80000,0x00000000d6e80000)
  from space 4096K, 80% used [0x00000000d6e80000,0x00000000d71b9e98,0x00000000d7280000)
  to   space 4096K, 0% used [0x00000000d7280000,0x00000000d7280000,0x00000000d7680000)
 ParOldGen       total 68608K, used 8K [0x0000000080000000, 0x0000000084300000, 0x00000000d5580000)
  object space 68608K, 0% used [0x0000000080000000,0x0000000080002000,0x0000000084300000)
 Metaspace       used 8021K, committed 8320K, reserved 1114112K
  class space    used 831K, committed 960K, reserved 1048576K
}
Event: 4.517 GC heap after
{Heap after GC invocations=2 (full 0):
 PSYoungGen      total 29696K, used 4087K [0x00000000d5580000, 0x00000000d7680000, 0x0000000100000000)
  eden space 25600K, 0% used [0x00000000d5580000,0x00000000d5580000,0x00000000d6e80000)
  from space 4096K, 99% used [0x00000000d7280000,0x00000000d767dea8,0x00000000d7680000)
  to   space 4096K, 0% used [0x00000000d6e80000,0x00000000d6e80000,0x00000000d7280000)
 ParOldGen       total 68608K, used 2008K [0x0000000080000000, 0x0000000084300000, 0x00000000d5580000)
  object space 68608K, 2% used [0x0000000080000000,0x00000000801f6020,0x0000000084300000)
 Metaspace       used 8021K, committed 8320K, reserved 1114112K
  class space    used 831K, committed 960K, reserved 1048576K
}

Dll operation events (8 events):
Event: 0.188 Loaded shared library c:\Users\DELL\.vscode\extensions\redhat.java-1.55.0-win32-x64\jre\21.0.11-win32-x86_64\bin\java.dll
Event: 0.443 Loaded shared library c:\Users\DELL\.vscode\extensions\redhat.java-1.55.0-win32-x64\jre\21.0.11-win32-x86_64\bin\zip.dll
Event: 0.497 Loaded shared library C:\Users\DELL\.vscode\extensions\redhat.java-1.55.0-win32-x64\jre\21.0.11-win32-x86_64\bin\instrument.dll
Event: 0.510 Loaded shared library C:\Users\DELL\.vscode\extensions\redhat.java-1.55.0-win32-x64\jre\21.0.11-win32-x86_64\bin\net.dll
Event: 0.513 Loaded shared library C:\Users\DELL\.vscode\extensions\redhat.java-1.55.0-win32-x64\jre\21.0.11-win32-x86_64\bin\nio.dll
Event: 0.518 Loaded shared library C:\Users\DELL\.vscode\extensions\redhat.java-1.55.0-win32-x64\jre\21.0.11-win32-x86_64\bin\zip.dll
Event: 0.558 Loaded shared library C:\Users\DELL\.vscode\extensions\redhat.java-1.55.0-win32-x64\jre\21.0.11-win32-x86_64\bin\jimage.dll
Event: 0.791 Loaded shared library c:\Users\DELL\.vscode\extensions\redhat.java-1.55.0-win32-x64\jre\21.0.11-win32-x86_64\bin\verify.dll

Deoptimization events (20 events):
Event: 3.746 Thread 0x000002373da7f0e0 Uncommon trap: trap_request=0xffffffde fr.pc=0x000002374a9eac2c relative=0x000000000000096c
Event: 3.746 Thread 0x000002373da7f0e0 Uncommon trap: reason=class_check action=maybe_recompile pc=0x000002374a9eac2c method=java.util.HashMap.putVal(ILjava/lang/Object;Ljava/lang/Object;ZZ)Ljava/lang/Object; @ 253 c2
Event: 3.746 Thread 0x000002373da7f0e0 DEOPT PACKING pc=0x000002374a9eac2c sp=0x0000004aa00fe640
Event: 3.746 Thread 0x000002373da7f0e0 DEOPT UNPACKING pc=0x000002374a416da2 sp=0x0000004aa00fe568 mode 2
Event: 3.747 Thread 0x000002373da7f0e0 Uncommon trap: trap_request=0xffffffde fr.pc=0x000002374a96ed54 relative=0x0000000000000494
Event: 3.747 Thread 0x000002373da7f0e0 Uncommon trap: reason=class_check action=maybe_recompile pc=0x000002374a96ed54 method=java.util.HashMap.putVal(ILjava/lang/Object;Ljava/lang/Object;ZZ)Ljava/lang/Object; @ 253 c2
Event: 3.747 Thread 0x000002373da7f0e0 DEOPT PACKING pc=0x000002374a96ed54 sp=0x0000004aa00fe5a0
Event: 3.747 Thread 0x000002373da7f0e0 DEOPT UNPACKING pc=0x000002374a416da2 sp=0x0000004aa00fe560 mode 2
Event: 4.059 Thread 0x000002373da7f0e0 DEOPT PACKING pc=0x0000023743010c08 sp=0x0000004aa00fc8b0
Event: 4.059 Thread 0x000002373da7f0e0 DEOPT UNPACKING pc=0x000002374a4178e2 sp=0x0000004aa00fbd30 mode 0
Event: 4.061 Thread 0x000002373da7f0e0 DEOPT PACKING pc=0x0000023743010c08 sp=0x0000004aa00fcbc0
Event: 4.061 Thread 0x000002373da7f0e0 DEOPT UNPACKING pc=0x000002374a4178e2 sp=0x0000004aa00fc040 mode 0
Event: 4.062 Thread 0x000002373da7f0e0 DEOPT PACKING pc=0x0000023743010c08 sp=0x0000004aa00fcb10
Event: 4.062 Thread 0x000002373da7f0e0 DEOPT UNPACKING pc=0x000002374a4178e2 sp=0x0000004aa00fbf90 mode 0
Event: 4.063 Thread 0x000002373da7f0e0 DEOPT PACKING pc=0x0000023743010c08 sp=0x0000004aa00fce10
Event: 4.063 Thread 0x000002373da7f0e0 DEOPT UNPACKING pc=0x000002374a4178e2 sp=0x0000004aa00fc290 mode 0
Event: 4.282 Thread 0x000002373da7f0e0 DEOPT PACKING pc=0x0000023742fb6a39 sp=0x0000004aa00fec80
Event: 4.282 Thread 0x000002373da7f0e0 DEOPT UNPACKING pc=0x000002374a4178e2 sp=0x0000004aa00fe180 mode 0
Event: 4.300 Thread 0x000002373da7f0e0 DEOPT PACKING pc=0x0000023742fb6a39 sp=0x0000004aa00fed10
Event: 4.300 Thread 0x000002373da7f0e0 DEOPT UNPACKING pc=0x000002374a4178e2 sp=0x0000004aa00fe210 mode 0

Classes loaded (20 events):
Event: 4.051 Loading class java/security/KeyStoreException
Event: 4.052 Loading class java/security/KeyStoreException done
Event: 4.144 Loading class java/util/LinkedList$Node
Event: 4.145 Loading class java/util/LinkedList$Node done
Event: 4.146 Loading class java/util/LinkedList$ListItr
Event: 4.146 Loading class java/util/LinkedList$ListItr done
Event: 4.148 Loading class java/lang/Thread$Builder$OfPlatform
Event: 4.148 Loading class java/lang/Thread$Builder
Event: 4.148 Loading class java/lang/Thread$Builder done
Event: 4.148 Loading class java/lang/Thread$Builder$OfPlatform done
Event: 4.148 Loading class java/lang/Thread$Builder$OfVirtual
Event: 4.149 Loading class java/lang/Thread$Builder$OfVirtual done
Event: 4.157 Loading class sun/nio/fs/WindowsChannelFactory
Event: 4.158 Loading class sun/nio/fs/WindowsChannelFactory done
Event: 4.158 Loading class sun/nio/fs/WindowsChannelFactory$1
Event: 4.158 Loading class sun/nio/fs/WindowsChannelFactory$1 done
Event: 4.158 Loading class sun/nio/fs/WindowsChannelFactory$Flags
Event: 4.158 Loading class sun/nio/fs/WindowsChannelFactory$Flags done
Event: 4.158 Loading class sun/nio/ch/FileChannelImpl$Closer
Event: 4.158 Loading class sun/nio/ch/FileChannelImpl$Closer done

Classes unloaded (0 events):
No events

Classes redefined (0 events):
No events

Internal exceptions (20 events):
Event: 2.103 Thread 0x000002373da7f0e0 Exception <a 'java/lang/NoSuchMethodError'{0x00000000d6a692a0}: 'java.lang.ClassLoader java.lang.ClassLoader.getPlatformClassLoader(java.lang.Class)'> (0x00000000d6a692a0) 
thrown [s\src\hotspot\share\interpreter\linkResolver.cpp, line 773]
Event: 2.223 Thread 0x000002373da7f0e0 Exception <a 'java/lang/ClassNotFoundException'{0x00000000d5588520}: sun/net/www/protocol/c/Handler> (0x00000000d5588520) 
thrown [s\src\hotspot\share\classfile\systemDictionary.cpp, line 313]
Event: 2.224 Thread 0x000002373da7f0e0 Exception <a 'java/lang/ClassNotFoundException'{0x00000000d55898d8}: sun/net/www/protocol/d/Handler> (0x00000000d55898d8) 
thrown [s\src\hotspot\share\classfile\systemDictionary.cpp, line 313]
Event: 2.224 Thread 0x000002373da7f0e0 Exception <a 'java/lang/ClassNotFoundException'{0x00000000d558aae8}: sun/net/www/protocol/c/Handler> (0x00000000d558aae8) 
thrown [s\src\hotspot\share\classfile\systemDictionary.cpp, line 313]
Event: 2.234 Thread 0x000002373da7f0e0 Exception <a 'java/io/FileNotFoundException'{0x00000000d55b3ea0}> (0x00000000d55b3ea0) 
thrown [s\src\hotspot\share\prims\jni.cpp, line 520]
Event: 2.287 Thread 0x000002373da7f0e0 Implicit null exception at 0x000002374a9bbe29 to 0x000002374a9bc6c8
Event: 2.287 Thread 0x000002373da7f0e0 Implicit null exception at 0x000002374a9c281a to 0x000002374a9c2a20
Event: 2.288 Thread 0x000002373da7f0e0 Exception <a 'java/lang/NoSuchMethodError'{0x00000000d56e5a30}: 'void java.lang.invoke.DirectMethodHandle$Holder.invokeStatic(java.lang.Object, java.lang.Object, java.lang.Object, java.lang.Object)'> (0x00000000d56e5a30) 
thrown [s\src\hotspot\share\interpreter\linkResolver.cpp, line 773]
Event: 2.308 Thread 0x000002373da7f0e0 Implicit null exception at 0x000002374a9c5d9a to 0x000002374a9c5fa4
Event: 2.308 Thread 0x000002373da7f0e0 Implicit null exception at 0x000002374a9bfbbd to 0x000002374a9bfc41
Event: 2.450 Thread 0x000002373da7f0e0 Exception <a 'java/lang/NoSuchMethodError'{0x00000000d59d1290}: 'void java.lang.invoke.DirectMethodHandle$Holder.invokeSpecial(java.lang.Object, java.lang.Object, java.lang.Object)'> (0x00000000d59d1290) 
thrown [s\src\hotspot\share\interpreter\linkResolver.cpp, line 773]
Event: 3.247 Thread 0x000002373da7f0e0 Exception <a 'java/lang/NoSuchMethodError'{0x00000000d644dc98}: 'int java.lang.invoke.DirectMethodHandle$Holder.invokeVirtual(java.lang.Object, java.lang.Object)'> (0x00000000d644dc98) 
thrown [s\src\hotspot\share\interpreter\linkResolver.cpp, line 773]
Event: 3.460 Thread 0x000002373da7f0e0 Exception <a 'java/lang/NoSuchMethodError'{0x00000000d65d4270}: 'int java.lang.invoke.DirectMethodHandle$Holder.invokeStaticInit(java.lang.Object, java.lang.Object, java.lang.Object, java.lang.Object)'> (0x00000000d65d4270) 
thrown [s\src\hotspot\share\interpreter\linkResolver.cpp, line 773]
Event: 3.462 Thread 0x000002373da7f0e0 Exception <a 'java/lang/IncompatibleClassChangeError'{0x00000000d65dc958}: Found class java.lang.Object, but interface was expected> (0x00000000d65dc958) 
thrown [s\src\hotspot\share\interpreter\linkResolver.cpp, line 840]
Event: 3.462 Thread 0x000002373da7f0e0 Exception <a 'java/lang/NoSuchMethodError'{0x00000000d65e37e8}: 'void java.lang.invoke.DirectMethodHandle$Holder.invokeStaticInit(java.lang.Object, java.lang.Object)'> (0x00000000d65e37e8) 
thrown [s\src\hotspot\share\interpreter\linkResolver.cpp, line 773]
Event: 3.463 Thread 0x000002373da7f0e0 Exception <a 'java/lang/NoSuchMethodError'{0x00000000d65ed2e0}: 'int java.lang.invoke.DirectMethodHandle$Holder.invokeStaticInit(java.lang.Object, java.lang.Object)'> (0x00000000d65ed2e0) 
thrown [s\src\hotspot\share\interpreter\linkResolver.cpp, line 773]
Event: 3.669 Thread 0x000002373da7f0e0 Exception <a 'java/lang/NoSuchMethodError'{0x00000000d6847e18}: 'java.lang.Object java.lang.invoke.DirectMethodHandle$Holder.newInvokeSpecial(java.lang.Object, int, java.lang.Object)'> (0x00000000d6847e18) 
thrown [s\src\hotspot\share\interpreter\linkResolver.cpp, line 773]
Event: 3.853 Thread 0x000002373da7f0e0 Exception <a 'java/lang/ClassNotFoundException'{0x00000000d6a6bc20}: sun/net/www/protocol/plurl/Handler> (0x00000000d6a6bc20) 
thrown [s\src\hotspot\share\classfile\systemDictionary.cpp, line 313]
Event: 3.853 Thread 0x000002373da7f0e0 Exception <a 'java/lang/ClassNotFoundException'{0x00000000d6a6caa0}: sun/net/www/protocol/plurl/Handler> (0x00000000d6a6caa0) 
thrown [s\src\hotspot\share\classfile\systemDictionary.cpp, line 313]
Event: 4.554 Thread 0x000002373da7f0e0 Exception <a 'java/lang/UnsatisfiedLinkError'{0x00000000d55e9588}: 'void org.eclipse.equinox.launcher.JNIBridge._update_splash()'> (0x00000000d55e9588) 
thrown [s\src\hotspot\share\prims\nativeLookup.cpp, line 415]

ZGC Phase Switch (0 events):
No events

VM Operations (20 events):
Event: 1.559 Executing non-safepoint VM operation: HandshakeAllThreads (Deoptimize)
Event: 1.559 Executing non-safepoint VM operation: HandshakeAllThreads (Deoptimize) done
Event: 1.559 Executing safepoint VM operation: Cleanup
Event: 1.559 Executing safepoint VM operation: Cleanup done
Event: 1.578 Executing non-safepoint VM operation: HandshakeAllThreads (Deoptimize)
Event: 1.578 Executing non-safepoint VM operation: HandshakeAllThreads (Deoptimize) done
Event: 2.210 Executing safepoint VM operation: ParallelGCFailedAllocation (Allocation Failure)
Event: 2.220 Executing safepoint VM operation: ParallelGCFailedAllocation (Allocation Failure) done
Event: 3.226 Executing safepoint VM operation: Cleanup
Event: 3.241 Executing safepoint VM operation: Cleanup done
Event: 3.571 Executing non-safepoint VM operation: HandshakeAllThreads (Deoptimize)
Event: 3.598 Executing non-safepoint VM operation: HandshakeAllThreads (Deoptimize) done
Event: 3.614 Executing non-safepoint VM operation: HandshakeAllThreads (Deoptimize)
Event: 3.644 Executing non-safepoint VM operation: HandshakeAllThreads (Deoptimize) done
Event: 3.739 Executing non-safepoint VM operation: HandshakeAllThreads (Deoptimize)
Event: 3.739 Executing non-safepoint VM operation: HandshakeAllThreads (Deoptimize) done
Event: 3.825 Executing non-safepoint VM operation: HandshakeAllThreads (Deoptimize)
Event: 3.825 Executing non-safepoint VM operation: HandshakeAllThreads (Deoptimize) done
Event: 4.504 Executing safepoint VM operation: ParallelGCFailedAllocation (Allocation Failure)
Event: 4.517 Executing safepoint VM operation: ParallelGCFailedAllocation (Allocation Failure) done

Memory protections (0 events):
No events

Nmethod flushes (0 events):
No events

Events (13 events):
Event: 0.210 Thread 0x000002373da7f0e0 Thread added: 0x000002373da7f0e0
Event: 0.234 Thread 0x000002373da7f0e0 Thread added: 0x0000023756676140
Event: 0.234 Thread 0x000002373da7f0e0 Thread added: 0x00000237566779b0
Event: 0.234 Thread 0x000002373da7f0e0 Thread added: 0x000002375667a8e0
Event: 0.234 Thread 0x000002373da7f0e0 Thread added: 0x000002375667e060
Event: 0.234 Thread 0x000002373da7f0e0 Thread added: 0x000002375667fc30
Event: 0.234 Thread 0x000002373da7f0e0 Thread added: 0x0000023756680690
Event: 0.234 Thread 0x000002373da7f0e0 Thread added: 0x00000237566816a0
Event: 0.235 Thread 0x000002373da7f0e0 Thread added: 0x00000237566a2c90
Event: 0.502 Thread 0x000002373da7f0e0 Thread added: 0x00000237984cb240
Event: 1.210 Thread 0x000002373da7f0e0 Thread added: 0x00000237984ee180
Event: 3.523 Thread 0x000002373da7f0e0 Thread added: 0x0000023798b92660
Event: 4.552 Thread 0x000002373da7f0e0 Thread added: 0x0000023798df1490


Dynamic libraries:
0x00007ff6fc6b0000 - 0x00007ff6fc6be000 	c:\Users\DELL\.vscode\extensions\redhat.java-1.55.0-win32-x64\jre\21.0.11-win32-x86_64\bin\java.exe
0x00007ffaf6b30000 - 0x00007ffaf6d28000 	C:\Windows\SYSTEM32\ntdll.dll
0x00007ffaf61c0000 - 0x00007ffaf6282000 	C:\Windows\System32\KERNEL32.DLL
0x00007ffaf4630000 - 0x00007ffaf4926000 	C:\Windows\System32\KERNELBASE.dll
0x00007ffaefcb0000 - 0x00007ffaefd44000 	C:\Windows\SYSTEM32\apphelp.dll
0x00007ffaf4420000 - 0x00007ffaf4520000 	C:\Windows\System32\ucrtbase.dll
0x00007ffae84a0000 - 0x00007ffae84b8000 	c:\Users\DELL\.vscode\extensions\redhat.java-1.55.0-win32-x64\jre\21.0.11-win32-x86_64\bin\jli.dll
0x00007ffaf6340000 - 0x00007ffaf64e1000 	C:\Windows\System32\USER32.dll
0x00007ffaf43f0000 - 0x00007ffaf4412000 	C:\Windows\System32\win32u.dll
0x00007ffaf68e0000 - 0x00007ffaf690b000 	C:\Windows\System32\GDI32.dll
0x00007ffaf4980000 - 0x00007ffaf4a99000 	C:\Windows\System32\gdi32full.dll
0x00007ffaf4350000 - 0x00007ffaf43ed000 	C:\Windows\System32\msvcp_win.dll
0x00007ffae7f60000 - 0x00007ffae7f7e000 	c:\Users\DELL\.vscode\extensions\redhat.java-1.55.0-win32-x64\jre\21.0.11-win32-x86_64\bin\VCRUNTIME140.dll
0x00007ffaf34f0000 - 0x00007ffaf378b000 	C:\Windows\WinSxS\amd64_microsoft.windows.common-controls_6595b64144ccf1df_6.0.19041.6456_none_60b8a6cb71f64256\COMCTL32.dll
0x00007ffaf67e0000 - 0x00007ffaf687e000 	C:\Windows\System32\msvcrt.dll
0x00007ffaf4eb0000 - 0x00007ffaf4edf000 	C:\Windows\System32\IMM32.DLL
0x00007ffaede10000 - 0x00007ffaede1c000 	c:\Users\DELL\.vscode\extensions\redhat.java-1.55.0-win32-x64\jre\21.0.11-win32-x86_64\bin\vcruntime140_1.dll
0x00007ffac0340000 - 0x00007ffac03cd000 	c:\Users\DELL\.vscode\extensions\redhat.java-1.55.0-win32-x64\jre\21.0.11-win32-x86_64\bin\msvcp140.dll
0x00007ffa742e0000 - 0x00007ffa75082000 	c:\Users\DELL\.vscode\extensions\redhat.java-1.55.0-win32-x64\jre\21.0.11-win32-x86_64\bin\server\jvm.dll
0x00007ffaf56b0000 - 0x00007ffaf5761000 	C:\Windows\System32\ADVAPI32.dll
0x00007ffaf6a50000 - 0x00007ffaf6aef000 	C:\Windows\System32\sechost.dll
0x00007ffaf6920000 - 0x00007ffaf6a40000 	C:\Windows\System32\RPCRT4.dll
0x00007ffaf4320000 - 0x00007ffaf4347000 	C:\Windows\System32\bcrypt.dll
0x00007ffaf5df0000 - 0x00007ffaf5e5b000 	C:\Windows\System32\WS2_32.dll
0x00007ffaf4020000 - 0x00007ffaf406b000 	C:\Windows\SYSTEM32\POWRPROF.dll
0x00007ffadbb20000 - 0x00007ffadbb47000 	C:\Windows\SYSTEM32\WINMM.dll
0x00007ffaf0900000 - 0x00007ffaf090a000 	C:\Windows\SYSTEM32\VERSION.dll
0x00007ffaf4000000 - 0x00007ffaf4012000 	C:\Windows\SYSTEM32\UMPDC.dll
0x00007ffaf2330000 - 0x00007ffaf2342000 	C:\Windows\SYSTEM32\kernel.appcore.dll
0x00007ffaeae00000 - 0x00007ffaeae0a000 	c:\Users\DELL\.vscode\extensions\redhat.java-1.55.0-win32-x64\jre\21.0.11-win32-x86_64\bin\jimage.dll
0x00007ffaf38e0000 - 0x00007ffaf3ae1000 	C:\Windows\SYSTEM32\DBGHELP.DLL
0x00007ffaf3880000 - 0x00007ffaf38b4000 	C:\Windows\SYSTEM32\dbgcore.DLL
0x00007ffaf45a0000 - 0x00007ffaf4622000 	C:\Windows\System32\bcryptPrimitives.dll
0x00007ffaead90000 - 0x00007ffaead9f000 	c:\Users\DELL\.vscode\extensions\redhat.java-1.55.0-win32-x64\jre\21.0.11-win32-x86_64\bin\instrument.dll
0x00007ffae5970000 - 0x00007ffae5990000 	c:\Users\DELL\.vscode\extensions\redhat.java-1.55.0-win32-x64\jre\21.0.11-win32-x86_64\bin\java.dll
0x00007ffaf4ee0000 - 0x00007ffaf5650000 	C:\Windows\System32\SHELL32.dll
0x00007ffaf1b70000 - 0x00007ffaf2315000 	C:\Windows\SYSTEM32\windows.storage.dll
0x00007ffaf5e60000 - 0x00007ffaf61b4000 	C:\Windows\System32\combase.dll
0x00007ffaf33a0000 - 0x00007ffaf33cb000 	C:\Windows\SYSTEM32\Wldp.dll
0x00007ffaf65e0000 - 0x00007ffaf66ad000 	C:\Windows\System32\OLEAUT32.dll
0x00007ffaf6290000 - 0x00007ffaf633d000 	C:\Windows\System32\SHCORE.dll
0x00007ffaf5650000 - 0x00007ffaf56ab000 	C:\Windows\System32\shlwapi.dll
0x00007ffaf40f0000 - 0x00007ffaf4114000 	C:\Windows\SYSTEM32\profapi.dll
0x00007ffae57f0000 - 0x00007ffae5808000 	c:\Users\DELL\.vscode\extensions\redhat.java-1.55.0-win32-x64\jre\21.0.11-win32-x86_64\bin\zip.dll
0x00007ffae5960000 - 0x00007ffae5970000 	C:\Users\DELL\.vscode\extensions\redhat.java-1.55.0-win32-x64\jre\21.0.11-win32-x86_64\bin\net.dll
0x00007ffae9be0000 - 0x00007ffae9cea000 	C:\Windows\SYSTEM32\WINHTTP.dll
0x00007ffaf3160000 - 0x00007ffaf31ca000 	C:\Windows\system32\mswsock.dll
0x00007ffae5790000 - 0x00007ffae57a6000 	C:\Users\DELL\.vscode\extensions\redhat.java-1.55.0-win32-x64\jre\21.0.11-win32-x86_64\bin\nio.dll
0x00007ffae5160000 - 0x00007ffae5170000 	c:\Users\DELL\.vscode\extensions\redhat.java-1.55.0-win32-x64\jre\21.0.11-win32-x86_64\bin\verify.dll
0x00007ffac00c0000 - 0x00007ffac0105000 	C:\Users\DELL\AppData\Roaming\Code\User\globalStorage\redhat.java\1.55.0\config_win\org.eclipse.equinox.launcher\org.eclipse.equinox.launcher.win32.win32.x86_64_1.3.100.v20260613-0559\eclipse_11924.dll
0x00007ffaf66b0000 - 0x00007ffaf67db000 	C:\Windows\System32\ole32.dll

JVMTI agents:
c:\Users\DELL\.vscode\extensions\redhat.java-1.55.0-win32-x64\lombok\lombok-1.18.39-4050.jar path:c:\Users\DELL\.vscode\extensions\redhat.java-1.55.0-win32-x64\jre\21.0.11-win32-x86_64\bin\instrument.dll, loaded, initialized, instrumentlib options:none

dbghelp: loaded successfully - version: 4.0.5 - missing functions: none
symbol engine: initialized successfully - sym options: 0x614 - pdb path: .;c:\Users\DELL\.vscode\extensions\redhat.java-1.55.0-win32-x64\jre\21.0.11-win32-x86_64\bin;C:\Windows\SYSTEM32;C:\Windows\WinSxS\amd64_microsoft.windows.common-controls_6595b64144ccf1df_6.0.19041.6456_none_60b8a6cb71f64256;c:\Users\DELL\.vscode\extensions\redhat.java-1.55.0-win32-x64\jre\21.0.11-win32-x86_64\bin\server;C:\Users\DELL\AppData\Roaming\Code\User\globalStorage\redhat.java\1.55.0\config_win\org.eclipse.equinox.launcher\org.eclipse.equinox.launcher.win32.win32.x86_64_1.3.100.v20260613-0559

VM Arguments:
jvm_args: --add-modules=ALL-SYSTEM --add-opens=java.base/java.util=ALL-UNNAMED --add-opens=java.base/java.lang=ALL-UNNAMED --add-opens=java.base/sun.nio.fs=ALL-UNNAMED -Declipse.application=org.eclipse.jdt.ls.core.id1 -Dosgi.bundles.defaultStartLevel=4 -Declipse.product=org.eclipse.jdt.ls.core.product -Djava.import.generatesMetadataFilesAtProjectRoot=false -DDetectVMInstallationsJob.disabled=true -Dfile.encoding=utf8 -XX:+UseParallelGC -XX:GCTimeRatio=4 -XX:AdaptiveSizePolicyWeight=90 -Dsun.zip.disableMemoryMapping=true -Xmx2G -Xms100m -Xlog:disable -javaagent:c:\Users\DELL\.vscode\extensions\redhat.java-1.55.0-win32-x64\lombok\lombok-1.18.39-4050.jar -XX:+HeapDumpOnOutOfMemoryError -XX:HeapDumpPath=c:\Users\DELL\AppData\Roaming\Code\User\workspaceStorage\1a6564583ea9243afe764279d878b582\redhat.java -Daether.dependencyCollector.impl=bf 
java_command: c:\Users\DELL\.vscode\extensions\redhat.java-1.55.0-win32-x64\server\plugins\org.eclipse.equinox.launcher_1.7.200.v20260619-2039.jar -configuration c:\Users\DELL\AppData\Roaming\Code\User\globalStorage\redhat.java\1.55.0\config_win -data c:\Users\DELL\AppData\Roaming\Code\User\workspaceStorage\1a6564583ea9243afe764279d878b582\redhat.java\jdt_ws --pipe=\\.\pipe\lsp-a45a42f5061f43eaa2a3c2609384d7ad-sock
java_class_path (initial): c:\Users\DELL\.vscode\extensions\redhat.java-1.55.0-win32-x64\server\plugins\org.eclipse.equinox.launcher_1.7.200.v20260619-2039.jar
Launcher Type: SUN_STANDARD

[Global flags]
    uintx AdaptiveSizePolicyWeight                 = 90                                        {product} {command line}
     intx CICompilerCount                          = 3                                         {product} {ergonomic}
    uintx GCTimeRatio                              = 4                                         {product} {command line}
     bool HeapDumpOnOutOfMemoryError               = true                                   {manageable} {command line}
    ccstr HeapDumpPath                             = c:\Users\DELL\AppData\Roaming\Code\User\workspaceStorage\1a6564583ea9243afe764279d878b582\redhat.java         {manageable} {command line}
   size_t InitialHeapSize                          = 104857600                                 {product} {command line}
   size_t MaxHeapSize                              = 2147483648                                {product} {command line}
   size_t MaxNewSize                               = 715653120                                 {product} {ergonomic}
   size_t MinHeapDeltaBytes                        = 524288                                    {product} {ergonomic}
   size_t MinHeapSize                              = 104857600                                 {product} {command line}
   size_t NewSize                                  = 34603008                                  {product} {ergonomic}
    uintx NonNMethodCodeHeapSize                   = 5832780                                {pd product} {ergonomic}
    uintx NonProfiledCodeHeapSize                  = 122912730                              {pd product} {ergonomic}
   size_t OldSize                                  = 70254592                                  {product} {ergonomic}
    uintx ProfiledCodeHeapSize                     = 122912730                              {pd product} {ergonomic}
    uintx ReservedCodeCacheSize                    = 251658240                              {pd product} {ergonomic}
     bool SegmentedCodeCache                       = true                                      {product} {ergonomic}
   size_t SoftMaxHeapSize                          = 2147483648                             {manageable} {ergonomic}
     bool UseCompressedOops                        = true                           {product lp64_product} {ergonomic}
     bool UseLargePagesIndividualAllocation        = false                                  {pd product} {ergonomic}
     bool UseParallelGC                            = true                                      {product} {command line}

Logging:
Log output configuration:
 #0: stdout all=off uptime,level,tags foldmultilines=false
 #1: stderr all=off uptime,level,tags foldmultilines=false

Release file:
JAVA_VERSION="21.0.11" 
MODULES="java.base java.compiler java.datatransfer java.xml java.prefs java.desktop java.instrument java.logging java.management java.security.sasl java.naming java.rmi java.management.rmi java.net.http java.scripting java.security.jgss java.transaction.xa java.sql java.sql.rowset java.xml.crypto java.se java.smartcardio jdk.accessibility jdk.internal.jvmstat jdk.attach jdk.charsets jdk.internal.opt jdk.zipfs jdk.compiler jdk.crypto.ec jdk.crypto.cryptoki jdk.crypto.mscapi jdk.dynalink jdk.internal.ed jdk.editpad jdk.hotspot.agent jdk.httpserver jdk.internal.le jdk.internal.vm.ci jdk.internal.vm.compiler jdk.internal.vm.compiler.management jdk.jartool jdk.javadoc jdk.jcmd jdk.management jdk.management.agent jdk.jconsole jdk.jdeps jdk.jdwp.agent jdk.jdi jdk.jfr jdk.jshell jdk.jsobject jdk.jstatd jdk.localedata jdk.management.jfr jdk.naming.dns jdk.naming.rmi jdk.net jdk.nio.mapmode jdk.random jdk.sctp jdk.security.auth jdk.security.jgss jdk.unsupported jdk.unsupported.desktop jdk.xml.dom" 

Environment Variables:
JAVA_HOME=C:\Program Files\Java\jdk-22
PATH=C:\Program Files\Common Files\Oracle\Java\javapath;C:\oraclexe\app\oracle\product\11.2.0\server\bin;C:\Windows\system32;C:\Windows;C:\Windows\System32\Wbem;C:\Windows\System32\WindowsPowerShell\v1.0\;C:\Windows\System32\OpenSSH\;C:\Program Files\Java\jdk-17.0.1\bin;C:\Program Files\dotnet\;C:\php;C:\Program Files\Java\jdk1.8.0_351\bin;C:\Program Files\Java\jdk-22;C:\Program Files\MySQL\MySQL Server 8.0\bin;C:\MinGW\bin;C:\Program Files\Java\jdk-25\bin;C:\Program Files\Git\cmd;C:\Program Files\nodejs\;C:\Program Files\MySQL\MySQL Shell 8.0\bin\;C:\Users\DELL\AppData\Local\Programs\Python\Python37\Scripts\;C:\Users\DELL\AppData\Local\Programs\Python\Python37\;C:\Users\DELL\AppData\Local\Microsoft\WindowsApps;C:\Program Files (x86)\mingw-w64\i686-8.1.0-posix-dwarf-rt_v6-rev0\mingw32\bin;C:\Program Files\Java\jdk-17.0.1\bin;C:\Users\DELL\AppData\Local\Programs\Python\Python38\Scripts;C:\Users\DELL\AppData\Local\Programs\Python\Python38;C:\Users\DELL\AppData\Local\Programs\Microsoft VS Code\bin;C:\Users\DELL\AppData\Local\GitHubDesktop\bin;C:\Program Files\JetBrains\IntelliJ IDEA 2025.3.1\bin;C:\Users\DELL\AppData\Roaming\npm
USERNAME=DELL
OS=Windows_NT
PROCESSOR_IDENTIFIER=Intel64 Family 6 Model 126 Stepping 5, GenuineIntel
TMP=C:\Users\DELL\AppData\Local\Temp
TEMP=C:\Users\DELL\AppData\Local\Temp




Periodic native trim disabled

---------------  S Y S T E M  ---------------

OS:
 Windows 10 , 64 bit Build 19041 (10.0.19041.5915)
OS uptime: 8 days 10:30 hours

CPU: total 4 (initial active 4) (2 cores per cpu, 2 threads per core) family 6 model 126 stepping 5 microcode 0xcc, cx8, cmov, fxsr, ht, mmx, 3dnowpref, sse, sse2, sse3, ssse3, sse4.1, sse4.2, popcnt, lzcnt, tsc, tscinvbit, avx, avx2, aes, erms, clmul, bmi1, bmi2, adx, avx512f, avx512dq, avx512cd, avx512bw, avx512vl, sha, fma, vzeroupper, avx512_vpopcntdq, avx512_vpclmulqdq, avx512_vaes, avx512_vnni, clflush, clflushopt, avx512_vbmi2, avx512_vbmi, rdtscp, rdpid, fsrm, gfni, avx512_bitalg, f16c, pku, avx512_ifma
Processor Information for the first 4 processors :
  Max Mhz: 1190, Current Mhz: 1190, Mhz Limit: 1190

Memory: 4k page, system-wide physical 3862M (109M free)
TotalPageFile size 15638M (AvailPageFile size 0M)
current process WorkingSet (physical memory assigned to process): 95M, peak: 95M
current process commit charge ("private bytes"): 228M, peak: 228M

vm_info: OpenJDK 64-Bit Server VM (21.0.11+10-LTS) for windows-amd64 JRE (21.0.11+10-LTS), built on 2026-04-21T00:00:00Z by "admin" with MS VC++ 17.12 (VS2022)

END.
