#
# There is insufficient memory for the Java Runtime Environment to continue.
# Native memory allocation (malloc) failed to allocate 1901520 bytes. Error detail: Chunk::new
# Possible reasons:
#   The system is out of physical RAM or swap space
#   This process is running with CompressedOops enabled, and the Java Heap may be blocking the growth of the native heap
# Possible solutions:
#   Reduce memory load on the system
#   Increase physical memory or swap space
#   Check if swap backing store is full
#   Decrease Java heap size (-Xmx/-Xms)
#   Decrease number of Java threads
#   Decrease Java thread stack sizes (-Xss)
#   Set larger code cache with -XX:ReservedCodeCacheSize=
#   JVM is running with Unscaled Compressed Oops mode in which the Java heap is
#     placed in the first 4GB address space. The Java Heap base address is the
#     maximum limit for the native heap growth. Please use -XX:HeapBaseMinAddress
#     to set the Java Heap base and to place the Java Heap above 4GB virtual address.
# This output file may be truncated or incomplete.
#
#  Out of Memory Error (arena.cpp:168), pid=11396, tid=12276
#
# JRE version: OpenJDK Runtime Environment Temurin-21.0.11+10 (21.0.11+10) (build 21.0.11+10-LTS)
# Java VM: OpenJDK 64-Bit Server VM Temurin-21.0.11+10 (21.0.11+10-LTS, mixed mode, sharing, tiered, compressed oops, compressed class ptrs, parallel gc, windows-amd64)
# No core dump will be written. Minidumps are not enabled by default on client versions of Windows
#

---------------  S U M M A R Y ------------

Command Line: --add-modules=ALL-SYSTEM --add-opens=java.base/java.util=ALL-UNNAMED --add-opens=java.base/java.lang=ALL-UNNAMED --add-opens=java.base/sun.nio.fs=ALL-UNNAMED -Declipse.application=org.eclipse.jdt.ls.core.id1 -Dosgi.bundles.defaultStartLevel=4 -Declipse.product=org.eclipse.jdt.ls.core.product -Djava.import.generatesMetadataFilesAtProjectRoot=false -DDetectVMInstallationsJob.disabled=true -Dfile.encoding=utf8 -XX:+UseParallelGC -XX:GCTimeRatio=4 -XX:AdaptiveSizePolicyWeight=90 -Dsun.zip.disableMemoryMapping=true -Xmx2G -Xms100m -Xlog:disable -javaagent:c:\Users\DELL\.vscode\extensions\redhat.java-1.55.0-win32-x64\lombok\lombok-1.18.39-4050.jar c:\Users\DELL\.vscode\extensions\redhat.java-1.55.0-win32-x64\server\plugins\org.eclipse.equinox.launcher_1.7.200.v20260619-2039.jar -configuration c:\Users\DELL\AppData\Roaming\Code\User\globalStorage\redhat.java\1.55.0\config_ss_win -data c:\Users\DELL\AppData\Roaming\Code\User\workspaceStorage\1a6564583ea9243afe764279d878b582\redhat.java\ss_ws --pipe=\\.\pipe\lsp-b60effec5ba5983546c0ff85568d33fe-sock

Host: Intel(R) Core(TM) i3-1005G1 CPU @ 1.20GHz, 4 cores, 3G,  Windows 10 , 64 bit Build 19041 (10.0.19041.5915)
Time: Wed Jul 15 09:03:24 2026 India Standard Time elapsed time: 10.002722 seconds (0d 0h 0m 10s)

---------------  T H R E A D  ---------------

Current thread (0x000002915c3260b0):  JavaThread "C2 CompilerThread0" daemon [_thread_in_native, id=12276, stack(0x000000a9b2800000,0x000000a9b2900000) (1024K)]


Current CompileTask:
C2:10002 2747       4       org.lombokweb.asm.ClassReader::readMethod (1070 bytes)

Stack: [0x000000a9b2800000,0x000000a9b2900000]
Native frames: (J=compiled Java code, j=interpreted, Vv=VM code, C=native code)
V  [jvm.dll+0x6d7e19]
V  [jvm.dll+0x8b5096]
V  [jvm.dll+0x8b764e]
V  [jvm.dll+0x8b7d33]
V  [jvm.dll+0x284596]
V  [jvm.dll+0xc685d]
V  [jvm.dll+0xc6da1]
V  [jvm.dll+0x3bed6b]
V  [jvm.dll+0x1e4149]
V  [jvm.dll+0x24c853]
V  [jvm.dll+0x24bce0]
V  [jvm.dll+0x1cb4ae]
V  [jvm.dll+0x25baad]
V  [jvm.dll+0x25a03a]
V  [jvm.dll+0x3f868e]
V  [jvm.dll+0x85fb0d]
V  [jvm.dll+0x6d664d]
C  [ucrtbase.dll+0x21bb2]
C  [KERNEL32.DLL+0x17374]
C  [ntdll.dll+0x4cc91]


---------------  P R O C E S S  ---------------

Threads class SMR info:
_java_thread_list=0x000002916115eb00, length=19, elements={
0x000002914375ed30, 0x000002915c313340, 0x000002915c314d40, 0x000002915c3189d0,
0x000002915c31ba40, 0x000002915c31dd40, 0x000002915c31f280, 0x000002915c3260b0,
0x000002915c329780, 0x00000291611ba0f0, 0x00000291611d0cc0, 0x00000291617a3f80,
0x00000291613d7fa0, 0x00000291613d8b60, 0x0000029161a8ea60, 0x0000029161df58d0,
0x00000291610689c0, 0x0000029161061070, 0x000002916116faa0
}

Java Threads: ( => current thread )
  0x000002914375ed30 JavaThread "main"                              [_thread_blocked, id=18548, stack(0x000000a9b1e00000,0x000000a9b1f00000) (1024K)]
  0x000002915c313340 JavaThread "Reference Handler"          daemon [_thread_blocked, id=17628, stack(0x000000a9b2200000,0x000000a9b2300000) (1024K)]
  0x000002915c314d40 JavaThread "Finalizer"                  daemon [_thread_blocked, id=7256, stack(0x000000a9b2300000,0x000000a9b2400000) (1024K)]
  0x000002915c3189d0 JavaThread "Signal Dispatcher"          daemon [_thread_blocked, id=7828, stack(0x000000a9b2400000,0x000000a9b2500000) (1024K)]
  0x000002915c31ba40 JavaThread "Attach Listener"            daemon [_thread_blocked, id=10952, stack(0x000000a9b2500000,0x000000a9b2600000) (1024K)]
  0x000002915c31dd40 JavaThread "Service Thread"             daemon [_thread_blocked, id=3948, stack(0x000000a9b2600000,0x000000a9b2700000) (1024K)]
  0x000002915c31f280 JavaThread "Monitor Deflation Thread"   daemon [_thread_blocked, id=5808, stack(0x000000a9b2700000,0x000000a9b2800000) (1024K)]
=>0x000002915c3260b0 JavaThread "C2 CompilerThread0"         daemon [_thread_in_native, id=12276, stack(0x000000a9b2800000,0x000000a9b2900000) (1024K)]
  0x000002915c329780 JavaThread "C1 CompilerThread0"         daemon [_thread_blocked, id=13240, stack(0x000000a9b2900000,0x000000a9b2a00000) (1024K)]
  0x00000291611ba0f0 JavaThread "Common-Cleaner"             daemon [_thread_blocked, id=4404, stack(0x000000a9b2a00000,0x000000a9b2b00000) (1024K)]
  0x00000291611d0cc0 JavaThread "Notification Thread"        daemon [_thread_blocked, id=20236, stack(0x000000a9b2b00000,0x000000a9b2c00000) (1024K)]
  0x00000291617a3f80 JavaThread "Active Thread: Equinox Container: e44204a0-a374-4361-95cf-f5b2264e3f1d"        [_thread_blocked, id=2032, stack(0x000000a9b2f00000,0x000000a9b3000000) (1024K)]
  0x00000291613d7fa0 JavaThread "Framework Event Dispatcher: Equinox Container: e44204a0-a374-4361-95cf-f5b2264e3f1d" daemon [_thread_blocked, id=20284, stack(0x000000a9b3000000,0x000000a9b3100000) (1024K)]
  0x00000291613d8b60 JavaThread "Start Level: Equinox Container: e44204a0-a374-4361-95cf-f5b2264e3f1d" daemon [_thread_in_vm, id=12580, stack(0x000000a9b3100000,0x000000a9b3200000) (1024K)]
  0x0000029161a8ea60 JavaThread "SCR Component Actor"        daemon [_thread_blocked, id=11952, stack(0x000000a9b3200000,0x000000a9b3300000) (1024K)]
  0x0000029161df58d0 JavaThread "Worker-JM"                         [_thread_blocked, id=8692, stack(0x000000a9b3300000,0x000000a9b3400000) (1024K)]
  0x00000291610689c0 JavaThread "JNA Cleaner"                daemon [_thread_blocked, id=3312, stack(0x000000a9b3400000,0x000000a9b3500000) (1024K)]
  0x0000029161061070 JavaThread "Worker-0"                          [_thread_blocked, id=9712, stack(0x000000a9b3500000,0x000000a9b3600000) (1024K)]
  0x000002916116faa0 JavaThread "Worker-1"                          [_thread_blocked, id=19580, stack(0x000000a9b3600000,0x000000a9b3700000) (1024K)]
Total: 19

Other Threads:
  0x00000291459e7670 VMThread "VM Thread"                           [id=11652, stack(0x000000a9b2100000,0x000000a9b2200000) (1024K)]
  0x00000291459955f0 WatcherThread "VM Periodic Task Thread"        [id=20324, stack(0x000000a9b2000000,0x000000a9b2100000) (1024K)]
  0x0000029145945700 WorkerThread "GC Thread#0"                     [id=8760, stack(0x000000a9b1f00000,0x000000a9b2000000) (1024K)]
  0x0000029161559de0 WorkerThread "GC Thread#1"                     [id=8528, stack(0x000000a9b2c00000,0x000000a9b2d00000) (1024K)]
  0x000002916168efa0 WorkerThread "GC Thread#2"                     [id=17176, stack(0x000000a9b2d00000,0x000000a9b2e00000) (1024K)]
  0x000002916155a190 WorkerThread "GC Thread#3"                     [id=18948, stack(0x000000a9b2e00000,0x000000a9b2f00000) (1024K)]
Total: 6

Threads with active compile tasks:
C2 CompilerThread0  10058 2747       4       org.lombokweb.asm.ClassReader::readMethod (1070 bytes)
Total: 1

VM state: not at safepoint (normal execution)

VM Mutex/Monitor currently owned by a thread: None

Heap address: 0x0000000080000000, size: 2048 MB, Compressed Oops mode: 32-bit

CDS archive(s) mapped at: [0x0000029100000000-0x0000029100ba0000-0x0000029100ba0000), size 12189696, SharedBaseAddress: 0x0000029100000000, ArchiveRelocationMode: 1.
Compressed class space mapped at: 0x0000029101000000-0x0000029141000000, reserved size: 1073741824
Narrow klass base: 0x0000029100000000, Narrow klass shift: 0, Narrow klass range: 0x100000000

GC Precious Log:
 CardTable entry size: 512
 CPUs: 4 total, 4 available
 Memory: 3862M
 Large Page Support: Disabled
 NUMA Support: Disabled
 Compressed Oops: Enabled (32-bit)
 Alignments: Space 512K, Generation 512K, Heap 2M
 Heap Min Capacity: 100M
 Heap Initial Capacity: 100M
 Heap Max Capacity: 2G
 Pre-touch: Disabled
 Parallel Workers: 4

Heap:
 PSYoungGen      total 29696K, used 15755K [0x00000000d5580000, 0x00000000d7780000, 0x0000000100000000)
  eden space 25088K, 62% used [0x00000000d5580000,0x00000000d64e2d40,0x00000000d6e00000)
  from space 4608K, 0% used [0x00000000d7300000,0x00000000d7300000,0x00000000d7780000)
  to   space 4608K, 0% used [0x00000000d6e80000,0x00000000d6e80000,0x00000000d7300000)
 ParOldGen       total 68608K, used 9144K [0x0000000080000000, 0x0000000084300000, 0x00000000d5580000)
  object space 68608K, 13% used [0x0000000080000000,0x00000000808ee118,0x0000000084300000)
 Metaspace       used 22050K, committed 22720K, reserved 1114112K
  class space    used 2148K, committed 2432K, reserved 1048576K

Card table byte_map: [0x00000291452d0000,0x00000291456e0000] _byte_map_base: 0x0000029144ed0000

Marking Bits: (ParMarkBitMap*) 0x00007ffa74fa4460
 Begin Bits: [0x0000029157de0000, 0x0000029159de0000)
 End Bits:   [0x0000029159de0000, 0x000002915bde0000)

Polling page: 0x00000291436e0000

Metaspace:

Usage:
  Non-class:     19.44 MB used.
      Class:      2.10 MB used.
       Both:     21.53 MB used.

Virtual space:
  Non-class space:       64.00 MB reserved,      19.81 MB ( 31%) committed,  1 nodes.
      Class space:        1.00 GB reserved,       2.38 MB ( <1%) committed,  1 nodes.
             Both:        1.06 GB reserved,      22.19 MB (  2%) committed. 

Chunk freelists:
   Non-Class:  11.86 MB
       Class:  13.45 MB
        Both:  25.31 MB

MaxMetaspaceSize: unlimited
CompressedClassSpaceSize: 1.00 GB
Initial GC threshold: 21.00 MB
Current GC threshold: 35.00 MB
CDS: on
 - commit_granule_bytes: 65536.
 - commit_granule_words: 8192.
 - virtual_space_node_default_size: 8388608.
 - enlarge_chunks_in_place: 1.
 - use_allocation_guard: 0.


Internal statistics:

num_allocs_failed_limit: 3.
num_arena_births: 508.
num_arena_deaths: 14.
num_vsnodes_births: 2.
num_vsnodes_deaths: 0.
num_space_committed: 355.
num_space_uncommitted: 0.
num_chunks_returned_to_freelist: 17.
num_chunks_taken_from_freelist: 1356.
num_chunk_merges: 9.
num_chunk_splits: 880.
num_chunks_enlarged: 567.
num_inconsistent_stats: 0.

CodeHeap 'non-profiled nmethods': size=120000Kb used=1185Kb max_used=1185Kb free=118814Kb
 bounds [0x0000029150600000, 0x0000029150870000, 0x0000029157b30000]
CodeHeap 'profiled nmethods': size=120000Kb used=5510Kb max_used=5510Kb free=114489Kb
 bounds [0x0000029148b30000, 0x00000291490a0000, 0x0000029150060000]
CodeHeap 'non-nmethods': size=5760Kb used=1326Kb max_used=1330Kb free=4433Kb
 bounds [0x0000029150060000, 0x00000291502d0000, 0x0000029150600000]
CodeCache: size=245760Kb, used=8021Kb, max_used=8025Kb, free=237736Kb
 total_blobs=3385, nmethods=2784, adapters=507, full_count=0
Compilation: enabled, stopped_count=0, restarted_count=0

Compilation events (20 events):
Event: 9.938 Thread 0x000002915c329780 2780   !   3       org.eclipse.core.internal.preferences.EclipsePreferences::getChild (92 bytes)
Event: 9.939 Thread 0x000002915c329780 nmethod 2780 0x0000029149084910 code [0x0000029149084b40, 0x0000029149085460]
Event: 9.939 Thread 0x000002915c329780 2781       3       org.eclipse.core.internal.preferences.EclipsePreferences::absolutePath (79 bytes)
Event: 9.943 Thread 0x000002915c329780 nmethod 2781 0x0000029149085710 code [0x0000029149085da0, 0x000002914908ab20]
Event: 9.943 Thread 0x000002915c329780 2782       3       org.eclipse.core.internal.preferences.PreferencesService::getRootNode (4 bytes)
Event: 9.943 Thread 0x000002915c329780 nmethod 2782 0x000002914908be90 code [0x000002914908c020, 0x000002914908c138]
Event: 9.943 Thread 0x000002915c329780 2783       3       org.eclipse.core.internal.preferences.RootPreferences::node (7 bytes)
Event: 9.943 Thread 0x000002915c329780 nmethod 2783 0x000002914908c210 code [0x000002914908c3c0, 0x000002914908c508]
Event: 9.943 Thread 0x000002915c329780 2784       3       org.eclipse.core.internal.preferences.DefaultPreferences::internalPut (66 bytes)
Event: 9.944 Thread 0x000002915c329780 nmethod 2784 0x000002914908c590 code [0x000002914908c800, 0x000002914908d238]
Event: 9.944 Thread 0x000002915c329780 2778       3       org.eclipse.core.internal.preferences.DefaultPreferences::getScopeRelativePath (43 bytes)
Event: 9.944 Thread 0x000002915c329780 nmethod 2778 0x000002914908d610 code [0x000002914908d820, 0x000002914908ddd8]
Event: 9.944 Thread 0x000002915c329780 2788       3       org.eclipse.core.internal.preferences.DefaultPreferences::isInitializingBundleDefaults (33 bytes)
Event: 9.945 Thread 0x000002915c329780 nmethod 2788 0x000002914908e010 code [0x000002914908e1e0, 0x000002914908e5e8]
Event: 9.945 Thread 0x000002915c329780 2787       3       org.eclipse.core.internal.preferences.PreferencesService::getDefault (20 bytes)
Event: 9.945 Thread 0x000002915c329780 nmethod 2787 0x000002914908e710 code [0x000002914908e8c0, 0x000002914908eab8]
Event: 9.945 Thread 0x000002915c329780 2785       3       org.eclipse.core.internal.preferences.RootPreferences::getNode (135 bytes)
Event: 9.946 Thread 0x000002915c329780 nmethod 2785 0x000002914908eb90 code [0x000002914908eee0, 0x0000029149090280]
Event: 9.947 Thread 0x000002915c329780 2786   !   3       org.eclipse.core.internal.preferences.EclipsePreferences::getOrCreate (108 bytes)
Event: 9.947 Thread 0x000002915c329780 nmethod 2786 0x0000029149090990 code [0x0000029149090be0, 0x00000291490916a0]

GC Heap History (14 events):
Event: 3.355 GC heap before
{Heap before GC invocations=1 (full 0):
 PSYoungGen      total 29696K, used 25600K [0x00000000d5580000, 0x00000000d7680000, 0x0000000100000000)
  eden space 25600K, 100% used [0x00000000d5580000,0x00000000d6e80000,0x00000000d6e80000)
  from space 4096K, 0% used [0x00000000d7280000,0x00000000d7280000,0x00000000d7680000)
  to   space 4096K, 0% used [0x00000000d6e80000,0x00000000d6e80000,0x00000000d7280000)
 ParOldGen       total 68608K, used 0K [0x0000000080000000, 0x0000000084300000, 0x00000000d5580000)
  object space 68608K, 0% used [0x0000000080000000,0x0000000080000000,0x0000000084300000)
 Metaspace       used 4398K, committed 4608K, reserved 1114112K
  class space    used 476K, committed 576K, reserved 1048576K
}
Event: 3.365 GC heap after
{Heap after GC invocations=1 (full 0):
 PSYoungGen      total 29696K, used 3287K [0x00000000d5580000, 0x00000000d7680000, 0x0000000100000000)
  eden space 25600K, 0% used [0x00000000d5580000,0x00000000d5580000,0x00000000d6e80000)
  from space 4096K, 80% used [0x00000000d6e80000,0x00000000d71b5e88,0x00000000d7280000)
  to   space 4096K, 0% used [0x00000000d7280000,0x00000000d7280000,0x00000000d7680000)
 ParOldGen       total 68608K, used 16K [0x0000000080000000, 0x0000000084300000, 0x00000000d5580000)
  object space 68608K, 0% used [0x0000000080000000,0x0000000080004000,0x0000000084300000)
 Metaspace       used 4398K, committed 4608K, reserved 1114112K
  class space    used 476K, committed 576K, reserved 1048576K
}
Event: 5.162 GC heap before
{Heap before GC invocations=2 (full 0):
 PSYoungGen      total 29696K, used 28887K [0x00000000d5580000, 0x00000000d7680000, 0x0000000100000000)
  eden space 25600K, 100% used [0x00000000d5580000,0x00000000d6e80000,0x00000000d6e80000)
  from space 4096K, 80% used [0x00000000d6e80000,0x00000000d71b5e88,0x00000000d7280000)
  to   space 4096K, 0% used [0x00000000d7280000,0x00000000d7280000,0x00000000d7680000)
 ParOldGen       total 68608K, used 16K [0x0000000080000000, 0x0000000084300000, 0x00000000d5580000)
  object space 68608K, 0% used [0x0000000080000000,0x0000000080004000,0x0000000084300000)
 Metaspace       used 8184K, committed 8448K, reserved 1114112K
  class space    used 867K, committed 960K, reserved 1048576K
}
Event: 5.172 GC heap after
{Heap after GC invocations=2 (full 0):
 PSYoungGen      total 29696K, used 4093K [0x00000000d5580000, 0x00000000d7680000, 0x0000000100000000)
  eden space 25600K, 0% used [0x00000000d5580000,0x00000000d5580000,0x00000000d6e80000)
  from space 4096K, 99% used [0x00000000d7280000,0x00000000d767f698,0x00000000d7680000)
  to   space 4096K, 0% used [0x00000000d6e80000,0x00000000d6e80000,0x00000000d7280000)
 ParOldGen       total 68608K, used 1023K [0x0000000080000000, 0x0000000084300000, 0x00000000d5580000)
  object space 68608K, 1% used [0x0000000080000000,0x00000000800fffa0,0x0000000084300000)
 Metaspace       used 8184K, committed 8448K, reserved 1114112K
  class space    used 867K, committed 960K, reserved 1048576K
}
Event: 6.490 GC heap before
{Heap before GC invocations=3 (full 0):
 PSYoungGen      total 29696K, used 29693K [0x00000000d5580000, 0x00000000d7680000, 0x0000000100000000)
  eden space 25600K, 100% used [0x00000000d5580000,0x00000000d6e80000,0x00000000d6e80000)
  from space 4096K, 99% used [0x00000000d7280000,0x00000000d767f698,0x00000000d7680000)
  to   space 4096K, 0% used [0x00000000d6e80000,0x00000000d6e80000,0x00000000d7280000)
 ParOldGen       total 68608K, used 1023K [0x0000000080000000, 0x0000000084300000, 0x00000000d5580000)
  object space 68608K, 1% used [0x0000000080000000,0x00000000800fffa0,0x0000000084300000)
 Metaspace       used 13044K, committed 13568K, reserved 1114112K
  class space    used 1378K, committed 1600K, reserved 1048576K
}
Event: 6.495 GC heap after
{Heap after GC invocations=3 (full 0):
 PSYoungGen      total 29696K, used 4082K [0x00000000d5580000, 0x00000000d7680000, 0x0000000100000000)
  eden space 25600K, 0% used [0x00000000d5580000,0x00000000d5580000,0x00000000d6e80000)
  from space 4096K, 99% used [0x00000000d6e80000,0x00000000d727cbb8,0x00000000d7280000)
  to   space 4096K, 0% used [0x00000000d7280000,0x00000000d7280000,0x00000000d7680000)
 ParOldGen       total 68608K, used 2784K [0x0000000080000000, 0x0000000084300000, 0x00000000d5580000)
  object space 68608K, 4% used [0x0000000080000000,0x00000000802b80e8,0x0000000084300000)
 Metaspace       used 13044K, committed 13568K, reserved 1114112K
  class space    used 1378K, committed 1600K, reserved 1048576K
}
Event: 8.767 GC heap before
{Heap before GC invocations=4 (full 0):
 PSYoungGen      total 29696K, used 29642K [0x00000000d5580000, 0x00000000d7680000, 0x0000000100000000)
  eden space 25600K, 99% used [0x00000000d5580000,0x00000000d6e76028,0x00000000d6e80000)
  from space 4096K, 99% used [0x00000000d6e80000,0x00000000d727cbb8,0x00000000d7280000)
  to   space 4096K, 0% used [0x00000000d7280000,0x00000000d7280000,0x00000000d7680000)
 ParOldGen       total 68608K, used 2784K [0x0000000080000000, 0x0000000084300000, 0x00000000d5580000)
  object space 68608K, 4% used [0x0000000080000000,0x00000000802b80e8,0x0000000084300000)
 Metaspace       used 17047K, committed 17728K, reserved 1114112K
  class space    used 1803K, committed 2112K, reserved 1048576K
}
Event: 8.772 GC heap after
{Heap after GC invocations=4 (full 0):
 PSYoungGen      total 29696K, used 4076K [0x00000000d5580000, 0x00000000d7680000, 0x0000000100000000)
  eden space 25600K, 0% used [0x00000000d5580000,0x00000000d5580000,0x00000000d6e80000)
  from space 4096K, 99% used [0x00000000d7280000,0x00000000d767b238,0x00000000d7680000)
  to   space 4096K, 0% used [0x00000000d6e80000,0x00000000d6e80000,0x00000000d7280000)
 ParOldGen       total 68608K, used 4810K [0x0000000080000000, 0x0000000084300000, 0x00000000d5580000)
  object space 68608K, 7% used [0x0000000080000000,0x00000000804b2a80,0x0000000084300000)
 Metaspace       used 17047K, committed 17728K, reserved 1114112K
  class space    used 1803K, committed 2112K, reserved 1048576K
}
Event: 9.349 GC heap before
{Heap before GC invocations=5 (full 0):
 PSYoungGen      total 29696K, used 29676K [0x00000000d5580000, 0x00000000d7680000, 0x0000000100000000)
  eden space 25600K, 100% used [0x00000000d5580000,0x00000000d6e80000,0x00000000d6e80000)
  from space 4096K, 99% used [0x00000000d7280000,0x00000000d767b238,0x00000000d7680000)
  to   space 4096K, 0% used [0x00000000d6e80000,0x00000000d6e80000,0x00000000d7280000)
 ParOldGen       total 68608K, used 4810K [0x0000000080000000, 0x0000000084300000, 0x00000000d5580000)
  object space 68608K, 7% used [0x0000000080000000,0x00000000804b2a80,0x0000000084300000)
 Metaspace       used 20326K, committed 20992K, reserved 1114112K
  class space    used 2026K, committed 2304K, reserved 1048576K
}
Event: 9.355 GC heap after
{Heap after GC invocations=5 (full 0):
 PSYoungGen      total 29184K, used 4090K [0x00000000d5580000, 0x00000000d7800000, 0x0000000100000000)
  eden space 25088K, 0% used [0x00000000d5580000,0x00000000d5580000,0x00000000d6e00000)
  from space 4096K, 99% used [0x00000000d6e80000,0x00000000d727eb48,0x00000000d7280000)
  to   space 5120K, 0% used [0x00000000d7300000,0x00000000d7300000,0x00000000d7800000)
 ParOldGen       total 68608K, used 5085K [0x0000000080000000, 0x0000000084300000, 0x00000000d5580000)
  object space 68608K, 7% used [0x0000000080000000,0x00000000804f7790,0x0000000084300000)
 Metaspace       used 20326K, committed 20992K, reserved 1114112K
  class space    used 2026K, committed 2304K, reserved 1048576K
}
Event: 9.665 GC heap before
{Heap before GC invocations=6 (full 0):
 PSYoungGen      total 29184K, used 10547K [0x00000000d5580000, 0x00000000d7800000, 0x0000000100000000)
  eden space 25088K, 25% used [0x00000000d5580000,0x00000000d5bce258,0x00000000d6e00000)
  from space 4096K, 99% used [0x00000000d6e80000,0x00000000d727eb48,0x00000000d7280000)
  to   space 5120K, 0% used [0x00000000d7300000,0x00000000d7300000,0x00000000d7800000)
 ParOldGen       total 68608K, used 5085K [0x0000000080000000, 0x0000000084300000, 0x00000000d5580000)
  object space 68608K, 7% used [0x0000000080000000,0x00000000804f7790,0x0000000084300000)
 Metaspace       used 20868K, committed 21504K, reserved 1114112K
  class space    used 2071K, committed 2368K, reserved 1048576K
}
Event: 9.671 GC heap after
{Heap after GC invocations=6 (full 0):
 PSYoungGen      total 29696K, used 4441K [0x00000000d5580000, 0x00000000d7780000, 0x0000000100000000)
  eden space 25088K, 0% used [0x00000000d5580000,0x00000000d5580000,0x00000000d6e00000)
  from space 4608K, 96% used [0x00000000d7300000,0x00000000d7756420,0x00000000d7780000)
  to   space 4608K, 0% used [0x00000000d6e80000,0x00000000d6e80000,0x00000000d7300000)
 ParOldGen       total 68608K, used 5085K [0x0000000080000000, 0x0000000084300000, 0x00000000d5580000)
  object space 68608K, 7% used [0x0000000080000000,0x00000000804f7790,0x0000000084300000)
 Metaspace       used 20868K, committed 21504K, reserved 1114112K
  class space    used 2071K, committed 2368K, reserved 1048576K
}
Event: 9.671 GC heap before
{Heap before GC invocations=7 (full 1):
 PSYoungGen      total 29696K, used 4441K [0x00000000d5580000, 0x00000000d7780000, 0x0000000100000000)
  eden space 25088K, 0% used [0x00000000d5580000,0x00000000d5580000,0x00000000d6e00000)
  from space 4608K, 96% used [0x00000000d7300000,0x00000000d7756420,0x00000000d7780000)
  to   space 4608K, 0% used [0x00000000d6e80000,0x00000000d6e80000,0x00000000d7300000)
 ParOldGen       total 68608K, used 5085K [0x0000000080000000, 0x0000000084300000, 0x00000000d5580000)
  object space 68608K, 7% used [0x0000000080000000,0x00000000804f7790,0x0000000084300000)
 Metaspace       used 20868K, committed 21504K, reserved 1114112K
  class space    used 2071K, committed 2368K, reserved 1048576K
}
Event: 9.706 GC heap after
{Heap after GC invocations=7 (full 1):
 PSYoungGen      total 29696K, used 0K [0x00000000d5580000, 0x00000000d7780000, 0x0000000100000000)
  eden space 25088K, 0% used [0x00000000d5580000,0x00000000d5580000,0x00000000d6e00000)
  from space 4608K, 0% used [0x00000000d7300000,0x00000000d7300000,0x00000000d7780000)
  to   space 4608K, 0% used [0x00000000d6e80000,0x00000000d6e80000,0x00000000d7300000)
 ParOldGen       total 68608K, used 9144K [0x0000000080000000, 0x0000000084300000, 0x00000000d5580000)
  object space 68608K, 13% used [0x0000000080000000,0x00000000808ee118,0x0000000084300000)
 Metaspace       used 20855K, committed 21504K, reserved 1114112K
  class space    used 2067K, committed 2368K, reserved 1048576K
}

Dll operation events (10 events):
Event: 1.864 Loaded shared library c:\Users\DELL\.vscode\extensions\redhat.java-1.55.0-win32-x64\jre\21.0.11-win32-x86_64\bin\java.dll
Event: 2.060 Loaded shared library c:\Users\DELL\.vscode\extensions\redhat.java-1.55.0-win32-x64\jre\21.0.11-win32-x86_64\bin\zip.dll
Event: 2.122 Loaded shared library C:\Users\DELL\.vscode\extensions\redhat.java-1.55.0-win32-x64\jre\21.0.11-win32-x86_64\bin\instrument.dll
Event: 2.132 Loaded shared library C:\Users\DELL\.vscode\extensions\redhat.java-1.55.0-win32-x64\jre\21.0.11-win32-x86_64\bin\net.dll
Event: 2.135 Loaded shared library C:\Users\DELL\.vscode\extensions\redhat.java-1.55.0-win32-x64\jre\21.0.11-win32-x86_64\bin\nio.dll
Event: 2.144 Loaded shared library C:\Users\DELL\.vscode\extensions\redhat.java-1.55.0-win32-x64\jre\21.0.11-win32-x86_64\bin\zip.dll
Event: 2.193 Loaded shared library C:\Users\DELL\.vscode\extensions\redhat.java-1.55.0-win32-x64\jre\21.0.11-win32-x86_64\bin\jimage.dll
Event: 2.359 Loaded shared library c:\Users\DELL\.vscode\extensions\redhat.java-1.55.0-win32-x64\jre\21.0.11-win32-x86_64\bin\verify.dll
Event: 5.077 Loaded shared library C:\Users\DELL\AppData\Roaming\Code\User\globalStorage\redhat.java\1.55.0\config_ss_win\org.eclipse.equinox.launcher\org.eclipse.equinox.launcher.win32.win32.x86_64_1.3.100.v20260613-0559\eclipse_11924.dll
Event: 8.095 Loaded shared library C:\Users\DELL\AppData\Local\Temp\jna-2094529\jna13176258768822002546.dll

Deoptimization events (20 events):
Event: 8.467 Thread 0x00000291613d8b60 DEOPT PACKING pc=0x00000291506e9394 sp=0x000000a9b31f2e30
Event: 8.467 Thread 0x00000291613d8b60 DEOPT UNPACKING pc=0x00000291500b6da2 sp=0x000000a9b31f2dd8 mode 2
Event: 9.097 Thread 0x00000291613d8b60 DEOPT PACKING pc=0x0000029148d625e8 sp=0x000000a9b31f0400
Event: 9.098 Thread 0x00000291613d8b60 DEOPT UNPACKING pc=0x00000291500b78e2 sp=0x000000a9b31ef960 mode 0
Event: 9.238 Thread 0x00000291613d8b60 Uncommon trap: trap_request=0xffffff6e fr.pc=0x000002915071d668 relative=0x0000000000000b68
Event: 9.238 Thread 0x00000291613d8b60 Uncommon trap: reason=loop_limit_check action=maybe_recompile pc=0x000002915071d668 method=java.util.regex.Pattern$StartS.match(Ljava/util/regex/Matcher;ILjava/lang/CharSequence;)Z @ 34 c2
Event: 9.238 Thread 0x00000291613d8b60 DEOPT PACKING pc=0x000002915071d668 sp=0x000000a9b31f24f0
Event: 9.238 Thread 0x00000291613d8b60 DEOPT UNPACKING pc=0x00000291500b6da2 sp=0x000000a9b31f2470 mode 2
Event: 9.373 Thread 0x00000291613d8b60 Uncommon trap: trap_request=0xffffff45 fr.pc=0x0000029150726c24 relative=0x0000000000000184
Event: 9.373 Thread 0x00000291613d8b60 Uncommon trap: reason=unstable_if action=reinterpret pc=0x0000029150726c24 method=org.lombokweb.asm.ByteVector.putByteArray([BII)Lorg/lombokweb/asm/ByteVector; @ 20 c2
Event: 9.373 Thread 0x00000291613d8b60 DEOPT PACKING pc=0x0000029150726c24 sp=0x000000a9b31ee890
Event: 9.373 Thread 0x00000291613d8b60 DEOPT UNPACKING pc=0x00000291500b6da2 sp=0x000000a9b31ee860 mode 2
Event: 9.373 Thread 0x00000291613d8b60 Uncommon trap: trap_request=0xffffff45 fr.pc=0x00000291507241a4 relative=0x0000000000000364
Event: 9.373 Thread 0x00000291613d8b60 Uncommon trap: reason=unstable_if action=reinterpret pc=0x00000291507241a4 method=org.lombokweb.asm.Label.resolve([BLorg/lombokweb/asm/ByteVector;I)Z @ 81 c2
Event: 9.373 Thread 0x00000291613d8b60 DEOPT PACKING pc=0x00000291507241a4 sp=0x000000a9b31ee920
Event: 9.373 Thread 0x00000291613d8b60 DEOPT UNPACKING pc=0x00000291500b6da2 sp=0x000000a9b31ee828 mode 2
Event: 9.708 Thread 0x000002915c313340 Uncommon trap: trap_request=0xffffff45 fr.pc=0x00000291507217e4 relative=0x0000000000000044
Event: 9.708 Thread 0x000002915c313340 Uncommon trap: reason=unstable_if action=reinterpret pc=0x00000291507217e4 method=java.util.concurrent.locks.AbstractQueuedSynchronizer.signalNext(Ljava/util/concurrent/locks/AbstractQueuedSynchronizer$Node;)V @ 10 c2
Event: 9.708 Thread 0x000002915c313340 DEOPT PACKING pc=0x00000291507217e4 sp=0x000000a9b22ff440
Event: 9.708 Thread 0x000002915c313340 DEOPT UNPACKING pc=0x00000291500b6da2 sp=0x000000a9b22ff3c0 mode 2

Classes loaded (20 events):
Event: 8.715 Loading class java/io/StringReader
Event: 8.715 Loading class java/io/StringReader done
Event: 8.745 Loading class java/util/zip/GZIPInputStream
Event: 8.745 Loading class java/util/zip/GZIPInputStream done
Event: 8.749 Loading class java/net/SocketTimeoutException
Event: 8.750 Loading class java/io/InterruptedIOException
Event: 8.750 Loading class java/io/InterruptedIOException done
Event: 8.750 Loading class java/net/SocketTimeoutException done
Event: 8.750 Loading class java/net/SocketException
Event: 8.750 Loading class java/net/SocketException done
Event: 8.750 Loading class java/net/UnknownHostException
Event: 8.751 Loading class java/net/UnknownHostException done
Event: 8.751 Loading class java/net/ProtocolException
Event: 8.751 Loading class java/net/ProtocolException done
Event: 8.790 Loading class java/lang/ThreadLocal$SuppliedThreadLocal
Event: 8.790 Loading class java/lang/ThreadLocal$SuppliedThreadLocal done
Event: 8.804 Loading class java/io/FileWriter
Event: 8.804 Loading class java/io/FileWriter done
Event: 8.808 Loading class java/lang/NegativeArraySizeException
Event: 8.808 Loading class java/lang/NegativeArraySizeException done

Classes unloaded (7 events):
Event: 9.677 Thread 0x00000291459e7670 Unloading class 0x000002910118cc00 'java/lang/invoke/LambdaForm$MH+0x000002910118cc00'
Event: 9.677 Thread 0x00000291459e7670 Unloading class 0x000002910118c800 'java/lang/invoke/LambdaForm$MH+0x000002910118c800'
Event: 9.677 Thread 0x00000291459e7670 Unloading class 0x000002910118c400 'java/lang/invoke/LambdaForm$MH+0x000002910118c400'
Event: 9.677 Thread 0x00000291459e7670 Unloading class 0x000002910118c000 'java/lang/invoke/LambdaForm$MH+0x000002910118c000'
Event: 9.677 Thread 0x00000291459e7670 Unloading class 0x000002910118bc00 'java/lang/invoke/LambdaForm$BMH+0x000002910118bc00'
Event: 9.677 Thread 0x00000291459e7670 Unloading class 0x000002910118b800 'java/lang/invoke/LambdaForm$DMH+0x000002910118b800'
Event: 9.677 Thread 0x00000291459e7670 Unloading class 0x000002910118a400 'java/lang/invoke/LambdaForm$DMH+0x000002910118a400'

Classes redefined (0 events):
No events

Internal exceptions (20 events):
Event: 8.191 Thread 0x00000291613d8b60 Exception <a 'java/lang/NoSuchMethodError'{0x00000000d65cd0d0}: 'void java.lang.invoke.Invokers$Holder.invokeExact_MT(java.lang.Object, java.lang.Object, int, java.lang.Object)'> (0x00000000d65cd0d0) 
thrown [s\src\hotspot\share\interpreter\linkResolver.cpp, line 773]
Event: 8.240 Thread 0x00000291613d8b60 Exception <a 'java/lang/NoSuchMethodError'{0x00000000d66e2500}: 'java.lang.Object java.lang.invoke.DirectMethodHandle$Holder.invokeSpecial(java.lang.Object, java.lang.Object, java.lang.Object, long, java.lang.Object)'> (0x00000000d66e2500) 
thrown [s\src\hotspot\share\interpreter\linkResolver.cpp, line 773]
Event: 8.241 Thread 0x00000291613d8b60 Exception <a 'java/lang/NoSuchMethodError'{0x00000000d66e9d48}: 'java.lang.Object java.lang.invoke.DirectMethodHandle$Holder.newInvokeSpecial(java.lang.Object, java.lang.Object, java.lang.Object, long)'> (0x00000000d66e9d48) 
thrown [s\src\hotspot\share\interpreter\linkResolver.cpp, line 773]
Event: 8.242 Thread 0x00000291613d8b60 Exception <a 'java/lang/NoSuchMethodError'{0x00000000d66ee0f8}: 'java.lang.Object java.lang.invoke.DirectMethodHandle$Holder.invokeSpecial(java.lang.Object, java.lang.Object, java.lang.Object, java.lang.Object, long)'> (0x00000000d66ee0f8) 
thrown [s\src\hotspot\share\interpreter\linkResolver.cpp, line 773]
Event: 8.242 Thread 0x00000291613d8b60 Exception <a 'java/lang/NoSuchMethodError'{0x00000000d66f1d18}: 'java.lang.Object java.lang.invoke.Invokers$Holder.linkToTargetMethod(java.lang.Object, java.lang.Object, long, java.lang.Object)'> (0x00000000d66f1d18) 
thrown [s\src\hotspot\share\interpreter\linkResolver.cpp, line 773]
Event: 8.273 Thread 0x00000291613d8b60 Exception <a 'java/lang/NoSuchMethodError'{0x00000000d67642c8}: 'int java.lang.invoke.DirectMethodHandle$Holder.invokeStaticInit(java.lang.Object, java.lang.Object, java.lang.Object)'> (0x00000000d67642c8) 
thrown [s\src\hotspot\share\interpreter\linkResolver.cpp, line 773]
Event: 8.285 Thread 0x00000291613d8b60 Exception <a 'java/lang/IncompatibleClassChangeError'{0x00000000d67f0c40}: Found class java.lang.Object, but interface was expected> (0x00000000d67f0c40) 
thrown [s\src\hotspot\share\interpreter\linkResolver.cpp, line 840]
Event: 8.290 Thread 0x00000291613d8b60 Exception <a 'java/lang/NoSuchMethodError'{0x00000000d6804a58}: 'java.lang.Object java.lang.invoke.DirectMethodHandle$Holder.invokeSpecial(java.lang.Object, java.lang.Object, java.lang.Object, int, java.lang.Object, java.lang.Object)'> (0x00000000d6804a58) 
thrown [s\src\hotspot\share\interpreter\linkResolver.cpp, line 773]
Event: 8.291 Thread 0x00000291613d8b60 Exception <a 'java/lang/NoSuchMethodError'{0x00000000d680c530}: 'java.lang.Object java.lang.invoke.DirectMethodHandle$Holder.newInvokeSpecial(java.lang.Object, java.lang.Object, java.lang.Object, int, java.lang.Object)'> (0x00000000d680c530) 
thrown [s\src\hotspot\share\interpreter\linkResolver.cpp, line 773]
Event: 8.292 Thread 0x00000291613d8b60 Exception <a 'java/lang/NoSuchMethodError'{0x00000000d68104b0}: 'java.lang.Object java.lang.invoke.DirectMethodHandle$Holder.invokeSpecial(java.lang.Object, java.lang.Object, java.lang.Object, java.lang.Object, int, java.lang.Object)'> (0x00000000d68104b0) 
thrown [s\src\hotspot\share\interpreter\linkResolver.cpp, line 773]
Event: 8.292 Thread 0x00000291613d8b60 Exception <a 'java/lang/NoSuchMethodError'{0x00000000d6813ff0}: 'java.lang.Object java.lang.invoke.Invokers$Holder.linkToTargetMethod(java.lang.Object, java.lang.Object, int, java.lang.Object, java.lang.Object)'> (0x00000000d6813ff0) 
thrown [s\src\hotspot\share\interpreter\linkResolver.cpp, line 773]
Event: 8.293 Thread 0x0000029161061070 Exception <a 'java/lang/NoSuchMethodError'{0x00000000d67318b0}: 'java.lang.Object java.lang.invoke.DirectMethodHandle$Holder.invokeSpecial(java.lang.Object, java.lang.Object, int, java.lang.Object, java.lang.Object)'> (0x00000000d67318b0) 
thrown [s\src\hotspot\share\interpreter\linkResolver.cpp, line 773]
Event: 8.294 Thread 0x0000029161061070 Exception <a 'java/lang/NoSuchMethodError'{0x00000000d67385e8}: 'java.lang.Object java.lang.invoke.DirectMethodHandle$Holder.newInvokeSpecial(java.lang.Object, java.lang.Object, int, java.lang.Object)'> (0x00000000d67385e8) 
thrown [s\src\hotspot\share\interpreter\linkResolver.cpp, line 773]
Event: 8.294 Thread 0x0000029161061070 Exception <a 'java/lang/NoSuchMethodError'{0x00000000d673bec8}: 'java.lang.Object java.lang.invoke.DirectMethodHandle$Holder.invokeSpecial(java.lang.Object, java.lang.Object, java.lang.Object, int, java.lang.Object)'> (0x00000000d673bec8) 
thrown [s\src\hotspot\share\interpreter\linkResolver.cpp, line 773]
Event: 8.346 Thread 0x00000291613d8b60 Exception <a 'java/lang/NoSuchMethodError'{0x00000000d6932500}: 'void java.lang.invoke.DirectMethodHandle$Holder.invokeSpecial(java.lang.Object, java.lang.Object, java.lang.Object, java.lang.Object, java.lang.Object)'> (0x00000000d6932500) 
thrown [s\src\hotspot\share\interpreter\linkResolver.cpp, line 773]
Event: 8.449 Thread 0x00000291613d8b60 Exception <a 'java/lang/NoSuchMethodError'{0x00000000d6b43028}: 'double java.lang.invoke.DirectMethodHandle$Holder.invokeStatic(java.lang.Object, java.lang.Object)'> (0x00000000d6b43028) 
thrown [s\src\hotspot\share\interpreter\linkResolver.cpp, line 773]
Event: 8.449 Thread 0x00000291613d8b60 Exception <a 'java/lang/NoSuchMethodError'{0x00000000d6b466e8}: 'double java.lang.invoke.DirectMethodHandle$Holder.invokeStaticInit(java.lang.Object, java.lang.Object)'> (0x00000000d6b466e8) 
thrown [s\src\hotspot\share\interpreter\linkResolver.cpp, line 773]
Event: 9.373 Thread 0x00000291613d8b60 Implicit null exception at 0x0000029150726af5 to 0x0000029150726c08
Event: 9.945 Thread 0x00000291613d8b60 Exception <a 'java/io/FileNotFoundException'{0x00000000d6437db0}> (0x00000000d6437db0) 
thrown [s\src\hotspot\share\prims\jni.cpp, line 520]
Event: 9.948 Thread 0x00000291613d8b60 Exception <a 'java/io/FileNotFoundException'{0x00000000d6438da8}> (0x00000000d6438da8) 
thrown [s\src\hotspot\share\prims\jni.cpp, line 520]

ZGC Phase Switch (0 events):
No events

VM Operations (20 events):
Event: 6.490 Executing safepoint VM operation: ParallelGCFailedAllocation (Allocation Failure)
Event: 6.495 Executing safepoint VM operation: ParallelGCFailedAllocation (Allocation Failure) done
Event: 6.656 Executing non-safepoint VM operation: HandshakeAllThreads (Deoptimize)
Event: 6.656 Executing non-safepoint VM operation: HandshakeAllThreads (Deoptimize) done
Event: 6.669 Executing non-safepoint VM operation: HandshakeAllThreads (Deoptimize)
Event: 6.669 Executing non-safepoint VM operation: HandshakeAllThreads (Deoptimize) done
Event: 6.721 Executing non-safepoint VM operation: HandshakeAllThreads (Deoptimize)
Event: 6.721 Executing non-safepoint VM operation: HandshakeAllThreads (Deoptimize) done
Event: 7.281 Executing non-safepoint VM operation: HandshakeAllThreads (Deoptimize)
Event: 7.281 Executing non-safepoint VM operation: HandshakeAllThreads (Deoptimize) done
Event: 8.110 Executing non-safepoint VM operation: HandshakeAllThreads (Deoptimize)
Event: 8.110 Executing non-safepoint VM operation: HandshakeAllThreads (Deoptimize) done
Event: 8.110 Executing safepoint VM operation: Cleanup
Event: 8.110 Executing safepoint VM operation: Cleanup done
Event: 8.767 Executing safepoint VM operation: ParallelGCFailedAllocation (Allocation Failure)
Event: 8.773 Executing safepoint VM operation: ParallelGCFailedAllocation (Allocation Failure) done
Event: 9.349 Executing safepoint VM operation: ParallelGCFailedAllocation (Allocation Failure)
Event: 9.355 Executing safepoint VM operation: ParallelGCFailedAllocation (Allocation Failure) done
Event: 9.665 Executing safepoint VM operation: CollectForMetadataAllocation (Metadata GC Threshold)
Event: 9.707 Executing safepoint VM operation: CollectForMetadataAllocation (Metadata GC Threshold) done

Memory protections (0 events):
No events

Nmethod flushes (0 events):
No events

Events (19 events):
Event: 1.941 Thread 0x000002914375ed30 Thread added: 0x000002914375ed30
Event: 1.992 Thread 0x000002914375ed30 Thread added: 0x000002915c313340
Event: 1.993 Thread 0x000002914375ed30 Thread added: 0x000002915c314d40
Event: 1.993 Thread 0x000002914375ed30 Thread added: 0x000002915c3189d0
Event: 1.993 Thread 0x000002914375ed30 Thread added: 0x000002915c31ba40
Event: 1.993 Thread 0x000002914375ed30 Thread added: 0x000002915c31dd40
Event: 1.993 Thread 0x000002914375ed30 Thread added: 0x000002915c31f280
Event: 1.994 Thread 0x000002914375ed30 Thread added: 0x000002915c3260b0
Event: 1.994 Thread 0x000002914375ed30 Thread added: 0x000002915c329780
Event: 2.126 Thread 0x000002914375ed30 Thread added: 0x00000291611ba0f0
Event: 2.567 Thread 0x000002914375ed30 Thread added: 0x00000291611d0cc0
Event: 4.309 Thread 0x000002914375ed30 Thread added: 0x00000291617a3f80
Event: 4.984 Thread 0x000002914375ed30 Thread added: 0x00000291613d7fa0
Event: 5.003 Thread 0x000002914375ed30 Thread added: 0x00000291613d8b60
Event: 5.197 Thread 0x00000291613d8b60 Thread added: 0x0000029161a8ea60
Event: 6.234 Thread 0x00000291613d8b60 Thread added: 0x0000029161df58d0
Event: 8.164 Thread 0x00000291613d8b60 Thread added: 0x00000291610689c0
Event: 8.247 Thread 0x00000291613d8b60 Thread added: 0x0000029161061070
Event: 8.294 Thread 0x00000291613d8b60 Thread added: 0x000002916116faa0


Dynamic libraries:
0x00007ff6fc6b0000 - 0x00007ff6fc6be000 	c:\Users\DELL\.vscode\extensions\redhat.java-1.55.0-win32-x64\jre\21.0.11-win32-x86_64\bin\java.exe
0x00007ffaf6b30000 - 0x00007ffaf6d28000 	C:\Windows\SYSTEM32\ntdll.dll
0x00007ffaf61c0000 - 0x00007ffaf6282000 	C:\Windows\System32\KERNEL32.DLL
0x00007ffaf4630000 - 0x00007ffaf4926000 	C:\Windows\System32\KERNELBASE.dll
0x00007ffaefcb0000 - 0x00007ffaefd44000 	C:\Windows\SYSTEM32\apphelp.dll
0x00007ffaf4420000 - 0x00007ffaf4520000 	C:\Windows\System32\ucrtbase.dll
0x00007ffae84a0000 - 0x00007ffae84b8000 	c:\Users\DELL\.vscode\extensions\redhat.java-1.55.0-win32-x64\jre\21.0.11-win32-x86_64\bin\jli.dll
0x00007ffaf6340000 - 0x00007ffaf64e1000 	C:\Windows\System32\USER32.dll
0x00007ffaf43f0000 - 0x00007ffaf4412000 	C:\Windows\System32\win32u.dll
0x00007ffaf68e0000 - 0x00007ffaf690b000 	C:\Windows\System32\GDI32.dll
0x00007ffaf4980000 - 0x00007ffaf4a99000 	C:\Windows\System32\gdi32full.dll
0x00007ffaf4350000 - 0x00007ffaf43ed000 	C:\Windows\System32\msvcp_win.dll
0x00007ffae7f60000 - 0x00007ffae7f7e000 	c:\Users\DELL\.vscode\extensions\redhat.java-1.55.0-win32-x64\jre\21.0.11-win32-x86_64\bin\VCRUNTIME140.dll
0x00007ffaf34f0000 - 0x00007ffaf378b000 	C:\Windows\WinSxS\amd64_microsoft.windows.common-controls_6595b64144ccf1df_6.0.19041.6456_none_60b8a6cb71f64256\COMCTL32.dll
0x00007ffaf67e0000 - 0x00007ffaf687e000 	C:\Windows\System32\msvcrt.dll
0x00007ffaf4eb0000 - 0x00007ffaf4edf000 	C:\Windows\System32\IMM32.DLL
0x00007ffaede10000 - 0x00007ffaede1c000 	c:\Users\DELL\.vscode\extensions\redhat.java-1.55.0-win32-x64\jre\21.0.11-win32-x86_64\bin\vcruntime140_1.dll
0x00007ffac0340000 - 0x00007ffac03cd000 	c:\Users\DELL\.vscode\extensions\redhat.java-1.55.0-win32-x64\jre\21.0.11-win32-x86_64\bin\msvcp140.dll
0x00007ffa742e0000 - 0x00007ffa75082000 	c:\Users\DELL\.vscode\extensions\redhat.java-1.55.0-win32-x64\jre\21.0.11-win32-x86_64\bin\server\jvm.dll
0x00007ffaf56b0000 - 0x00007ffaf5761000 	C:\Windows\System32\ADVAPI32.dll
0x00007ffaf6a50000 - 0x00007ffaf6aef000 	C:\Windows\System32\sechost.dll
0x00007ffaf6920000 - 0x00007ffaf6a40000 	C:\Windows\System32\RPCRT4.dll
0x00007ffaf4320000 - 0x00007ffaf4347000 	C:\Windows\System32\bcrypt.dll
0x00007ffaf5df0000 - 0x00007ffaf5e5b000 	C:\Windows\System32\WS2_32.dll
0x00007ffadbb20000 - 0x00007ffadbb47000 	C:\Windows\SYSTEM32\WINMM.dll
0x00007ffaf0900000 - 0x00007ffaf090a000 	C:\Windows\SYSTEM32\VERSION.dll
0x00007ffaf4020000 - 0x00007ffaf406b000 	C:\Windows\SYSTEM32\POWRPROF.dll
0x00007ffaf4000000 - 0x00007ffaf4012000 	C:\Windows\SYSTEM32\UMPDC.dll
0x00007ffaf2330000 - 0x00007ffaf2342000 	C:\Windows\SYSTEM32\kernel.appcore.dll
0x00007ffaeae00000 - 0x00007ffaeae0a000 	c:\Users\DELL\.vscode\extensions\redhat.java-1.55.0-win32-x64\jre\21.0.11-win32-x86_64\bin\jimage.dll
0x00007ffaf38e0000 - 0x00007ffaf3ae1000 	C:\Windows\SYSTEM32\DBGHELP.DLL
0x00007ffaf3880000 - 0x00007ffaf38b4000 	C:\Windows\SYSTEM32\dbgcore.DLL
0x00007ffaf45a0000 - 0x00007ffaf4622000 	C:\Windows\System32\bcryptPrimitives.dll
0x00007ffaead90000 - 0x00007ffaead9f000 	c:\Users\DELL\.vscode\extensions\redhat.java-1.55.0-win32-x64\jre\21.0.11-win32-x86_64\bin\instrument.dll
0x00007ffae5970000 - 0x00007ffae5990000 	c:\Users\DELL\.vscode\extensions\redhat.java-1.55.0-win32-x64\jre\21.0.11-win32-x86_64\bin\java.dll
0x00007ffaf4ee0000 - 0x00007ffaf5650000 	C:\Windows\System32\SHELL32.dll
0x00007ffaf1b70000 - 0x00007ffaf2315000 	C:\Windows\SYSTEM32\windows.storage.dll
0x00007ffaf5e60000 - 0x00007ffaf61b4000 	C:\Windows\System32\combase.dll
0x00007ffaf33a0000 - 0x00007ffaf33cb000 	C:\Windows\SYSTEM32\Wldp.dll
0x00007ffaf65e0000 - 0x00007ffaf66ad000 	C:\Windows\System32\OLEAUT32.dll
0x00007ffaf6290000 - 0x00007ffaf633d000 	C:\Windows\System32\SHCORE.dll
0x00007ffaf5650000 - 0x00007ffaf56ab000 	C:\Windows\System32\shlwapi.dll
0x00007ffaf40f0000 - 0x00007ffaf4114000 	C:\Windows\SYSTEM32\profapi.dll
0x00007ffae57f0000 - 0x00007ffae5808000 	c:\Users\DELL\.vscode\extensions\redhat.java-1.55.0-win32-x64\jre\21.0.11-win32-x86_64\bin\zip.dll
0x00007ffae5960000 - 0x00007ffae5970000 	C:\Users\DELL\.vscode\extensions\redhat.java-1.55.0-win32-x64\jre\21.0.11-win32-x86_64\bin\net.dll
0x00007ffae9be0000 - 0x00007ffae9cea000 	C:\Windows\SYSTEM32\WINHTTP.dll
0x00007ffaf3160000 - 0x00007ffaf31ca000 	C:\Windows\system32\mswsock.dll
0x00007ffae5790000 - 0x00007ffae57a6000 	C:\Users\DELL\.vscode\extensions\redhat.java-1.55.0-win32-x64\jre\21.0.11-win32-x86_64\bin\nio.dll
0x00007ffae5160000 - 0x00007ffae5170000 	c:\Users\DELL\.vscode\extensions\redhat.java-1.55.0-win32-x64\jre\21.0.11-win32-x86_64\bin\verify.dll
0x00007ffac3d00000 - 0x00007ffac3d45000 	C:\Users\DELL\AppData\Roaming\Code\User\globalStorage\redhat.java\1.55.0\config_ss_win\org.eclipse.equinox.launcher\org.eclipse.equinox.launcher.win32.win32.x86_64_1.3.100.v20260613-0559\eclipse_11924.dll
0x00007ffaf66b0000 - 0x00007ffaf67db000 	C:\Windows\System32\ole32.dll
0x00007ffaf3e50000 - 0x00007ffaf3e68000 	C:\Windows\SYSTEM32\CRYPTSP.dll
0x00007ffaf2b20000 - 0x00007ffaf2b58000 	C:\Windows\system32\rsaenh.dll
0x00007ffaf40b0000 - 0x00007ffaf40de000 	C:\Windows\SYSTEM32\USERENV.dll
0x00007ffaf33f0000 - 0x00007ffaf33fc000 	C:\Windows\SYSTEM32\CRYPTBASE.dll
0x00007ffaf2e80000 - 0x00007ffaf2ebb000 	C:\Windows\SYSTEM32\IPHLPAPI.DLL
0x00007ffaf6910000 - 0x00007ffaf6918000 	C:\Windows\System32\NSI.dll
0x00007ffac0110000 - 0x00007ffac0159000 	C:\Users\DELL\AppData\Local\Temp\jna-2094529\jna13176258768822002546.dll
0x00007ffaf6a40000 - 0x00007ffaf6a48000 	C:\Windows\System32\PSAPI.DLL

JVMTI agents:
c:\Users\DELL\.vscode\extensions\redhat.java-1.55.0-win32-x64\lombok\lombok-1.18.39-4050.jar path:c:\Users\DELL\.vscode\extensions\redhat.java-1.55.0-win32-x64\jre\21.0.11-win32-x86_64\bin\instrument.dll, loaded, initialized, instrumentlib options:none

dbghelp: loaded successfully - version: 4.0.5 - missing functions: none
symbol engine: initialized successfully - sym options: 0x614 - pdb path: .;c:\Users\DELL\.vscode\extensions\redhat.java-1.55.0-win32-x64\jre\21.0.11-win32-x86_64\bin;C:\Windows\SYSTEM32;C:\Windows\WinSxS\amd64_microsoft.windows.common-controls_6595b64144ccf1df_6.0.19041.6456_none_60b8a6cb71f64256;c:\Users\DELL\.vscode\extensions\redhat.java-1.55.0-win32-x64\jre\21.0.11-win32-x86_64\bin\server;C:\Users\DELL\AppData\Roaming\Code\User\globalStorage\redhat.java\1.55.0\config_ss_win\org.eclipse.equinox.launcher\org.eclipse.equinox.launcher.win32.win32.x86_64_1.3.100.v20260613-0559;C:\Users\DELL\AppData\Local\Temp\jna-2094529

VM Arguments:
jvm_args: --add-modules=ALL-SYSTEM --add-opens=java.base/java.util=ALL-UNNAMED --add-opens=java.base/java.lang=ALL-UNNAMED --add-opens=java.base/sun.nio.fs=ALL-UNNAMED -Declipse.application=org.eclipse.jdt.ls.core.id1 -Dosgi.bundles.defaultStartLevel=4 -Declipse.product=org.eclipse.jdt.ls.core.product -Djava.import.generatesMetadataFilesAtProjectRoot=false -DDetectVMInstallationsJob.disabled=true -Dfile.encoding=utf8 -XX:+UseParallelGC -XX:GCTimeRatio=4 -XX:AdaptiveSizePolicyWeight=90 -Dsun.zip.disableMemoryMapping=true -Xmx2G -Xms100m -Xlog:disable -javaagent:c:\Users\DELL\.vscode\extensions\redhat.java-1.55.0-win32-x64\lombok\lombok-1.18.39-4050.jar 
java_command: c:\Users\DELL\.vscode\extensions\redhat.java-1.55.0-win32-x64\server\plugins\org.eclipse.equinox.launcher_1.7.200.v20260619-2039.jar -configuration c:\Users\DELL\AppData\Roaming\Code\User\globalStorage\redhat.java\1.55.0\config_ss_win -data c:\Users\DELL\AppData\Roaming\Code\User\workspaceStorage\1a6564583ea9243afe764279d878b582\redhat.java\ss_ws --pipe=\\.\pipe\lsp-b60effec5ba5983546c0ff85568d33fe-sock
java_class_path (initial): c:\Users\DELL\.vscode\extensions\redhat.java-1.55.0-win32-x64\server\plugins\org.eclipse.equinox.launcher_1.7.200.v20260619-2039.jar
Launcher Type: SUN_STANDARD

[Global flags]
    uintx AdaptiveSizePolicyWeight                 = 90                                        {product} {command line}
     intx CICompilerCount                          = 3                                         {product} {ergonomic}
    uintx GCTimeRatio                              = 4                                         {product} {command line}
   size_t InitialHeapSize                          = 104857600                                 {product} {command line}
   size_t MaxHeapSize                              = 2147483648                                {product} {command line}
   size_t MaxNewSize                               = 715653120                                 {product} {ergonomic}
   size_t MinHeapDeltaBytes                        = 524288                                    {product} {ergonomic}
   size_t MinHeapSize                              = 104857600                                 {product} {command line}
   size_t NewSize                                  = 34603008                                  {product} {ergonomic}
    uintx NonNMethodCodeHeapSize                   = 5832780                                {pd product} {ergonomic}
    uintx NonProfiledCodeHeapSize                  = 122912730                              {pd product} {ergonomic}
   size_t OldSize                                  = 70254592                                  {product} {ergonomic}
    uintx ProfiledCodeHeapSize                     = 122912730                              {pd product} {ergonomic}
    uintx ReservedCodeCacheSize                    = 251658240                              {pd product} {ergonomic}
     bool SegmentedCodeCache                       = true                                      {product} {ergonomic}
   size_t SoftMaxHeapSize                          = 2147483648                             {manageable} {ergonomic}
     bool UseCompressedOops                        = true                           {product lp64_product} {ergonomic}
     bool UseLargePagesIndividualAllocation        = false                                  {pd product} {ergonomic}
     bool UseParallelGC                            = true                                      {product} {command line}

Logging:
Log output configuration:
 #0: stdout all=off uptime,level,tags foldmultilines=false
 #1: stderr all=off uptime,level,tags foldmultilines=false

Release file:
JAVA_VERSION="21.0.11" 
MODULES="java.base java.compiler java.datatransfer java.xml java.prefs java.desktop java.instrument java.logging java.management java.security.sasl java.naming java.rmi java.management.rmi java.net.http java.scripting java.security.jgss java.transaction.xa java.sql java.sql.rowset java.xml.crypto java.se java.smartcardio jdk.accessibility jdk.internal.jvmstat jdk.attach jdk.charsets jdk.internal.opt jdk.zipfs jdk.compiler jdk.crypto.ec jdk.crypto.cryptoki jdk.crypto.mscapi jdk.dynalink jdk.internal.ed jdk.editpad jdk.hotspot.agent jdk.httpserver jdk.internal.le jdk.internal.vm.ci jdk.internal.vm.compiler jdk.internal.vm.compiler.management jdk.jartool jdk.javadoc jdk.jcmd jdk.management jdk.management.agent jdk.jconsole jdk.jdeps jdk.jdwp.agent jdk.jdi jdk.jfr jdk.jshell jdk.jsobject jdk.jstatd jdk.localedata jdk.management.jfr jdk.naming.dns jdk.naming.rmi jdk.net jdk.nio.mapmode jdk.random jdk.sctp jdk.security.auth jdk.security.jgss jdk.unsupported jdk.unsupported.desktop jdk.xml.dom" 

Environment Variables:
JAVA_HOME=C:\Program Files\Java\jdk-22
PATH=C:\Program Files\Common Files\Oracle\Java\javapath;C:\oraclexe\app\oracle\product\11.2.0\server\bin;C:\Windows\system32;C:\Windows;C:\Windows\System32\Wbem;C:\Windows\System32\WindowsPowerShell\v1.0\;C:\Windows\System32\OpenSSH\;C:\Program Files\Java\jdk-17.0.1\bin;C:\Program Files\dotnet\;C:\php;C:\Program Files\Java\jdk1.8.0_351\bin;C:\Program Files\Java\jdk-22;C:\Program Files\MySQL\MySQL Server 8.0\bin;C:\MinGW\bin;C:\Program Files\Java\jdk-25\bin;C:\Program Files\Git\cmd;C:\Program Files\nodejs\;C:\Program Files\MySQL\MySQL Shell 8.0\bin\;C:\Users\DELL\AppData\Local\Programs\Python\Python37\Scripts\;C:\Users\DELL\AppData\Local\Programs\Python\Python37\;C:\Users\DELL\AppData\Local\Microsoft\WindowsApps;C:\Program Files (x86)\mingw-w64\i686-8.1.0-posix-dwarf-rt_v6-rev0\mingw32\bin;C:\Program Files\Java\jdk-17.0.1\bin;C:\Users\DELL\AppData\Local\Programs\Python\Python38\Scripts;C:\Users\DELL\AppData\Local\Programs\Python\Python38;C:\Users\DELL\AppData\Local\Programs\Microsoft VS Code\bin;C:\Users\DELL\AppData\Local\GitHubDesktop\bin;C:\Program Files\JetBrains\IntelliJ IDEA 2025.3.1\bin;C:\Users\DELL\AppData\Roaming\npm
USERNAME=DELL
OS=Windows_NT
PROCESSOR_IDENTIFIER=Intel64 Family 6 Model 126 Stepping 5, GenuineIntel
TMP=C:\Users\DELL\AppData\Local\Temp
TEMP=C:\Users\DELL\AppData\Local\Temp




Periodic native trim disabled

---------------  S Y S T E M  ---------------

OS:
 Windows 10 , 64 bit Build 19041 (10.0.19041.5915)
OS uptime: 8 days 10:30 hours

CPU: total 4 (initial active 4) (2 cores per cpu, 2 threads per core) family 6 model 126 stepping 5 microcode 0xcc, cx8, cmov, fxsr, ht, mmx, 3dnowpref, sse, sse2, sse3, ssse3, sse4.1, sse4.2, popcnt, lzcnt, tsc, tscinvbit, avx, avx2, aes, erms, clmul, bmi1, bmi2, adx, avx512f, avx512dq, avx512cd, avx512bw, avx512vl, sha, fma, vzeroupper, avx512_vpopcntdq, avx512_vpclmulqdq, avx512_vaes, avx512_vnni, clflush, clflushopt, avx512_vbmi2, avx512_vbmi, rdtscp, rdpid, fsrm, gfni, avx512_bitalg, f16c, pku, avx512_ifma
Processor Information for the first 4 processors :
  Max Mhz: 1190, Current Mhz: 1190, Mhz Limit: 1190

Memory: 4k page, system-wide physical 3862M (136M free)
TotalPageFile size 15638M (AvailPageFile size 1M)
current process WorkingSet (physical memory assigned to process): 142M, peak: 145M
current process commit charge ("private bytes"): 266M, peak: 268M

vm_info: OpenJDK 64-Bit Server VM (21.0.11+10-LTS) for windows-amd64 JRE (21.0.11+10-LTS), built on 2026-04-21T00:00:00Z by "admin" with MS VC++ 17.12 (VS2022)

END.
