#
# There is insufficient memory for the Java Runtime Environment to continue.
# Native memory allocation (malloc) failed to allocate 917696 bytes. Error detail: Chunk::new
# Possible reasons:
#   The system is out of physical RAM or swap space
#   This process is running with CompressedOops enabled, and the Java Heap may be blocking the growth of the native heap
# Possible solutions:
#   Reduce memory load on the system
#   Increase physical memory or swap space
#   Check if swap backing store is full
#   Decrease Java heap size (-Xmx/-Xms)
#   Decrease number of Java threads
#   Decrease Java thread stack sizes (-Xss)
#   Set larger code cache with -XX:ReservedCodeCacheSize=
#   JVM is running with Unscaled Compressed Oops mode in which the Java heap is
#     placed in the first 4GB address space. The Java Heap base address is the
#     maximum limit for the native heap growth. Please use -XX:HeapBaseMinAddress
#     to set the Java Heap base and to place the Java Heap above 4GB virtual address.
# This output file may be truncated or incomplete.
#
#  Out of Memory Error (arena.cpp:168), pid=9060, tid=12528
#
# JRE version: OpenJDK Runtime Environment Temurin-21.0.11+10 (21.0.11+10) (build 21.0.11+10-LTS)
# Java VM: OpenJDK 64-Bit Server VM Temurin-21.0.11+10 (21.0.11+10-LTS, mixed mode, sharing, tiered, compressed oops, compressed class ptrs, parallel gc, windows-amd64)
# No core dump will be written. Minidumps are not enabled by default on client versions of Windows
#

---------------  S U M M A R Y ------------

Command Line: --add-modules=ALL-SYSTEM --add-opens=java.base/java.util=ALL-UNNAMED --add-opens=java.base/java.lang=ALL-UNNAMED --add-opens=java.base/sun.nio.fs=ALL-UNNAMED -Declipse.application=org.eclipse.jdt.ls.core.id1 -Dosgi.bundles.defaultStartLevel=4 -Declipse.product=org.eclipse.jdt.ls.core.product -Djava.import.generatesMetadataFilesAtProjectRoot=false -DDetectVMInstallationsJob.disabled=true -Dfile.encoding=utf8 -XX:+UseParallelGC -XX:GCTimeRatio=4 -XX:AdaptiveSizePolicyWeight=90 -Dsun.zip.disableMemoryMapping=true -Xmx2G -Xms100m -Xlog:disable -javaagent:c:\Users\DELL\.vscode\extensions\redhat.java-1.55.0-win32-x64\lombok\lombok-1.18.39-4050.jar -XX:+HeapDumpOnOutOfMemoryError -XX:HeapDumpPath=c:\Users\DELL\AppData\Roaming\Code\User\workspaceStorage\1a6564583ea9243afe764279d878b582\redhat.java -Daether.dependencyCollector.impl=bf c:\Users\DELL\.vscode\extensions\redhat.java-1.55.0-win32-x64\server\plugins\org.eclipse.equinox.launcher_1.7.200.v20260619-2039.jar -configuration c:\Users\DELL\AppData\Roaming\Code\User\globalStorage\redhat.java\1.55.0\config_win -data c:\Users\DELL\AppData\Roaming\Code\User\workspaceStorage\1a6564583ea9243afe764279d878b582\redhat.java\jdt_ws --pipe=\\.\pipe\lsp-cd9ed791e7400f723a7b64ce6c1eafa3-sock

Host: Intel(R) Core(TM) i3-1005G1 CPU @ 1.20GHz, 4 cores, 3G,  Windows 10 , 64 bit Build 19041 (10.0.19041.5915)
Time: Wed Jul 15 07:40:33 2026 India Standard Time elapsed time: 18.438893 seconds (0d 0h 0m 18s)

---------------  T H R E A D  ---------------

Current thread (0x00000251c59688c0):  JavaThread "C2 CompilerThread0" daemon [_thread_in_native, id=12528, stack(0x00000058b7d00000,0x00000058b7e00000) (1024K)]


Current CompileTask:
C2:18439 5133   !   4       org.eclipse.osgi.internal.loader.classpath.ClasspathManager::findLocalClass (210 bytes)

Stack: [0x00000058b7d00000,0x00000058b7e00000]
Native frames: (J=compiled Java code, j=interpreted, Vv=VM code, C=native code)
V  [jvm.dll+0x6d7e19]
V  [jvm.dll+0x8b5096]
V  [jvm.dll+0x8b764e]
V  [jvm.dll+0x8b7d33]
V  [jvm.dll+0x284596]
V  [jvm.dll+0xc685d]
V  [jvm.dll+0xc6da1]
V  [jvm.dll+0x2fb4ee]
V  [jvm.dll+0x5fe9a4]
V  [jvm.dll+0x255d67]
V  [jvm.dll+0x25612d]
V  [jvm.dll+0x24e6a0]
V  [jvm.dll+0x24bbe6]
V  [jvm.dll+0x1cb4ae]
V  [jvm.dll+0x25baad]
V  [jvm.dll+0x25a03a]
V  [jvm.dll+0x3f868e]
V  [jvm.dll+0x85fb0d]
V  [jvm.dll+0x6d664d]
C  [ucrtbase.dll+0x21bb2]
C  [KERNEL32.DLL+0x17374]
C  [ntdll.dll+0x4cc91]


---------------  P R O C E S S  ---------------

Threads class SMR info:
_java_thread_list=0x000002520de65150, length=34, elements={
0x00000251aef77bf0, 0x00000251af03de40, 0x00000251c595d7d0, 0x00000251c5960240,
0x00000251c59617f0, 0x00000251c5964360, 0x00000251c5964dc0, 0x00000251c59688c0,
0x00000251c5994c60, 0x0000025207797220, 0x0000025207807df0, 0x000002520c55c180,
0x000002520c4b5a20, 0x000002520c4898a0, 0x000002520c5f4f80, 0x000002520cab4b20,
0x000002520c7b24b0, 0x00000252076fed10, 0x000002520c126e50, 0x000002520c1274e0,
0x000002520c124060, 0x000002520c1267c0, 0x000002520c124d80, 0x000002520c125410,
0x000002520c125aa0, 0x000002520c126130, 0x000002520dfeb150, 0x000002520dff0010,
0x000002520dfeec60, 0x000002520dfe9710, 0x000002520dfe9080, 0x000002520dfef980,
0x000002520dfee5d0, 0x000002520dfeaac0
}

Java Threads: ( => current thread )
  0x00000251aef77bf0 JavaThread "main"                              [_thread_blocked, id=10468, stack(0x00000058b7300000,0x00000058b7400000) (1024K)]
  0x00000251af03de40 JavaThread "Reference Handler"          daemon [_thread_blocked, id=8540, stack(0x00000058b7700000,0x00000058b7800000) (1024K)]
  0x00000251c595d7d0 JavaThread "Finalizer"                  daemon [_thread_blocked, id=7936, stack(0x00000058b7800000,0x00000058b7900000) (1024K)]
  0x00000251c5960240 JavaThread "Signal Dispatcher"          daemon [_thread_blocked, id=248, stack(0x00000058b7900000,0x00000058b7a00000) (1024K)]
  0x00000251c59617f0 JavaThread "Attach Listener"            daemon [_thread_blocked, id=11364, stack(0x00000058b7a00000,0x00000058b7b00000) (1024K)]
  0x00000251c5964360 JavaThread "Service Thread"             daemon [_thread_blocked, id=8600, stack(0x00000058b7b00000,0x00000058b7c00000) (1024K)]
  0x00000251c5964dc0 JavaThread "Monitor Deflation Thread"   daemon [_thread_blocked, id=8876, stack(0x00000058b7c00000,0x00000058b7d00000) (1024K)]
=>0x00000251c59688c0 JavaThread "C2 CompilerThread0"         daemon [_thread_in_native, id=12528, stack(0x00000058b7d00000,0x00000058b7e00000) (1024K)]
  0x00000251c5994c60 JavaThread "C1 CompilerThread0"         daemon [_thread_blocked, id=20300, stack(0x00000058b7e00000,0x00000058b7f00000) (1024K)]
  0x0000025207797220 JavaThread "Common-Cleaner"             daemon [_thread_blocked, id=9792, stack(0x00000058b7f00000,0x00000058b8000000) (1024K)]
  0x0000025207807df0 JavaThread "Notification Thread"        daemon [_thread_blocked, id=13920, stack(0x00000058b8000000,0x00000058b8100000) (1024K)]
  0x000002520c55c180 JavaThread "Active Thread: Equinox Container: 502889df-b9cd-4989-91c4-958fc65d1a2b"        [_thread_blocked, id=20236, stack(0x00000058b8400000,0x00000058b8500000) (1024K)]
  0x000002520c4b5a20 JavaThread "Refresh Thread: Equinox Container: 502889df-b9cd-4989-91c4-958fc65d1a2b" daemon [_thread_blocked, id=11308, stack(0x00000058b8500000,0x00000058b8600000) (1024K)]
  0x000002520c4898a0 JavaThread "Framework Event Dispatcher: Equinox Container: 502889df-b9cd-4989-91c4-958fc65d1a2b" daemon [_thread_blocked, id=2880, stack(0x00000058b8600000,0x00000058b8700000) (1024K)]
  0x000002520c5f4f80 JavaThread "Start Level: Equinox Container: 502889df-b9cd-4989-91c4-958fc65d1a2b" daemon [_thread_blocked, id=17028, stack(0x00000058b8700000,0x00000058b8800000) (1024K)]
  0x000002520cab4b20 JavaThread "Bundle File Closer"         daemon [_thread_blocked, id=4600, stack(0x00000058b8800000,0x00000058b8900000) (1024K)]
  0x000002520c7b24b0 JavaThread "SCR Component Actor"        daemon [_thread_blocked, id=20332, stack(0x00000058b8900000,0x00000058b8a00000) (1024K)]
  0x00000252076fed10 JavaThread "Worker-JM"                         [_thread_blocked, id=18328, stack(0x00000058b8a00000,0x00000058b8b00000) (1024K)]
  0x000002520c126e50 JavaThread "JNA Cleaner"                daemon [_thread_blocked, id=17388, stack(0x00000058b8b00000,0x00000058b8c00000) (1024K)]
  0x000002520c1274e0 JavaThread "Worker-0: Updating Maven Dependencies"        [_thread_blocked, id=16656, stack(0x00000058b8c00000,0x00000058b8d00000) (1024K)]
  0x000002520c124060 JavaThread "Worker-1: Repository registry initialization"        [_thread_in_vm, id=19996, stack(0x00000058b8d00000,0x00000058b8e00000) (1024K)]
  0x000002520c1267c0 JavaThread "Worker-2"                          [_thread_blocked, id=11684, stack(0x00000058b8e00000,0x00000058b8f00000) (1024K)]
  0x000002520c124d80 JavaThread "Java indexing"              daemon [_thread_blocked, id=11444, stack(0x00000058b8f00000,0x00000058b9000000) (1024K)]
  0x000002520c125410 JavaThread "Worker-3: Initialize After Load"        [_thread_blocked, id=11664, stack(0x00000058b9000000,0x00000058b9100000) (1024K)]
  0x000002520c125aa0 JavaThread "Worker-4"                          [_thread_blocked, id=4476, stack(0x00000058b9100000,0x00000058b9200000) (1024K)]
  0x000002520c126130 JavaThread "Worker-5"                          [_thread_blocked, id=10896, stack(0x00000058b9200000,0x00000058b9300000) (1024K)]
  0x000002520dfeb150 JavaThread "Thread-1"                   daemon [_thread_in_native, id=16764, stack(0x00000058b9300000,0x00000058b9400000) (1024K)]
  0x000002520dff0010 JavaThread "Thread-2"                   daemon [_thread_in_native, id=16904, stack(0x00000058b9400000,0x00000058b9500000) (1024K)]
  0x000002520dfeec60 JavaThread "Thread-3"                   daemon [_thread_in_native, id=13108, stack(0x00000058b9500000,0x00000058b9600000) (1024K)]
  0x000002520dfe9710 JavaThread "Thread-4"                   daemon [_thread_in_native, id=3908, stack(0x00000058b9600000,0x00000058b9700000) (1024K)]
  0x000002520dfe9080 JavaThread "Thread-5"                   daemon [_thread_in_native, id=7612, stack(0x00000058b9700000,0x00000058b9800000) (1024K)]
  0x000002520dfef980 JavaThread "pool-2-thread-1"                   [_thread_blocked, id=8464, stack(0x00000058b9800000,0x00000058b9900000) (1024K)]
  0x000002520dfee5d0 JavaThread "WorkspaceEventsHandler"            [_thread_blocked, id=11944, stack(0x00000058b9900000,0x00000058b9a00000) (1024K)]
  0x000002520dfeaac0 JavaThread "pool-1-thread-1"                   [_thread_blocked, id=1708, stack(0x00000058b9a00000,0x00000058b9b00000) (1024K)]
Total: 34

Other Threads:
  0x00000251c594e950 VMThread "VM Thread"                           [id=8236, stack(0x00000058b7600000,0x00000058b7700000) (1024K)]
  0x00000251aefe0b80 WatcherThread "VM Periodic Task Thread"        [id=19212, stack(0x00000058b7500000,0x00000058b7600000) (1024K)]
  0x00000251aef946b0 WorkerThread "GC Thread#0"                     [id=812, stack(0x00000058b7400000,0x00000058b7500000) (1024K)]
  0x000002520c18f1d0 WorkerThread "GC Thread#1"                     [id=11820, stack(0x00000058b8100000,0x00000058b8200000) (1024K)]
  0x000002520c18f930 WorkerThread "GC Thread#2"                     [id=19852, stack(0x00000058b8200000,0x00000058b8300000) (1024K)]
  0x000002520c190440 WorkerThread "GC Thread#3"                     [id=15284, stack(0x00000058b8300000,0x00000058b8400000) (1024K)]
Total: 6

Threads with active compile tasks:
C2 CompilerThread0  18496 5133   !   4       org.eclipse.osgi.internal.loader.classpath.ClasspathManager::findLocalClass (210 bytes)
Total: 1

VM state: not at safepoint (normal execution)

VM Mutex/Monitor currently owned by a thread: None

Heap address: 0x0000000080000000, size: 2048 MB, Compressed Oops mode: 32-bit

CDS archive(s) mapped at: [0x00000251c6000000-0x00000251c6ba0000-0x00000251c6ba0000), size 12189696, SharedBaseAddress: 0x00000251c6000000, ArchiveRelocationMode: 1.
Compressed class space mapped at: 0x00000251c7000000-0x0000025207000000, reserved size: 1073741824
Narrow klass base: 0x00000251c6000000, Narrow klass shift: 0, Narrow klass range: 0x100000000

GC Precious Log:
 CardTable entry size: 512
 CPUs: 4 total, 4 available
 Memory: 3862M
 Large Page Support: Disabled
 NUMA Support: Disabled
 Compressed Oops: Enabled (32-bit)
 Alignments: Space 512K, Generation 512K, Heap 2M
 Heap Min Capacity: 100M
 Heap Initial Capacity: 100M
 Heap Max Capacity: 2G
 Pre-touch: Disabled
 Parallel Workers: 4

Heap:
 PSYoungGen      total 23040K, used 9580K [0x00000000d5580000, 0x00000000d6f00000, 0x0000000100000000)
  eden space 22016K, 39% used [0x00000000d5580000,0x00000000d5deb1c0,0x00000000d6b00000)
  from space 1024K, 93% used [0x00000000d6d80000,0x00000000d6e70000,0x00000000d6e80000)
  to   space 512K, 0% used [0x00000000d6e80000,0x00000000d6e80000,0x00000000d6f00000)
 ParOldGen       total 68608K, used 20857K [0x0000000080000000, 0x0000000084300000, 0x00000000d5580000)
  object space 68608K, 30% used [0x0000000080000000,0x000000008145e658,0x0000000084300000)
 Metaspace       used 41793K, committed 43008K, reserved 1114112K
  class space    used 4485K, committed 4992K, reserved 1048576K

Card table byte_map: [0x00000251ae920000,0x00000251aed30000] _byte_map_base: 0x00000251ae520000

Marking Bits: (ParMarkBitMap*) 0x00007ffa743c4460
 Begin Bits: [0x00000251c1430000, 0x00000251c3430000)
 End Bits:   [0x00000251c3430000, 0x00000251c5430000)

Polling page: 0x00000251ace40000

Metaspace:

Usage:
  Non-class:     36.43 MB used.
      Class:      4.38 MB used.
       Both:     40.81 MB used.

Virtual space:
  Non-class space:       64.00 MB reserved,      37.12 MB ( 58%) committed,  1 nodes.
      Class space:        1.00 GB reserved,       4.88 MB ( <1%) committed,  1 nodes.
             Both:        1.06 GB reserved,      42.00 MB (  4%) committed. 

Chunk freelists:
   Non-Class:  10.74 MB
       Class:  11.10 MB
        Both:  21.83 MB

MaxMetaspaceSize: unlimited
CompressedClassSpaceSize: 1.00 GB
Initial GC threshold: 21.00 MB
Current GC threshold: 58.88 MB
CDS: on
 - commit_granule_bytes: 65536.
 - commit_granule_words: 8192.
 - virtual_space_node_default_size: 8388608.
 - enlarge_chunks_in_place: 1.
 - use_allocation_guard: 0.


Internal statistics:

num_allocs_failed_limit: 10.
num_arena_births: 800.
num_arena_deaths: 14.
num_vsnodes_births: 2.
num_vsnodes_deaths: 0.
num_space_committed: 672.
num_space_uncommitted: 0.
num_chunks_returned_to_freelist: 24.
num_chunks_taken_from_freelist: 2620.
num_chunk_merges: 16.
num_chunk_splits: 1640.
num_chunks_enlarged: 959.
num_inconsistent_stats: 0.

CodeHeap 'non-profiled nmethods': size=120000Kb used=2294Kb max_used=2294Kb free=117705Kb
 bounds [0x00000251b9c50000, 0x00000251b9ec0000, 0x00000251c1180000]
CodeHeap 'profiled nmethods': size=120000Kb used=10189Kb max_used=10189Kb free=109810Kb
 bounds [0x00000251b2180000, 0x00000251b2b80000, 0x00000251b96b0000]
CodeHeap 'non-nmethods': size=5760Kb used=1371Kb max_used=1428Kb free=4388Kb
 bounds [0x00000251b96b0000, 0x00000251b9920000, 0x00000251b9c50000]
CodeCache: size=245760Kb, used=13854Kb, max_used=13911Kb, free=231903Kb
 total_blobs=5461, nmethods=4805, adapters=562, full_count=0
Compilation: enabled, stopped_count=0, restarted_count=0

Compilation events (20 events):
Event: 18.295 Thread 0x00000251c5994c60 nmethod 5315 0x00000251b2b60090 code [0x00000251b2b602a0, 0x00000251b2b60900]
Event: 18.296 Thread 0x00000251c5994c60 5316       3       java.util.stream.AbstractPipeline::evaluateToArrayNode (78 bytes)
Event: 18.296 Thread 0x00000251c5994c60 nmethod 5316 0x00000251b2b60b90 code [0x00000251b2b60dc0, 0x00000251b2b61378]
Event: 18.297 Thread 0x00000251c5994c60 5317       3       java.util.stream.AbstractPipeline::evaluate (44 bytes)
Event: 18.297 Thread 0x00000251c5994c60 nmethod 5317 0x00000251b2b61590 code [0x00000251b2b617e0, 0x00000251b2b620f0]
Event: 18.297 Thread 0x00000251c5994c60 5318       3       java.util.stream.ReferencePipeline::makeNodeBuilder (6 bytes)
Event: 18.297 Thread 0x00000251c5994c60 nmethod 5318 0x00000251b2b62390 code [0x00000251b2b62540, 0x00000251b2b62680]
Event: 18.298 Thread 0x00000251c5994c60 5319       3       java.util.stream.Nodes::builder (30 bytes)
Event: 18.298 Thread 0x00000251c5994c60 nmethod 5319 0x00000251b2b62710 code [0x00000251b2b62900, 0x00000251b2b62eb8]
Event: 18.299 Thread 0x00000251c5994c60 5320       3       java.util.stream.Nodes$ArrayNode::<init> (43 bytes)
Event: 18.299 Thread 0x00000251c5994c60 nmethod 5320 0x00000251b2b63090 code [0x00000251b2b63260, 0x00000251b2b636c8]
Event: 18.299 Thread 0x00000251c5994c60 5321       3       java.util.stream.Nodes$FixedNodeBuilder::end (51 bytes)
Event: 18.300 Thread 0x00000251c5994c60 nmethod 5321 0x00000251b2b63810 code [0x00000251b2b63ae0, 0x00000251b2b64bb0]
Event: 18.386 Thread 0x00000251c5994c60 5323       3       java.lang.invoke.MethodHandleStatics::traceLambdaForm (96 bytes)
Event: 18.386 Thread 0x00000251c5994c60 nmethod 5323 0x00000251b2b65210 code [0x00000251b2b653c0, 0x00000251b2b65528]
Event: 18.387 Thread 0x00000251c5994c60 5324       3       java.lang.invoke.LambdaFormBuffer::clearDuplicatesAndNulls (268 bytes)
Event: 18.388 Thread 0x00000251c5994c60 nmethod 5324 0x00000251b2b65610 code [0x00000251b2b658a0, 0x00000251b2b66858]
Event: 18.426 Thread 0x00000251c5994c60 5325       3       org.objectweb.asm.SymbolTable::hash (10 bytes)
Event: 18.426 Thread 0x00000251c5994c60 nmethod 5325 0x00000251b2b66d90 code [0x00000251b2b66f40, 0x00000251b2b67070]
Event: 18.426 Thread 0x00000251c5994c60 5326       3       org.objectweb.asm.ByteVector::putUTF8 (144 bytes)

GC Heap History (20 events):
Event: 13.187 GC heap before
{Heap before GC invocations=10 (full 1):
 PSYoungGen      total 25088K, used 24975K [0x00000000d5580000, 0x00000000d7400000, 0x0000000100000000)
  eden space 24064K, 100% used [0x00000000d5580000,0x00000000d6d00000,0x00000000d6d00000)
  from space 1024K, 88% used [0x00000000d7300000,0x00000000d73e3cb8,0x00000000d7400000)
  to   space 2560K, 0% used [0x00000000d6f00000,0x00000000d6f00000,0x00000000d7180000)
 ParOldGen       total 68608K, used 13217K [0x0000000080000000, 0x0000000084300000, 0x00000000d5580000)
  object space 68608K, 19% used [0x0000000080000000,0x0000000080ce8590,0x0000000084300000)
 Metaspace       used 26611K, committed 27456K, reserved 1114112K
  class space    used 2625K, committed 3008K, reserved 1048576K
}
Event: 13.189 GC heap after
{Heap after GC invocations=10 (full 1):
 PSYoungGen      total 26112K, used 2547K [0x00000000d5580000, 0x00000000d7380000, 0x0000000100000000)
  eden space 23552K, 0% used [0x00000000d5580000,0x00000000d5580000,0x00000000d6c80000)
  from space 2560K, 99% used [0x00000000d6f00000,0x00000000d717cdb0,0x00000000d7180000)
  to   space 2048K, 0% used [0x00000000d7180000,0x00000000d7180000,0x00000000d7380000)
 ParOldGen       total 68608K, used 13225K [0x0000000080000000, 0x0000000084300000, 0x00000000d5580000)
  object space 68608K, 19% used [0x0000000080000000,0x0000000080cea590,0x0000000084300000)
 Metaspace       used 26611K, committed 27456K, reserved 1114112K
  class space    used 2625K, committed 3008K, reserved 1048576K
}
Event: 13.966 GC heap before
{Heap before GC invocations=11 (full 1):
 PSYoungGen      total 26112K, used 26099K [0x00000000d5580000, 0x00000000d7380000, 0x0000000100000000)
  eden space 23552K, 100% used [0x00000000d5580000,0x00000000d6c80000,0x00000000d6c80000)
  from space 2560K, 99% used [0x00000000d6f00000,0x00000000d717cdb0,0x00000000d7180000)
  to   space 2048K, 0% used [0x00000000d7180000,0x00000000d7180000,0x00000000d7380000)
 ParOldGen       total 68608K, used 13225K [0x0000000080000000, 0x0000000084300000, 0x00000000d5580000)
  object space 68608K, 19% used [0x0000000080000000,0x0000000080cea590,0x0000000084300000)
 Metaspace       used 28349K, committed 29312K, reserved 1114112K
  class space    used 2788K, committed 3200K, reserved 1048576K
}
Event: 13.968 GC heap after
{Heap after GC invocations=11 (full 1):
 PSYoungGen      total 25088K, used 2019K [0x00000000d5580000, 0x00000000d7380000, 0x0000000100000000)
  eden space 23040K, 0% used [0x00000000d5580000,0x00000000d5580000,0x00000000d6c00000)
  from space 2048K, 98% used [0x00000000d7180000,0x00000000d7378ca0,0x00000000d7380000)
  to   space 3584K, 0% used [0x00000000d6c80000,0x00000000d6c80000,0x00000000d7000000)
 ParOldGen       total 68608K, used 14551K [0x0000000080000000, 0x0000000084300000, 0x00000000d5580000)
  object space 68608K, 21% used [0x0000000080000000,0x0000000080e35f48,0x0000000084300000)
 Metaspace       used 28349K, committed 29312K, reserved 1114112K
  class space    used 2788K, committed 3200K, reserved 1048576K
}
Event: 15.100 GC heap before
{Heap before GC invocations=12 (full 1):
 PSYoungGen      total 25088K, used 25059K [0x00000000d5580000, 0x00000000d7380000, 0x0000000100000000)
  eden space 23040K, 100% used [0x00000000d5580000,0x00000000d6c00000,0x00000000d6c00000)
  from space 2048K, 98% used [0x00000000d7180000,0x00000000d7378ca0,0x00000000d7380000)
  to   space 3584K, 0% used [0x00000000d6c80000,0x00000000d6c80000,0x00000000d7000000)
 ParOldGen       total 68608K, used 14551K [0x0000000080000000, 0x0000000084300000, 0x00000000d5580000)
  object space 68608K, 21% used [0x0000000080000000,0x0000000080e35f48,0x0000000084300000)
 Metaspace       used 31824K, committed 32832K, reserved 1114112K
  class space    used 3223K, committed 3648K, reserved 1048576K
}
Event: 15.104 GC heap after
{Heap after GC invocations=12 (full 1):
 PSYoungGen      total 26112K, used 1098K [0x00000000d5580000, 0x00000000d7200000, 0x0000000100000000)
  eden space 22528K, 0% used [0x00000000d5580000,0x00000000d5580000,0x00000000d6b80000)
  from space 3584K, 30% used [0x00000000d6c80000,0x00000000d6d92970,0x00000000d7000000)
  to   space 2048K, 0% used [0x00000000d7000000,0x00000000d7000000,0x00000000d7200000)
 ParOldGen       total 68608K, used 16441K [0x0000000080000000, 0x0000000084300000, 0x00000000d5580000)
  object space 68608K, 23% used [0x0000000080000000,0x000000008100e570,0x0000000084300000)
 Metaspace       used 31824K, committed 32832K, reserved 1114112K
  class space    used 3223K, committed 3648K, reserved 1048576K
}
Event: 15.600 GC heap before
{Heap before GC invocations=13 (full 1):
 PSYoungGen      total 26112K, used 23626K [0x00000000d5580000, 0x00000000d7200000, 0x0000000100000000)
  eden space 22528K, 100% used [0x00000000d5580000,0x00000000d6b80000,0x00000000d6b80000)
  from space 3584K, 30% used [0x00000000d6c80000,0x00000000d6d92970,0x00000000d7000000)
  to   space 2048K, 0% used [0x00000000d7000000,0x00000000d7000000,0x00000000d7200000)
 ParOldGen       total 68608K, used 16441K [0x0000000080000000, 0x0000000084300000, 0x00000000d5580000)
  object space 68608K, 23% used [0x0000000080000000,0x000000008100e570,0x0000000084300000)
 Metaspace       used 34586K, committed 35712K, reserved 1114112K
  class space    used 3571K, committed 4032K, reserved 1048576K
}
Event: 15.604 GC heap after
{Heap after GC invocations=13 (full 1):
 PSYoungGen      total 24064K, used 1836K [0x00000000d5580000, 0x00000000d7200000, 0x0000000100000000)
  eden space 22016K, 0% used [0x00000000d5580000,0x00000000d5580000,0x00000000d6b00000)
  from space 2048K, 89% used [0x00000000d7000000,0x00000000d71cb3a8,0x00000000d7200000)
  to   space 2048K, 0% used [0x00000000d6e00000,0x00000000d6e00000,0x00000000d7000000)
 ParOldGen       total 68608K, used 17376K [0x0000000080000000, 0x0000000084300000, 0x00000000d5580000)
  object space 68608K, 25% used [0x0000000080000000,0x00000000810f83d0,0x0000000084300000)
 Metaspace       used 34586K, committed 35712K, reserved 1114112K
  class space    used 3571K, committed 4032K, reserved 1048576K
}
Event: 15.678 GC heap before
{Heap before GC invocations=14 (full 1):
 PSYoungGen      total 24064K, used 3341K [0x00000000d5580000, 0x00000000d7200000, 0x0000000100000000)
  eden space 22016K, 6% used [0x00000000d5580000,0x00000000d56f8300,0x00000000d6b00000)
  from space 2048K, 89% used [0x00000000d7000000,0x00000000d71cb3a8,0x00000000d7200000)
  to   space 2048K, 0% used [0x00000000d6e00000,0x00000000d6e00000,0x00000000d7000000)
 ParOldGen       total 68608K, used 17376K [0x0000000080000000, 0x0000000084300000, 0x00000000d5580000)
  object space 68608K, 25% used [0x0000000080000000,0x00000000810f83d0,0x0000000084300000)
 Metaspace       used 34746K, committed 35904K, reserved 1114112K
  class space    used 3593K, committed 4096K, reserved 1048576K
}
Event: 15.680 GC heap after
{Heap after GC invocations=14 (full 1):
 PSYoungGen      total 22528K, used 128K [0x00000000d5580000, 0x00000000d7080000, 0x0000000100000000)
  eden space 22016K, 0% used [0x00000000d5580000,0x00000000d5580000,0x00000000d6b00000)
  from space 512K, 25% used [0x00000000d6e00000,0x00000000d6e20000,0x00000000d6e80000)
  to   space 1024K, 0% used [0x00000000d6f80000,0x00000000d6f80000,0x00000000d7080000)
 ParOldGen       total 68608K, used 19052K [0x0000000080000000, 0x0000000084300000, 0x00000000d5580000)
  object space 68608K, 27% used [0x0000000080000000,0x000000008129b0a8,0x0000000084300000)
 Metaspace       used 34746K, committed 35904K, reserved 1114112K
  class space    used 3593K, committed 4096K, reserved 1048576K
}
Event: 15.798 GC heap before
{Heap before GC invocations=15 (full 1):
 PSYoungGen      total 22528K, used 4896K [0x00000000d5580000, 0x00000000d7080000, 0x0000000100000000)
  eden space 22016K, 21% used [0x00000000d5580000,0x00000000d5a283b0,0x00000000d6b00000)
  from space 512K, 25% used [0x00000000d6e00000,0x00000000d6e20000,0x00000000d6e80000)
  to   space 1024K, 0% used [0x00000000d6f80000,0x00000000d6f80000,0x00000000d7080000)
 ParOldGen       total 68608K, used 19052K [0x0000000080000000, 0x0000000084300000, 0x00000000d5580000)
  object space 68608K, 27% used [0x0000000080000000,0x000000008129b0a8,0x0000000084300000)
 Metaspace       used 35052K, committed 36160K, reserved 1114112K
  class space    used 3626K, committed 4096K, reserved 1048576K
}
Event: 15.800 GC heap after
{Heap after GC invocations=15 (full 1):
 PSYoungGen      total 23040K, used 1008K [0x00000000d5580000, 0x00000000d7080000, 0x0000000100000000)
  eden space 22016K, 0% used [0x00000000d5580000,0x00000000d5580000,0x00000000d6b00000)
  from space 1024K, 98% used [0x00000000d6f80000,0x00000000d707c010,0x00000000d7080000)
  to   space 2048K, 0% used [0x00000000d6c80000,0x00000000d6c80000,0x00000000d6e80000)
 ParOldGen       total 68608K, used 19676K [0x0000000080000000, 0x0000000084300000, 0x00000000d5580000)
  object space 68608K, 28% used [0x0000000080000000,0x00000000813370a8,0x0000000084300000)
 Metaspace       used 35052K, committed 36160K, reserved 1114112K
  class space    used 3626K, committed 4096K, reserved 1048576K
}
Event: 15.800 GC heap before
{Heap before GC invocations=16 (full 2):
 PSYoungGen      total 23040K, used 1008K [0x00000000d5580000, 0x00000000d7080000, 0x0000000100000000)
  eden space 22016K, 0% used [0x00000000d5580000,0x00000000d5580000,0x00000000d6b00000)
  from space 1024K, 98% used [0x00000000d6f80000,0x00000000d707c010,0x00000000d7080000)
  to   space 2048K, 0% used [0x00000000d6c80000,0x00000000d6c80000,0x00000000d6e80000)
 ParOldGen       total 68608K, used 19676K [0x0000000080000000, 0x0000000084300000, 0x00000000d5580000)
  object space 68608K, 28% used [0x0000000080000000,0x00000000813370a8,0x0000000084300000)
 Metaspace       used 35052K, committed 36160K, reserved 1114112K
  class space    used 3626K, committed 4096K, reserved 1048576K
}
Event: 15.843 GC heap after
{Heap after GC invocations=16 (full 2):
 PSYoungGen      total 23040K, used 0K [0x00000000d5580000, 0x00000000d7080000, 0x0000000100000000)
  eden space 22016K, 0% used [0x00000000d5580000,0x00000000d5580000,0x00000000d6b00000)
  from space 1024K, 0% used [0x00000000d6f80000,0x00000000d6f80000,0x00000000d7080000)
  to   space 2048K, 0% used [0x00000000d6c80000,0x00000000d6c80000,0x00000000d6e80000)
 ParOldGen       total 68608K, used 19473K [0x0000000080000000, 0x0000000084300000, 0x00000000d5580000)
  object space 68608K, 28% used [0x0000000080000000,0x0000000081304648,0x0000000084300000)
 Metaspace       used 35052K, committed 36160K, reserved 1114112K
  class space    used 3626K, committed 4096K, reserved 1048576K
}
Event: 16.326 GC heap before
{Heap before GC invocations=17 (full 2):
 PSYoungGen      total 23040K, used 22016K [0x00000000d5580000, 0x00000000d7080000, 0x0000000100000000)
  eden space 22016K, 100% used [0x00000000d5580000,0x00000000d6b00000,0x00000000d6b00000)
  from space 1024K, 0% used [0x00000000d6f80000,0x00000000d6f80000,0x00000000d7080000)
  to   space 2048K, 0% used [0x00000000d6c80000,0x00000000d6c80000,0x00000000d6e80000)
 ParOldGen       total 68608K, used 19473K [0x0000000080000000, 0x0000000084300000, 0x00000000d5580000)
  object space 68608K, 28% used [0x0000000080000000,0x0000000081304648,0x0000000084300000)
 Metaspace       used 36701K, committed 37824K, reserved 1114112K
  class space    used 3855K, committed 4352K, reserved 1048576K
}
Event: 16.328 GC heap after
{Heap after GC invocations=17 (full 2):
 PSYoungGen      total 24064K, used 864K [0x00000000d5580000, 0x00000000d7000000, 0x0000000100000000)
  eden space 22016K, 0% used [0x00000000d5580000,0x00000000d5580000,0x00000000d6b00000)
  from space 2048K, 42% used [0x00000000d6c80000,0x00000000d6d58000,0x00000000d6e80000)
  to   space 1536K, 0% used [0x00000000d6e80000,0x00000000d6e80000,0x00000000d7000000)
 ParOldGen       total 68608K, used 19481K [0x0000000080000000, 0x0000000084300000, 0x00000000d5580000)
  object space 68608K, 28% used [0x0000000080000000,0x0000000081306648,0x0000000084300000)
 Metaspace       used 36701K, committed 37824K, reserved 1114112K
  class space    used 3855K, committed 4352K, reserved 1048576K
}
Event: 16.829 GC heap before
{Heap before GC invocations=18 (full 2):
 PSYoungGen      total 24064K, used 22880K [0x00000000d5580000, 0x00000000d7000000, 0x0000000100000000)
  eden space 22016K, 100% used [0x00000000d5580000,0x00000000d6b00000,0x00000000d6b00000)
  from space 2048K, 42% used [0x00000000d6c80000,0x00000000d6d58000,0x00000000d6e80000)
  to   space 1536K, 0% used [0x00000000d6e80000,0x00000000d6e80000,0x00000000d7000000)
 ParOldGen       total 68608K, used 19481K [0x0000000080000000, 0x0000000084300000, 0x00000000d5580000)
  object space 68608K, 28% used [0x0000000080000000,0x0000000081306648,0x0000000084300000)
 Metaspace       used 38367K, committed 39488K, reserved 1114112K
  class space    used 4049K, committed 4544K, reserved 1048576K
}
Event: 16.832 GC heap after
{Heap after GC invocations=18 (full 2):
 PSYoungGen      total 23040K, used 800K [0x00000000d5580000, 0x00000000d6f80000, 0x0000000100000000)
  eden space 22016K, 0% used [0x00000000d5580000,0x00000000d5580000,0x00000000d6b00000)
  from space 1024K, 78% used [0x00000000d6e80000,0x00000000d6f48000,0x00000000d6f80000)
  to   space 1024K, 0% used [0x00000000d6d80000,0x00000000d6d80000,0x00000000d6e80000)
 ParOldGen       total 68608K, used 20217K [0x0000000080000000, 0x0000000084300000, 0x00000000d5580000)
  object space 68608K, 29% used [0x0000000080000000,0x00000000813be648,0x0000000084300000)
 Metaspace       used 38367K, committed 39488K, reserved 1114112K
  class space    used 4049K, committed 4544K, reserved 1048576K
}
Event: 17.804 GC heap before
{Heap before GC invocations=19 (full 2):
 PSYoungGen      total 23040K, used 22816K [0x00000000d5580000, 0x00000000d6f80000, 0x0000000100000000)
  eden space 22016K, 100% used [0x00000000d5580000,0x00000000d6b00000,0x00000000d6b00000)
  from space 1024K, 78% used [0x00000000d6e80000,0x00000000d6f48000,0x00000000d6f80000)
  to   space 1024K, 0% used [0x00000000d6d80000,0x00000000d6d80000,0x00000000d6e80000)
 ParOldGen       total 68608K, used 20217K [0x0000000080000000, 0x0000000084300000, 0x00000000d5580000)
  object space 68608K, 29% used [0x0000000080000000,0x00000000813be648,0x0000000084300000)
 Metaspace       used 40783K, committed 41920K, reserved 1114112K
  class space    used 4357K, committed 4864K, reserved 1048576K
}
Event: 17.809 GC heap after
{Heap after GC invocations=19 (full 2):
 PSYoungGen      total 23040K, used 960K [0x00000000d5580000, 0x00000000d6f00000, 0x0000000100000000)
  eden space 22016K, 0% used [0x00000000d5580000,0x00000000d5580000,0x00000000d6b00000)
  from space 1024K, 93% used [0x00000000d6d80000,0x00000000d6e70000,0x00000000d6e80000)
  to   space 512K, 0% used [0x00000000d6e80000,0x00000000d6e80000,0x00000000d6f00000)
 ParOldGen       total 68608K, used 20857K [0x0000000080000000, 0x0000000084300000, 0x00000000d5580000)
  object space 68608K, 30% used [0x0000000080000000,0x000000008145e658,0x0000000084300000)
 Metaspace       used 40783K, committed 41920K, reserved 1114112K
  class space    used 4357K, committed 4864K, reserved 1048576K
}

Dll operation events (10 events):
Event: 0.050 Loaded shared library c:\Users\DELL\.vscode\extensions\redhat.java-1.55.0-win32-x64\jre\21.0.11-win32-x86_64\bin\java.dll
Event: 0.177 Loaded shared library c:\Users\DELL\.vscode\extensions\redhat.java-1.55.0-win32-x64\jre\21.0.11-win32-x86_64\bin\zip.dll
Event: 0.211 Loaded shared library C:\Users\DELL\.vscode\extensions\redhat.java-1.55.0-win32-x64\jre\21.0.11-win32-x86_64\bin\instrument.dll
Event: 0.228 Loaded shared library C:\Users\DELL\.vscode\extensions\redhat.java-1.55.0-win32-x64\jre\21.0.11-win32-x86_64\bin\net.dll
Event: 0.237 Loaded shared library C:\Users\DELL\.vscode\extensions\redhat.java-1.55.0-win32-x64\jre\21.0.11-win32-x86_64\bin\nio.dll
Event: 0.243 Loaded shared library C:\Users\DELL\.vscode\extensions\redhat.java-1.55.0-win32-x64\jre\21.0.11-win32-x86_64\bin\zip.dll
Event: 0.274 Loaded shared library C:\Users\DELL\.vscode\extensions\redhat.java-1.55.0-win32-x64\jre\21.0.11-win32-x86_64\bin\jimage.dll
Event: 0.399 Loaded shared library c:\Users\DELL\.vscode\extensions\redhat.java-1.55.0-win32-x64\jre\21.0.11-win32-x86_64\bin\verify.dll
Event: 5.164 Loaded shared library C:\Users\DELL\AppData\Roaming\Code\User\globalStorage\redhat.java\1.55.0\config_win\org.eclipse.equinox.launcher\org.eclipse.equinox.launcher.win32.win32.x86_64_1.3.100.v20260613-0559\eclipse_11924.dll
Event: 11.210 Loaded shared library C:\Users\DELL\AppData\Local\Temp\jna-2094529\jna17726214665771631895.dll

Deoptimization events (20 events):
Event: 16.954 Thread 0x000002520dfeaac0 Uncommon trap: trap_request=0xffffff45 fr.pc=0x00000251b9e1f5f4 relative=0x0000000000004f94
Event: 16.954 Thread 0x000002520dfeaac0 Uncommon trap: reason=unstable_if action=reinterpret pc=0x00000251b9e1f5f4 method=org.eclipse.osgi.internal.loader.BundleLoader.getPackageName(Ljava/lang/String;)Ljava/lang/String; @ 12 c2
Event: 16.954 Thread 0x000002520dfeaac0 DEOPT PACKING pc=0x00000251b9e1f5f4 sp=0x00000058b9afdc30
Event: 16.954 Thread 0x000002520dfeaac0 DEOPT UNPACKING pc=0x00000251b9706da2 sp=0x00000058b9afdb90 mode 2
Event: 18.413 Thread 0x000002520c124060 Uncommon trap: trap_request=0xffffffde fr.pc=0x00000251b9e2eecc relative=0x000000000000062c
Event: 18.413 Thread 0x000002520c124060 Uncommon trap: reason=class_check action=maybe_recompile pc=0x00000251b9e2eecc method=java.util.TreeMap.put(Ljava/lang/Object;Ljava/lang/Object;Z)Ljava/lang/Object; @ 118 c2
Event: 18.413 Thread 0x000002520c124060 DEOPT PACKING pc=0x00000251b9e2eecc sp=0x00000058b8dfdb60
Event: 18.413 Thread 0x000002520c124060 DEOPT UNPACKING pc=0x00000251b9706da2 sp=0x00000058b8dfdaf0 mode 2
Event: 18.413 Thread 0x000002520c124060 Uncommon trap: trap_request=0xffffffde fr.pc=0x00000251b9e2eecc relative=0x000000000000062c
Event: 18.413 Thread 0x000002520c124060 Uncommon trap: reason=class_check action=maybe_recompile pc=0x00000251b9e2eecc method=java.util.TreeMap.put(Ljava/lang/Object;Ljava/lang/Object;Z)Ljava/lang/Object; @ 118 c2
Event: 18.414 Thread 0x000002520c124060 DEOPT PACKING pc=0x00000251b9e2eecc sp=0x00000058b8dfdb60
Event: 18.414 Thread 0x000002520c124060 DEOPT UNPACKING pc=0x00000251b9706da2 sp=0x00000058b8dfdaf0 mode 2
Event: 18.414 Thread 0x000002520c124060 Uncommon trap: trap_request=0xffffffde fr.pc=0x00000251b9e2eecc relative=0x000000000000062c
Event: 18.414 Thread 0x000002520c124060 Uncommon trap: reason=class_check action=maybe_recompile pc=0x00000251b9e2eecc method=java.util.TreeMap.put(Ljava/lang/Object;Ljava/lang/Object;Z)Ljava/lang/Object; @ 118 c2
Event: 18.414 Thread 0x000002520c124060 DEOPT PACKING pc=0x00000251b9e2eecc sp=0x00000058b8dfdb60
Event: 18.414 Thread 0x000002520c124060 DEOPT UNPACKING pc=0x00000251b9706da2 sp=0x00000058b8dfdaf0 mode 2
Event: 18.414 Thread 0x000002520c124060 Uncommon trap: trap_request=0xffffffde fr.pc=0x00000251b9e2eecc relative=0x000000000000062c
Event: 18.414 Thread 0x000002520c124060 Uncommon trap: reason=class_check action=maybe_recompile pc=0x00000251b9e2eecc method=java.util.TreeMap.put(Ljava/lang/Object;Ljava/lang/Object;Z)Ljava/lang/Object; @ 118 c2
Event: 18.414 Thread 0x000002520c124060 DEOPT PACKING pc=0x00000251b9e2eecc sp=0x00000058b8dfdb60
Event: 18.414 Thread 0x000002520c124060 DEOPT UNPACKING pc=0x00000251b9706da2 sp=0x00000058b8dfdaf0 mode 2

Classes loaded (20 events):
Event: 16.420 Loading class sun/nio/ch/Iocp$ResultHandler done
Event: 16.420 Loading class sun/nio/ch/WindowsAsynchronousFileChannelImpl$ReadTask done
Event: 16.681 Loading class sun/reflect/generics/repository/FieldRepository
Event: 16.681 Loading class sun/reflect/generics/repository/FieldRepository done
Event: 16.877 Loading class sun/reflect/annotation/AnnotatedTypeFactory$AnnotatedParameterizedTypeImpl
Event: 16.877 Loading class java/lang/reflect/AnnotatedParameterizedType
Event: 16.877 Loading class java/lang/reflect/AnnotatedParameterizedType done
Event: 16.877 Loading class sun/reflect/annotation/AnnotatedTypeFactory$AnnotatedParameterizedTypeImpl done
Event: 17.151 Loading class java/util/concurrent/CompletionService
Event: 17.152 Loading class java/util/concurrent/CompletionService done
Event: 17.167 Loading class sun/reflect/generics/scope/ConstructorScope
Event: 17.167 Loading class sun/reflect/generics/scope/ConstructorScope done
Event: 17.167 Loading class sun/reflect/generics/tree/VoidDescriptor
Event: 17.167 Loading class sun/reflect/generics/tree/VoidDescriptor done
Event: 17.735 Loading class java/nio/channels/ServerSocketChannel
Event: 17.735 Loading class java/nio/channels/ServerSocketChannel done
Event: 18.355 Loading class java/lang/ExceptionInInitializerError
Event: 18.356 Loading class java/lang/ExceptionInInitializerError done
Event: 18.359 Loading class sun/misc/Unsafe
Event: 18.365 Loading class sun/misc/Unsafe done

Classes unloaded (7 events):
Event: 12.543 Thread 0x00000251c594e950 Unloading class 0x00000251c71a3400 'java/lang/invoke/LambdaForm$MH+0x00000251c71a3400'
Event: 12.543 Thread 0x00000251c594e950 Unloading class 0x00000251c71a3000 'java/lang/invoke/LambdaForm$MH+0x00000251c71a3000'
Event: 12.543 Thread 0x00000251c594e950 Unloading class 0x00000251c71a2c00 'java/lang/invoke/LambdaForm$MH+0x00000251c71a2c00'
Event: 12.543 Thread 0x00000251c594e950 Unloading class 0x00000251c71a2800 'java/lang/invoke/LambdaForm$MH+0x00000251c71a2800'
Event: 12.543 Thread 0x00000251c594e950 Unloading class 0x00000251c71a2400 'java/lang/invoke/LambdaForm$BMH+0x00000251c71a2400'
Event: 12.543 Thread 0x00000251c594e950 Unloading class 0x00000251c71a2000 'java/lang/invoke/LambdaForm$DMH+0x00000251c71a2000'
Event: 12.543 Thread 0x00000251c594e950 Unloading class 0x00000251c71a0c00 'java/lang/invoke/LambdaForm$DMH+0x00000251c71a0c00'

Classes redefined (0 events):
No events

Internal exceptions (20 events):
Event: 13.662 Thread 0x000002520c1274e0 Exception <a 'java/lang/NoSuchMethodError'{0x00000000d69fda40}: 'int java.lang.invoke.DirectMethodHandle$Holder.invokeSpecial(java.lang.Object, java.lang.Object, java.lang.Object, java.lang.Object)'> (0x00000000d69fda40) 
thrown [s\src\hotspot\share\interpreter\linkResolver.cpp, line 773]
Event: 13.668 Thread 0x000002520c1274e0 Exception <a 'java/lang/NoSuchMethodError'{0x00000000d6a0b3c0}: 'java.lang.Object java.lang.invoke.DirectMethodHandle$Holder.invokeStatic(java.lang.Object, int, java.lang.Object, java.lang.Object)'> (0x00000000d6a0b3c0) 
thrown [s\src\hotspot\share\interpreter\linkResolver.cpp, line 773]
Event: 13.668 Thread 0x000002520c1274e0 Exception <a 'java/lang/NoSuchMethodError'{0x00000000d6a0ede8}: 'java.lang.Object java.lang.invoke.DelegatingMethodHandle$Holder.delegate(java.lang.Object, int, java.lang.Object, java.lang.Object)'> (0x00000000d6a0ede8) 
thrown [s\src\hotspot\share\interpreter\linkResolver.cpp, line 773]
Event: 13.688 Thread 0x000002520c1274e0 Exception <a 'java/lang/NoSuchMethodError'{0x00000000d6a93648}: 'int java.lang.invoke.Invokers$Holder.linkToTargetMethod(java.lang.Object, java.lang.Object, java.lang.Object)'> (0x00000000d6a93648) 
thrown [s\src\hotspot\share\interpreter\linkResolver.cpp, line 773]
Event: 14.060 Thread 0x000002520c124060 Exception <a 'java/lang/NoSuchMethodError'{0x00000000d56a9e00}: 'java.lang.Object java.lang.invoke.DirectMethodHandle$Holder.invokeSpecialIFC(java.lang.Object, java.lang.Object, java.lang.Object, java.lang.Object)'> (0x00000000d56a9e00) 
thrown [s\src\hotspot\share\interpreter\linkResolver.cpp, line 773]
Event: 14.444 Thread 0x000002520c5f4f80 Exception <a 'java/lang/ClassNotFoundException'{0x00000000d5e93328}: com/sun/org/apache/xml/internal/serializer/spi/XMLEntitiesProvider> (0x00000000d5e93328) 
thrown [s\src\hotspot\share\classfile\systemDictionary.cpp, line 313]
Event: 14.796 Thread 0x000002520c5f4f80 Exception <a 'java/io/FileNotFoundException'{0x00000000d653dbe8}> (0x00000000d653dbe8) 
thrown [s\src\hotspot\share\prims\jni.cpp, line 520]
Event: 14.903 Thread 0x000002520c5f4f80 Exception <a 'java/lang/UnsatisfiedLinkError'{0x00000000d671ed50}: The specified procedure could not be found.
> (0x00000000d671ed50) 
thrown [s\src\hotspot\share\prims\jni.cpp, line 539]
Event: 14.974 Thread 0x000002520c5f4f80 Exception <a 'java/io/FileNotFoundException'{0x00000000d6736b48}> (0x00000000d6736b48) 
thrown [s\src\hotspot\share\prims\jni.cpp, line 520]
Event: 15.023 Thread 0x000002520c5f4f80 Exception <a 'java/lang/UnsatisfiedLinkError'{0x00000000d69c1728}: The specified procedure could not be found.
> (0x00000000d69c1728) 
thrown [s\src\hotspot\share\prims\jni.cpp, line 539]
Event: 15.357 Thread 0x000002520c125aa0 Exception <a 'java/lang/NoSuchMethodError'{0x00000000d5bec228}: 'void java.lang.invoke.DirectMethodHandle$Holder.invokeStaticInit(java.lang.Object, java.lang.Object, java.lang.Object, java.lang.Object)'> (0x00000000d5bec228) 
thrown [s\src\hotspot\share\interpreter\linkResolver.cpp, line 773]
Event: 15.554 Thread 0x00000251aef77bf0 Exception <a 'java/lang/NoSuchMethodError'{0x00000000d69ae7d0}: 'java.lang.Object java.lang.invoke.DirectMethodHandle$Holder.invokeStatic(java.lang.Object, long, java.lang.Object)'> (0x00000000d69ae7d0) 
thrown [s\src\hotspot\share\interpreter\linkResolver.cpp, line 773]
Event: 15.554 Thread 0x00000251aef77bf0 Exception <a 'java/lang/NoSuchMethodError'{0x00000000d69b2078}: 'java.lang.Object java.lang.invoke.DirectMethodHandle$Holder.invokeStaticInit(java.lang.Object, long, java.lang.Object)'> (0x00000000d69b2078) 
thrown [s\src\hotspot\share\interpreter\linkResolver.cpp, line 773]
Event: 15.561 Thread 0x00000251aef77bf0 Exception <a 'java/lang/NoSuchMethodError'{0x00000000d69d0298}: 'java.lang.Object java.lang.invoke.DirectMethodHandle$Holder.newInvokeSpecial(java.lang.Object, long)'> (0x00000000d69d0298) 
thrown [s\src\hotspot\share\interpreter\linkResolver.cpp, line 773]
Event: 15.687 Thread 0x000002520c124060 Exception <a 'java/lang/NoClassDefFoundError'{0x00000000d562bc70}: javax/enterprise/inject/Typed> (0x00000000d562bc70) 
thrown [s\src\hotspot\share\classfile\systemDictionary.cpp, line 302]
Event: 16.261 Thread 0x00000251aef77bf0 Exception <a 'java/lang/NoSuchMethodError'{0x00000000d69d9db8}: 'void java.lang.invoke.DirectMethodHandle$Holder.invokeSpecial(java.lang.Object, java.lang.Object, java.lang.Object, java.lang.Object, java.lang.Object, java.lang.Object)'> (0x00000000d69d9db8) 
thrown [s\src\hotspot\share\interpreter\linkResolver.cpp, line 773]
Event: 16.262 Thread 0x00000251aef77bf0 Exception <a 'java/lang/IncompatibleClassChangeError'{0x00000000d69e1e80}: Found class java.lang.Object, but interface was expected> (0x00000000d69e1e80) 
thrown [s\src\hotspot\share\interpreter\linkResolver.cpp, line 840]
Event: 16.262 Thread 0x00000251aef77bf0 Exception <a 'java/lang/IncompatibleClassChangeError'{0x00000000d69e2fc8}: Found class java.lang.Object, but interface was expected> (0x00000000d69e2fc8) 
thrown [s\src\hotspot\share\interpreter\linkResolver.cpp, line 840]
Event: 18.322 Thread 0x000002520c124060 Exception <a 'java/lang/NoSuchMethodError'{0x00000000d5c73cc8}: 'void java.lang.invoke.DirectMethodHandle$Holder.invokeStaticInit(java.lang.Object, java.lang.Object, java.lang.Object)'> (0x00000000d5c73cc8) 
thrown [s\src\hotspot\share\interpreter\linkResolver.cpp, line 773]
Event: 18.372 Thread 0x000002520c124060 Exception <a 'java/lang/ExceptionInInitializerError'{0x00000000d5cb6cc0}> (0x00000000d5cb6cc0) 
thrown [s\src\hotspot\share\oops\instanceKlass.cpp, line 1218]

ZGC Phase Switch (0 events):
No events

VM Operations (20 events):
Event: 15.594 Executing safepoint VM operation: ParallelGCFailedAllocation (Allocation Failure)
Event: 15.604 Executing safepoint VM operation: ParallelGCFailedAllocation (Allocation Failure) done
Event: 15.630 Executing non-safepoint VM operation: HandshakeAllThreads (Deoptimize)
Event: 15.647 Executing non-safepoint VM operation: HandshakeAllThreads (Deoptimize) done
Event: 15.652 Executing safepoint VM operation: CollectForMetadataAllocation (Metadata GC Threshold)
Event: 15.663 Executing safepoint VM operation: CollectForMetadataAllocation (Metadata GC Threshold) done
Event: 15.665 Executing safepoint VM operation: ParallelGCSystemGC (GCLocker Initiated GC)
Event: 15.680 Executing safepoint VM operation: ParallelGCSystemGC (GCLocker Initiated GC) done
Event: 15.798 Executing safepoint VM operation: CollectForMetadataAllocation (Metadata GC Threshold)
Event: 15.843 Executing safepoint VM operation: CollectForMetadataAllocation (Metadata GC Threshold) done
Event: 16.318 Executing safepoint VM operation: ParallelGCFailedAllocation (Allocation Failure)
Event: 16.328 Executing safepoint VM operation: ParallelGCFailedAllocation (Allocation Failure) done
Event: 16.828 Executing safepoint VM operation: ParallelGCFailedAllocation (Allocation Failure)
Event: 16.832 Executing safepoint VM operation: ParallelGCFailedAllocation (Allocation Failure) done
Event: 16.968 Executing non-safepoint VM operation: HandshakeAllThreads (Deoptimize)
Event: 16.968 Executing non-safepoint VM operation: HandshakeAllThreads (Deoptimize) done
Event: 17.076 Executing non-safepoint VM operation: HandshakeAllThreads (Deoptimize)
Event: 17.076 Executing non-safepoint VM operation: HandshakeAllThreads (Deoptimize) done
Event: 17.804 Executing safepoint VM operation: ParallelGCFailedAllocation (Allocation Failure)
Event: 17.809 Executing safepoint VM operation: ParallelGCFailedAllocation (Allocation Failure) done

Memory protections (0 events):
No events

Nmethod flushes (20 events):
Event: 15.821 Thread 0x00000251c594e950 flushing  nmethod 0x00000251b27e4790
Event: 15.821 Thread 0x00000251c594e950 flushing  nmethod 0x00000251b27e6110
Event: 15.821 Thread 0x00000251c594e950 flushing  nmethod 0x00000251b27e6a10
Event: 15.821 Thread 0x00000251c594e950 flushing  nmethod 0x00000251b27e7c10
Event: 15.821 Thread 0x00000251c594e950 flushing  nmethod 0x00000251b27e8410
Event: 15.821 Thread 0x00000251c594e950 flushing  nmethod 0x00000251b27ea110
Event: 15.821 Thread 0x00000251c594e950 flushing  nmethod 0x00000251b27ea610
Event: 15.821 Thread 0x00000251c594e950 flushing  nmethod 0x00000251b27eab10
Event: 15.821 Thread 0x00000251c594e950 flushing  nmethod 0x00000251b27eaf10
Event: 15.821 Thread 0x00000251c594e950 flushing  nmethod 0x00000251b27eb390
Event: 15.821 Thread 0x00000251c594e950 flushing  nmethod 0x00000251b27ebf10
Event: 15.821 Thread 0x00000251c594e950 flushing  nmethod 0x00000251b27ee890
Event: 15.821 Thread 0x00000251c594e950 flushing  nmethod 0x00000251b27eeb90
Event: 15.821 Thread 0x00000251c594e950 flushing  nmethod 0x00000251b27f9710
Event: 15.821 Thread 0x00000251c594e950 flushing  nmethod 0x00000251b2840490
Event: 15.821 Thread 0x00000251c594e950 flushing  nmethod 0x00000251b2841890
Event: 15.821 Thread 0x00000251c594e950 flushing  nmethod 0x00000251b288e890
Event: 15.821 Thread 0x00000251c594e950 flushing  nmethod 0x00000251b2892890
Event: 15.821 Thread 0x00000251c594e950 flushing  nmethod 0x00000251b28b0110
Event: 15.821 Thread 0x00000251c594e950 flushing  nmethod 0x00000251b28c3510

Events (20 events):
Event: 5.180 Thread 0x00000251aef77bf0 Thread added: 0x000002520c5f4f80
Event: 7.388 Thread 0x000002520c5f4f80 Thread added: 0x000002520cab4b20
Event: 10.061 Thread 0x000002520c5f4f80 Thread added: 0x000002520c7b24b0
Event: 10.645 Thread 0x000002520c5f4f80 Thread added: 0x00000252076fed10
Event: 11.251 Thread 0x000002520c5f4f80 Thread added: 0x000002520c126e50
Event: 11.419 Thread 0x000002520c5f4f80 Thread added: 0x000002520c1274e0
Event: 11.535 Thread 0x000002520c5f4f80 Thread added: 0x000002520c124060
Event: 13.617 Thread 0x000002520c124060 Thread added: 0x000002520c1267c0
Event: 13.639 Thread 0x000002520c5f4f80 Thread added: 0x000002520c124d80
Event: 13.748 Thread 0x000002520c1267c0 Thread added: 0x000002520c125410
Event: 13.941 Thread 0x000002520c1267c0 Thread added: 0x000002520c125aa0
Event: 15.498 Thread 0x000002520c1267c0 Thread added: 0x000002520c126130
Event: 15.579 Thread 0x00000251aef77bf0 Thread added: 0x000002520dfeb150
Event: 15.579 Thread 0x00000251aef77bf0 Thread added: 0x000002520dff0010
Event: 15.579 Thread 0x00000251aef77bf0 Thread added: 0x000002520dfeec60
Event: 15.595 Thread 0x00000251aef77bf0 Thread added: 0x000002520dfe9710
Event: 15.607 Thread 0x00000251aef77bf0 Thread added: 0x000002520dfe9080
Event: 15.644 Thread 0x00000251aef77bf0 Thread added: 0x000002520dfef980
Event: 16.353 Thread 0x00000251aef77bf0 Thread added: 0x000002520dfee5d0
Event: 16.354 Thread 0x00000251aef77bf0 Thread added: 0x000002520dfeaac0


Dynamic libraries:
0x00007ff7c6240000 - 0x00007ff7c624e000 	c:\Users\DELL\.vscode\extensions\redhat.java-1.55.0-win32-x64\jre\21.0.11-win32-x86_64\bin\java.exe
0x00007ffaf6b30000 - 0x00007ffaf6d28000 	C:\Windows\SYSTEM32\ntdll.dll
0x00007ffaf61c0000 - 0x00007ffaf6282000 	C:\Windows\System32\KERNEL32.DLL
0x00007ffaf4630000 - 0x00007ffaf4926000 	C:\Windows\System32\KERNELBASE.dll
0x00007ffaf4420000 - 0x00007ffaf4520000 	C:\Windows\System32\ucrtbase.dll
0x00007ffae4020000 - 0x00007ffae4038000 	c:\Users\DELL\.vscode\extensions\redhat.java-1.55.0-win32-x64\jre\21.0.11-win32-x86_64\bin\jli.dll
0x00007ffae4000000 - 0x00007ffae401e000 	c:\Users\DELL\.vscode\extensions\redhat.java-1.55.0-win32-x64\jre\21.0.11-win32-x86_64\bin\VCRUNTIME140.dll
0x00007ffaf6340000 - 0x00007ffaf64e1000 	C:\Windows\System32\USER32.dll
0x00007ffaf34f0000 - 0x00007ffaf378b000 	C:\Windows\WinSxS\amd64_microsoft.windows.common-controls_6595b64144ccf1df_6.0.19041.6456_none_60b8a6cb71f64256\COMCTL32.dll
0x00007ffaf43f0000 - 0x00007ffaf4412000 	C:\Windows\System32\win32u.dll
0x00007ffaf67e0000 - 0x00007ffaf687e000 	C:\Windows\System32\msvcrt.dll
0x00007ffaf68e0000 - 0x00007ffaf690b000 	C:\Windows\System32\GDI32.dll
0x00007ffaf4980000 - 0x00007ffaf4a99000 	C:\Windows\System32\gdi32full.dll
0x00007ffaf4350000 - 0x00007ffaf43ed000 	C:\Windows\System32\msvcp_win.dll
0x00007ffaf4eb0000 - 0x00007ffaf4edf000 	C:\Windows\System32\IMM32.DLL
0x00007ffae2d20000 - 0x00007ffae2d2c000 	c:\Users\DELL\.vscode\extensions\redhat.java-1.55.0-win32-x64\jre\21.0.11-win32-x86_64\bin\vcruntime140_1.dll
0x00007ffab52d0000 - 0x00007ffab535d000 	c:\Users\DELL\.vscode\extensions\redhat.java-1.55.0-win32-x64\jre\21.0.11-win32-x86_64\bin\msvcp140.dll
0x00007ffa73700000 - 0x00007ffa744a2000 	c:\Users\DELL\.vscode\extensions\redhat.java-1.55.0-win32-x64\jre\21.0.11-win32-x86_64\bin\server\jvm.dll
0x00007ffaf56b0000 - 0x00007ffaf5761000 	C:\Windows\System32\ADVAPI32.dll
0x00007ffaf6a50000 - 0x00007ffaf6aef000 	C:\Windows\System32\sechost.dll
0x00007ffaf6920000 - 0x00007ffaf6a40000 	C:\Windows\System32\RPCRT4.dll
0x00007ffaf4320000 - 0x00007ffaf4347000 	C:\Windows\System32\bcrypt.dll
0x00007ffaf5df0000 - 0x00007ffaf5e5b000 	C:\Windows\System32\WS2_32.dll
0x00007ffaf4020000 - 0x00007ffaf406b000 	C:\Windows\SYSTEM32\POWRPROF.dll
0x00007ffaf0900000 - 0x00007ffaf090a000 	C:\Windows\SYSTEM32\VERSION.dll
0x00007ffadbb20000 - 0x00007ffadbb47000 	C:\Windows\SYSTEM32\WINMM.dll
0x00007ffaf4000000 - 0x00007ffaf4012000 	C:\Windows\SYSTEM32\UMPDC.dll
0x00007ffaf2330000 - 0x00007ffaf2342000 	C:\Windows\SYSTEM32\kernel.appcore.dll
0x00007ffadb9e0000 - 0x00007ffadb9ea000 	c:\Users\DELL\.vscode\extensions\redhat.java-1.55.0-win32-x64\jre\21.0.11-win32-x86_64\bin\jimage.dll
0x00007ffaf38e0000 - 0x00007ffaf3ae1000 	C:\Windows\SYSTEM32\DBGHELP.DLL
0x00007ffaf3880000 - 0x00007ffaf38b4000 	C:\Windows\SYSTEM32\dbgcore.DLL
0x00007ffaf45a0000 - 0x00007ffaf4622000 	C:\Windows\System32\bcryptPrimitives.dll
0x00007ffaeb930000 - 0x00007ffaeb93f000 	c:\Users\DELL\.vscode\extensions\redhat.java-1.55.0-win32-x64\jre\21.0.11-win32-x86_64\bin\instrument.dll
0x00007ffad7180000 - 0x00007ffad71a0000 	c:\Users\DELL\.vscode\extensions\redhat.java-1.55.0-win32-x64\jre\21.0.11-win32-x86_64\bin\java.dll
0x00007ffaf4ee0000 - 0x00007ffaf5650000 	C:\Windows\System32\SHELL32.dll
0x00007ffaf1b70000 - 0x00007ffaf2315000 	C:\Windows\SYSTEM32\windows.storage.dll
0x00007ffaf5e60000 - 0x00007ffaf61b4000 	C:\Windows\System32\combase.dll
0x00007ffaf33a0000 - 0x00007ffaf33cb000 	C:\Windows\SYSTEM32\Wldp.dll
0x00007ffaf65e0000 - 0x00007ffaf66ad000 	C:\Windows\System32\OLEAUT32.dll
0x00007ffaf6290000 - 0x00007ffaf633d000 	C:\Windows\System32\SHCORE.dll
0x00007ffaf5650000 - 0x00007ffaf56ab000 	C:\Windows\System32\shlwapi.dll
0x00007ffaf40f0000 - 0x00007ffaf4114000 	C:\Windows\SYSTEM32\profapi.dll
0x00007ffad3cb0000 - 0x00007ffad3cc8000 	c:\Users\DELL\.vscode\extensions\redhat.java-1.55.0-win32-x64\jre\21.0.11-win32-x86_64\bin\zip.dll
0x00007ffaeb860000 - 0x00007ffaeb870000 	C:\Users\DELL\.vscode\extensions\redhat.java-1.55.0-win32-x64\jre\21.0.11-win32-x86_64\bin\net.dll
0x00007ffae9be0000 - 0x00007ffae9cea000 	C:\Windows\SYSTEM32\WINHTTP.dll
0x00007ffaf3160000 - 0x00007ffaf31ca000 	C:\Windows\system32\mswsock.dll
0x00007ffaeb170000 - 0x00007ffaeb186000 	C:\Users\DELL\.vscode\extensions\redhat.java-1.55.0-win32-x64\jre\21.0.11-win32-x86_64\bin\nio.dll
0x00007ffaeb020000 - 0x00007ffaeb030000 	c:\Users\DELL\.vscode\extensions\redhat.java-1.55.0-win32-x64\jre\21.0.11-win32-x86_64\bin\verify.dll
0x00007ffac95a0000 - 0x00007ffac95e5000 	C:\Users\DELL\AppData\Roaming\Code\User\globalStorage\redhat.java\1.55.0\config_win\org.eclipse.equinox.launcher\org.eclipse.equinox.launcher.win32.win32.x86_64_1.3.100.v20260613-0559\eclipse_11924.dll
0x00007ffaf66b0000 - 0x00007ffaf67db000 	C:\Windows\System32\ole32.dll
0x00007ffaf3e50000 - 0x00007ffaf3e68000 	C:\Windows\SYSTEM32\CRYPTSP.dll
0x00007ffaf2b20000 - 0x00007ffaf2b58000 	C:\Windows\system32\rsaenh.dll
0x00007ffaf40b0000 - 0x00007ffaf40de000 	C:\Windows\SYSTEM32\USERENV.dll
0x00007ffaf33f0000 - 0x00007ffaf33fc000 	C:\Windows\SYSTEM32\CRYPTBASE.dll
0x00007ffaf2e80000 - 0x00007ffaf2ebb000 	C:\Windows\SYSTEM32\IPHLPAPI.DLL
0x00007ffaf6910000 - 0x00007ffaf6918000 	C:\Windows\System32\NSI.dll
0x00007ffac1a60000 - 0x00007ffac1aa9000 	C:\Users\DELL\AppData\Local\Temp\jna-2094529\jna17726214665771631895.dll
0x00007ffaf6a40000 - 0x00007ffaf6a48000 	C:\Windows\System32\PSAPI.DLL
0x00007ffaea460000 - 0x00007ffaea477000 	C:\Windows\SYSTEM32\dhcpcsvc6.DLL
0x00007ffaeb390000 - 0x00007ffaeb3ad000 	C:\Windows\SYSTEM32\dhcpcsvc.DLL

JVMTI agents:
c:\Users\DELL\.vscode\extensions\redhat.java-1.55.0-win32-x64\lombok\lombok-1.18.39-4050.jar path:c:\Users\DELL\.vscode\extensions\redhat.java-1.55.0-win32-x64\jre\21.0.11-win32-x86_64\bin\instrument.dll, loaded, initialized, instrumentlib options:none

dbghelp: loaded successfully - version: 4.0.5 - missing functions: none
symbol engine: initialized successfully - sym options: 0x614 - pdb path: .;c:\Users\DELL\.vscode\extensions\redhat.java-1.55.0-win32-x64\jre\21.0.11-win32-x86_64\bin;C:\Windows\SYSTEM32;C:\Windows\WinSxS\amd64_microsoft.windows.common-controls_6595b64144ccf1df_6.0.19041.6456_none_60b8a6cb71f64256;c:\Users\DELL\.vscode\extensions\redhat.java-1.55.0-win32-x64\jre\21.0.11-win32-x86_64\bin\server;C:\Users\DELL\AppData\Roaming\Code\User\globalStorage\redhat.java\1.55.0\config_win\org.eclipse.equinox.launcher\org.eclipse.equinox.launcher.win32.win32.x86_64_1.3.100.v20260613-0559;C:\Users\DELL\AppData\Local\Temp\jna-2094529

VM Arguments:
jvm_args: --add-modules=ALL-SYSTEM --add-opens=java.base/java.util=ALL-UNNAMED --add-opens=java.base/java.lang=ALL-UNNAMED --add-opens=java.base/sun.nio.fs=ALL-UNNAMED -Declipse.application=org.eclipse.jdt.ls.core.id1 -Dosgi.bundles.defaultStartLevel=4 -Declipse.product=org.eclipse.jdt.ls.core.product -Djava.import.generatesMetadataFilesAtProjectRoot=false -DDetectVMInstallationsJob.disabled=true -Dfile.encoding=utf8 -XX:+UseParallelGC -XX:GCTimeRatio=4 -XX:AdaptiveSizePolicyWeight=90 -Dsun.zip.disableMemoryMapping=true -Xmx2G -Xms100m -Xlog:disable -javaagent:c:\Users\DELL\.vscode\extensions\redhat.java-1.55.0-win32-x64\lombok\lombok-1.18.39-4050.jar -XX:+HeapDumpOnOutOfMemoryError -XX:HeapDumpPath=c:\Users\DELL\AppData\Roaming\Code\User\workspaceStorage\1a6564583ea9243afe764279d878b582\redhat.java -Daether.dependencyCollector.impl=bf 
java_command: c:\Users\DELL\.vscode\extensions\redhat.java-1.55.0-win32-x64\server\plugins\org.eclipse.equinox.launcher_1.7.200.v20260619-2039.jar -configuration c:\Users\DELL\AppData\Roaming\Code\User\globalStorage\redhat.java\1.55.0\config_win -data c:\Users\DELL\AppData\Roaming\Code\User\workspaceStorage\1a6564583ea9243afe764279d878b582\redhat.java\jdt_ws --pipe=\\.\pipe\lsp-cd9ed791e7400f723a7b64ce6c1eafa3-sock
java_class_path (initial): c:\Users\DELL\.vscode\extensions\redhat.java-1.55.0-win32-x64\server\plugins\org.eclipse.equinox.launcher_1.7.200.v20260619-2039.jar
Launcher Type: SUN_STANDARD

[Global flags]
    uintx AdaptiveSizePolicyWeight                 = 90                                        {product} {command line}
     intx CICompilerCount                          = 3                                         {product} {ergonomic}
    uintx GCTimeRatio                              = 4                                         {product} {command line}
     bool HeapDumpOnOutOfMemoryError               = true                                   {manageable} {command line}
    ccstr HeapDumpPath                             = c:\Users\DELL\AppData\Roaming\Code\User\workspaceStorage\1a6564583ea9243afe764279d878b582\redhat.java         {manageable} {command line}
   size_t InitialHeapSize                          = 104857600                                 {product} {command line}
   size_t MaxHeapSize                              = 2147483648                                {product} {command line}
   size_t MaxNewSize                               = 715653120                                 {product} {ergonomic}
   size_t MinHeapDeltaBytes                        = 524288                                    {product} {ergonomic}
   size_t MinHeapSize                              = 104857600                                 {product} {command line}
   size_t NewSize                                  = 34603008                                  {product} {ergonomic}
    uintx NonNMethodCodeHeapSize                   = 5832780                                {pd product} {ergonomic}
    uintx NonProfiledCodeHeapSize                  = 122912730                              {pd product} {ergonomic}
   size_t OldSize                                  = 70254592                                  {product} {ergonomic}
    uintx ProfiledCodeHeapSize                     = 122912730                              {pd product} {ergonomic}
    uintx ReservedCodeCacheSize                    = 251658240                              {pd product} {ergonomic}
     bool SegmentedCodeCache                       = true                                      {product} {ergonomic}
   size_t SoftMaxHeapSize                          = 2147483648                             {manageable} {ergonomic}
     bool UseCompressedOops                        = true                           {product lp64_product} {ergonomic}
     bool UseLargePagesIndividualAllocation        = false                                  {pd product} {ergonomic}
     bool UseParallelGC                            = true                                      {product} {command line}

Logging:
Log output configuration:
 #0: stdout all=off uptime,level,tags foldmultilines=false
 #1: stderr all=off uptime,level,tags foldmultilines=false

Release file:
JAVA_VERSION="21.0.11" 
MODULES="java.base java.compiler java.datatransfer java.xml java.prefs java.desktop java.instrument java.logging java.management java.security.sasl java.naming java.rmi java.management.rmi java.net.http java.scripting java.security.jgss java.transaction.xa java.sql java.sql.rowset java.xml.crypto java.se java.smartcardio jdk.accessibility jdk.internal.jvmstat jdk.attach jdk.charsets jdk.internal.opt jdk.zipfs jdk.compiler jdk.crypto.ec jdk.crypto.cryptoki jdk.crypto.mscapi jdk.dynalink jdk.internal.ed jdk.editpad jdk.hotspot.agent jdk.httpserver jdk.internal.le jdk.internal.vm.ci jdk.internal.vm.compiler jdk.internal.vm.compiler.management jdk.jartool jdk.javadoc jdk.jcmd jdk.management jdk.management.agent jdk.jconsole jdk.jdeps jdk.jdwp.agent jdk.jdi jdk.jfr jdk.jshell jdk.jsobject jdk.jstatd jdk.localedata jdk.management.jfr jdk.naming.dns jdk.naming.rmi jdk.net jdk.nio.mapmode jdk.random jdk.sctp jdk.security.auth jdk.security.jgss jdk.unsupported jdk.unsupported.desktop jdk.xml.dom" 

Environment Variables:
JAVA_HOME=C:\Program Files\Java\jdk-22
PATH=C:\Program Files\Common Files\Oracle\Java\javapath;C:\oraclexe\app\oracle\product\11.2.0\server\bin;C:\Windows\system32;C:\Windows;C:\Windows\System32\Wbem;C:\Windows\System32\WindowsPowerShell\v1.0\;C:\Windows\System32\OpenSSH\;C:\Program Files\Java\jdk-17.0.1\bin;C:\Program Files\dotnet\;C:\php;C:\Program Files\Java\jdk1.8.0_351\bin;C:\Program Files\Java\jdk-22;C:\Program Files\MySQL\MySQL Server 8.0\bin;C:\MinGW\bin;C:\Program Files\Java\jdk-25\bin;C:\Program Files\Git\cmd;C:\Program Files\nodejs\;C:\Program Files\MySQL\MySQL Shell 8.0\bin\;C:\Users\DELL\AppData\Local\Programs\Python\Python37\Scripts\;C:\Users\DELL\AppData\Local\Programs\Python\Python37\;C:\Users\DELL\AppData\Local\Microsoft\WindowsApps;C:\Program Files (x86)\mingw-w64\i686-8.1.0-posix-dwarf-rt_v6-rev0\mingw32\bin;C:\Program Files\Java\jdk-17.0.1\bin;C:\Users\DELL\AppData\Local\Programs\Python\Python38\Scripts;C:\Users\DELL\AppData\Local\Programs\Python\Python38;C:\Users\DELL\AppData\Local\Programs\Microsoft VS Code\bin;C:\Users\DELL\AppData\Local\GitHubDesktop\bin;C:\Program Files\JetBrains\IntelliJ IDEA 2025.3.1\bin;C:\Users\DELL\AppData\Roaming\npm
USERNAME=DELL
OS=Windows_NT
PROCESSOR_IDENTIFIER=Intel64 Family 6 Model 126 Stepping 5, GenuineIntel
TMP=C:\Users\DELL\AppData\Local\Temp
TEMP=C:\Users\DELL\AppData\Local\Temp




Periodic native trim disabled

---------------  S Y S T E M  ---------------

OS:
 Windows 10 , 64 bit Build 19041 (10.0.19041.5915)
OS uptime: 8 days 9:07 hours

CPU: total 4 (initial active 4) (2 cores per cpu, 2 threads per core) family 6 model 126 stepping 5 microcode 0xcc, cx8, cmov, fxsr, ht, mmx, 3dnowpref, sse, sse2, sse3, ssse3, sse4.1, sse4.2, popcnt, lzcnt, tsc, tscinvbit, avx, avx2, aes, erms, clmul, bmi1, bmi2, adx, avx512f, avx512dq, avx512cd, avx512bw, avx512vl, sha, fma, vzeroupper, avx512_vpopcntdq, avx512_vpclmulqdq, avx512_vaes, avx512_vnni, clflush, clflushopt, avx512_vbmi2, avx512_vbmi, rdtscp, rdpid, fsrm, gfni, avx512_bitalg, f16c, pku, avx512_ifma
Processor Information for the first 4 processors :
  Max Mhz: 1190, Current Mhz: 1190, Mhz Limit: 1190

Memory: 4k page, system-wide physical 3862M (97M free)
TotalPageFile size 15638M (AvailPageFile size 22M)
current process WorkingSet (physical memory assigned to process): 188M, peak: 193M
current process commit charge ("private bytes"): 307M, peak: 311M

vm_info: OpenJDK 64-Bit Server VM (21.0.11+10-LTS) for windows-amd64 JRE (21.0.11+10-LTS), built on 2026-04-21T00:00:00Z by "admin" with MS VC++ 17.12 (VS2022)

END.
