#
# There is insufficient memory for the Java Runtime Environment to continue.
# Native memory allocation (malloc) failed to allocate 1370176 bytes. Error detail: Chunk::new
# Possible reasons:
#   The system is out of physical RAM or swap space
#   This process is running with CompressedOops enabled, and the Java Heap may be blocking the growth of the native heap
# Possible solutions:
#   Reduce memory load on the system
#   Increase physical memory or swap space
#   Check if swap backing store is full
#   Decrease Java heap size (-Xmx/-Xms)
#   Decrease number of Java threads
#   Decrease Java thread stack sizes (-Xss)
#   Set larger code cache with -XX:ReservedCodeCacheSize=
#   JVM is running with Unscaled Compressed Oops mode in which the Java heap is
#     placed in the first 4GB address space. The Java Heap base address is the
#     maximum limit for the native heap growth. Please use -XX:HeapBaseMinAddress
#     to set the Java Heap base and to place the Java Heap above 4GB virtual address.
# This output file may be truncated or incomplete.
#
#  Out of Memory Error (arena.cpp:168), pid=17196, tid=17864
#
# JRE version: OpenJDK Runtime Environment Temurin-21.0.11+10 (21.0.11+10) (build 21.0.11+10-LTS)
# Java VM: OpenJDK 64-Bit Server VM Temurin-21.0.11+10 (21.0.11+10-LTS, mixed mode, sharing, tiered, compressed oops, compressed class ptrs, parallel gc, windows-amd64)
# No core dump will be written. Minidumps are not enabled by default on client versions of Windows
#

---------------  S U M M A R Y ------------

Command Line: --add-modules=ALL-SYSTEM --add-opens=java.base/java.util=ALL-UNNAMED --add-opens=java.base/java.lang=ALL-UNNAMED --add-opens=java.base/sun.nio.fs=ALL-UNNAMED -Declipse.application=org.eclipse.jdt.ls.core.id1 -Dosgi.bundles.defaultStartLevel=4 -Declipse.product=org.eclipse.jdt.ls.core.product -Djava.import.generatesMetadataFilesAtProjectRoot=false -DDetectVMInstallationsJob.disabled=true -Dfile.encoding=utf8 -XX:+UseParallelGC -XX:GCTimeRatio=4 -XX:AdaptiveSizePolicyWeight=90 -Dsun.zip.disableMemoryMapping=true -Xmx2G -Xms100m -Xlog:disable -javaagent:c:\Users\DELL\.vscode\extensions\redhat.java-1.55.0-win32-x64\lombok\lombok-1.18.39-4050.jar -XX:+HeapDumpOnOutOfMemoryError -XX:HeapDumpPath=c:\Users\DELL\AppData\Roaming\Code\User\workspaceStorage\1a6564583ea9243afe764279d878b582\redhat.java -Daether.dependencyCollector.impl=bf c:\Users\DELL\.vscode\extensions\redhat.java-1.55.0-win32-x64\server\plugins\org.eclipse.equinox.launcher_1.7.200.v20260619-2039.jar -configuration c:\Users\DELL\AppData\Roaming\Code\User\globalStorage\redhat.java\1.55.0\config_win -data c:\Users\DELL\AppData\Roaming\Code\User\workspaceStorage\1a6564583ea9243afe764279d878b582\redhat.java\jdt_ws --pipe=\\.\pipe\lsp-cebf0143b4fd4ed857f54a59b39c0d61-sock

Host: Intel(R) Core(TM) i3-1005G1 CPU @ 1.20GHz, 4 cores, 3G,  Windows 10 , 64 bit Build 19041 (10.0.19041.5915)
Time: Wed Jul 15 09:05:23 2026 India Standard Time elapsed time: 25.731016 seconds (0d 0h 0m 25s)

---------------  T H R E A D  ---------------

Current thread (0x0000020ccf3de3f0):  JavaThread "C2 CompilerThread0" daemon [_thread_in_native, id=17864, stack(0x000000ecf5c00000,0x000000ecf5d00000) (1024K)]


Current CompileTask:
C2:25731 10368       4       java.lang.invoke.MethodType::makeImpl (109 bytes)

Stack: [0x000000ecf5c00000,0x000000ecf5d00000]
Native frames: (J=compiled Java code, j=interpreted, Vv=VM code, C=native code)
V  [jvm.dll+0x6d7e19]
V  [jvm.dll+0x8b5096]
V  [jvm.dll+0x8b764e]
V  [jvm.dll+0x8b7d33]
V  [jvm.dll+0x284596]
V  [jvm.dll+0xc685d]
V  [jvm.dll+0xc6da1]
V  [jvm.dll+0x3bed6b]
V  [jvm.dll+0x1e4149]
V  [jvm.dll+0x24c853]
V  [jvm.dll+0x24bce0]
V  [jvm.dll+0x1cb4ae]
V  [jvm.dll+0x25baad]
V  [jvm.dll+0x25a03a]
V  [jvm.dll+0x3f868e]
V  [jvm.dll+0x85fb0d]
V  [jvm.dll+0x6d664d]
C  [ucrtbase.dll+0x21bb2]
C  [KERNEL32.DLL+0x17374]
C  [ntdll.dll+0x4cc91]


---------------  P R O C E S S  ---------------

Threads class SMR info:
_java_thread_list=0x0000020d2278ee30, length=39, elements={
0x0000020cb684f0e0, 0x0000020ccf3d2bc0, 0x0000020ccf3d44d0, 0x0000020ccf3d8150,
0x0000020ccf3daf80, 0x0000020ccf3dcb50, 0x0000020ccf3dd5b0, 0x0000020ccf3de3f0,
0x0000020ccf450470, 0x0000020d11204860, 0x0000020d11394d70, 0x0000020d1174bb80,
0x0000020d118cf2b0, 0x0000020d11a049a0, 0x0000020d11a053e0, 0x0000020d1186fe70,
0x0000020d161d4570, 0x0000020d111b1e10, 0x0000020d114b7920, 0x0000020d114b5850,
0x0000020d114b7fb0, 0x0000020d114b8cd0, 0x0000020d114b5ee0, 0x0000020d114b6570,
0x0000020d114b6c00, 0x0000020d177f73c0, 0x0000020d177fa1b0, 0x0000020d177fc280,
0x0000020d177f8770, 0x0000020d177fbbf0, 0x0000020d177f7a50, 0x0000020d177f9490,
0x0000020d177f8e00, 0x0000020d177f66a0, 0x0000020d177f80e0, 0x0000020d177fa840,
0x0000020d177fc910, 0x0000020d177faed0, 0x0000020d177fb560
}

Java Threads: ( => current thread )
  0x0000020cb684f0e0 JavaThread "main"                              [_thread_blocked, id=18104, stack(0x000000ecf5100000,0x000000ecf5200000) (1024K)]
  0x0000020ccf3d2bc0 JavaThread "Reference Handler"          daemon [_thread_blocked, id=16436, stack(0x000000ecf5600000,0x000000ecf5700000) (1024K)]
  0x0000020ccf3d44d0 JavaThread "Finalizer"                  daemon [_thread_blocked, id=7464, stack(0x000000ecf5700000,0x000000ecf5800000) (1024K)]
  0x0000020ccf3d8150 JavaThread "Signal Dispatcher"          daemon [_thread_blocked, id=12844, stack(0x000000ecf5800000,0x000000ecf5900000) (1024K)]
  0x0000020ccf3daf80 JavaThread "Attach Listener"            daemon [_thread_blocked, id=3256, stack(0x000000ecf5900000,0x000000ecf5a00000) (1024K)]
  0x0000020ccf3dcb50 JavaThread "Service Thread"             daemon [_thread_blocked, id=12808, stack(0x000000ecf5a00000,0x000000ecf5b00000) (1024K)]
  0x0000020ccf3dd5b0 JavaThread "Monitor Deflation Thread"   daemon [_thread_blocked, id=10700, stack(0x000000ecf5b00000,0x000000ecf5c00000) (1024K)]
=>0x0000020ccf3de3f0 JavaThread "C2 CompilerThread0"         daemon [_thread_in_native, id=17864, stack(0x000000ecf5c00000,0x000000ecf5d00000) (1024K)]
  0x0000020ccf450470 JavaThread "C1 CompilerThread0"         daemon [_thread_blocked, id=14300, stack(0x000000ecf5d00000,0x000000ecf5e00000) (1024K)]
  0x0000020d11204860 JavaThread "Common-Cleaner"             daemon [_thread_blocked, id=5228, stack(0x000000ecf5e00000,0x000000ecf5f00000) (1024K)]
  0x0000020d11394d70 JavaThread "Notification Thread"        daemon [_thread_blocked, id=10856, stack(0x000000ecf5f00000,0x000000ecf6000000) (1024K)]
  0x0000020d1174bb80 JavaThread "Active Thread: Equinox Container: eea16370-f746-4534-aae2-0ec6a249eb04"        [_thread_blocked, id=14740, stack(0x000000ecf6300000,0x000000ecf6400000) (1024K)]
  0x0000020d118cf2b0 JavaThread "Refresh Thread: Equinox Container: eea16370-f746-4534-aae2-0ec6a249eb04" daemon [_thread_blocked, id=14708, stack(0x000000ecf6400000,0x000000ecf6500000) (1024K)]
  0x0000020d11a049a0 JavaThread "Framework Event Dispatcher: Equinox Container: eea16370-f746-4534-aae2-0ec6a249eb04" daemon [_thread_blocked, id=3384, stack(0x000000ecf6500000,0x000000ecf6600000) (1024K)]
  0x0000020d11a053e0 JavaThread "Start Level: Equinox Container: eea16370-f746-4534-aae2-0ec6a249eb04" daemon [_thread_blocked, id=7820, stack(0x000000ecf6600000,0x000000ecf6700000) (1024K)]
  0x0000020d1186fe70 JavaThread "Bundle File Closer"         daemon [_thread_blocked, id=16020, stack(0x000000ecf6700000,0x000000ecf6800000) (1024K)]
  0x0000020d161d4570 JavaThread "SCR Component Actor"        daemon [_thread_blocked, id=13440, stack(0x000000ecf6800000,0x000000ecf6900000) (1024K)]
  0x0000020d111b1e10 JavaThread "Worker-JM"                         [_thread_blocked, id=5500, stack(0x000000ecf6900000,0x000000ecf6a00000) (1024K)]
  0x0000020d114b7920 JavaThread "JNA Cleaner"                daemon [_thread_blocked, id=17048, stack(0x000000ecf6a00000,0x000000ecf6b00000) (1024K)]
  0x0000020d114b5850 JavaThread "Worker-0"                          [_thread_blocked, id=14292, stack(0x000000ecf6b00000,0x000000ecf6c00000) (1024K)]
  0x0000020d114b7fb0 JavaThread "Worker-1"                          [_thread_blocked, id=4052, stack(0x000000ecf6c00000,0x000000ecf6d00000) (1024K)]
  0x0000020d114b8cd0 JavaThread "Java indexing"              daemon [_thread_blocked, id=17432, stack(0x000000ecf6d00000,0x000000ecf6e00000) (1024K)]
  0x0000020d114b5ee0 JavaThread "Worker-2"                          [_thread_blocked, id=12848, stack(0x000000ecf6e00000,0x000000ecf6f00000) (1024K)]
  0x0000020d114b6570 JavaThread "Worker-3"                          [_thread_blocked, id=12132, stack(0x000000ecf6f00000,0x000000ecf7000000) (1024K)]
  0x0000020d114b6c00 JavaThread "Worker-4"                          [_thread_blocked, id=10148, stack(0x000000ecf7000000,0x000000ecf7100000) (1024K)]
  0x0000020d177f73c0 JavaThread "Worker-5"                          [_thread_blocked, id=18824, stack(0x000000ecf7100000,0x000000ecf7200000) (1024K)]
  0x0000020d177fa1b0 JavaThread "Thread-1"                   daemon [_thread_in_native, id=16816, stack(0x000000ecf7200000,0x000000ecf7300000) (1024K)]
  0x0000020d177fc280 JavaThread "Thread-2"                   daemon [_thread_in_native, id=10068, stack(0x000000ecf7300000,0x000000ecf7400000) (1024K)]
  0x0000020d177f8770 JavaThread "Thread-3"                   daemon [_thread_in_native, id=9536, stack(0x000000ecf7400000,0x000000ecf7500000) (1024K)]
  0x0000020d177fbbf0 JavaThread "Thread-4"                   daemon [_thread_in_native, id=3156, stack(0x000000ecf7500000,0x000000ecf7600000) (1024K)]
  0x0000020d177f7a50 JavaThread "Thread-5"                   daemon [_thread_in_native, id=7536, stack(0x000000ecf7600000,0x000000ecf7700000) (1024K)]
  0x0000020d177f9490 JavaThread "pool-2-thread-1"                   [_thread_blocked, id=16532, stack(0x000000ecf7700000,0x000000ecf7800000) (1024K)]
  0x0000020d177f8e00 JavaThread "WorkspaceEventsHandler"            [_thread_blocked, id=16496, stack(0x000000ecf7800000,0x000000ecf7900000) (1024K)]
  0x0000020d177f66a0 JavaThread "pool-1-thread-1"                   [_thread_blocked, id=19608, stack(0x000000ecf7900000,0x000000ecf7a00000) (1024K)]
  0x0000020d177f80e0 JavaThread "PatternSearchJob-worker-1"  daemon [_thread_blocked, id=6312, stack(0x000000ecf7a00000,0x000000ecf7b00000) (1024K)]
  0x0000020d177fa840 JavaThread "ForkJoinPool.commonPool-worker-1" daemon [_thread_blocked, id=15204, stack(0x000000ecf7b00000,0x000000ecf7c00000) (1024K)]
  0x0000020d177fc910 JavaThread "ForkJoinPool.commonPool-worker-2" daemon [_thread_in_Java, id=7532, stack(0x000000ecf7c00000,0x000000ecf7d00000) (1024K)]
  0x0000020d177faed0 JavaThread "ForkJoinPool.commonPool-worker-3" daemon [_thread_blocked, id=1928, stack(0x000000ecf7d00000,0x000000ecf7e00000) (1024K)]
  0x0000020d177fb560 JavaThread "PatternSearchJob-worker-2"  daemon [_thread_blocked, id=19004, stack(0x000000ecf7e00000,0x000000ecf7f00000) (1024K)]
Total: 39

Other Threads:
  0x0000020cb8aa9310 VMThread "VM Thread"                           [id=11816, stack(0x000000ecf5500000,0x000000ecf5600000) (1024K)]
  0x0000020cb8a59370 WatcherThread "VM Periodic Task Thread"        [id=18076, stack(0x000000ecf5400000,0x000000ecf5500000) (1024K)]
  0x0000020cb8a0c2d0 WorkerThread "GC Thread#0"                     [id=10536, stack(0x000000ecf5300000,0x000000ecf5400000) (1024K)]
  0x0000020d11619520 WorkerThread "GC Thread#1"                     [id=20400, stack(0x000000ecf6000000,0x000000ecf6100000) (1024K)]
  0x0000020d11619a80 WorkerThread "GC Thread#2"                     [id=15816, stack(0x000000ecf6100000,0x000000ecf6200000) (1024K)]
  0x0000020d116b6840 WorkerThread "GC Thread#3"                     [id=16948, stack(0x000000ecf6200000,0x000000ecf6300000) (1024K)]
Total: 6

Threads with active compile tasks:
C2 CompilerThread0  25830 10368       4       java.lang.invoke.MethodType::makeImpl (109 bytes)
Total: 1

VM state: not at safepoint (normal execution)

VM Mutex/Monitor currently owned by a thread: None

Heap address: 0x0000000080000000, size: 2048 MB, Compressed Oops mode: 32-bit

CDS archive(s) mapped at: [0x0000020cd0000000-0x0000020cd0ba0000-0x0000020cd0ba0000), size 12189696, SharedBaseAddress: 0x0000020cd0000000, ArchiveRelocationMode: 1.
Compressed class space mapped at: 0x0000020cd1000000-0x0000020d11000000, reserved size: 1073741824
Narrow klass base: 0x0000020cd0000000, Narrow klass shift: 0, Narrow klass range: 0x100000000

GC Precious Log:
 CardTable entry size: 512
 CPUs: 4 total, 4 available
 Memory: 3862M
 Large Page Support: Disabled
 NUMA Support: Disabled
 Compressed Oops: Enabled (32-bit)
 Alignments: Space 512K, Generation 512K, Heap 2M
 Heap Min Capacity: 100M
 Heap Initial Capacity: 100M
 Heap Max Capacity: 2G
 Pre-touch: Disabled
 Parallel Workers: 4

Heap:
 PSYoungGen      total 13312K, used 8587K [0x00000000d5580000, 0x00000000d6800000, 0x0000000100000000)
  eden space 11776K, 60% used [0x00000000d5580000,0x00000000d5c696d0,0x00000000d6100000)
  from space 1536K, 98% used [0x00000000d6580000,0x00000000d66f9548,0x00000000d6700000)
  to   space 1024K, 0% used [0x00000000d6700000,0x00000000d6700000,0x00000000d6800000)
 ParOldGen       total 68608K, used 67416K [0x0000000080000000, 0x0000000084300000, 0x00000000d5580000)
  object space 68608K, 98% used [0x0000000080000000,0x00000000841d6378,0x0000000084300000)
 Metaspace       used 65922K, committed 67520K, reserved 1114112K
  class space    used 6867K, committed 7616K, reserved 1048576K

Card table byte_map: [0x0000020cb8390000,0x0000020cb87a0000] _byte_map_base: 0x0000020cb7f90000

Marking Bits: (ParMarkBitMap*) 0x00007ffa3a294460
 Begin Bits: [0x0000020ccaea0000, 0x0000020cccea0000)
 End Bits:   [0x0000020cccea0000, 0x0000020cceea0000)

Polling page: 0x0000020cb67d0000

Metaspace:

Usage:
  Non-class:     57.67 MB used.
      Class:      6.71 MB used.
       Both:     64.38 MB used.

Virtual space:
  Non-class space:       64.00 MB reserved,      58.50 MB ( 91%) committed,  1 nodes.
      Class space:        1.00 GB reserved,       7.44 MB ( <1%) committed,  1 nodes.
             Both:        1.06 GB reserved,      65.94 MB (  6%) committed. 

Chunk freelists:
   Non-Class:  4.78 MB
       Class:  8.61 MB
        Both:  13.39 MB

MaxMetaspaceSize: unlimited
CompressedClassSpaceSize: 1.00 GB
Initial GC threshold: 21.00 MB
Current GC threshold: 97.31 MB
CDS: on
 - commit_granule_bytes: 65536.
 - commit_granule_words: 8192.
 - virtual_space_node_default_size: 8388608.
 - enlarge_chunks_in_place: 1.
 - use_allocation_guard: 0.


Internal statistics:

num_allocs_failed_limit: 11.
num_arena_births: 1164.
num_arena_deaths: 38.
num_vsnodes_births: 2.
num_vsnodes_deaths: 0.
num_space_committed: 1055.
num_space_uncommitted: 0.
num_chunks_returned_to_freelist: 59.
num_chunks_taken_from_freelist: 4292.
num_chunk_merges: 19.
num_chunk_splits: 2639.
num_chunks_enlarged: 1528.
num_inconsistent_stats: 0.

CodeHeap 'non-profiled nmethods': size=120000Kb used=4572Kb max_used=4572Kb free=115427Kb
 bounds [0x0000020cc36c0000, 0x0000020cc3b40000, 0x0000020ccabf0000]
CodeHeap 'profiled nmethods': size=120000Kb used=21805Kb max_used=21805Kb free=98194Kb
 bounds [0x0000020cbbbf0000, 0x0000020cbd140000, 0x0000020cc3120000]
CodeHeap 'non-nmethods': size=5760Kb used=1465Kb max_used=1512Kb free=4295Kb
 bounds [0x0000020cc3120000, 0x0000020cc3390000, 0x0000020cc36c0000]
CodeCache: size=245760Kb, used=27842Kb, max_used=27889Kb, free=217916Kb
 total_blobs=10498, nmethods=9725, adapters=677, full_count=0
Compilation: enabled, stopped_count=0, restarted_count=0

Compilation events (20 events):
Event: 25.472 Thread 0x0000020ccf450470 10398       1       org.eclipse.jdt.core.dom.ASTVisitor::visit (2 bytes)
Event: 25.472 Thread 0x0000020ccf450470 nmethod 10398 0x0000020cc3b35390 code [0x0000020cc3b35520, 0x0000020cc3b355e8]
Event: 25.472 Thread 0x0000020ccf450470 10399       2       org.eclipse.jdt.core.dom.QualifiedName::accept0 (34 bytes)
Event: 25.473 Thread 0x0000020ccf450470 nmethod 10399 0x0000020cbd136190 code [0x0000020cbd136380, 0x0000020cbd1365c0]
Event: 25.473 Thread 0x0000020ccf450470 10400       2       org.eclipse.jdt.core.dom.ASTVisitor::endVisit (1 bytes)
Event: 25.473 Thread 0x0000020ccf450470 nmethod 10400 0x0000020cbd136790 code [0x0000020cbd136920, 0x0000020cbd136a28]
Event: 25.473 Thread 0x0000020ccf450470 10401       1       org.eclipse.jdt.core.dom.ASTVisitor::visit (2 bytes)
Event: 25.473 Thread 0x0000020ccf450470 nmethod 10401 0x0000020cc3b35690 code [0x0000020cc3b35820, 0x0000020cc3b358e8]
Event: 25.473 Thread 0x0000020ccf450470 10402       1       org.eclipse.jdt.core.dom.ASTVisitor::visit (2 bytes)
Event: 25.474 Thread 0x0000020ccf450470 nmethod 10402 0x0000020cc3b35990 code [0x0000020cc3b35b20, 0x0000020cc3b35be8]
Event: 25.474 Thread 0x0000020ccf450470 10403       1       org.eclipse.jdt.core.dom.ASTVisitor::visit (2 bytes)
Event: 25.474 Thread 0x0000020ccf450470 nmethod 10403 0x0000020cc3b35c90 code [0x0000020cc3b35e20, 0x0000020cc3b35ee8]
Event: 25.474 Thread 0x0000020ccf450470 10404       2       org.eclipse.jdt.core.dom.NumberLiteral::accept0 (12 bytes)
Event: 25.474 Thread 0x0000020ccf450470 nmethod 10404 0x0000020cbd136a90 code [0x0000020cbd136c40, 0x0000020cbd136dc0]
Event: 25.592 Thread 0x0000020ccf450470 10405       1       org.eclipse.jdt.internal.core.dom.rewrite.RewriteEventStore$CopySourceInfo::getNode (5 bytes)
Event: 25.593 Thread 0x0000020ccf450470 nmethod 10405 0x0000020cc3b35f90 code [0x0000020cc3b36120, 0x0000020cc3b361e8]
Event: 25.615 Thread 0x0000020ccf450470 10406   !   2       java.lang.invoke.StringConcatFactory::makeConcatWithConstants (258 bytes)
Event: 25.617 Thread 0x0000020ccf450470 nmethod 10406 0x0000020cbd136e90 code [0x0000020cbd137240, 0x0000020cbd1381b8]
Event: 25.642 Thread 0x0000020ccf450470 10407       1       java.lang.invoke.DirectMethodHandle$Special::isInvokeSpecial (2 bytes)
Event: 25.642 Thread 0x0000020ccf450470 nmethod 10407 0x0000020cc3b36290 code [0x0000020cc3b36420, 0x0000020cc3b364e8]

GC Heap History (20 events):
Event: 22.725 GC heap before
{Heap before GC invocations=37 (full 3):
 PSYoungGen      total 23552K, used 20992K [0x00000000d5580000, 0x00000000d7000000, 0x0000000100000000)
  eden space 20992K, 100% used [0x00000000d5580000,0x00000000d6a00000,0x00000000d6a00000)
  from space 2560K, 0% used [0x00000000d6a00000,0x00000000d6a00000,0x00000000d6c80000)
  to   space 3072K, 0% used [0x00000000d6d00000,0x00000000d6d00000,0x00000000d7000000)
 ParOldGen       total 68608K, used 44522K [0x0000000080000000, 0x0000000084300000, 0x00000000d5580000)
  object space 68608K, 64% used [0x0000000080000000,0x0000000082b7aa28,0x0000000084300000)
 Metaspace       used 59788K, committed 61184K, reserved 1114112K
  class space    used 6400K, committed 7040K, reserved 1048576K
}
Event: 22.737 GC heap after
{Heap after GC invocations=37 (full 3):
 PSYoungGen      total 17920K, used 3042K [0x00000000d5580000, 0x00000000d7c00000, 0x0000000100000000)
  eden space 14848K, 0% used [0x00000000d5580000,0x00000000d5580000,0x00000000d6400000)
  from space 3072K, 99% used [0x00000000d6d00000,0x00000000d6ff8800,0x00000000d7000000)
  to   space 9216K, 0% used [0x00000000d6400000,0x00000000d6400000,0x00000000d6d00000)
 ParOldGen       total 68608K, used 49657K [0x0000000080000000, 0x0000000084300000, 0x00000000d5580000)
  object space 68608K, 72% used [0x0000000080000000,0x000000008307e730,0x0000000084300000)
 Metaspace       used 59788K, committed 61184K, reserved 1114112K
  class space    used 6400K, committed 7040K, reserved 1048576K
}
Event: 23.028 GC heap before
{Heap before GC invocations=38 (full 3):
 PSYoungGen      total 17920K, used 17890K [0x00000000d5580000, 0x00000000d7c00000, 0x0000000100000000)
  eden space 14848K, 100% used [0x00000000d5580000,0x00000000d6400000,0x00000000d6400000)
  from space 3072K, 99% used [0x00000000d6d00000,0x00000000d6ff8800,0x00000000d7000000)
  to   space 9216K, 0% used [0x00000000d6400000,0x00000000d6400000,0x00000000d6d00000)
 ParOldGen       total 68608K, used 49657K [0x0000000080000000, 0x0000000084300000, 0x00000000d5580000)
  object space 68608K, 72% used [0x0000000080000000,0x000000008307e730,0x0000000084300000)
 Metaspace       used 60358K, committed 61760K, reserved 1114112K
  class space    used 6431K, committed 7040K, reserved 1048576K
}
Event: 23.050 GC heap after
{Heap after GC invocations=38 (full 3):
 PSYoungGen      total 19968K, used 4671K [0x00000000d5580000, 0x00000000d7000000, 0x0000000100000000)
  eden space 14848K, 0% used [0x00000000d5580000,0x00000000d5580000,0x00000000d6400000)
  from space 5120K, 91% used [0x00000000d6400000,0x00000000d688fc70,0x00000000d6900000)
  to   space 6144K, 0% used [0x00000000d6a00000,0x00000000d6a00000,0x00000000d7000000)
 ParOldGen       total 68608K, used 52689K [0x0000000080000000, 0x0000000084300000, 0x00000000d5580000)
  object space 68608K, 76% used [0x0000000080000000,0x0000000083374788,0x0000000084300000)
 Metaspace       used 60358K, committed 61760K, reserved 1114112K
  class space    used 6431K, committed 7040K, reserved 1048576K
}
Event: 23.559 GC heap before
{Heap before GC invocations=39 (full 3):
 PSYoungGen      total 19968K, used 19519K [0x00000000d5580000, 0x00000000d7000000, 0x0000000100000000)
  eden space 14848K, 100% used [0x00000000d5580000,0x00000000d6400000,0x00000000d6400000)
  from space 5120K, 91% used [0x00000000d6400000,0x00000000d688fc70,0x00000000d6900000)
  to   space 6144K, 0% used [0x00000000d6a00000,0x00000000d6a00000,0x00000000d7000000)
 ParOldGen       total 68608K, used 52689K [0x0000000080000000, 0x0000000084300000, 0x00000000d5580000)
  object space 68608K, 76% used [0x0000000080000000,0x0000000083374788,0x0000000084300000)
 Metaspace       used 61048K, committed 62528K, reserved 1114112K
  class space    used 6468K, committed 7104K, reserved 1048576K
}
Event: 23.567 GC heap after
{Heap after GC invocations=39 (full 3):
 PSYoungGen      total 16384K, used 1076K [0x00000000d5580000, 0x00000000d6b80000, 0x0000000100000000)
  eden space 14848K, 0% used [0x00000000d5580000,0x00000000d5580000,0x00000000d6400000)
  from space 1536K, 70% used [0x00000000d6a00000,0x00000000d6b0d018,0x00000000d6b80000)
  to   space 3072K, 0% used [0x00000000d6580000,0x00000000d6580000,0x00000000d6880000)
 ParOldGen       total 68608K, used 55882K [0x0000000080000000, 0x0000000084300000, 0x00000000d5580000)
  object space 68608K, 81% used [0x0000000080000000,0x0000000083692868,0x0000000084300000)
 Metaspace       used 61048K, committed 62528K, reserved 1114112K
  class space    used 6468K, committed 7104K, reserved 1048576K
}
Event: 23.776 GC heap before
{Heap before GC invocations=40 (full 3):
 PSYoungGen      total 16384K, used 15907K [0x00000000d5580000, 0x00000000d6b80000, 0x0000000100000000)
  eden space 14848K, 99% used [0x00000000d5580000,0x00000000d63fbd30,0x00000000d6400000)
  from space 1536K, 70% used [0x00000000d6a00000,0x00000000d6b0d018,0x00000000d6b80000)
  to   space 3072K, 0% used [0x00000000d6580000,0x00000000d6580000,0x00000000d6880000)
 ParOldGen       total 68608K, used 55882K [0x0000000080000000, 0x0000000084300000, 0x00000000d5580000)
  object space 68608K, 81% used [0x0000000080000000,0x0000000083692868,0x0000000084300000)
 Metaspace       used 62032K, committed 63552K, reserved 1114112K
  class space    used 6546K, committed 7232K, reserved 1048576K
}
Event: 23.777 GC heap after
{Heap after GC invocations=40 (full 3):
 PSYoungGen      total 17920K, used 460K [0x00000000d5580000, 0x00000000d6a80000, 0x0000000100000000)
  eden space 14848K, 0% used [0x00000000d5580000,0x00000000d5580000,0x00000000d6400000)
  from space 3072K, 15% used [0x00000000d6580000,0x00000000d65f3378,0x00000000d6880000)
  to   space 1024K, 0% used [0x00000000d6980000,0x00000000d6980000,0x00000000d6a80000)
 ParOldGen       total 68608K, used 56061K [0x0000000080000000, 0x0000000084300000, 0x00000000d5580000)
  object space 68608K, 81% used [0x0000000080000000,0x00000000836bf490,0x0000000084300000)
 Metaspace       used 62032K, committed 63552K, reserved 1114112K
  class space    used 6546K, committed 7232K, reserved 1048576K
}
Event: 23.965 GC heap before
{Heap before GC invocations=41 (full 3):
 PSYoungGen      total 17920K, used 15308K [0x00000000d5580000, 0x00000000d6a80000, 0x0000000100000000)
  eden space 14848K, 100% used [0x00000000d5580000,0x00000000d6400000,0x00000000d6400000)
  from space 3072K, 15% used [0x00000000d6580000,0x00000000d65f3378,0x00000000d6880000)
  to   space 1024K, 0% used [0x00000000d6980000,0x00000000d6980000,0x00000000d6a80000)
 ParOldGen       total 68608K, used 56061K [0x0000000080000000, 0x0000000084300000, 0x00000000d5580000)
  object space 68608K, 81% used [0x0000000080000000,0x00000000836bf490,0x0000000084300000)
 Metaspace       used 62520K, committed 64064K, reserved 1114112K
  class space    used 6575K, committed 7296K, reserved 1048576K
}
Event: 23.974 GC heap after
{Heap after GC invocations=41 (full 3):
 PSYoungGen      total 12800K, used 998K [0x00000000d5580000, 0x00000000d7500000, 0x0000000100000000)
  eden space 11776K, 0% used [0x00000000d5580000,0x00000000d5580000,0x00000000d6100000)
  from space 1024K, 97% used [0x00000000d6980000,0x00000000d6a79870,0x00000000d6a80000)
  to   space 8704K, 0% used [0x00000000d6100000,0x00000000d6100000,0x00000000d6980000)
 ParOldGen       total 68608K, used 62300K [0x0000000080000000, 0x0000000084300000, 0x00000000d5580000)
  object space 68608K, 90% used [0x0000000080000000,0x0000000083cd7070,0x0000000084300000)
 Metaspace       used 62520K, committed 64064K, reserved 1114112K
  class space    used 6575K, committed 7296K, reserved 1048576K
}
Event: 24.198 GC heap before
{Heap before GC invocations=42 (full 3):
 PSYoungGen      total 12800K, used 12774K [0x00000000d5580000, 0x00000000d7500000, 0x0000000100000000)
  eden space 11776K, 100% used [0x00000000d5580000,0x00000000d6100000,0x00000000d6100000)
  from space 1024K, 97% used [0x00000000d6980000,0x00000000d6a79870,0x00000000d6a80000)
  to   space 8704K, 0% used [0x00000000d6100000,0x00000000d6100000,0x00000000d6980000)
 ParOldGen       total 68608K, used 63224K [0x0000000080000000, 0x0000000084300000, 0x00000000d5580000)
  object space 68608K, 92% used [0x0000000080000000,0x0000000083dbe038,0x0000000084300000)
 Metaspace       used 63125K, committed 64576K, reserved 1114112K
  class space    used 6616K, committed 7296K, reserved 1048576K
}
Event: 24.201 GC heap after
{Heap after GC invocations=42 (full 3):
 PSYoungGen      total 13824K, used 1767K [0x00000000d5580000, 0x00000000d6c00000, 0x0000000100000000)
  eden space 11776K, 0% used [0x00000000d5580000,0x00000000d5580000,0x00000000d6100000)
  from space 2048K, 86% used [0x00000000d6100000,0x00000000d62b9d10,0x00000000d6300000)
  to   space 4096K, 0% used [0x00000000d6800000,0x00000000d6800000,0x00000000d6c00000)
 ParOldGen       total 68608K, used 64230K [0x0000000080000000, 0x0000000084300000, 0x00000000d5580000)
  object space 68608K, 93% used [0x0000000080000000,0x0000000083eb98c8,0x0000000084300000)
 Metaspace       used 63125K, committed 64576K, reserved 1114112K
  class space    used 6616K, committed 7296K, reserved 1048576K
}
Event: 24.386 GC heap before
{Heap before GC invocations=43 (full 3):
 PSYoungGen      total 13824K, used 13543K [0x00000000d5580000, 0x00000000d6c00000, 0x0000000100000000)
  eden space 11776K, 99% used [0x00000000d5580000,0x00000000d60ffff8,0x00000000d6100000)
  from space 2048K, 86% used [0x00000000d6100000,0x00000000d62b9d10,0x00000000d6300000)
  to   space 4096K, 0% used [0x00000000d6800000,0x00000000d6800000,0x00000000d6c00000)
 ParOldGen       total 68608K, used 64232K [0x0000000080000000, 0x0000000084300000, 0x00000000d5580000)
  object space 68608K, 93% used [0x0000000080000000,0x0000000083eba0a8,0x0000000084300000)
 Metaspace       used 64021K, committed 65536K, reserved 1114112K
  class space    used 6660K, committed 7360K, reserved 1048576K
}
Event: 24.390 GC heap after
{Heap after GC invocations=43 (full 3):
 PSYoungGen      total 13312K, used 1245K [0x00000000d5580000, 0x00000000d6980000, 0x0000000100000000)
  eden space 11776K, 0% used [0x00000000d5580000,0x00000000d5580000,0x00000000d6100000)
  from space 1536K, 81% used [0x00000000d6800000,0x00000000d6937568,0x00000000d6980000)
  to   space 2048K, 0% used [0x00000000d6580000,0x00000000d6580000,0x00000000d6780000)
 ParOldGen       total 68608K, used 65968K [0x0000000080000000, 0x0000000084300000, 0x00000000d5580000)
  object space 68608K, 96% used [0x0000000080000000,0x000000008406c248,0x0000000084300000)
 Metaspace       used 64021K, committed 65536K, reserved 1114112K
  class space    used 6660K, committed 7360K, reserved 1048576K
}
Event: 24.538 GC heap before
{Heap before GC invocations=44 (full 3):
 PSYoungGen      total 13312K, used 13021K [0x00000000d5580000, 0x00000000d6980000, 0x0000000100000000)
  eden space 11776K, 100% used [0x00000000d5580000,0x00000000d6100000,0x00000000d6100000)
  from space 1536K, 81% used [0x00000000d6800000,0x00000000d6937568,0x00000000d6980000)
  to   space 2048K, 0% used [0x00000000d6580000,0x00000000d6580000,0x00000000d6780000)
 ParOldGen       total 68608K, used 65968K [0x0000000080000000, 0x0000000084300000, 0x00000000d5580000)
  object space 68608K, 96% used [0x0000000080000000,0x000000008406c248,0x0000000084300000)
 Metaspace       used 64185K, committed 65728K, reserved 1114112K
  class space    used 6664K, committed 7360K, reserved 1048576K
}
Event: 24.546 GC heap after
{Heap after GC invocations=44 (full 3):
 PSYoungGen      total 13824K, used 2002K [0x00000000d5580000, 0x00000000d6880000, 0x0000000100000000)
  eden space 11776K, 0% used [0x00000000d5580000,0x00000000d5580000,0x00000000d6100000)
  from space 2048K, 97% used [0x00000000d6580000,0x00000000d6774ab0,0x00000000d6780000)
  to   space 1024K, 0% used [0x00000000d6780000,0x00000000d6780000,0x00000000d6880000)
 ParOldGen       total 68608K, used 66247K [0x0000000080000000, 0x0000000084300000, 0x00000000d5580000)
  object space 68608K, 96% used [0x0000000080000000,0x00000000840b1c40,0x0000000084300000)
 Metaspace       used 64185K, committed 65728K, reserved 1114112K
  class space    used 6664K, committed 7360K, reserved 1048576K
}
Event: 24.733 GC heap before
{Heap before GC invocations=45 (full 3):
 PSYoungGen      total 13824K, used 13778K [0x00000000d5580000, 0x00000000d6880000, 0x0000000100000000)
  eden space 11776K, 100% used [0x00000000d5580000,0x00000000d6100000,0x00000000d6100000)
  from space 2048K, 97% used [0x00000000d6580000,0x00000000d6774ab0,0x00000000d6780000)
  to   space 1024K, 0% used [0x00000000d6780000,0x00000000d6780000,0x00000000d6880000)
 ParOldGen       total 68608K, used 66247K [0x0000000080000000, 0x0000000084300000, 0x00000000d5580000)
  object space 68608K, 96% used [0x0000000080000000,0x00000000840b1c40,0x0000000084300000)
 Metaspace       used 64559K, committed 66048K, reserved 1114112K
  class space    used 6691K, committed 7360K, reserved 1048576K
}
Event: 24.735 GC heap after
{Heap after GC invocations=45 (full 3):
 PSYoungGen      total 12800K, used 615K [0x00000000d5580000, 0x00000000d6880000, 0x0000000100000000)
  eden space 11776K, 0% used [0x00000000d5580000,0x00000000d5580000,0x00000000d6100000)
  from space 1024K, 60% used [0x00000000d6780000,0x00000000d6819e90,0x00000000d6880000)
  to   space 1536K, 0% used [0x00000000d6580000,0x00000000d6580000,0x00000000d6700000)
 ParOldGen       total 68608K, used 66589K [0x0000000080000000, 0x0000000084300000, 0x00000000d5580000)
  object space 68608K, 97% used [0x0000000080000000,0x0000000084107570,0x0000000084300000)
 Metaspace       used 64559K, committed 66048K, reserved 1114112K
  class space    used 6691K, committed 7360K, reserved 1048576K
}
Event: 25.389 GC heap before
{Heap before GC invocations=46 (full 3):
 PSYoungGen      total 12800K, used 12391K [0x00000000d5580000, 0x00000000d6880000, 0x0000000100000000)
  eden space 11776K, 100% used [0x00000000d5580000,0x00000000d6100000,0x00000000d6100000)
  from space 1024K, 60% used [0x00000000d6780000,0x00000000d6819e90,0x00000000d6880000)
  to   space 1536K, 0% used [0x00000000d6580000,0x00000000d6580000,0x00000000d6700000)
 ParOldGen       total 68608K, used 66589K [0x0000000080000000, 0x0000000084300000, 0x00000000d5580000)
  object space 68608K, 97% used [0x0000000080000000,0x0000000084107570,0x0000000084300000)
 Metaspace       used 65148K, committed 66688K, reserved 1114112K
  class space    used 6762K, committed 7488K, reserved 1048576K
}
Event: 25.394 GC heap after
{Heap after GC invocations=46 (full 3):
 PSYoungGen      total 13312K, used 1509K [0x00000000d5580000, 0x00000000d6800000, 0x0000000100000000)
  eden space 11776K, 0% used [0x00000000d5580000,0x00000000d5580000,0x00000000d6100000)
  from space 1536K, 98% used [0x00000000d6580000,0x00000000d66f9548,0x00000000d6700000)
  to   space 1024K, 0% used [0x00000000d6700000,0x00000000d6700000,0x00000000d6800000)
 ParOldGen       total 68608K, used 67416K [0x0000000080000000, 0x0000000084300000, 0x00000000d5580000)
  object space 68608K, 98% used [0x0000000080000000,0x00000000841d6378,0x0000000084300000)
 Metaspace       used 65148K, committed 66688K, reserved 1114112K
  class space    used 6762K, committed 7488K, reserved 1048576K
}

Dll operation events (10 events):
Event: 0.180 Loaded shared library c:\Users\DELL\.vscode\extensions\redhat.java-1.55.0-win32-x64\jre\21.0.11-win32-x86_64\bin\java.dll
Event: 0.607 Loaded shared library c:\Users\DELL\.vscode\extensions\redhat.java-1.55.0-win32-x64\jre\21.0.11-win32-x86_64\bin\zip.dll
Event: 0.671 Loaded shared library C:\Users\DELL\.vscode\extensions\redhat.java-1.55.0-win32-x64\jre\21.0.11-win32-x86_64\bin\instrument.dll
Event: 0.694 Loaded shared library C:\Users\DELL\.vscode\extensions\redhat.java-1.55.0-win32-x64\jre\21.0.11-win32-x86_64\bin\net.dll
Event: 0.699 Loaded shared library C:\Users\DELL\.vscode\extensions\redhat.java-1.55.0-win32-x64\jre\21.0.11-win32-x86_64\bin\nio.dll
Event: 0.710 Loaded shared library C:\Users\DELL\.vscode\extensions\redhat.java-1.55.0-win32-x64\jre\21.0.11-win32-x86_64\bin\zip.dll
Event: 0.774 Loaded shared library C:\Users\DELL\.vscode\extensions\redhat.java-1.55.0-win32-x64\jre\21.0.11-win32-x86_64\bin\jimage.dll
Event: 0.983 Loaded shared library c:\Users\DELL\.vscode\extensions\redhat.java-1.55.0-win32-x64\jre\21.0.11-win32-x86_64\bin\verify.dll
Event: 3.718 Loaded shared library C:\Users\DELL\AppData\Roaming\Code\User\globalStorage\redhat.java\1.55.0\config_win\org.eclipse.equinox.launcher\org.eclipse.equinox.launcher.win32.win32.x86_64_1.3.100.v20260613-0559\eclipse_11924.dll
Event: 8.539 Loaded shared library C:\Users\DELL\AppData\Local\Temp\jna-2094529\jna10281391875294096378.dll

Deoptimization events (20 events):
Event: 25.135 Thread 0x0000020d177fc910 DEOPT PACKING pc=0x0000020cbcb06456 sp=0x000000ecf7cfe100
Event: 25.135 Thread 0x0000020d177fc910 DEOPT UNPACKING pc=0x0000020cc31778e2 sp=0x000000ecf7cfd598 mode 0
Event: 25.139 Thread 0x0000020d177fc910 DEOPT PACKING pc=0x0000020cbcb06456 sp=0x000000ecf7cfdf10
Event: 25.139 Thread 0x0000020d177fc910 DEOPT UNPACKING pc=0x0000020cc31778e2 sp=0x000000ecf7cfd3a8 mode 0
Event: 25.139 Thread 0x0000020d177fc910 DEOPT PACKING pc=0x0000020cbcb06456 sp=0x000000ecf7cfe0a0
Event: 25.139 Thread 0x0000020d177fc910 DEOPT UNPACKING pc=0x0000020cc31778e2 sp=0x000000ecf7cfd538 mode 0
Event: 25.268 Thread 0x0000020d177fc910 DEOPT PACKING pc=0x0000020cbc9b3339 sp=0x000000ecf7cf8900
Event: 25.268 Thread 0x0000020d177fc910 DEOPT UNPACKING pc=0x0000020cc31778e2 sp=0x000000ecf7cf8010 mode 0
Event: 25.276 Thread 0x0000020d177fc910 DEOPT PACKING pc=0x0000020cbc3fa0f1 sp=0x000000ecf7cf8d90
Event: 25.276 Thread 0x0000020d177fc910 DEOPT UNPACKING pc=0x0000020cc31778e2 sp=0x000000ecf7cf8338 mode 0
Event: 25.386 Thread 0x0000020d177fc910 DEOPT PACKING pc=0x0000020cbd12b0e2 sp=0x000000ecf7cf8320
Event: 25.386 Thread 0x0000020d177fc910 DEOPT UNPACKING pc=0x0000020cc31778e2 sp=0x000000ecf7cf77d0 mode 0
Event: 25.387 Thread 0x0000020d177fc910 DEOPT PACKING pc=0x0000020cbc9b3339 sp=0x000000ecf7cf8470
Event: 25.387 Thread 0x0000020d177fc910 DEOPT UNPACKING pc=0x0000020cc31778e2 sp=0x000000ecf7cf7b80 mode 0
Event: 25.401 Thread 0x0000020d177fc910 DEOPT PACKING pc=0x0000020cbc9b3339 sp=0x000000ecf7cf8470
Event: 25.401 Thread 0x0000020d177fc910 DEOPT UNPACKING pc=0x0000020cc31778e2 sp=0x000000ecf7cf7b80 mode 0
Event: 25.435 Thread 0x0000020d177fc910 DEOPT PACKING pc=0x0000020cbcb06456 sp=0x000000ecf7cfe470
Event: 25.435 Thread 0x0000020d177fc910 DEOPT UNPACKING pc=0x0000020cc31778e2 sp=0x000000ecf7cfd908 mode 0
Event: 25.473 Thread 0x0000020d177fc910 DEOPT PACKING pc=0x0000020cbcb06456 sp=0x000000ecf7cfe470
Event: 25.473 Thread 0x0000020d177fc910 DEOPT UNPACKING pc=0x0000020cc31778e2 sp=0x000000ecf7cfd908 mode 0

Classes loaded (20 events):
Event: 22.823 Loading class java/util/concurrent/CompletableFuture$UniApply
Event: 22.823 Loading class java/util/concurrent/CompletableFuture$UniApply done
Event: 22.824 Loading class java/util/concurrent/CompletableFuture$UniExceptionally
Event: 22.824 Loading class java/util/concurrent/CompletableFuture$UniExceptionally done
Event: 23.069 Loading class javax/xml/transform/TransformerConfigurationException
Event: 23.070 Loading class javax/xml/transform/TransformerConfigurationException done
Event: 23.096 Loading class java/util/LinkedList$LLSpliterator
Event: 23.096 Loading class java/util/LinkedList$LLSpliterator done
Event: 23.658 Loading class java/util/stream/ReduceOps$5
Event: 23.658 Loading class java/util/stream/ReduceOps$5 done
Event: 23.658 Loading class java/util/stream/ReduceOps$CountingSink$OfRef
Event: 23.658 Loading class java/util/stream/ReduceOps$CountingSink
Event: 23.658 Loading class java/util/stream/ReduceOps$CountingSink done
Event: 23.658 Loading class java/util/stream/ReduceOps$CountingSink$OfRef done
Event: 23.742 Loading class java/util/Hashtable$KeySet
Event: 23.742 Loading class java/util/Hashtable$KeySet done
Event: 24.081 Loading class java/util/stream/ReduceOps$1
Event: 24.082 Loading class java/util/stream/ReduceOps$1 done
Event: 24.083 Loading class java/util/stream/ReduceOps$1ReducingSink
Event: 24.083 Loading class java/util/stream/ReduceOps$1ReducingSink done

Classes unloaded (19 events):
Event: 9.788 Thread 0x0000020cb8aa9310 Unloading class 0x0000020cd11a5400 'java/lang/invoke/LambdaForm$MH+0x0000020cd11a5400'
Event: 9.788 Thread 0x0000020cb8aa9310 Unloading class 0x0000020cd11a5000 'java/lang/invoke/LambdaForm$MH+0x0000020cd11a5000'
Event: 9.788 Thread 0x0000020cb8aa9310 Unloading class 0x0000020cd11a4c00 'java/lang/invoke/LambdaForm$MH+0x0000020cd11a4c00'
Event: 9.788 Thread 0x0000020cb8aa9310 Unloading class 0x0000020cd11a4800 'java/lang/invoke/LambdaForm$MH+0x0000020cd11a4800'
Event: 9.788 Thread 0x0000020cb8aa9310 Unloading class 0x0000020cd11a4400 'java/lang/invoke/LambdaForm$BMH+0x0000020cd11a4400'
Event: 9.788 Thread 0x0000020cb8aa9310 Unloading class 0x0000020cd11a4000 'java/lang/invoke/LambdaForm$DMH+0x0000020cd11a4000'
Event: 9.788 Thread 0x0000020cb8aa9310 Unloading class 0x0000020cd11a2c00 'java/lang/invoke/LambdaForm$DMH+0x0000020cd11a2c00'
Event: 11.498 Thread 0x0000020cb8aa9310 Unloading class 0x0000020cd1335400 'java/lang/invoke/LambdaForm$MH+0x0000020cd1335400'
Event: 11.498 Thread 0x0000020cb8aa9310 Unloading class 0x0000020cd1335000 'java/lang/invoke/LambdaForm$MH+0x0000020cd1335000'
Event: 11.498 Thread 0x0000020cb8aa9310 Unloading class 0x0000020cd1334400 'java/lang/invoke/LambdaForm$MH+0x0000020cd1334400'
Event: 11.498 Thread 0x0000020cb8aa9310 Unloading class 0x0000020cd1333c00 'java/lang/invoke/LambdaForm$MH+0x0000020cd1333c00'
Event: 11.498 Thread 0x0000020cb8aa9310 Unloading class 0x0000020cd1333800 'java/lang/invoke/LambdaForm$DMH+0x0000020cd1333800'
Event: 11.498 Thread 0x0000020cb8aa9310 Unloading class 0x0000020cd1332c00 'java/lang/invoke/LambdaForm$MH+0x0000020cd1332c00'
Event: 11.498 Thread 0x0000020cb8aa9310 Unloading class 0x0000020cd132f800 'java/lang/invoke/LambdaForm$MH+0x0000020cd132f800'
Event: 11.498 Thread 0x0000020cb8aa9310 Unloading class 0x0000020cd132f000 'java/lang/invoke/LambdaForm$MH+0x0000020cd132f000'
Event: 11.498 Thread 0x0000020cb8aa9310 Unloading class 0x0000020cd132e800 'java/lang/invoke/LambdaForm$MH+0x0000020cd132e800'
Event: 11.498 Thread 0x0000020cb8aa9310 Unloading class 0x0000020cd132dc00 'java/lang/invoke/LambdaForm$MH+0x0000020cd132dc00'
Event: 11.498 Thread 0x0000020cb8aa9310 Unloading class 0x0000020cd132d400 'java/lang/invoke/LambdaForm$MH+0x0000020cd132d400'
Event: 11.498 Thread 0x0000020cb8aa9310 Unloading class 0x0000020cd132cc00 'java/lang/invoke/LambdaForm$MH+0x0000020cd132cc00'

Classes redefined (0 events):
No events

Internal exceptions (20 events):
Event: 24.608 Thread 0x0000020d114b7fb0 Exception <a 'java/lang/NullPointerException'{0x00000000d586dbc8}> (0x00000000d586dbc8) 
thrown [s\src\hotspot\share\runtime\sharedRuntime.cpp, line 625]
Event: 24.608 Thread 0x0000020d114b7fb0 Implicit null exception at 0x0000020cbcd5d021 to 0x0000020cbcd5d21d
Event: 24.608 Thread 0x0000020d114b7fb0 Exception <a 'java/lang/NullPointerException'{0x00000000d586e178}> (0x00000000d586e178) 
thrown [s\src\hotspot\share\runtime\sharedRuntime.cpp, line 625]
Event: 24.608 Thread 0x0000020d114b7fb0 Implicit null exception at 0x0000020cbcd5d021 to 0x0000020cbcd5d21d
Event: 24.608 Thread 0x0000020d114b7fb0 Exception <a 'java/lang/NullPointerException'{0x00000000d586e8b0}> (0x00000000d586e8b0) 
thrown [s\src\hotspot\share\runtime\sharedRuntime.cpp, line 625]
Event: 24.608 Thread 0x0000020d114b7fb0 Implicit null exception at 0x0000020cbcd5d021 to 0x0000020cbcd5d21d
Event: 24.608 Thread 0x0000020d114b7fb0 Exception <a 'java/lang/NullPointerException'{0x00000000d586f178}> (0x00000000d586f178) 
thrown [s\src\hotspot\share\runtime\sharedRuntime.cpp, line 625]
Event: 24.642 Thread 0x0000020d177fa840 Implicit null exception at 0x0000020cbcd5d021 to 0x0000020cbcd5d21d
Event: 24.642 Thread 0x0000020d177fa840 Exception <a 'java/lang/NullPointerException'{0x00000000d5c95e98}> (0x00000000d5c95e98) 
thrown [s\src\hotspot\share\runtime\sharedRuntime.cpp, line 625]
Event: 24.642 Thread 0x0000020d177fa840 Implicit null exception at 0x0000020cbcd5d021 to 0x0000020cbcd5d21d
Event: 24.642 Thread 0x0000020d177fa840 Exception <a 'java/lang/NullPointerException'{0x00000000d5c979b0}> (0x00000000d5c979b0) 
thrown [s\src\hotspot\share\runtime\sharedRuntime.cpp, line 625]
Event: 24.658 Thread 0x0000020d177fa840 Implicit null exception at 0x0000020cbcd5d021 to 0x0000020cbcd5d21d
Event: 24.659 Thread 0x0000020d177fa840 Exception <a 'java/lang/NullPointerException'{0x00000000d5c98050}> (0x00000000d5c98050) 
thrown [s\src\hotspot\share\runtime\sharedRuntime.cpp, line 625]
Event: 24.659 Thread 0x0000020d177fa840 Implicit null exception at 0x0000020cbcd5d021 to 0x0000020cbcd5d21d
Event: 24.659 Thread 0x0000020d177fa840 Exception <a 'java/lang/NullPointerException'{0x00000000d5c99510}> (0x00000000d5c99510) 
thrown [s\src\hotspot\share\runtime\sharedRuntime.cpp, line 625]
Event: 24.660 Thread 0x0000020d177fa840 Implicit null exception at 0x0000020cbcd5d021 to 0x0000020cbcd5d21d
Event: 24.660 Thread 0x0000020d177fa840 Exception <a 'java/lang/NullPointerException'{0x00000000d5c9ab80}> (0x00000000d5c9ab80) 
thrown [s\src\hotspot\share\runtime\sharedRuntime.cpp, line 625]
Event: 24.661 Thread 0x0000020d177fa840 Implicit null exception at 0x0000020cbcd5d021 to 0x0000020cbcd5d21d
Event: 24.662 Thread 0x0000020d177fa840 Exception <a 'java/lang/NullPointerException'{0x00000000d5c9b340}> (0x00000000d5c9b340) 
thrown [s\src\hotspot\share\runtime\sharedRuntime.cpp, line 625]
Event: 25.635 Thread 0x0000020d177fc910 Exception <a 'java/lang/NoSuchMethodError'{0x00000000d5a986e0}: 'void java.lang.invoke.DirectMethodHandle$Holder.invokeSpecial(java.lang.Object, java.lang.Object, int)'> (0x00000000d5a986e0) 
thrown [s\src\hotspot\share\interpreter\linkResolver.cpp, line 773]

ZGC Phase Switch (0 events):
No events

VM Operations (20 events):
Event: 23.965 Executing safepoint VM operation: ParallelGCFailedAllocation (Allocation Failure)
Event: 23.974 Executing safepoint VM operation: ParallelGCFailedAllocation (Allocation Failure) done
Event: 24.054 Executing non-safepoint VM operation: HandshakeAllThreads (Deoptimize)
Event: 24.079 Executing non-safepoint VM operation: HandshakeAllThreads (Deoptimize) done
Event: 24.174 Executing safepoint VM operation: ParallelGCFailedAllocation (Allocation Failure)
Event: 24.175 Executing safepoint VM operation: ParallelGCFailedAllocation (Allocation Failure) done
Event: 24.197 Executing safepoint VM operation: ParallelGCSystemGC (GCLocker Initiated GC)
Event: 24.201 Executing safepoint VM operation: ParallelGCSystemGC (GCLocker Initiated GC) done
Event: 24.374 Executing safepoint VM operation: ParallelGCFailedAllocation (Allocation Failure)
Event: 24.390 Executing safepoint VM operation: ParallelGCFailedAllocation (Allocation Failure) done
Event: 24.535 Executing safepoint VM operation: ParallelGCFailedAllocation (Allocation Failure)
Event: 24.546 Executing safepoint VM operation: ParallelGCFailedAllocation (Allocation Failure) done
Event: 24.730 Executing safepoint VM operation: ParallelGCFailedAllocation (Allocation Failure)
Event: 24.735 Executing safepoint VM operation: ParallelGCFailedAllocation (Allocation Failure) done
Event: 25.088 Executing non-safepoint VM operation: HandshakeAllThreads (Deoptimize)
Event: 25.088 Executing non-safepoint VM operation: HandshakeAllThreads (Deoptimize) done
Event: 25.388 Executing safepoint VM operation: ParallelGCFailedAllocation (Allocation Failure)
Event: 25.394 Executing safepoint VM operation: ParallelGCFailedAllocation (Allocation Failure) done
Event: 25.557 Executing non-safepoint VM operation: HandshakeAllThreads (Deoptimize)
Event: 25.557 Executing non-safepoint VM operation: HandshakeAllThreads (Deoptimize) done

Memory protections (0 events):
No events

Nmethod flushes (20 events):
Event: 22.205 Thread 0x0000020cb8aa9310 flushing  nmethod 0x0000020cbc465a90
Event: 22.205 Thread 0x0000020cb8aa9310 flushing  nmethod 0x0000020cbc467090
Event: 22.205 Thread 0x0000020cb8aa9310 flushing  nmethod 0x0000020cbc47e490
Event: 22.205 Thread 0x0000020cb8aa9310 flushing  nmethod 0x0000020cbc49c890
Event: 22.205 Thread 0x0000020cb8aa9310 flushing  nmethod 0x0000020cbc4aa310
Event: 22.205 Thread 0x0000020cb8aa9310 flushing  nmethod 0x0000020cbc4ab310
Event: 22.205 Thread 0x0000020cb8aa9310 flushing  nmethod 0x0000020cbc4ab790
Event: 22.205 Thread 0x0000020cb8aa9310 flushing  nmethod 0x0000020cbc4abd10
Event: 22.205 Thread 0x0000020cb8aa9310 flushing  nmethod 0x0000020cbc4ac290
Event: 22.205 Thread 0x0000020cb8aa9310 flushing  nmethod 0x0000020cbc4ad190
Event: 22.205 Thread 0x0000020cb8aa9310 flushing  nmethod 0x0000020cbc4ad790
Event: 22.205 Thread 0x0000020cb8aa9310 flushing  nmethod 0x0000020cbc4ae010
Event: 22.205 Thread 0x0000020cb8aa9310 flushing  nmethod 0x0000020cbc4ae390
Event: 22.205 Thread 0x0000020cb8aa9310 flushing  nmethod 0x0000020cbc4ae890
Event: 22.205 Thread 0x0000020cb8aa9310 flushing  nmethod 0x0000020cbc4aed90
Event: 22.205 Thread 0x0000020cb8aa9310 flushing  nmethod 0x0000020cbc4afb10
Event: 22.205 Thread 0x0000020cb8aa9310 flushing  nmethod 0x0000020cbc4bf110
Event: 22.205 Thread 0x0000020cb8aa9310 flushing  nmethod 0x0000020cbc4f1490
Event: 22.205 Thread 0x0000020cb8aa9310 flushing  nmethod 0x0000020cbc501310
Event: 22.205 Thread 0x0000020cb8aa9310 flushing  nmethod 0x0000020cbc50d910

Events (20 events):
Event: 10.637 Thread 0x0000020d11a053e0 Thread added: 0x0000020d114b8cd0
Event: 10.771 Thread 0x0000020d114b7fb0 Thread added: 0x0000020d114b5ee0
Event: 11.080 Thread 0x0000020d114b5ee0 Thread added: 0x0000020d114b6570
Event: 11.125 Thread 0x0000020d114b6570 Thread added: 0x0000020d114b6c00
Event: 11.388 Thread 0x0000020d114b6c00 Thread added: 0x0000020d177f73c0
Event: 11.538 Thread 0x0000020cb684f0e0 Thread added: 0x0000020d177fa1b0
Event: 11.538 Thread 0x0000020cb684f0e0 Thread added: 0x0000020d177fc280
Event: 11.538 Thread 0x0000020cb684f0e0 Thread added: 0x0000020d177f8770
Event: 11.538 Thread 0x0000020cb684f0e0 Thread added: 0x0000020d177fbbf0
Event: 11.538 Thread 0x0000020cb684f0e0 Thread added: 0x0000020d177f7a50
Event: 11.565 Thread 0x0000020cb684f0e0 Thread added: 0x0000020d177f9490
Event: 11.962 Thread 0x0000020cb684f0e0 Thread added: 0x0000020d177f8e00
Event: 11.962 Thread 0x0000020cb684f0e0 Thread added: 0x0000020d177f66a0
Event: 14.099 Thread 0x0000020d177f73c0 Thread added: 0x0000020d177f9b20
Event: 19.874 Thread 0x0000020d177f9b20 Thread exited: 0x0000020d177f9b20
Event: 21.901 Thread 0x0000020d177f66a0 Thread added: 0x0000020d177f80e0
Event: 22.824 Thread 0x0000020d177f66a0 Thread added: 0x0000020d177fa840
Event: 22.827 Thread 0x0000020d177fa840 Thread added: 0x0000020d177fc910
Event: 22.829 Thread 0x0000020d177f66a0 Thread added: 0x0000020d177faed0
Event: 23.797 Thread 0x0000020d177f80e0 Thread added: 0x0000020d177fb560


Dynamic libraries:
0x00007ff674ab0000 - 0x00007ff674abe000 	c:\Users\DELL\.vscode\extensions\redhat.java-1.55.0-win32-x64\jre\21.0.11-win32-x86_64\bin\java.exe
0x00007ffaf6b30000 - 0x00007ffaf6d28000 	C:\Windows\SYSTEM32\ntdll.dll
0x00007ffaf61c0000 - 0x00007ffaf6282000 	C:\Windows\System32\KERNEL32.DLL
0x00007ffaf4630000 - 0x00007ffaf4926000 	C:\Windows\System32\KERNELBASE.dll
0x00007ffaefcb0000 - 0x00007ffaefd44000 	C:\Windows\SYSTEM32\apphelp.dll
0x00007ffaf4420000 - 0x00007ffaf4520000 	C:\Windows\System32\ucrtbase.dll
0x00007ffae57f0000 - 0x00007ffae5808000 	c:\Users\DELL\.vscode\extensions\redhat.java-1.55.0-win32-x64\jre\21.0.11-win32-x86_64\bin\jli.dll
0x00007ffaf6340000 - 0x00007ffaf64e1000 	C:\Windows\System32\USER32.dll
0x00007ffaf43f0000 - 0x00007ffaf4412000 	C:\Windows\System32\win32u.dll
0x00007ffaf68e0000 - 0x00007ffaf690b000 	C:\Windows\System32\GDI32.dll
0x00007ffaf4980000 - 0x00007ffaf4a99000 	C:\Windows\System32\gdi32full.dll
0x00007ffaf4350000 - 0x00007ffaf43ed000 	C:\Windows\System32\msvcp_win.dll
0x00007ffae5790000 - 0x00007ffae57ae000 	c:\Users\DELL\.vscode\extensions\redhat.java-1.55.0-win32-x64\jre\21.0.11-win32-x86_64\bin\VCRUNTIME140.dll
0x00007ffaf34f0000 - 0x00007ffaf378b000 	C:\Windows\WinSxS\amd64_microsoft.windows.common-controls_6595b64144ccf1df_6.0.19041.6456_none_60b8a6cb71f64256\COMCTL32.dll
0x00007ffaf67e0000 - 0x00007ffaf687e000 	C:\Windows\System32\msvcrt.dll
0x00007ffaf4eb0000 - 0x00007ffaf4edf000 	C:\Windows\System32\IMM32.DLL
0x00007ffaeaf50000 - 0x00007ffaeaf5c000 	c:\Users\DELL\.vscode\extensions\redhat.java-1.55.0-win32-x64\jre\21.0.11-win32-x86_64\bin\vcruntime140_1.dll
0x00007ffae31c0000 - 0x00007ffae324d000 	c:\Users\DELL\.vscode\extensions\redhat.java-1.55.0-win32-x64\jre\21.0.11-win32-x86_64\bin\msvcp140.dll
0x00007ffa395d0000 - 0x00007ffa3a372000 	c:\Users\DELL\.vscode\extensions\redhat.java-1.55.0-win32-x64\jre\21.0.11-win32-x86_64\bin\server\jvm.dll
0x00007ffaf56b0000 - 0x00007ffaf5761000 	C:\Windows\System32\ADVAPI32.dll
0x00007ffaf6a50000 - 0x00007ffaf6aef000 	C:\Windows\System32\sechost.dll
0x00007ffaf6920000 - 0x00007ffaf6a40000 	C:\Windows\System32\RPCRT4.dll
0x00007ffaf4320000 - 0x00007ffaf4347000 	C:\Windows\System32\bcrypt.dll
0x00007ffaf5df0000 - 0x00007ffaf5e5b000 	C:\Windows\System32\WS2_32.dll
0x00007ffaf4020000 - 0x00007ffaf406b000 	C:\Windows\SYSTEM32\POWRPROF.dll
0x00007ffadbb20000 - 0x00007ffadbb47000 	C:\Windows\SYSTEM32\WINMM.dll
0x00007ffaf0900000 - 0x00007ffaf090a000 	C:\Windows\SYSTEM32\VERSION.dll
0x00007ffaf4000000 - 0x00007ffaf4012000 	C:\Windows\SYSTEM32\UMPDC.dll
0x00007ffaf2330000 - 0x00007ffaf2342000 	C:\Windows\SYSTEM32\kernel.appcore.dll
0x00007ffae5160000 - 0x00007ffae516a000 	c:\Users\DELL\.vscode\extensions\redhat.java-1.55.0-win32-x64\jre\21.0.11-win32-x86_64\bin\jimage.dll
0x00007ffaf38e0000 - 0x00007ffaf3ae1000 	C:\Windows\SYSTEM32\DBGHELP.DLL
0x00007ffaf3880000 - 0x00007ffaf38b4000 	C:\Windows\SYSTEM32\dbgcore.DLL
0x00007ffaf45a0000 - 0x00007ffaf4622000 	C:\Windows\System32\bcryptPrimitives.dll
0x00007ffae5150000 - 0x00007ffae515f000 	c:\Users\DELL\.vscode\extensions\redhat.java-1.55.0-win32-x64\jre\21.0.11-win32-x86_64\bin\instrument.dll
0x00007ffae4d20000 - 0x00007ffae4d40000 	c:\Users\DELL\.vscode\extensions\redhat.java-1.55.0-win32-x64\jre\21.0.11-win32-x86_64\bin\java.dll
0x00007ffaf4ee0000 - 0x00007ffaf5650000 	C:\Windows\System32\SHELL32.dll
0x00007ffaf1b70000 - 0x00007ffaf2315000 	C:\Windows\SYSTEM32\windows.storage.dll
0x00007ffaf5e60000 - 0x00007ffaf61b4000 	C:\Windows\System32\combase.dll
0x00007ffaf33a0000 - 0x00007ffaf33cb000 	C:\Windows\SYSTEM32\Wldp.dll
0x00007ffaf65e0000 - 0x00007ffaf66ad000 	C:\Windows\System32\OLEAUT32.dll
0x00007ffaf6290000 - 0x00007ffaf633d000 	C:\Windows\System32\SHCORE.dll
0x00007ffaf5650000 - 0x00007ffaf56ab000 	C:\Windows\System32\shlwapi.dll
0x00007ffaf40f0000 - 0x00007ffaf4114000 	C:\Windows\SYSTEM32\profapi.dll
0x00007ffae3f70000 - 0x00007ffae3f88000 	c:\Users\DELL\.vscode\extensions\redhat.java-1.55.0-win32-x64\jre\21.0.11-win32-x86_64\bin\zip.dll
0x00007ffae5140000 - 0x00007ffae5150000 	C:\Users\DELL\.vscode\extensions\redhat.java-1.55.0-win32-x64\jre\21.0.11-win32-x86_64\bin\net.dll
0x00007ffae9be0000 - 0x00007ffae9cea000 	C:\Windows\SYSTEM32\WINHTTP.dll
0x00007ffaf3160000 - 0x00007ffaf31ca000 	C:\Windows\system32\mswsock.dll
0x00007ffae3f50000 - 0x00007ffae3f66000 	C:\Users\DELL\.vscode\extensions\redhat.java-1.55.0-win32-x64\jre\21.0.11-win32-x86_64\bin\nio.dll
0x00007ffaeb860000 - 0x00007ffaeb870000 	c:\Users\DELL\.vscode\extensions\redhat.java-1.55.0-win32-x64\jre\21.0.11-win32-x86_64\bin\verify.dll
0x00007ffac3d00000 - 0x00007ffac3d45000 	C:\Users\DELL\AppData\Roaming\Code\User\globalStorage\redhat.java\1.55.0\config_win\org.eclipse.equinox.launcher\org.eclipse.equinox.launcher.win32.win32.x86_64_1.3.100.v20260613-0559\eclipse_11924.dll
0x00007ffaf66b0000 - 0x00007ffaf67db000 	C:\Windows\System32\ole32.dll
0x00007ffaf3e50000 - 0x00007ffaf3e68000 	C:\Windows\SYSTEM32\CRYPTSP.dll
0x00007ffaf2b20000 - 0x00007ffaf2b58000 	C:\Windows\system32\rsaenh.dll
0x00007ffaf40b0000 - 0x00007ffaf40de000 	C:\Windows\SYSTEM32\USERENV.dll
0x00007ffaf33f0000 - 0x00007ffaf33fc000 	C:\Windows\SYSTEM32\CRYPTBASE.dll
0x00007ffaf2e80000 - 0x00007ffaf2ebb000 	C:\Windows\SYSTEM32\IPHLPAPI.DLL
0x00007ffaf6910000 - 0x00007ffaf6918000 	C:\Windows\System32\NSI.dll
0x00007ffac5920000 - 0x00007ffac5969000 	C:\Users\DELL\AppData\Local\Temp\jna-2094529\jna10281391875294096378.dll
0x00007ffaf6a40000 - 0x00007ffaf6a48000 	C:\Windows\System32\PSAPI.DLL
0x00007ffaea460000 - 0x00007ffaea477000 	C:\Windows\SYSTEM32\dhcpcsvc6.DLL
0x00007ffaeb390000 - 0x00007ffaeb3ad000 	C:\Windows\SYSTEM32\dhcpcsvc.DLL

JVMTI agents:
c:\Users\DELL\.vscode\extensions\redhat.java-1.55.0-win32-x64\lombok\lombok-1.18.39-4050.jar path:c:\Users\DELL\.vscode\extensions\redhat.java-1.55.0-win32-x64\jre\21.0.11-win32-x86_64\bin\instrument.dll, loaded, initialized, instrumentlib options:none

dbghelp: loaded successfully - version: 4.0.5 - missing functions: none
symbol engine: initialized successfully - sym options: 0x614 - pdb path: .;c:\Users\DELL\.vscode\extensions\redhat.java-1.55.0-win32-x64\jre\21.0.11-win32-x86_64\bin;C:\Windows\SYSTEM32;C:\Windows\WinSxS\amd64_microsoft.windows.common-controls_6595b64144ccf1df_6.0.19041.6456_none_60b8a6cb71f64256;c:\Users\DELL\.vscode\extensions\redhat.java-1.55.0-win32-x64\jre\21.0.11-win32-x86_64\bin\server;C:\Users\DELL\AppData\Roaming\Code\User\globalStorage\redhat.java\1.55.0\config_win\org.eclipse.equinox.launcher\org.eclipse.equinox.launcher.win32.win32.x86_64_1.3.100.v20260613-0559;C:\Users\DELL\AppData\Local\Temp\jna-2094529

VM Arguments:
jvm_args: --add-modules=ALL-SYSTEM --add-opens=java.base/java.util=ALL-UNNAMED --add-opens=java.base/java.lang=ALL-UNNAMED --add-opens=java.base/sun.nio.fs=ALL-UNNAMED -Declipse.application=org.eclipse.jdt.ls.core.id1 -Dosgi.bundles.defaultStartLevel=4 -Declipse.product=org.eclipse.jdt.ls.core.product -Djava.import.generatesMetadataFilesAtProjectRoot=false -DDetectVMInstallationsJob.disabled=true -Dfile.encoding=utf8 -XX:+UseParallelGC -XX:GCTimeRatio=4 -XX:AdaptiveSizePolicyWeight=90 -Dsun.zip.disableMemoryMapping=true -Xmx2G -Xms100m -Xlog:disable -javaagent:c:\Users\DELL\.vscode\extensions\redhat.java-1.55.0-win32-x64\lombok\lombok-1.18.39-4050.jar -XX:+HeapDumpOnOutOfMemoryError -XX:HeapDumpPath=c:\Users\DELL\AppData\Roaming\Code\User\workspaceStorage\1a6564583ea9243afe764279d878b582\redhat.java -Daether.dependencyCollector.impl=bf 
java_command: c:\Users\DELL\.vscode\extensions\redhat.java-1.55.0-win32-x64\server\plugins\org.eclipse.equinox.launcher_1.7.200.v20260619-2039.jar -configuration c:\Users\DELL\AppData\Roaming\Code\User\globalStorage\redhat.java\1.55.0\config_win -data c:\Users\DELL\AppData\Roaming\Code\User\workspaceStorage\1a6564583ea9243afe764279d878b582\redhat.java\jdt_ws --pipe=\\.\pipe\lsp-cebf0143b4fd4ed857f54a59b39c0d61-sock
java_class_path (initial): c:\Users\DELL\.vscode\extensions\redhat.java-1.55.0-win32-x64\server\plugins\org.eclipse.equinox.launcher_1.7.200.v20260619-2039.jar
Launcher Type: SUN_STANDARD

[Global flags]
    uintx AdaptiveSizePolicyWeight                 = 90                                        {product} {command line}
     intx CICompilerCount                          = 3                                         {product} {ergonomic}
    uintx GCTimeRatio                              = 4                                         {product} {command line}
     bool HeapDumpOnOutOfMemoryError               = true                                   {manageable} {command line}
    ccstr HeapDumpPath                             = c:\Users\DELL\AppData\Roaming\Code\User\workspaceStorage\1a6564583ea9243afe764279d878b582\redhat.java         {manageable} {command line}
   size_t InitialHeapSize                          = 104857600                                 {product} {command line}
   size_t MaxHeapSize                              = 2147483648                                {product} {command line}
   size_t MaxNewSize                               = 715653120                                 {product} {ergonomic}
   size_t MinHeapDeltaBytes                        = 524288                                    {product} {ergonomic}
   size_t MinHeapSize                              = 104857600                                 {product} {command line}
   size_t NewSize                                  = 34603008                                  {product} {ergonomic}
    uintx NonNMethodCodeHeapSize                   = 5832780                                {pd product} {ergonomic}
    uintx NonProfiledCodeHeapSize                  = 122912730                              {pd product} {ergonomic}
   size_t OldSize                                  = 70254592                                  {product} {ergonomic}
    uintx ProfiledCodeHeapSize                     = 122912730                              {pd product} {ergonomic}
    uintx ReservedCodeCacheSize                    = 251658240                              {pd product} {ergonomic}
     bool SegmentedCodeCache                       = true                                      {product} {ergonomic}
   size_t SoftMaxHeapSize                          = 2147483648                             {manageable} {ergonomic}
     bool UseCompressedOops                        = true                           {product lp64_product} {ergonomic}
     bool UseLargePagesIndividualAllocation        = false                                  {pd product} {ergonomic}
     bool UseParallelGC                            = true                                      {product} {command line}

Logging:
Log output configuration:
 #0: stdout all=off uptime,level,tags foldmultilines=false
 #1: stderr all=off uptime,level,tags foldmultilines=false

Release file:
JAVA_VERSION="21.0.11" 
MODULES="java.base java.compiler java.datatransfer java.xml java.prefs java.desktop java.instrument java.logging java.management java.security.sasl java.naming java.rmi java.management.rmi java.net.http java.scripting java.security.jgss java.transaction.xa java.sql java.sql.rowset java.xml.crypto java.se java.smartcardio jdk.accessibility jdk.internal.jvmstat jdk.attach jdk.charsets jdk.internal.opt jdk.zipfs jdk.compiler jdk.crypto.ec jdk.crypto.cryptoki jdk.crypto.mscapi jdk.dynalink jdk.internal.ed jdk.editpad jdk.hotspot.agent jdk.httpserver jdk.internal.le jdk.internal.vm.ci jdk.internal.vm.compiler jdk.internal.vm.compiler.management jdk.jartool jdk.javadoc jdk.jcmd jdk.management jdk.management.agent jdk.jconsole jdk.jdeps jdk.jdwp.agent jdk.jdi jdk.jfr jdk.jshell jdk.jsobject jdk.jstatd jdk.localedata jdk.management.jfr jdk.naming.dns jdk.naming.rmi jdk.net jdk.nio.mapmode jdk.random jdk.sctp jdk.security.auth jdk.security.jgss jdk.unsupported jdk.unsupported.desktop jdk.xml.dom" 

Environment Variables:
JAVA_HOME=C:\Program Files\Java\jdk-22
PATH=C:\Program Files\Common Files\Oracle\Java\javapath;C:\oraclexe\app\oracle\product\11.2.0\server\bin;C:\Windows\system32;C:\Windows;C:\Windows\System32\Wbem;C:\Windows\System32\WindowsPowerShell\v1.0\;C:\Windows\System32\OpenSSH\;C:\Program Files\Java\jdk-17.0.1\bin;C:\Program Files\dotnet\;C:\php;C:\Program Files\Java\jdk1.8.0_351\bin;C:\Program Files\Java\jdk-22;C:\Program Files\MySQL\MySQL Server 8.0\bin;C:\MinGW\bin;C:\Program Files\Java\jdk-25\bin;C:\Program Files\Git\cmd;C:\Program Files\nodejs\;C:\Program Files\MySQL\MySQL Shell 8.0\bin\;C:\Users\DELL\AppData\Local\Programs\Python\Python37\Scripts\;C:\Users\DELL\AppData\Local\Programs\Python\Python37\;C:\Users\DELL\AppData\Local\Microsoft\WindowsApps;C:\Program Files (x86)\mingw-w64\i686-8.1.0-posix-dwarf-rt_v6-rev0\mingw32\bin;C:\Program Files\Java\jdk-17.0.1\bin;C:\Users\DELL\AppData\Local\Programs\Python\Python38\Scripts;C:\Users\DELL\AppData\Local\Programs\Python\Python38;C:\Users\DELL\AppData\Local\Programs\Microsoft VS Code\bin;C:\Users\DELL\AppData\Local\GitHubDesktop\bin;C:\Program Files\JetBrains\IntelliJ IDEA 2025.3.1\bin;C:\Users\DELL\AppData\Roaming\npm
USERNAME=DELL
OS=Windows_NT
PROCESSOR_IDENTIFIER=Intel64 Family 6 Model 126 Stepping 5, GenuineIntel
TMP=C:\Users\DELL\AppData\Local\Temp
TEMP=C:\Users\DELL\AppData\Local\Temp




Periodic native trim disabled

---------------  S Y S T E M  ---------------

OS:
 Windows 10 , 64 bit Build 19041 (10.0.19041.5915)
OS uptime: 8 days 10:32 hours

CPU: total 4 (initial active 4) (2 cores per cpu, 2 threads per core) family 6 model 126 stepping 5 microcode 0xcc, cx8, cmov, fxsr, ht, mmx, 3dnowpref, sse, sse2, sse3, ssse3, sse4.1, sse4.2, popcnt, lzcnt, tsc, tscinvbit, avx, avx2, aes, erms, clmul, bmi1, bmi2, adx, avx512f, avx512dq, avx512cd, avx512bw, avx512vl, sha, fma, vzeroupper, avx512_vpopcntdq, avx512_vpclmulqdq, avx512_vaes, avx512_vnni, clflush, clflushopt, avx512_vbmi2, avx512_vbmi, rdtscp, rdpid, fsrm, gfni, avx512_bitalg, f16c, pku, avx512_ifma
Processor Information for the first 4 processors :
  Max Mhz: 1190, Current Mhz: 1190, Mhz Limit: 1190

Memory: 4k page, system-wide physical 3862M (106M free)
TotalPageFile size 15638M (AvailPageFile size 24M)
current process WorkingSet (physical memory assigned to process): 192M, peak: 230M
current process commit charge ("private bytes"): 357M, peak: 365M

vm_info: OpenJDK 64-Bit Server VM (21.0.11+10-LTS) for windows-amd64 JRE (21.0.11+10-LTS), built on 2026-04-21T00:00:00Z by "admin" with MS VC++ 17.12 (VS2022)

END.
