#
# There is insufficient memory for the Java Runtime Environment to continue.
# Native memory allocation (malloc) failed to allocate 962912 bytes. Error detail: Chunk::new
# Possible reasons:
#   The system is out of physical RAM or swap space
#   This process is running with CompressedOops enabled, and the Java Heap may be blocking the growth of the native heap
# Possible solutions:
#   Reduce memory load on the system
#   Increase physical memory or swap space
#   Check if swap backing store is full
#   Decrease Java heap size (-Xmx/-Xms)
#   Decrease number of Java threads
#   Decrease Java thread stack sizes (-Xss)
#   Set larger code cache with -XX:ReservedCodeCacheSize=
#   JVM is running with Unscaled Compressed Oops mode in which the Java heap is
#     placed in the first 4GB address space. The Java Heap base address is the
#     maximum limit for the native heap growth. Please use -XX:HeapBaseMinAddress
#     to set the Java Heap base and to place the Java Heap above 4GB virtual address.
# This output file may be truncated or incomplete.
#
#  Out of Memory Error (arena.cpp:168), pid=9968, tid=3680
#
# JRE version: OpenJDK Runtime Environment Temurin-21.0.10+7 (21.0.10+7) (build 21.0.10+7-LTS)
# Java VM: OpenJDK 64-Bit Server VM Temurin-21.0.10+7 (21.0.10+7-LTS, mixed mode, sharing, tiered, compressed oops, compressed class ptrs, parallel gc, windows-amd64)
# No core dump will be written. Minidumps are not enabled by default on client versions of Windows
#

---------------  S U M M A R Y ------------

Command Line: --add-modules=ALL-SYSTEM --add-opens=java.base/java.util=ALL-UNNAMED --add-opens=java.base/java.lang=ALL-UNNAMED --add-opens=java.base/sun.nio.fs=ALL-UNNAMED -Declipse.application=org.eclipse.jdt.ls.core.id1 -Dosgi.bundles.defaultStartLevel=4 -Declipse.product=org.eclipse.jdt.ls.core.product -Djava.import.generatesMetadataFilesAtProjectRoot=false -DDetectVMInstallationsJob.disabled=true -Dfile.encoding=utf8 -XX:+UseParallelGC -XX:GCTimeRatio=4 -XX:AdaptiveSizePolicyWeight=90 -Dsun.zip.disableMemoryMapping=true -Xmx2G -Xms100m -Xlog:disable -javaagent:c:\Users\DELL\.vscode\extensions\redhat.java-1.54.0-win32-x64\lombok\lombok-1.18.39-4050.jar -XX:+HeapDumpOnOutOfMemoryError -XX:HeapDumpPath=c:\Users\DELL\AppData\Roaming\Code\User\workspaceStorage\873737dd31112d1eb8e6da68add6094f\redhat.java -Daether.dependencyCollector.impl=bf c:\Users\DELL\.vscode\extensions\redhat.java-1.54.0-win32-x64\server\plugins\org.eclipse.equinox.launcher_1.7.100.v20251111-0406.jar -configuration c:\Users\DELL\AppData\Roaming\Code\User\globalStorage\redhat.java\1.54.0\config_win -data c:\Users\DELL\AppData\Roaming\Code\User\workspaceStorage\873737dd31112d1eb8e6da68add6094f\redhat.java\jdt_ws --pipe=\\.\pipe\lsp-4b1f9a0c074b9e806e0673261867d2d2-sock

Host: Intel(R) Core(TM) i3-1005G1 CPU @ 1.20GHz, 4 cores, 3G,  Windows 10 , 64 bit Build 19041 (10.0.19041.5915)
Time: Sat May 23 12:20:29 2026 India Standard Time elapsed time: 1351.491425 seconds (0d 0h 22m 31s)

---------------  T H R E A D  ---------------

Current thread (0x0000020eb7100f50):  JavaThread "C2 CompilerThread0" daemon [_thread_in_native, id=3680, stack(0x0000009873600000,0x0000009873700000) (1024K)]


Current CompileTask:
C2:1351503 11368   !   4       lombok.launch.PatchFixesHider$PatchFixes::isGenerated (57 bytes)

Stack: [0x0000009873600000,0x0000009873700000]
Native frames: (J=compiled Java code, j=interpreted, Vv=VM code, C=native code)
V  [jvm.dll+0x6d7a39]
V  [jvm.dll+0x8b4b26]
V  [jvm.dll+0x8b70de]
V  [jvm.dll+0x8b77c3]
V  [jvm.dll+0x284346]
V  [jvm.dll+0xc66ed]
V  [jvm.dll+0xc6c31]
V  [jvm.dll+0x3bec3b]
V  [jvm.dll+0x38b162]
V  [jvm.dll+0x38a5aa]
V  [jvm.dll+0x24c560]
V  [jvm.dll+0x24bb40]
V  [jvm.dll+0x1cb34e]
V  [jvm.dll+0x25b85d]
V  [jvm.dll+0x259dea]
V  [jvm.dll+0x3f857e]
V  [jvm.dll+0x85f59d]
V  [jvm.dll+0x6d626d]
C  [ucrtbase.dll+0x21bb2]
C  [KERNEL32.DLL+0x17374]
C  [ntdll.dll+0x4cc91]


---------------  P R O C E S S  ---------------

Threads class SMR info:
_java_thread_list=0x0000020f15357e70, length=34, elements={
0x0000020eb7201340, 0x0000020eb70ece80, 0x0000020eb70eeae0, 0x0000020eb70f2550,
0x0000020eb70f3250, 0x0000020eb70f4a80, 0x0000020eb70fcd40, 0x0000020eb7100f50,
0x0000020eb7116250, 0x0000020f0f9e5010, 0x0000020f0fa37820, 0x0000020f143e0840,
0x0000020f143783f0, 0x0000020f1436e420, 0x0000020f14598430, 0x0000020f14af0d80,
0x0000020f147fe3c0, 0x0000020f0fb84910, 0x0000020f0f8dbbf0, 0x0000020f0f8ddcc0,
0x0000020f0f8dc280, 0x0000020f0f8dcfa0, 0x0000020f14912be0, 0x0000020f14913900,
0x0000020f149111a0, 0x0000020f14916060, 0x0000020f14913f90, 0x0000020f14910480,
0x0000020f14913270, 0x0000020f14914620, 0x0000020f14916d80, 0x0000020f14915340,
0x0000020f149159d0, 0x0000020f14917410
}

Java Threads: ( => current thread )
  0x0000020eb7201340 JavaThread "main"                              [_thread_blocked, id=12852, stack(0x0000009872c00000,0x0000009872d00000) (1024K)]
  0x0000020eb70ece80 JavaThread "Reference Handler"          daemon [_thread_blocked, id=19156, stack(0x0000009873000000,0x0000009873100000) (1024K)]
  0x0000020eb70eeae0 JavaThread "Finalizer"                  daemon [_thread_blocked, id=18820, stack(0x0000009873100000,0x0000009873200000) (1024K)]
  0x0000020eb70f2550 JavaThread "Signal Dispatcher"          daemon [_thread_blocked, id=17860, stack(0x0000009873200000,0x0000009873300000) (1024K)]
  0x0000020eb70f3250 JavaThread "Attach Listener"            daemon [_thread_blocked, id=12344, stack(0x0000009873300000,0x0000009873400000) (1024K)]
  0x0000020eb70f4a80 JavaThread "Service Thread"             daemon [_thread_blocked, id=12792, stack(0x0000009873400000,0x0000009873500000) (1024K)]
  0x0000020eb70fcd40 JavaThread "Monitor Deflation Thread"   daemon [_thread_blocked, id=8100, stack(0x0000009873500000,0x0000009873600000) (1024K)]
=>0x0000020eb7100f50 JavaThread "C2 CompilerThread0"         daemon [_thread_in_native, id=3680, stack(0x0000009873600000,0x0000009873700000) (1024K)]
  0x0000020eb7116250 JavaThread "C1 CompilerThread0"         daemon [_thread_blocked, id=18808, stack(0x0000009873700000,0x0000009873800000) (1024K)]
  0x0000020f0f9e5010 JavaThread "Common-Cleaner"             daemon [_thread_blocked, id=10964, stack(0x0000009873800000,0x0000009873900000) (1024K)]
  0x0000020f0fa37820 JavaThread "Notification Thread"        daemon [_thread_blocked, id=18748, stack(0x0000009873900000,0x0000009873a00000) (1024K)]
  0x0000020f143e0840 JavaThread "Active Thread: Equinox Container: 8351ae57-79ed-4d86-ba31-8d9f5ddf0e23"        [_thread_blocked, id=6836, stack(0x0000009873d00000,0x0000009873e00000) (1024K)]
  0x0000020f143783f0 JavaThread "Refresh Thread: Equinox Container: 8351ae57-79ed-4d86-ba31-8d9f5ddf0e23" daemon [_thread_blocked, id=11984, stack(0x0000009873e00000,0x0000009873f00000) (1024K)]
  0x0000020f1436e420 JavaThread "Framework Event Dispatcher: Equinox Container: 8351ae57-79ed-4d86-ba31-8d9f5ddf0e23" daemon [_thread_blocked, id=10216, stack(0x0000009873f00000,0x0000009874000000) (1024K)]
  0x0000020f14598430 JavaThread "Start Level: Equinox Container: 8351ae57-79ed-4d86-ba31-8d9f5ddf0e23" daemon [_thread_blocked, id=10188, stack(0x0000009874000000,0x0000009874100000) (1024K)]
  0x0000020f14af0d80 JavaThread "Bundle File Closer"         daemon [_thread_blocked, id=14080, stack(0x0000009874100000,0x0000009874200000) (1024K)]
  0x0000020f147fe3c0 JavaThread "SCR Component Actor"        daemon [_thread_blocked, id=16932, stack(0x0000009874200000,0x0000009874300000) (1024K)]
  0x0000020f0fb84910 JavaThread "Worker-JM"                         [_thread_blocked, id=3932, stack(0x0000009874300000,0x0000009874400000) (1024K)]
  0x0000020f0f8dbbf0 JavaThread "JNA Cleaner"                daemon [_thread_blocked, id=5960, stack(0x0000009874400000,0x0000009874500000) (1024K)]
  0x0000020f0f8ddcc0 JavaThread "Worker-0"                          [_thread_blocked, id=3012, stack(0x0000009874500000,0x0000009874600000) (1024K)]
  0x0000020f0f8dc280 JavaThread "Java indexing"              daemon [_thread_blocked, id=12180, stack(0x0000009874700000,0x0000009874800000) (1024K)]
  0x0000020f0f8dcfa0 JavaThread "Worker-5"                          [_thread_blocked, id=9120, stack(0x0000009874b00000,0x0000009874c00000) (1024K)]
  0x0000020f14912be0 JavaThread "Thread-1"                   daemon [_thread_in_native, id=1288, stack(0x0000009874c00000,0x0000009874d00000) (1024K)]
  0x0000020f14913900 JavaThread "Thread-2"                   daemon [_thread_in_native, id=14368, stack(0x0000009874d00000,0x0000009874e00000) (1024K)]
  0x0000020f149111a0 JavaThread "Thread-3"                   daemon [_thread_in_native, id=13940, stack(0x0000009874e00000,0x0000009874f00000) (1024K)]
  0x0000020f14916060 JavaThread "Thread-4"                   daemon [_thread_in_native, id=15416, stack(0x0000009874f00000,0x0000009875000000) (1024K)]
  0x0000020f14913f90 JavaThread "Thread-5"                   daemon [_thread_in_native, id=5920, stack(0x0000009875000000,0x0000009875100000) (1024K)]
  0x0000020f14910480 JavaThread "pool-2-thread-1"                   [_thread_blocked, id=19112, stack(0x0000009875100000,0x0000009875200000) (1024K)]
  0x0000020f14913270 JavaThread "WorkspaceEventsHandler"            [_thread_blocked, id=4900, stack(0x0000009875200000,0x0000009875300000) (1024K)]
  0x0000020f14914620 JavaThread "pool-1-thread-1"                   [_thread_blocked, id=5184, stack(0x0000009875300000,0x0000009875400000) (1024K)]
  0x0000020f14916d80 JavaThread "ForkJoinPool.commonPool-worker-4" daemon [_thread_blocked, id=3180, stack(0x0000009872900000,0x0000009872a00000) (1024K)]
  0x0000020f14915340 JavaThread "ForkJoinPool.commonPool-worker-5" daemon [_thread_blocked, id=5560, stack(0x0000009872a00000,0x0000009872b00000) (1024K)]
  0x0000020f149159d0 JavaThread "ForkJoinPool.commonPool-worker-6" daemon [_thread_in_Java, id=9272, stack(0x0000009872b00000,0x0000009872c00000) (1024K)]
  0x0000020f14917410 JavaThread "Cleaner-0"                  daemon [_thread_blocked, id=8256, stack(0x0000009874600000,0x0000009874700000) (1024K)]
Total: 34

Other Threads:
  0x0000020eb72c0430 VMThread "VM Thread"                           [id=19052, stack(0x0000009872f00000,0x0000009873000000) (1024K)]
  0x0000020eb726c5d0 WatcherThread "VM Periodic Task Thread"        [id=11516, stack(0x0000009872e00000,0x0000009872f00000) (1024K)]
  0x0000020eb721f1c0 WorkerThread "GC Thread#0"                     [id=2212, stack(0x0000009872d00000,0x0000009872e00000) (1024K)]
  0x0000020f0fb586b0 WorkerThread "GC Thread#1"                     [id=18548, stack(0x0000009873a00000,0x0000009873b00000) (1024K)]
  0x0000020f1429eab0 WorkerThread "GC Thread#2"                     [id=16336, stack(0x0000009873b00000,0x0000009873c00000) (1024K)]
  0x0000020f1429ee60 WorkerThread "GC Thread#3"                     [id=17536, stack(0x0000009873c00000,0x0000009873d00000) (1024K)]
Total: 6

Threads with active compile tasks:
C2 CompilerThread0  1352211 11368   !   4       lombok.launch.PatchFixesHider$PatchFixes::isGenerated (57 bytes)
Total: 1

VM state: not at safepoint (normal execution)

VM Mutex/Monitor currently owned by a thread: None

Heap address: 0x0000000080000000, size: 2048 MB, Compressed Oops mode: 32-bit

CDS archive(s) mapped at: [0x0000020ece000000-0x0000020eceba0000-0x0000020eceba0000), size 12189696, SharedBaseAddress: 0x0000020ece000000, ArchiveRelocationMode: 1.
Compressed class space mapped at: 0x0000020ecf000000-0x0000020f0f000000, reserved size: 1073741824
Narrow klass base: 0x0000020ece000000, Narrow klass shift: 0, Narrow klass range: 0x100000000

GC Precious Log:
 CardTable entry size: 512
 CPUs: 4 total, 4 available
 Memory: 3862M
 Large Page Support: Disabled
 NUMA Support: Disabled
 Compressed Oops: Enabled (32-bit)
 Alignments: Space 512K, Generation 512K, Heap 2M
 Heap Min Capacity: 100M
 Heap Initial Capacity: 100M
 Heap Max Capacity: 2G
 Pre-touch: Disabled
 Parallel Workers: 4

Heap:
 PSYoungGen      total 16384K, used 4452K [0x00000000d5580000, 0x00000000d6900000, 0x0000000100000000)
  eden space 15872K, 27% used [0x00000000d5580000,0x00000000d59b13c8,0x00000000d6500000)
  from space 512K, 31% used [0x00000000d6880000,0x00000000d68a8000,0x00000000d6900000)
  to   space 512K, 0% used [0x00000000d6800000,0x00000000d6800000,0x00000000d6880000)
 ParOldGen       total 68608K, used 54270K [0x0000000080000000, 0x0000000084300000, 0x00000000d5580000)
  object space 68608K, 79% used [0x0000000080000000,0x00000000834ff8d8,0x0000000084300000)
 Metaspace       used 68124K, committed 69696K, reserved 1114112K
  class space    used 7135K, committed 7744K, reserved 1048576K

Card table byte_map: [0x0000020eb6bb0000,0x0000020eb6fc0000] _byte_map_base: 0x0000020eb67b0000

Marking Bits: (ParMarkBitMap*) 0x00007ffc831f3450
 Begin Bits: [0x0000020ec96c0000, 0x0000020ecb6c0000)
 End Bits:   [0x0000020ecb6c0000, 0x0000020ecd6c0000)

Polling page: 0x0000020eb51c0000

Metaspace:

Usage:
  Non-class:     59.56 MB used.
      Class:      6.97 MB used.
       Both:     66.53 MB used.

Virtual space:
  Non-class space:       64.00 MB reserved,      60.50 MB ( 95%) committed,  1 nodes.
      Class space:        1.00 GB reserved,       7.56 MB ( <1%) committed,  1 nodes.
             Both:        1.06 GB reserved,      68.06 MB (  6%) committed. 

Chunk freelists:
   Non-Class:  3.17 MB
       Class:  8.31 MB
        Both:  11.49 MB

MaxMetaspaceSize: unlimited
CompressedClassSpaceSize: 1.00 GB
Initial GC threshold: 21.00 MB
Current GC threshold: 98.12 MB
CDS: on
 - commit_granule_bytes: 65536.
 - commit_granule_words: 8192.
 - virtual_space_node_default_size: 8388608.
 - enlarge_chunks_in_place: 1.
 - use_allocation_guard: 0.


Internal statistics:

num_allocs_failed_limit: 13.
num_arena_births: 1202.
num_arena_deaths: 38.
num_vsnodes_births: 2.
num_vsnodes_deaths: 0.
num_space_committed: 1089.
num_space_uncommitted: 0.
num_chunks_returned_to_freelist: 56.
num_chunks_taken_from_freelist: 4423.
num_chunk_merges: 19.
num_chunk_splits: 2744.
num_chunks_enlarged: 1626.
num_inconsistent_stats: 0.

CodeHeap 'non-profiled nmethods': size=120000Kb used=6019Kb max_used=6019Kb free=113980Kb
 bounds [0x0000020ec1ee0000, 0x0000020ec24d0000, 0x0000020ec9410000]
CodeHeap 'profiled nmethods': size=120000Kb used=24416Kb max_used=24416Kb free=95583Kb
 bounds [0x0000020eba410000, 0x0000020ebbbf0000, 0x0000020ec1940000]
CodeHeap 'non-nmethods': size=5760Kb used=1470Kb max_used=1521Kb free=4289Kb
 bounds [0x0000020ec1940000, 0x0000020ec1bb0000, 0x0000020ec1ee0000]
CodeCache: size=245760Kb, used=31905Kb, max_used=31956Kb, free=213852Kb
 total_blobs=11470, nmethods=10691, adapters=683, full_count=0
Compilation: enabled, stopped_count=0, restarted_count=0

Compilation events (20 events):
Event: 1351.000 Thread 0x0000020eb7116250 nmethod 11366 0x0000020ebbbe4d10 code [0x0000020ebbbe4ec0, 0x0000020ebbbe5088]
Event: 1351.000 Thread 0x0000020eb7116250 11367       3       org.eclipse.jdt.internal.corext.dom.GenericVisitor::endVisit (6 bytes)
Event: 1351.001 Thread 0x0000020eb7116250 nmethod 11367 0x0000020ebbbe5110 code [0x0000020ebbbe52c0, 0x0000020ebbbe54a0]
Event: 1351.003 Thread 0x0000020eb7100f50 11368   !   4       lombok.launch.PatchFixesHider$PatchFixes::isGenerated (57 bytes)
Event: 1351.039 Thread 0x0000020eb7116250 11371       3       org.eclipse.jdt.core.dom.Modifier::isPrivate (10 bytes)
Event: 1351.039 Thread 0x0000020eb7116250 nmethod 11371 0x0000020ebbbe5590 code [0x0000020ebbbe5740, 0x0000020ebbbe5890]
Event: 1351.043 Thread 0x0000020eb7116250 11372       3       org.eclipse.jdt.core.dom.rewrite.ASTRewrite::validateIsCorrectAST (23 bytes)
Event: 1351.045 Thread 0x0000020eb7116250 nmethod 11372 0x0000020ebbbe5910 code [0x0000020ebbbe5ac0, 0x0000020ebbbe5cf8]
Event: 1351.045 Thread 0x0000020eb7116250 11373       3       org.eclipse.jdt.ls.core.internal.codemanipulation.DefaultJavaElementComparator::compare (13 bytes)
Event: 1351.047 Thread 0x0000020eb7116250 nmethod 11373 0x0000020ebbbe5e10 code [0x0000020ebbbe5fe0, 0x0000020ebbbe6318]
Event: 1351.047 Thread 0x0000020eb7116250 11374       3       org.eclipse.jdt.ls.core.internal.codemanipulation.DefaultJavaElementComparator::compare (148 bytes)
Event: 1351.053 Thread 0x0000020eb7116250 nmethod 11374 0x0000020ebbbe6410 code [0x0000020ebbbe6700, 0x0000020ebbbe73a0]
Event: 1351.054 Thread 0x0000020eb7116250 11378       3       org.eclipse.jface.text.AbstractLineTracker$1::nextDelimiterInfo (10 bytes)
Event: 1351.055 Thread 0x0000020eb7116250 nmethod 11378 0x0000020ebbbe7990 code [0x0000020ebbbe7b40, 0x0000020ebbbe7c88]
Event: 1351.055 Thread 0x0000020eb7116250 11375       3       org.eclipse.jface.text.CopyOnWriteTextStore$StringTextStore::<init> (7 bytes)
Event: 1351.056 Thread 0x0000020eb7116250 nmethod 11375 0x0000020ebbbe7d90 code [0x0000020ebbbe7f40, 0x0000020ebbbe8088]
Event: 1351.056 Thread 0x0000020eb7116250 11376       1       org.eclipse.jface.text.AbstractDocument::setTextStore (6 bytes)
Event: 1351.056 Thread 0x0000020eb7116250 nmethod 11376 0x0000020ec24c0890 code [0x0000020ec24c0a20, 0x0000020ec24c0b00]
Event: 1351.056 Thread 0x0000020eb7116250 11377       1       org.eclipse.jface.text.AbstractDocument::setLineTracker (6 bytes)
Event: 1351.057 Thread 0x0000020eb7116250 nmethod 11377 0x0000020ec24c0b90 code [0x0000020ec24c0d20, 0x0000020ec24c0e00]

GC Heap History (20 events):
Event: 1214.146 GC heap before
{Heap before GC invocations=42 (full 3):
 PSYoungGen      total 17920K, used 17891K [0x00000000d5580000, 0x00000000d7100000, 0x0000000100000000)
  eden space 15872K, 100% used [0x00000000d5580000,0x00000000d6500000,0x00000000d6500000)
  from space 2048K, 98% used [0x00000000d6a00000,0x00000000d6bf8ee8,0x00000000d6c00000)
  to   space 5120K, 0% used [0x00000000d6500000,0x00000000d6500000,0x00000000d6a00000)
 ParOldGen       total 68608K, used 46182K [0x0000000080000000, 0x0000000084300000, 0x00000000d5580000)
  object space 68608K, 67% used [0x0000000080000000,0x0000000082d19a40,0x0000000084300000)
 Metaspace       used 62900K, committed 64256K, reserved 1114112K
  class space    used 6643K, committed 7232K, reserved 1048576K
}
Event: 1214.151 GC heap after
{Heap after GC invocations=42 (full 3):
 PSYoungGen      total 17408K, used 1216K [0x00000000d5580000, 0x00000000d6a80000, 0x0000000100000000)
  eden space 15872K, 0% used [0x00000000d5580000,0x00000000d5580000,0x00000000d6500000)
  from space 1536K, 79% used [0x00000000d6500000,0x00000000d6630020,0x00000000d6680000)
  to   space 2560K, 0% used [0x00000000d6800000,0x00000000d6800000,0x00000000d6a80000)
 ParOldGen       total 68608K, used 47891K [0x0000000080000000, 0x0000000084300000, 0x00000000d5580000)
  object space 68608K, 69% used [0x0000000080000000,0x0000000082ec4d60,0x0000000084300000)
 Metaspace       used 62900K, committed 64256K, reserved 1114112K
  class space    used 6643K, committed 7232K, reserved 1048576K
}
Event: 1215.039 GC heap before
{Heap before GC invocations=43 (full 3):
 PSYoungGen      total 17408K, used 17088K [0x00000000d5580000, 0x00000000d6a80000, 0x0000000100000000)
  eden space 15872K, 100% used [0x00000000d5580000,0x00000000d6500000,0x00000000d6500000)
  from space 1536K, 79% used [0x00000000d6500000,0x00000000d6630020,0x00000000d6680000)
  to   space 2560K, 0% used [0x00000000d6800000,0x00000000d6800000,0x00000000d6a80000)
 ParOldGen       total 68608K, used 47891K [0x0000000080000000, 0x0000000084300000, 0x00000000d5580000)
  object space 68608K, 69% used [0x0000000080000000,0x0000000082ec4d60,0x0000000084300000)
 Metaspace       used 64015K, committed 65472K, reserved 1114112K
  class space    used 6791K, committed 7424K, reserved 1048576K
}
Event: 1215.043 GC heap after
{Heap after GC invocations=43 (full 3):
 PSYoungGen      total 16896K, used 608K [0x00000000d5580000, 0x00000000d6900000, 0x0000000100000000)
  eden space 15872K, 0% used [0x00000000d5580000,0x00000000d5580000,0x00000000d6500000)
  from space 1024K, 59% used [0x00000000d6800000,0x00000000d6898020,0x00000000d6900000)
  to   space 1536K, 0% used [0x00000000d6600000,0x00000000d6600000,0x00000000d6780000)
 ParOldGen       total 68608K, used 49032K [0x0000000080000000, 0x0000000084300000, 0x00000000d5580000)
  object space 68608K, 71% used [0x0000000080000000,0x0000000082fe2148,0x0000000084300000)
 Metaspace       used 64015K, committed 65472K, reserved 1114112K
  class space    used 6791K, committed 7424K, reserved 1048576K
}
Event: 1215.429 GC heap before
{Heap before GC invocations=44 (full 3):
 PSYoungGen      total 16896K, used 16480K [0x00000000d5580000, 0x00000000d6900000, 0x0000000100000000)
  eden space 15872K, 100% used [0x00000000d5580000,0x00000000d6500000,0x00000000d6500000)
  from space 1024K, 59% used [0x00000000d6800000,0x00000000d6898020,0x00000000d6900000)
  to   space 1536K, 0% used [0x00000000d6600000,0x00000000d6600000,0x00000000d6780000)
 ParOldGen       total 68608K, used 49032K [0x0000000080000000, 0x0000000084300000, 0x00000000d5580000)
  object space 68608K, 71% used [0x0000000080000000,0x0000000082fe2148,0x0000000084300000)
 Metaspace       used 64412K, committed 65792K, reserved 1114112K
  class space    used 6815K, committed 7424K, reserved 1048576K
}
Event: 1215.432 GC heap after
{Heap after GC invocations=44 (full 3):
 PSYoungGen      total 17408K, used 1172K [0x00000000d5580000, 0x00000000d6880000, 0x0000000100000000)
  eden space 15872K, 0% used [0x00000000d5580000,0x00000000d5580000,0x00000000d6500000)
  from space 1536K, 76% used [0x00000000d6600000,0x00000000d6725040,0x00000000d6780000)
  to   space 1024K, 0% used [0x00000000d6780000,0x00000000d6780000,0x00000000d6880000)
 ParOldGen       total 68608K, used 49400K [0x0000000080000000, 0x0000000084300000, 0x00000000d5580000)
  object space 68608K, 72% used [0x0000000080000000,0x000000008303e168,0x0000000084300000)
 Metaspace       used 64412K, committed 65792K, reserved 1114112K
  class space    used 6815K, committed 7424K, reserved 1048576K
}
Event: 1216.069 GC heap before
{Heap before GC invocations=45 (full 3):
 PSYoungGen      total 17408K, used 17044K [0x00000000d5580000, 0x00000000d6880000, 0x0000000100000000)
  eden space 15872K, 100% used [0x00000000d5580000,0x00000000d6500000,0x00000000d6500000)
  from space 1536K, 76% used [0x00000000d6600000,0x00000000d6725040,0x00000000d6780000)
  to   space 1024K, 0% used [0x00000000d6780000,0x00000000d6780000,0x00000000d6880000)
 ParOldGen       total 68608K, used 49400K [0x0000000080000000, 0x0000000084300000, 0x00000000d5580000)
  object space 68608K, 72% used [0x0000000080000000,0x000000008303e168,0x0000000084300000)
 Metaspace       used 64859K, committed 66240K, reserved 1114112K
  class space    used 6834K, committed 7424K, reserved 1048576K
}
Event: 1216.072 GC heap after
{Heap after GC invocations=45 (full 3):
 PSYoungGen      total 16384K, used 464K [0x00000000d5580000, 0x00000000d6800000, 0x0000000100000000)
  eden space 15872K, 0% used [0x00000000d5580000,0x00000000d5580000,0x00000000d6500000)
  from space 512K, 90% used [0x00000000d6780000,0x00000000d67f4010,0x00000000d6800000)
  to   space 1024K, 0% used [0x00000000d6600000,0x00000000d6600000,0x00000000d6700000)
 ParOldGen       total 68608K, used 50347K [0x0000000080000000, 0x0000000084300000, 0x00000000d5580000)
  object space 68608K, 73% used [0x0000000080000000,0x000000008312afd0,0x0000000084300000)
 Metaspace       used 64859K, committed 66240K, reserved 1114112K
  class space    used 6834K, committed 7424K, reserved 1048576K
}
Event: 1252.306 GC heap before
{Heap before GC invocations=46 (full 3):
 PSYoungGen      total 16384K, used 16336K [0x00000000d5580000, 0x00000000d6800000, 0x0000000100000000)
  eden space 15872K, 100% used [0x00000000d5580000,0x00000000d6500000,0x00000000d6500000)
  from space 512K, 90% used [0x00000000d6780000,0x00000000d67f4010,0x00000000d6800000)
  to   space 1024K, 0% used [0x00000000d6600000,0x00000000d6600000,0x00000000d6700000)
 ParOldGen       total 68608K, used 50347K [0x0000000080000000, 0x0000000084300000, 0x00000000d5580000)
  object space 68608K, 73% used [0x0000000080000000,0x000000008312afd0,0x0000000084300000)
 Metaspace       used 65787K, committed 67264K, reserved 1114112K
  class space    used 6922K, committed 7552K, reserved 1048576K
}
Event: 1252.308 GC heap after
{Heap after GC invocations=46 (full 3):
 PSYoungGen      total 16896K, used 192K [0x00000000d5580000, 0x00000000d6800000, 0x0000000100000000)
  eden space 15872K, 0% used [0x00000000d5580000,0x00000000d5580000,0x00000000d6500000)
  from space 1024K, 18% used [0x00000000d6600000,0x00000000d6630000,0x00000000d6700000)
  to   space 512K, 0% used [0x00000000d6780000,0x00000000d6780000,0x00000000d6800000)
 ParOldGen       total 68608K, used 50475K [0x0000000080000000, 0x0000000084300000, 0x00000000d5580000)
  object space 68608K, 73% used [0x0000000080000000,0x000000008314afd0,0x0000000084300000)
 Metaspace       used 65787K, committed 67264K, reserved 1114112K
  class space    used 6922K, committed 7552K, reserved 1048576K
}
Event: 1269.251 GC heap before
{Heap before GC invocations=47 (full 3):
 PSYoungGen      total 16896K, used 16064K [0x00000000d5580000, 0x00000000d6800000, 0x0000000100000000)
  eden space 15872K, 100% used [0x00000000d5580000,0x00000000d6500000,0x00000000d6500000)
  from space 1024K, 18% used [0x00000000d6600000,0x00000000d6630000,0x00000000d6700000)
  to   space 512K, 0% used [0x00000000d6780000,0x00000000d6780000,0x00000000d6800000)
 ParOldGen       total 68608K, used 50475K [0x0000000080000000, 0x0000000084300000, 0x00000000d5580000)
  object space 68608K, 73% used [0x0000000080000000,0x000000008314afd0,0x0000000084300000)
 Metaspace       used 66911K, committed 68480K, reserved 1114112K
  class space    used 7030K, committed 7680K, reserved 1048576K
}
Event: 1269.254 GC heap after
{Heap after GC invocations=47 (full 3):
 PSYoungGen      total 16384K, used 313K [0x00000000d5580000, 0x00000000d6800000, 0x0000000100000000)
  eden space 15872K, 0% used [0x00000000d5580000,0x00000000d5580000,0x00000000d6500000)
  from space 512K, 61% used [0x00000000d6780000,0x00000000d67ce5d8,0x00000000d6800000)
  to   space 512K, 0% used [0x00000000d6700000,0x00000000d6700000,0x00000000d6780000)
 ParOldGen       total 68608K, used 50563K [0x0000000080000000, 0x0000000084300000, 0x00000000d5580000)
  object space 68608K, 73% used [0x0000000080000000,0x0000000083160fd0,0x0000000084300000)
 Metaspace       used 66911K, committed 68480K, reserved 1114112K
  class space    used 7030K, committed 7680K, reserved 1048576K
}
Event: 1280.909 GC heap before
{Heap before GC invocations=48 (full 3):
 PSYoungGen      total 16384K, used 16185K [0x00000000d5580000, 0x00000000d6800000, 0x0000000100000000)
  eden space 15872K, 100% used [0x00000000d5580000,0x00000000d6500000,0x00000000d6500000)
  from space 512K, 61% used [0x00000000d6780000,0x00000000d67ce5d8,0x00000000d6800000)
  to   space 512K, 0% used [0x00000000d6700000,0x00000000d6700000,0x00000000d6780000)
 ParOldGen       total 68608K, used 50563K [0x0000000080000000, 0x0000000084300000, 0x00000000d5580000)
  object space 68608K, 73% used [0x0000000080000000,0x0000000083160fd0,0x0000000084300000)
 Metaspace       used 67058K, committed 68608K, reserved 1114112K
  class space    used 7033K, committed 7680K, reserved 1048576K
}
Event: 1280.913 GC heap after
{Heap after GC invocations=48 (full 3):
 PSYoungGen      total 16384K, used 486K [0x00000000d5580000, 0x00000000d6d00000, 0x0000000100000000)
  eden space 15872K, 0% used [0x00000000d5580000,0x00000000d5580000,0x00000000d6500000)
  from space 512K, 94% used [0x00000000d6700000,0x00000000d6779850,0x00000000d6780000)
  to   space 4096K, 0% used [0x00000000d6900000,0x00000000d6900000,0x00000000d6d00000)
 ParOldGen       total 68608K, used 53423K [0x0000000080000000, 0x0000000084300000, 0x00000000d5580000)
  object space 68608K, 77% used [0x0000000080000000,0x000000008342bd88,0x0000000084300000)
 Metaspace       used 67058K, committed 68608K, reserved 1114112K
  class space    used 7033K, committed 7680K, reserved 1048576K
}
Event: 1281.496 GC heap before
{Heap before GC invocations=49 (full 3):
 PSYoungGen      total 16384K, used 16358K [0x00000000d5580000, 0x00000000d6d00000, 0x0000000100000000)
  eden space 15872K, 100% used [0x00000000d5580000,0x00000000d6500000,0x00000000d6500000)
  from space 512K, 94% used [0x00000000d6700000,0x00000000d6779850,0x00000000d6780000)
  to   space 4096K, 0% used [0x00000000d6900000,0x00000000d6900000,0x00000000d6d00000)
 ParOldGen       total 68608K, used 53423K [0x0000000080000000, 0x0000000084300000, 0x00000000d5580000)
  object space 68608K, 77% used [0x0000000080000000,0x000000008342bd88,0x0000000084300000)
 Metaspace       used 67733K, committed 69248K, reserved 1114112K
  class space    used 7119K, committed 7744K, reserved 1048576K
}
Event: 1281.497 GC heap after
{Heap after GC invocations=49 (full 3):
 PSYoungGen      total 16384K, used 448K [0x00000000d5580000, 0x00000000d6980000, 0x0000000100000000)
  eden space 15872K, 0% used [0x00000000d5580000,0x00000000d5580000,0x00000000d6500000)
  from space 512K, 87% used [0x00000000d6900000,0x00000000d6970000,0x00000000d6980000)
  to   space 1536K, 0% used [0x00000000d6680000,0x00000000d6680000,0x00000000d6800000)
 ParOldGen       total 68608K, used 53684K [0x0000000080000000, 0x0000000084300000, 0x00000000d5580000)
  object space 68608K, 78% used [0x0000000080000000,0x000000008346d208,0x0000000084300000)
 Metaspace       used 67733K, committed 69248K, reserved 1114112K
  class space    used 7119K, committed 7744K, reserved 1048576K
}
Event: 1283.390 GC heap before
{Heap before GC invocations=50 (full 3):
 PSYoungGen      total 16384K, used 16320K [0x00000000d5580000, 0x00000000d6980000, 0x0000000100000000)
  eden space 15872K, 100% used [0x00000000d5580000,0x00000000d6500000,0x00000000d6500000)
  from space 512K, 87% used [0x00000000d6900000,0x00000000d6970000,0x00000000d6980000)
  to   space 1536K, 0% used [0x00000000d6680000,0x00000000d6680000,0x00000000d6800000)
 ParOldGen       total 68608K, used 53684K [0x0000000080000000, 0x0000000084300000, 0x00000000d5580000)
  object space 68608K, 78% used [0x0000000080000000,0x000000008346d208,0x0000000084300000)
 Metaspace       used 68021K, committed 69504K, reserved 1114112K
  class space    used 7133K, committed 7744K, reserved 1048576K
}
Event: 1283.393 GC heap after
{Heap after GC invocations=50 (full 3):
 PSYoungGen      total 17408K, used 320K [0x00000000d5580000, 0x00000000d6980000, 0x0000000100000000)
  eden space 15872K, 0% used [0x00000000d5580000,0x00000000d5580000,0x00000000d6500000)
  from space 1536K, 20% used [0x00000000d6680000,0x00000000d66d0000,0x00000000d6800000)
  to   space 1024K, 0% used [0x00000000d6880000,0x00000000d6880000,0x00000000d6980000)
 ParOldGen       total 68608K, used 53990K [0x0000000080000000, 0x0000000084300000, 0x00000000d5580000)
  object space 68608K, 78% used [0x0000000080000000,0x00000000834b98d8,0x0000000084300000)
 Metaspace       used 68021K, committed 69504K, reserved 1114112K
  class space    used 7133K, committed 7744K, reserved 1048576K
}
Event: 1295.928 GC heap before
{Heap before GC invocations=51 (full 3):
 PSYoungGen      total 17408K, used 16192K [0x00000000d5580000, 0x00000000d6980000, 0x0000000100000000)
  eden space 15872K, 100% used [0x00000000d5580000,0x00000000d6500000,0x00000000d6500000)
  from space 1536K, 20% used [0x00000000d6680000,0x00000000d66d0000,0x00000000d6800000)
  to   space 1024K, 0% used [0x00000000d6880000,0x00000000d6880000,0x00000000d6980000)
 ParOldGen       total 68608K, used 53990K [0x0000000080000000, 0x0000000084300000, 0x00000000d5580000)
  object space 68608K, 78% used [0x0000000080000000,0x00000000834b98d8,0x0000000084300000)
 Metaspace       used 68100K, committed 69632K, reserved 1114112K
  class space    used 7135K, committed 7744K, reserved 1048576K
}
Event: 1295.930 GC heap after
{Heap after GC invocations=51 (full 3):
 PSYoungGen      total 16384K, used 160K [0x00000000d5580000, 0x00000000d6900000, 0x0000000100000000)
  eden space 15872K, 0% used [0x00000000d5580000,0x00000000d5580000,0x00000000d6500000)
  from space 512K, 31% used [0x00000000d6880000,0x00000000d68a8000,0x00000000d6900000)
  to   space 512K, 0% used [0x00000000d6800000,0x00000000d6800000,0x00000000d6880000)
 ParOldGen       total 68608K, used 54270K [0x0000000080000000, 0x0000000084300000, 0x00000000d5580000)
  object space 68608K, 79% used [0x0000000080000000,0x00000000834ff8d8,0x0000000084300000)
 Metaspace       used 68100K, committed 69632K, reserved 1114112K
  class space    used 7135K, committed 7744K, reserved 1048576K
}

Dll operation events (10 events):
Event: 0.072 Loaded shared library c:\Users\DELL\.vscode\extensions\redhat.java-1.54.0-win32-x64\jre\21.0.10-win32-x86_64\bin\java.dll
Event: 0.338 Loaded shared library c:\Users\DELL\.vscode\extensions\redhat.java-1.54.0-win32-x64\jre\21.0.10-win32-x86_64\bin\zip.dll
Event: 0.463 Loaded shared library C:\Users\DELL\.vscode\extensions\redhat.java-1.54.0-win32-x64\jre\21.0.10-win32-x86_64\bin\instrument.dll
Event: 0.478 Loaded shared library C:\Users\DELL\.vscode\extensions\redhat.java-1.54.0-win32-x64\jre\21.0.10-win32-x86_64\bin\net.dll
Event: 0.486 Loaded shared library C:\Users\DELL\.vscode\extensions\redhat.java-1.54.0-win32-x64\jre\21.0.10-win32-x86_64\bin\nio.dll
Event: 0.492 Loaded shared library C:\Users\DELL\.vscode\extensions\redhat.java-1.54.0-win32-x64\jre\21.0.10-win32-x86_64\bin\zip.dll
Event: 0.551 Loaded shared library C:\Users\DELL\.vscode\extensions\redhat.java-1.54.0-win32-x64\jre\21.0.10-win32-x86_64\bin\jimage.dll
Event: 0.753 Loaded shared library c:\Users\DELL\.vscode\extensions\redhat.java-1.54.0-win32-x64\jre\21.0.10-win32-x86_64\bin\verify.dll
Event: 3.113 Loaded shared library C:\Users\DELL\AppData\Roaming\Code\User\globalStorage\redhat.java\1.54.0\config_win\org.eclipse.equinox.launcher\org.eclipse.equinox.launcher.win32.win32.x86_64_1.3.0.v20260203-2149\eclipse_11919.dll
Event: 6.875 Loaded shared library C:\Users\DELL\AppData\Local\Temp\jna-2094529\jna12984428676889214088.dll

Deoptimization events (20 events):
Event: 1283.406 Thread 0x0000020f14915340 Uncommon trap: trap_request=0xffffffbe fr.pc=0x0000020ec2491a28 relative=0x0000000000000108
Event: 1283.406 Thread 0x0000020f14915340 Uncommon trap: reason=profile_predicate action=maybe_recompile pc=0x0000020ec2491a28 method=org.eclipse.jdt.core.compiler.CharOperation.splitAndTrimOn(C[C)[[C @ 175 c2
Event: 1283.406 Thread 0x0000020f14915340 DEOPT PACKING pc=0x0000020ec2491a28 sp=0x0000009872afd5a0
Event: 1283.406 Thread 0x0000020f14915340 DEOPT UNPACKING pc=0x0000020ec1996da2 sp=0x0000009872afd508 mode 2
Event: 1283.406 Thread 0x0000020f14915340 Uncommon trap: trap_request=0xffffffbe fr.pc=0x0000020ec2491a28 relative=0x0000000000000108
Event: 1283.406 Thread 0x0000020f14915340 Uncommon trap: reason=profile_predicate action=maybe_recompile pc=0x0000020ec2491a28 method=org.eclipse.jdt.core.compiler.CharOperation.splitAndTrimOn(C[C)[[C @ 175 c2
Event: 1283.406 Thread 0x0000020f14915340 DEOPT PACKING pc=0x0000020ec2491a28 sp=0x0000009872afd5a0
Event: 1283.406 Thread 0x0000020f14915340 DEOPT UNPACKING pc=0x0000020ec1996da2 sp=0x0000009872afd508 mode 2
Event: 1283.406 Thread 0x0000020f14915340 Uncommon trap: trap_request=0xffffffbe fr.pc=0x0000020ec2491a28 relative=0x0000000000000108
Event: 1283.406 Thread 0x0000020f14915340 Uncommon trap: reason=profile_predicate action=maybe_recompile pc=0x0000020ec2491a28 method=org.eclipse.jdt.core.compiler.CharOperation.splitAndTrimOn(C[C)[[C @ 175 c2
Event: 1283.406 Thread 0x0000020f14915340 DEOPT PACKING pc=0x0000020ec2491a28 sp=0x0000009872afd5a0
Event: 1283.406 Thread 0x0000020f14915340 DEOPT UNPACKING pc=0x0000020ec1996da2 sp=0x0000009872afd508 mode 2
Event: 1295.885 Thread 0x0000020f14915340 Uncommon trap: trap_request=0xffffffde fr.pc=0x0000020ec22eb80c relative=0x0000000000000a0c
Event: 1295.885 Thread 0x0000020f14915340 Uncommon trap: reason=class_check action=maybe_recompile pc=0x0000020ec22eb80c method=lombok.eclipse.EclipseNode.traverse(Llombok/eclipse/EclipseASTVisitor;)V @ 315 c2
Event: 1295.885 Thread 0x0000020f14915340 DEOPT PACKING pc=0x0000020ec22eb80c sp=0x0000009872afdae0
Event: 1295.885 Thread 0x0000020f14915340 DEOPT UNPACKING pc=0x0000020ec1996da2 sp=0x0000009872afda78 mode 2
Event: 1295.885 Thread 0x0000020f14915340 Uncommon trap: trap_request=0xffffffde fr.pc=0x0000020ec22eb80c relative=0x0000000000000a0c
Event: 1295.885 Thread 0x0000020f14915340 Uncommon trap: reason=class_check action=maybe_recompile pc=0x0000020ec22eb80c method=lombok.eclipse.EclipseNode.traverse(Llombok/eclipse/EclipseASTVisitor;)V @ 315 c2
Event: 1295.885 Thread 0x0000020f14915340 DEOPT PACKING pc=0x0000020ec22eb80c sp=0x0000009872afdae0
Event: 1295.885 Thread 0x0000020f14915340 DEOPT UNPACKING pc=0x0000020ec1996da2 sp=0x0000009872afda78 mode 2

Classes loaded (20 events):
Event: 316.682 Loading class java/util/stream/Nodes$ToArrayTask done
Event: 316.682 Loading class java/util/stream/Nodes$ToArrayTask$OfRef done
Event: 316.692 Loading class java/io/ObjectOutputStream$BlockDataOutputStream
Event: 316.695 Loading class java/io/ObjectOutputStream$BlockDataOutputStream done
Event: 316.695 Loading class java/io/ObjectOutputStream$HandleTable
Event: 316.696 Loading class java/io/ObjectOutputStream$HandleTable done
Event: 316.697 Loading class java/io/ObjectOutputStream$ReplaceTable
Event: 316.697 Loading class java/io/ObjectOutputStream$ReplaceTable done
Event: 1214.045 Loading class jdk/internal/ref/CleanerImpl$InnocuousThreadFactory
Event: 1214.047 Loading class jdk/internal/ref/CleanerImpl$InnocuousThreadFactory done
Event: 1214.932 Loading class java/util/regex/Pattern$Behind
Event: 1214.933 Loading class java/util/regex/Pattern$Behind done
Event: 1214.935 Loading class java/util/regex/Pattern$Neg
Event: 1214.935 Loading class java/util/regex/Pattern$Neg done
Event: 1215.102 Loading class java/util/LinkedList$LLSpliterator
Event: 1215.103 Loading class java/util/LinkedList$LLSpliterator done
Event: 1252.431 Loading class java/util/function/IntPredicate
Event: 1252.431 Loading class java/util/function/IntPredicate done
Event: 1252.447 Loading class java/util/regex/Pattern$Bound
Event: 1252.448 Loading class java/util/regex/Pattern$Bound done

Classes unloaded (19 events):
Event: 7.731 Thread 0x0000020eb72c0430 Unloading class 0x0000020ecf1a9400 'java/lang/invoke/LambdaForm$MH+0x0000020ecf1a9400'
Event: 7.731 Thread 0x0000020eb72c0430 Unloading class 0x0000020ecf1a9000 'java/lang/invoke/LambdaForm$MH+0x0000020ecf1a9000'
Event: 7.731 Thread 0x0000020eb72c0430 Unloading class 0x0000020ecf1a8c00 'java/lang/invoke/LambdaForm$MH+0x0000020ecf1a8c00'
Event: 7.731 Thread 0x0000020eb72c0430 Unloading class 0x0000020ecf1a8800 'java/lang/invoke/LambdaForm$MH+0x0000020ecf1a8800'
Event: 7.731 Thread 0x0000020eb72c0430 Unloading class 0x0000020ecf1a8400 'java/lang/invoke/LambdaForm$BMH+0x0000020ecf1a8400'
Event: 7.731 Thread 0x0000020eb72c0430 Unloading class 0x0000020ecf1a8000 'java/lang/invoke/LambdaForm$DMH+0x0000020ecf1a8000'
Event: 7.731 Thread 0x0000020eb72c0430 Unloading class 0x0000020ecf1a6c00 'java/lang/invoke/LambdaForm$DMH+0x0000020ecf1a6c00'
Event: 9.151 Thread 0x0000020eb72c0430 Unloading class 0x0000020ecf339800 'java/lang/invoke/LambdaForm$MH+0x0000020ecf339800'
Event: 9.151 Thread 0x0000020eb72c0430 Unloading class 0x0000020ecf338400 'java/lang/invoke/LambdaForm$MH+0x0000020ecf338400'
Event: 9.151 Thread 0x0000020eb72c0430 Unloading class 0x0000020ecf337c00 'java/lang/invoke/LambdaForm$MH+0x0000020ecf337c00'
Event: 9.151 Thread 0x0000020eb72c0430 Unloading class 0x0000020ecf337400 'java/lang/invoke/LambdaForm$MH+0x0000020ecf337400'
Event: 9.151 Thread 0x0000020eb72c0430 Unloading class 0x0000020ecf336800 'java/lang/invoke/LambdaForm$MH+0x0000020ecf336800'
Event: 9.151 Thread 0x0000020eb72c0430 Unloading class 0x0000020ecf333400 'java/lang/invoke/LambdaForm$MH+0x0000020ecf333400'
Event: 9.151 Thread 0x0000020eb72c0430 Unloading class 0x0000020ecf332800 'java/lang/invoke/LambdaForm$MH+0x0000020ecf332800'
Event: 9.151 Thread 0x0000020eb72c0430 Unloading class 0x0000020ecf332000 'java/lang/invoke/LambdaForm$MH+0x0000020ecf332000'
Event: 9.151 Thread 0x0000020eb72c0430 Unloading class 0x0000020ecf331800 'java/lang/invoke/LambdaForm$MH+0x0000020ecf331800'
Event: 9.151 Thread 0x0000020eb72c0430 Unloading class 0x0000020ecf331000 'java/lang/invoke/LambdaForm$MH+0x0000020ecf331000'
Event: 9.151 Thread 0x0000020eb72c0430 Unloading class 0x0000020ecf330800 'java/lang/invoke/LambdaForm$MH+0x0000020ecf330800'
Event: 9.151 Thread 0x0000020eb72c0430 Unloading class 0x0000020ecf330000 'java/lang/invoke/LambdaForm$MH+0x0000020ecf330000'

Classes redefined (0 events):
No events

Internal exceptions (20 events):
Event: 16.749 Thread 0x0000020f0f8de350 Exception <a 'sun/nio/fs/WindowsException'{0x00000000d5c025f0}> (0x00000000d5c025f0) 
thrown [s\src\hotspot\share\prims\jni.cpp, line 520]
Event: 16.750 Thread 0x0000020f0f8de350 Exception <a 'sun/nio/fs/WindowsException'{0x00000000d5c02e60}> (0x00000000d5c02e60) 
thrown [s\src\hotspot\share\prims\jni.cpp, line 520]
Event: 16.832 Thread 0x0000020f0f8de350 Exception <a 'java/lang/NoSuchMethodError'{0x00000000d5c59888}: 'java.lang.Object java.lang.invoke.DirectMethodHandle$Holder.invokeStatic(java.lang.Object, java.lang.Object, int, java.lang.Object)'> (0x00000000d5c59888) 
thrown [s\src\hotspot\share\interpreter\linkResolver.cpp, line 773]
Event: 16.833 Thread 0x0000020f0f8de350 Exception <a 'java/lang/NoSuchMethodError'{0x00000000d5c60128}: 'java.lang.Object java.lang.invoke.DirectMethodHandle$Holder.newInvokeSpecial(java.lang.Object, java.lang.Object, int)'> (0x00000000d5c60128) 
thrown [s\src\hotspot\share\interpreter\linkResolver.cpp, line 773]
Event: 316.659 Thread 0x0000020f0f8ddcc0 Implicit null exception at 0x0000020ec22708ea to 0x0000020ec2271844
Event: 316.683 Thread 0x0000020f0f8ddcc0 Implicit null exception at 0x0000020ec226e8ce to 0x0000020ec226f228
Event: 316.792 Thread 0x0000020f0f8ddcc0 Exception <a 'java/lang/NoSuchMethodError'{0x00000000d56deea0}: 'java.lang.Object java.lang.invoke.DirectMethodHandle$Holder.newInvokeSpecial(java.lang.Object, java.lang.Object, java.lang.Object, java.lang.Object, java.lang.Object, java.lang.Object, java.lang.Object, java.lang.Object)'> (0x00000000d56deea0) 
thrown [s\src\hotspot\share\interpreter\linkResolver.cpp, line 773]
Event: 1211.788 Thread 0x0000020f14914620 Exception <a 'java/lang/IncompatibleClassChangeError'{0x00000000d5749558}: Found class java.lang.Object, but interface was expected> (0x00000000d5749558) 
thrown [s\src\hotspot\share\interpreter\linkResolver.cpp, line 840]
Event: 1212.772 Thread 0x0000020f14914620 Exception <a 'java/lang/IncompatibleClassChangeError'{0x00000000d5b364f8}: Found class java.lang.Object, but interface was expected> (0x00000000d5b364f8) 
thrown [s\src\hotspot\share\interpreter\linkResolver.cpp, line 840]
Event: 1212.795 Thread 0x0000020f14914620 Exception <a 'java/lang/IncompatibleClassChangeError'{0x00000000d5b64070}: Found class java.lang.Object, but interface was expected> (0x00000000d5b64070) 
thrown [s\src\hotspot\share\interpreter\linkResolver.cpp, line 840]
Event: 1212.882 Thread 0x0000020f149159d0 Exception <a 'java/lang/NoSuchMethodError'{0x00000000d5c31308}: 'java.lang.Object java.lang.invoke.DirectMethodHandle$Holder.invokeSpecial(java.lang.Object, java.lang.Object, java.lang.Object, java.lang.Object, int, java.lang.Object, java.lang.Object)'> (0x00000000d5c31308) 
thrown [s\src\hotspot\share\interpreter\linkResolver.cpp, line 773]
Event: 1213.246 Thread 0x0000020f14914620 Exception <a 'java/lang/IncompatibleClassChangeError'{0x00000000d5f807b0}: Found class java.lang.Object, but interface was expected> (0x00000000d5f807b0) 
thrown [s\src\hotspot\share\interpreter\linkResolver.cpp, line 840]
Event: 1214.773 Thread 0x0000020f14915340 Exception <a 'java/lang/NoSuchMethodError'{0x00000000d5eb29a0}: 'void java.lang.invoke.DirectMethodHandle$Holder.invokeSpecial(java.lang.Object, java.lang.Object, int)'> (0x00000000d5eb29a0) 
thrown [s\src\hotspot\share\interpreter\linkResolver.cpp, line 773]
Event: 1215.475 Thread 0x0000020f14915340 Exception <a 'java/lang/NoSuchMethodError'{0x00000000d5b06c48}: 'int java.lang.invoke.DirectMethodHandle$Holder.invokeVirtual(java.lang.Object, java.lang.Object, java.lang.Object, int)'> (0x00000000d5b06c48) 
thrown [s\src\hotspot\share\interpreter\linkResolver.cpp, line 773]
Event: 1229.459 Thread 0x0000020f14914620 Exception <a 'java/lang/IncompatibleClassChangeError'{0x00000000d58375e0}: Found class java.lang.Object, but interface was expected> (0x00000000d58375e0) 
thrown [s\src\hotspot\share\interpreter\linkResolver.cpp, line 840]
Event: 1252.326 Thread 0x0000020f14915340 Exception <a 'java/lang/NoSuchMethodError'{0x00000000d56db488}: 'int java.lang.invoke.DirectMethodHandle$Holder.invokeSpecialIFC(java.lang.Object, java.lang.Object, java.lang.Object)'> (0x00000000d56db488) 
thrown [s\src\hotspot\share\interpreter\linkResolver.cpp, line 773]
Event: 1252.338 Thread 0x0000020f14915340 Exception <a 'java/lang/NoSuchMethodError'{0x00000000d573abf8}: 'java.lang.Object java.lang.invoke.DirectMethodHandle$Holder.invokeStatic(java.lang.Object, int, java.lang.Object)'> (0x00000000d573abf8) 
thrown [s\src\hotspot\share\interpreter\linkResolver.cpp, line 773]
Event: 1252.427 Thread 0x0000020f14915340 Exception <a 'java/lang/NoSuchMethodError'{0x00000000d5a331c8}: 'java.lang.Object java.lang.invoke.DirectMethodHandle$Holder.invokeStaticInit(java.lang.Object, java.lang.Object, java.lang.Object)'> (0x00000000d5a331c8) 
thrown [s\src\hotspot\share\interpreter\linkResolver.cpp, line 773]
Event: 1252.432 Thread 0x0000020f14915340 Exception <a 'java/lang/NoSuchMethodError'{0x00000000d5aa3518}: 'int java.lang.invoke.DirectMethodHandle$Holder.invokeStaticInit(java.lang.Object, int)'> (0x00000000d5aa3518) 
thrown [s\src\hotspot\share\interpreter\linkResolver.cpp, line 773]
Event: 1281.055 Thread 0x0000020f14914620 Exception <a 'java/lang/IncompatibleClassChangeError'{0x00000000d5df4f40}: Found class java.lang.Object, but interface was expected> (0x00000000d5df4f40) 
thrown [s\src\hotspot\share\interpreter\linkResolver.cpp, line 840]

ZGC Phase Switch (0 events):
No events

VM Operations (20 events):
Event: 1283.390 Executing safepoint VM operation: ParallelGCFailedAllocation (Allocation Failure)
Event: 1283.394 Executing safepoint VM operation: ParallelGCFailedAllocation (Allocation Failure) done
Event: 1284.406 Executing safepoint VM operation: Cleanup
Event: 1284.406 Executing safepoint VM operation: Cleanup done
Event: 1285.416 Executing safepoint VM operation: Cleanup
Event: 1285.416 Executing safepoint VM operation: Cleanup done
Event: 1286.424 Executing safepoint VM operation: Cleanup
Event: 1286.424 Executing safepoint VM operation: Cleanup done
Event: 1291.451 Executing safepoint VM operation: Cleanup
Event: 1291.451 Executing safepoint VM operation: Cleanup done
Event: 1295.882 Executing non-safepoint VM operation: HandshakeAllThreads (Deoptimize)
Event: 1295.882 Executing non-safepoint VM operation: HandshakeAllThreads (Deoptimize) done
Event: 1295.928 Executing safepoint VM operation: ParallelGCFailedAllocation (Allocation Failure)
Event: 1295.930 Executing safepoint VM operation: ParallelGCFailedAllocation (Allocation Failure) done
Event: 1296.942 Executing safepoint VM operation: Cleanup
Event: 1296.943 Executing safepoint VM operation: Cleanup done
Event: 1323.290 Executing non-safepoint VM operation: HandshakeAllThreads (HandshakeForDeflation)
Event: 1323.292 Executing non-safepoint VM operation: HandshakeAllThreads (HandshakeForDeflation) done
Event: 1323.292 Executing non-safepoint VM operation: RendezvousGCThreads
Event: 1323.292 Executing non-safepoint VM operation: RendezvousGCThreads done

Memory protections (0 events):
No events

Nmethod flushes (20 events):
Event: 16.482 Thread 0x0000020eb72c0430 flushing  nmethod 0x0000020ebacbb910
Event: 16.482 Thread 0x0000020eb72c0430 flushing  nmethod 0x0000020ebacdf410
Event: 16.482 Thread 0x0000020eb72c0430 flushing  nmethod 0x0000020ebace0610
Event: 16.482 Thread 0x0000020eb72c0430 flushing  nmethod 0x0000020ebace1590
Event: 16.482 Thread 0x0000020eb72c0430 flushing  nmethod 0x0000020ebace2e10
Event: 16.482 Thread 0x0000020eb72c0430 flushing  nmethod 0x0000020ebace5990
Event: 16.482 Thread 0x0000020eb72c0430 flushing  nmethod 0x0000020ebace7490
Event: 16.482 Thread 0x0000020eb72c0430 flushing  nmethod 0x0000020ebaceb510
Event: 16.482 Thread 0x0000020eb72c0430 flushing  nmethod 0x0000020ebacee710
Event: 16.482 Thread 0x0000020eb72c0430 flushing  nmethod 0x0000020ebacef290
Event: 16.482 Thread 0x0000020eb72c0430 flushing  nmethod 0x0000020ebacf0310
Event: 16.482 Thread 0x0000020eb72c0430 flushing  nmethod 0x0000020ebacf0a90
Event: 16.482 Thread 0x0000020eb72c0430 flushing  nmethod 0x0000020ebacf0e10
Event: 16.482 Thread 0x0000020eb72c0430 flushing  nmethod 0x0000020ebacf1190
Event: 16.482 Thread 0x0000020eb72c0430 flushing  nmethod 0x0000020ebacf1e90
Event: 16.482 Thread 0x0000020eb72c0430 flushing  nmethod 0x0000020ebacf3510
Event: 16.482 Thread 0x0000020eb72c0430 flushing  nmethod 0x0000020ebacf3910
Event: 16.482 Thread 0x0000020eb72c0430 flushing  nmethod 0x0000020ebacf3f90
Event: 16.482 Thread 0x0000020eb72c0430 flushing  nmethod 0x0000020ebacf4590
Event: 16.482 Thread 0x0000020eb72c0430 flushing  nmethod 0x0000020ebacf4990

Events (20 events):
Event: 11.496 Thread 0x0000020f14910b10 Thread added: 0x0000020f14915340
Event: 11.792 Thread 0x0000020f0f8dc910 Thread added: 0x0000020f14911830
Event: 15.235 Thread 0x0000020f14911830 Thread exited: 0x0000020f14911830
Event: 76.651 Thread 0x0000020f14910b10 Thread exited: 0x0000020f14910b10
Event: 77.232 Thread 0x0000020f0f8db560 Thread exited: 0x0000020f0f8db560
Event: 77.235 Thread 0x0000020f0f8dc910 Thread exited: 0x0000020f0f8dc910
Event: 77.236 Thread 0x0000020f0f8dd630 Thread exited: 0x0000020f0f8dd630
Event: 77.737 Thread 0x0000020f0f8de350 Thread exited: 0x0000020f0f8de350
Event: 136.668 Thread 0x0000020f149159d0 Thread exited: 0x0000020f149159d0
Event: 196.693 Thread 0x0000020f14915340 Thread exited: 0x0000020f14915340
Event: 316.532 Thread 0x0000020f0f8ddcc0 Thread added: 0x0000020f14915340
Event: 316.586 Thread 0x0000020f14915340 Thread exited: 0x0000020f14915340
Event: 316.675 Thread 0x0000020f0f8ddcc0 Thread added: 0x0000020f14915340
Event: 316.678 Thread 0x0000020f14915340 Thread added: 0x0000020f14911ec0
Event: 316.683 Thread 0x0000020f14915340 Thread exited: 0x0000020f14915340
Event: 316.683 Thread 0x0000020f14911ec0 Thread exited: 0x0000020f14911ec0
Event: 1212.646 Thread 0x0000020f14914620 Thread added: 0x0000020f14916d80
Event: 1212.702 Thread 0x0000020f14914620 Thread added: 0x0000020f14915340
Event: 1212.711 Thread 0x0000020f14914620 Thread added: 0x0000020f149159d0
Event: 1214.047 Thread 0x0000020f14915340 Thread added: 0x0000020f14917410


Dynamic libraries:
0x00007ff7ea380000 - 0x00007ff7ea38e000 	c:\Users\DELL\.vscode\extensions\redhat.java-1.54.0-win32-x64\jre\21.0.10-win32-x86_64\bin\java.exe
0x00007ffcf8390000 - 0x00007ffcf8588000 	C:\Windows\SYSTEM32\ntdll.dll
0x00007ffcf6680000 - 0x00007ffcf6742000 	C:\Windows\System32\KERNEL32.DLL
0x00007ffcf5e50000 - 0x00007ffcf6146000 	C:\Windows\System32\KERNELBASE.dll
0x00007ffcf5a20000 - 0x00007ffcf5b20000 	C:\Windows\System32\ucrtbase.dll
0x00007ffcf0f10000 - 0x00007ffcf0f28000 	c:\Users\DELL\.vscode\extensions\redhat.java-1.54.0-win32-x64\jre\21.0.10-win32-x86_64\bin\jli.dll
0x00007ffce1e70000 - 0x00007ffce1e8e000 	c:\Users\DELL\.vscode\extensions\redhat.java-1.54.0-win32-x64\jre\21.0.10-win32-x86_64\bin\VCRUNTIME140.dll
0x00007ffcf63d0000 - 0x00007ffcf6571000 	C:\Windows\System32\USER32.dll
0x00007ffcf5c50000 - 0x00007ffcf5c72000 	C:\Windows\System32\win32u.dll
0x00007ffce2a20000 - 0x00007ffce2cbb000 	C:\Windows\WinSxS\amd64_microsoft.windows.common-controls_6595b64144ccf1df_6.0.19041.6456_none_60b8a6cb71f64256\COMCTL32.dll
0x00007ffcf82b0000 - 0x00007ffcf834e000 	C:\Windows\System32\msvcrt.dll
0x00007ffcf71f0000 - 0x00007ffcf721b000 	C:\Windows\System32\GDI32.dll
0x00007ffcf5d30000 - 0x00007ffcf5e49000 	C:\Windows\System32\gdi32full.dll
0x00007ffcf5bb0000 - 0x00007ffcf5c4d000 	C:\Windows\System32\msvcp_win.dll
0x00007ffcf6650000 - 0x00007ffcf667f000 	C:\Windows\System32\IMM32.DLL
0x00007ffcf0f00000 - 0x00007ffcf0f0c000 	c:\Users\DELL\.vscode\extensions\redhat.java-1.54.0-win32-x64\jre\21.0.10-win32-x86_64\bin\vcruntime140_1.dll
0x00007ffcd1210000 - 0x00007ffcd129d000 	c:\Users\DELL\.vscode\extensions\redhat.java-1.54.0-win32-x64\jre\21.0.10-win32-x86_64\bin\msvcp140.dll
0x00007ffc82530000 - 0x00007ffc832d1000 	c:\Users\DELL\.vscode\extensions\redhat.java-1.54.0-win32-x64\jre\21.0.10-win32-x86_64\bin\server\jvm.dll
0x00007ffcf70d0000 - 0x00007ffcf7181000 	C:\Windows\System32\ADVAPI32.dll
0x00007ffcf7ad0000 - 0x00007ffcf7b6f000 	C:\Windows\System32\sechost.dll
0x00007ffcf7d90000 - 0x00007ffcf7eb0000 	C:\Windows\System32\RPCRT4.dll
0x00007ffcf62b0000 - 0x00007ffcf62d7000 	C:\Windows\System32\bcrypt.dll
0x00007ffcf7b70000 - 0x00007ffcf7bdb000 	C:\Windows\System32\WS2_32.dll
0x00007ffcef1a0000 - 0x00007ffcef1aa000 	C:\Windows\SYSTEM32\VERSION.dll
0x00007ffce2ee0000 - 0x00007ffce2f07000 	C:\Windows\SYSTEM32\WINMM.dll
0x00007ffcf5880000 - 0x00007ffcf58cb000 	C:\Windows\SYSTEM32\POWRPROF.dll
0x00007ffcf5860000 - 0x00007ffcf5872000 	C:\Windows\SYSTEM32\UMPDC.dll
0x00007ffcf4260000 - 0x00007ffcf4272000 	C:\Windows\SYSTEM32\kernel.appcore.dll
0x00007ffcef620000 - 0x00007ffcef62a000 	c:\Users\DELL\.vscode\extensions\redhat.java-1.54.0-win32-x64\jre\21.0.10-win32-x86_64\bin\jimage.dll
0x00007ffcf4000000 - 0x00007ffcf4201000 	C:\Windows\SYSTEM32\DBGHELP.DLL
0x00007ffcd2c50000 - 0x00007ffcd2c84000 	C:\Windows\SYSTEM32\dbgcore.DLL
0x00007ffcf5b20000 - 0x00007ffcf5ba2000 	C:\Windows\System32\bcryptPrimitives.dll
0x00007ffcee3b0000 - 0x00007ffcee3bf000 	c:\Users\DELL\.vscode\extensions\redhat.java-1.54.0-win32-x64\jre\21.0.10-win32-x86_64\bin\instrument.dll
0x00007ffcd9400000 - 0x00007ffcd9420000 	c:\Users\DELL\.vscode\extensions\redhat.java-1.54.0-win32-x64\jre\21.0.10-win32-x86_64\bin\java.dll
0x00007ffcf7220000 - 0x00007ffcf7990000 	C:\Windows\System32\SHELL32.dll
0x00007ffcf3780000 - 0x00007ffcf3f25000 	C:\Windows\SYSTEM32\windows.storage.dll
0x00007ffcf7f40000 - 0x00007ffcf8294000 	C:\Windows\System32\combase.dll
0x00007ffcf5370000 - 0x00007ffcf539b000 	C:\Windows\SYSTEM32\Wldp.dll
0x00007ffcf6750000 - 0x00007ffcf681d000 	C:\Windows\System32\OLEAUT32.dll
0x00007ffcf7a20000 - 0x00007ffcf7acd000 	C:\Windows\System32\SHCORE.dll
0x00007ffcf65f0000 - 0x00007ffcf664b000 	C:\Windows\System32\shlwapi.dll
0x00007ffcf5950000 - 0x00007ffcf5974000 	C:\Windows\SYSTEM32\profapi.dll
0x00007ffcd91d0000 - 0x00007ffcd91e8000 	c:\Users\DELL\.vscode\extensions\redhat.java-1.54.0-win32-x64\jre\21.0.10-win32-x86_64\bin\zip.dll
0x00007ffced6c0000 - 0x00007ffced6d0000 	C:\Users\DELL\.vscode\extensions\redhat.java-1.54.0-win32-x64\jre\21.0.10-win32-x86_64\bin\net.dll
0x00007ffcecbf0000 - 0x00007ffceccfa000 	C:\Windows\SYSTEM32\WINHTTP.dll
0x00007ffcf50d0000 - 0x00007ffcf513a000 	C:\Windows\system32\mswsock.dll
0x00007ffcd2e20000 - 0x00007ffcd2e36000 	C:\Users\DELL\.vscode\extensions\redhat.java-1.54.0-win32-x64\jre\21.0.10-win32-x86_64\bin\nio.dll
0x00007ffce4060000 - 0x00007ffce4070000 	c:\Users\DELL\.vscode\extensions\redhat.java-1.54.0-win32-x64\jre\21.0.10-win32-x86_64\bin\verify.dll
0x00007ffccaa90000 - 0x00007ffccaad5000 	C:\Users\DELL\AppData\Roaming\Code\User\globalStorage\redhat.java\1.54.0\config_win\org.eclipse.equinox.launcher\org.eclipse.equinox.launcher.win32.win32.x86_64_1.3.0.v20260203-2149\eclipse_11919.dll
0x00007ffcf6ec0000 - 0x00007ffcf6feb000 	C:\Windows\System32\ole32.dll
0x00007ffcf52d0000 - 0x00007ffcf52e8000 	C:\Windows\SYSTEM32\CRYPTSP.dll
0x00007ffcf49f0000 - 0x00007ffcf4a28000 	C:\Windows\system32\rsaenh.dll
0x00007ffcf5910000 - 0x00007ffcf593e000 	C:\Windows\SYSTEM32\USERENV.dll
0x00007ffcf52c0000 - 0x00007ffcf52cc000 	C:\Windows\SYSTEM32\CRYPTBASE.dll
0x00007ffcf4db0000 - 0x00007ffcf4deb000 	C:\Windows\SYSTEM32\IPHLPAPI.DLL
0x00007ffcf7eb0000 - 0x00007ffcf7eb8000 	C:\Windows\System32\NSI.dll
0x00007ffcca840000 - 0x00007ffcca889000 	C:\Users\DELL\AppData\Local\Temp\jna-2094529\jna12984428676889214088.dll
0x00007ffcf82a0000 - 0x00007ffcf82a8000 	C:\Windows\System32\PSAPI.DLL
0x00007ffced1a0000 - 0x00007ffced1b7000 	C:\Windows\SYSTEM32\dhcpcsvc6.DLL
0x00007ffceddb0000 - 0x00007ffceddcd000 	C:\Windows\SYSTEM32\dhcpcsvc.DLL

JVMTI agents:
c:\Users\DELL\.vscode\extensions\redhat.java-1.54.0-win32-x64\lombok\lombok-1.18.39-4050.jar path:c:\Users\DELL\.vscode\extensions\redhat.java-1.54.0-win32-x64\jre\21.0.10-win32-x86_64\bin\instrument.dll, loaded, initialized, instrumentlib options:none

dbghelp: loaded successfully - version: 4.0.5 - missing functions: none
symbol engine: initialized successfully - sym options: 0x614 - pdb path: .;c:\Users\DELL\.vscode\extensions\redhat.java-1.54.0-win32-x64\jre\21.0.10-win32-x86_64\bin;C:\Windows\SYSTEM32;C:\Windows\WinSxS\amd64_microsoft.windows.common-controls_6595b64144ccf1df_6.0.19041.6456_none_60b8a6cb71f64256;c:\Users\DELL\.vscode\extensions\redhat.java-1.54.0-win32-x64\jre\21.0.10-win32-x86_64\bin\server;C:\Users\DELL\AppData\Roaming\Code\User\globalStorage\redhat.java\1.54.0\config_win\org.eclipse.equinox.launcher\org.eclipse.equinox.launcher.win32.win32.x86_64_1.3.0.v20260203-2149;C:\Users\DELL\AppData\Local\Temp\jna-2094529

VM Arguments:
jvm_args: --add-modules=ALL-SYSTEM --add-opens=java.base/java.util=ALL-UNNAMED --add-opens=java.base/java.lang=ALL-UNNAMED --add-opens=java.base/sun.nio.fs=ALL-UNNAMED -Declipse.application=org.eclipse.jdt.ls.core.id1 -Dosgi.bundles.defaultStartLevel=4 -Declipse.product=org.eclipse.jdt.ls.core.product -Djava.import.generatesMetadataFilesAtProjectRoot=false -DDetectVMInstallationsJob.disabled=true -Dfile.encoding=utf8 -XX:+UseParallelGC -XX:GCTimeRatio=4 -XX:AdaptiveSizePolicyWeight=90 -Dsun.zip.disableMemoryMapping=true -Xmx2G -Xms100m -Xlog:disable -javaagent:c:\Users\DELL\.vscode\extensions\redhat.java-1.54.0-win32-x64\lombok\lombok-1.18.39-4050.jar -XX:+HeapDumpOnOutOfMemoryError -XX:HeapDumpPath=c:\Users\DELL\AppData\Roaming\Code\User\workspaceStorage\873737dd31112d1eb8e6da68add6094f\redhat.java -Daether.dependencyCollector.impl=bf 
java_command: c:\Users\DELL\.vscode\extensions\redhat.java-1.54.0-win32-x64\server\plugins\org.eclipse.equinox.launcher_1.7.100.v20251111-0406.jar -configuration c:\Users\DELL\AppData\Roaming\Code\User\globalStorage\redhat.java\1.54.0\config_win -data c:\Users\DELL\AppData\Roaming\Code\User\workspaceStorage\873737dd31112d1eb8e6da68add6094f\redhat.java\jdt_ws --pipe=\\.\pipe\lsp-4b1f9a0c074b9e806e0673261867d2d2-sock
java_class_path (initial): c:\Users\DELL\.vscode\extensions\redhat.java-1.54.0-win32-x64\server\plugins\org.eclipse.equinox.launcher_1.7.100.v20251111-0406.jar
Launcher Type: SUN_STANDARD

[Global flags]
    uintx AdaptiveSizePolicyWeight                 = 90                                        {product} {command line}
     intx CICompilerCount                          = 3                                         {product} {ergonomic}
    uintx GCTimeRatio                              = 4                                         {product} {command line}
     bool HeapDumpOnOutOfMemoryError               = true                                   {manageable} {command line}
    ccstr HeapDumpPath                             = c:\Users\DELL\AppData\Roaming\Code\User\workspaceStorage\873737dd31112d1eb8e6da68add6094f\redhat.java         {manageable} {command line}
   size_t InitialHeapSize                          = 104857600                                 {product} {command line}
   size_t MaxHeapSize                              = 2147483648                                {product} {command line}
   size_t MaxNewSize                               = 715653120                                 {product} {ergonomic}
   size_t MinHeapDeltaBytes                        = 524288                                    {product} {ergonomic}
   size_t MinHeapSize                              = 104857600                                 {product} {command line}
   size_t NewSize                                  = 34603008                                  {product} {ergonomic}
    uintx NonNMethodCodeHeapSize                   = 5832780                                {pd product} {ergonomic}
    uintx NonProfiledCodeHeapSize                  = 122912730                              {pd product} {ergonomic}
   size_t OldSize                                  = 70254592                                  {product} {ergonomic}
    uintx ProfiledCodeHeapSize                     = 122912730                              {pd product} {ergonomic}
    uintx ReservedCodeCacheSize                    = 251658240                              {pd product} {ergonomic}
     bool SegmentedCodeCache                       = true                                      {product} {ergonomic}
   size_t SoftMaxHeapSize                          = 2147483648                             {manageable} {ergonomic}
     bool UseCompressedOops                        = true                           {product lp64_product} {ergonomic}
     bool UseLargePagesIndividualAllocation        = false                                  {pd product} {ergonomic}
     bool UseParallelGC                            = true                                      {product} {command line}

Logging:
Log output configuration:
 #0: stdout all=off uptime,level,tags foldmultilines=false
 #1: stderr all=off uptime,level,tags foldmultilines=false

Release file:
JAVA_VERSION="21.0.10" 
MODULES="java.base java.compiler java.datatransfer java.xml java.prefs java.desktop java.instrument java.logging java.management java.security.sasl java.naming java.rmi java.management.rmi java.net.http java.scripting java.security.jgss java.transaction.xa java.sql java.sql.rowset java.xml.crypto java.se java.smartcardio jdk.accessibility jdk.internal.jvmstat jdk.attach jdk.charsets jdk.internal.opt jdk.zipfs jdk.compiler jdk.crypto.ec jdk.crypto.cryptoki jdk.crypto.mscapi jdk.dynalink jdk.internal.ed jdk.editpad jdk.hotspot.agent jdk.httpserver jdk.internal.le jdk.internal.vm.ci jdk.internal.vm.compiler jdk.internal.vm.compiler.management jdk.jartool jdk.javadoc jdk.jcmd jdk.management jdk.management.agent jdk.jconsole jdk.jdeps jdk.jdwp.agent jdk.jdi jdk.jfr jdk.jshell jdk.jsobject jdk.jstatd jdk.localedata jdk.management.jfr jdk.naming.dns jdk.naming.rmi jdk.net jdk.nio.mapmode jdk.random jdk.sctp jdk.security.auth jdk.security.jgss jdk.unsupported jdk.unsupported.desktop jdk.xml.dom" 

Environment Variables:
JAVA_HOME=C:\Program Files\Java\jdk-22
PATH=C:\Program Files\Common Files\Oracle\Java\javapath;C:\oraclexe\app\oracle\product\11.2.0\server\bin;C:\Windows\system32;C:\Windows;C:\Windows\System32\Wbem;C:\Windows\System32\WindowsPowerShell\v1.0\;C:\Windows\System32\OpenSSH\;C:\Program Files\Java\jdk-17.0.1\bin;C:\Program Files\dotnet\;C:\php;C:\Program Files\Java\jdk1.8.0_351\bin;C:\Program Files\Java\jdk-22;C:\Program Files\MySQL\MySQL Server 8.0\bin;C:\MinGW\bin;C:\Program Files\Java\jdk-25\bin;C:\Program Files\Git\cmd;C:\Program Files\nodejs\;C:\Program Files\MySQL\MySQL Shell 8.0\bin\;C:\Users\DELL\AppData\Local\Programs\Python\Python37\Scripts\;C:\Users\DELL\AppData\Local\Programs\Python\Python37\;C:\Users\DELL\AppData\Local\Microsoft\WindowsApps;C:\Program Files (x86)\mingw-w64\i686-8.1.0-posix-dwarf-rt_v6-rev0\mingw32\bin;C:\Program Files\Java\jdk-17.0.1\bin;C:\Users\DELL\AppData\Local\Programs\Python\Python38\Scripts;C:\Users\DELL\AppData\Local\Programs\Python\Python38;C:\Users\DELL\AppData\Local\Programs\Microsoft VS Code\bin;C:\Users\DELL\AppData\Local\GitHubDesktop\bin;C:\Program Files\JetBrains\IntelliJ IDEA 2025.3.1\bin;C:\Users\DELL\AppData\Roaming\npm
USERNAME=DELL
OS=Windows_NT
PROCESSOR_IDENTIFIER=Intel64 Family 6 Model 126 Stepping 5, GenuineIntel
TMP=C:\Users\DELL\AppData\Local\Temp
TEMP=C:\Users\DELL\AppData\Local\Temp




Periodic native trim disabled

---------------  S Y S T E M  ---------------

OS:
 Windows 10 , 64 bit Build 19041 (10.0.19041.5915)
OS uptime: 5 days 1:45 hours

CPU: total 4 (initial active 4) (2 cores per cpu, 2 threads per core) family 6 model 126 stepping 5 microcode 0xcc, cx8, cmov, fxsr, ht, mmx, 3dnowpref, sse, sse2, sse3, ssse3, sse4.1, sse4.2, popcnt, lzcnt, tsc, tscinvbit, avx, avx2, aes, erms, clmul, bmi1, bmi2, adx, avx512f, avx512dq, avx512cd, avx512bw, avx512vl, sha, fma, vzeroupper, avx512_vpopcntdq, avx512_vpclmulqdq, avx512_vaes, avx512_vnni, clflush, clflushopt, avx512_vbmi2, avx512_vbmi, rdtscp, rdpid, fsrm, gfni, avx512_bitalg, f16c, pku, avx512_ifma
Processor Information for the first 4 processors :
  Max Mhz: 1190, Current Mhz: 1190, Mhz Limit: 1190

Memory: 4k page, system-wide physical 3862M (190M free)
TotalPageFile size 15638M (AvailPageFile size 4M)
current process WorkingSet (physical memory assigned to process): 55M, peak: 222M
current process commit charge ("private bytes"): 340M, peak: 347M

vm_info: OpenJDK 64-Bit Server VM (21.0.10+7-LTS) for windows-amd64 JRE (21.0.10+7-LTS), built on 2026-01-20T00:00:00Z by "admin" with MS VC++ 17.12 (VS2022)

END.
