#
# There is insufficient memory for the Java Runtime Environment to continue.
# Native memory allocation (malloc) failed to allocate 32744 bytes. Error detail: Chunk::new
# Possible reasons:
#   The system is out of physical RAM or swap space
#   This process is running with CompressedOops enabled, and the Java Heap may be blocking the growth of the native heap
# Possible solutions:
#   Reduce memory load on the system
#   Increase physical memory or swap space
#   Check if swap backing store is full
#   Decrease Java heap size (-Xmx/-Xms)
#   Decrease number of Java threads
#   Decrease Java thread stack sizes (-Xss)
#   Set larger code cache with -XX:ReservedCodeCacheSize=
#   JVM is running with Unscaled Compressed Oops mode in which the Java heap is
#     placed in the first 4GB address space. The Java Heap base address is the
#     maximum limit for the native heap growth. Please use -XX:HeapBaseMinAddress
#     to set the Java Heap base and to place the Java Heap above 4GB virtual address.
# This output file may be truncated or incomplete.
#
#  Out of Memory Error (arena.cpp:168), pid=1480, tid=6188
#
# JRE version: OpenJDK Runtime Environment Temurin-21.0.10+7 (21.0.10+7) (build 21.0.10+7-LTS)
# Java VM: OpenJDK 64-Bit Server VM Temurin-21.0.10+7 (21.0.10+7-LTS, mixed mode, sharing, tiered, compressed oops, compressed class ptrs, parallel gc, windows-amd64)
# No core dump will be written. Minidumps are not enabled by default on client versions of Windows
#

---------------  S U M M A R Y ------------

Command Line: --add-modules=ALL-SYSTEM --add-opens=java.base/java.util=ALL-UNNAMED --add-opens=java.base/java.lang=ALL-UNNAMED --add-opens=java.base/sun.nio.fs=ALL-UNNAMED -Declipse.application=org.eclipse.jdt.ls.core.id1 -Dosgi.bundles.defaultStartLevel=4 -Declipse.product=org.eclipse.jdt.ls.core.product -Djava.import.generatesMetadataFilesAtProjectRoot=false -DDetectVMInstallationsJob.disabled=true -Dfile.encoding=utf8 -XX:+UseParallelGC -XX:GCTimeRatio=4 -XX:AdaptiveSizePolicyWeight=90 -Dsun.zip.disableMemoryMapping=true -Xmx2G -Xms100m -Xlog:disable -javaagent:c:\Users\DELL\.vscode\extensions\redhat.java-1.54.0-win32-x64\lombok\lombok-1.18.39-4050.jar -XX:+HeapDumpOnOutOfMemoryError -XX:HeapDumpPath=c:\Users\DELL\AppData\Roaming\Code\User\workspaceStorage\873737dd31112d1eb8e6da68add6094f\redhat.java -Daether.dependencyCollector.impl=bf c:\Users\DELL\.vscode\extensions\redhat.java-1.54.0-win32-x64\server\plugins\org.eclipse.equinox.launcher_1.7.100.v20251111-0406.jar -configuration c:\Users\DELL\AppData\Roaming\Code\User\globalStorage\redhat.java\1.54.0\config_win -data c:\Users\DELL\AppData\Roaming\Code\User\workspaceStorage\873737dd31112d1eb8e6da68add6094f\redhat.java\jdt_ws --pipe=\\.\pipe\lsp-08cd2e0abf33c7f040cc7b4a5cadb221-sock

Host: Intel(R) Core(TM) i3-1005G1 CPU @ 1.20GHz, 4 cores, 3G,  Windows 10 , 64 bit Build 19041 (10.0.19041.5915)
Time: Sat May 23 19:07:10 2026 India Standard Time elapsed time: 1.281735 seconds (0d 0h 0m 1s)

---------------  T H R E A D  ---------------

Current thread (0x000001aa36b4b370):  JavaThread "C1 CompilerThread0" daemon [_thread_in_native, id=6188, stack(0x00000029e3d00000,0x00000029e3e00000) (1024K)]


Current CompileTask:
C1:1281  713   !   3       java.lang.String::<init> (880 bytes)

Stack: [0x00000029e3d00000,0x00000029e3e00000]
Native frames: (J=compiled Java code, j=interpreted, Vv=VM code, C=native code)
V  [jvm.dll+0x6d7a39]
V  [jvm.dll+0x8b4b26]
V  [jvm.dll+0x8b70de]
V  [jvm.dll+0x8b77c3]
V  [jvm.dll+0x284346]
V  [jvm.dll+0xc66ed]
V  [jvm.dll+0xc6c31]
V  [jvm.dll+0x198ac3]
V  [jvm.dll+0x198b8d]
V  [jvm.dll+0x19af48]
V  [jvm.dll+0x19c764]
V  [jvm.dll+0x1573b5]
V  [jvm.dll+0x156c57]
V  [jvm.dll+0x156e84]
V  [jvm.dll+0x15629c]
V  [jvm.dll+0x15802d]
V  [jvm.dll+0x25b85d]
V  [jvm.dll+0x259dea]
V  [jvm.dll+0x3f857e]
V  [jvm.dll+0x85f59d]
V  [jvm.dll+0x6d626d]
C  [ucrtbase.dll+0x21bb2]
C  [KERNEL32.DLL+0x17374]
C  [ntdll.dll+0x4cc91]


---------------  P R O C E S S  ---------------

Threads class SMR info:
_java_thread_list=0x000001aa789eaf00, length=11, elements={
0x000001aa200e00f0, 0x000001aa36ac9b00, 0x000001aa36acc420, 0x000001aa36acdb50,
0x000001aa36acea70, 0x000001aa36acf990, 0x000001aa36ad3410, 0x000001aa36ad4250,
0x000001aa36b4b370, 0x000001aa7887f020, 0x000001aa789e2950
}

Java Threads: ( => current thread )
  0x000001aa200e00f0 JavaThread "main"                              [_thread_in_vm, id=10756, stack(0x00000029e3200000,0x00000029e3300000) (1024K)]
  0x000001aa36ac9b00 JavaThread "Reference Handler"          daemon [_thread_blocked, id=11676, stack(0x00000029e3600000,0x00000029e3700000) (1024K)]
  0x000001aa36acc420 JavaThread "Finalizer"                  daemon [_thread_blocked, id=5336, stack(0x00000029e3700000,0x00000029e3800000) (1024K)]
  0x000001aa36acdb50 JavaThread "Signal Dispatcher"          daemon [_thread_blocked, id=18476, stack(0x00000029e3800000,0x00000029e3900000) (1024K)]
  0x000001aa36acea70 JavaThread "Attach Listener"            daemon [_thread_blocked, id=18672, stack(0x00000029e3900000,0x00000029e3a00000) (1024K)]
  0x000001aa36acf990 JavaThread "Service Thread"             daemon [_thread_blocked, id=12340, stack(0x00000029e3a00000,0x00000029e3b00000) (1024K)]
  0x000001aa36ad3410 JavaThread "Monitor Deflation Thread"   daemon [_thread_blocked, id=8908, stack(0x00000029e3b00000,0x00000029e3c00000) (1024K)]
  0x000001aa36ad4250 JavaThread "C2 CompilerThread0"         daemon [_thread_blocked, id=10408, stack(0x00000029e3c00000,0x00000029e3d00000) (1024K)]
=>0x000001aa36b4b370 JavaThread "C1 CompilerThread0"         daemon [_thread_in_native, id=6188, stack(0x00000029e3d00000,0x00000029e3e00000) (1024K)]
  0x000001aa7887f020 JavaThread "Common-Cleaner"             daemon [_thread_blocked, id=1796, stack(0x00000029e3e00000,0x00000029e3f00000) (1024K)]
  0x000001aa789e2950 JavaThread "Notification Thread"        daemon [_thread_blocked, id=16504, stack(0x00000029e3f00000,0x00000029e4000000) (1024K)]
Total: 11

Other Threads:
  0x000001aa36aaf5e0 VMThread "VM Thread"                           [id=17888, stack(0x00000029e3500000,0x00000029e3600000) (1024K)]
  0x000001aa36a21920 WatcherThread "VM Periodic Task Thread"        [id=7352, stack(0x00000029e3400000,0x00000029e3500000) (1024K)]
  0x000001aa200fefe0 WorkerThread "GC Thread#0"                     [id=4988, stack(0x00000029e3300000,0x00000029e3400000) (1024K)]
Total: 3

Threads with active compile tasks:
C1 CompilerThread0  1350  713   !   3       java.lang.String::<init> (880 bytes)
Total: 1

VM state: not at safepoint (normal execution)

VM Mutex/Monitor currently owned by a thread:  ([mutex/lock_event])
[0x00007ffc6c9bc4e0] Metaspace_lock - owner thread: 0x000001aa200e00f0

Heap address: 0x0000000080000000, size: 2048 MB, Compressed Oops mode: 32-bit

CDS archive(s) mapped at: [0x000001aa37000000-0x000001aa37ba0000-0x000001aa37ba0000), size 12189696, SharedBaseAddress: 0x000001aa37000000, ArchiveRelocationMode: 1.
Compressed class space mapped at: 0x000001aa38000000-0x000001aa78000000, reserved size: 1073741824
Narrow klass base: 0x000001aa37000000, Narrow klass shift: 0, Narrow klass range: 0x100000000

GC Precious Log:
 CardTable entry size: 512
 CPUs: 4 total, 4 available
 Memory: 3862M
 Large Page Support: Disabled
 NUMA Support: Disabled
 Compressed Oops: Enabled (32-bit)
 Alignments: Space 512K, Generation 512K, Heap 2M
 Heap Min Capacity: 100M
 Heap Initial Capacity: 100M
 Heap Max Capacity: 2G
 Pre-touch: Disabled
 Parallel Workers: 4

Heap:
 PSYoungGen      total 29696K, used 14544K [0x00000000d5580000, 0x00000000d7680000, 0x0000000100000000)
  eden space 25600K, 56% used [0x00000000d5580000,0x00000000d63b4040,0x00000000d6e80000)
  from space 4096K, 0% used [0x00000000d7280000,0x00000000d7280000,0x00000000d7680000)
  to   space 4096K, 0% used [0x00000000d6e80000,0x00000000d6e80000,0x00000000d7280000)
 ParOldGen       total 68608K, used 0K [0x0000000080000000, 0x0000000084300000, 0x00000000d5580000)
  object space 68608K, 0% used [0x0000000080000000,0x0000000080000000,0x0000000084300000)
 Metaspace       used 2845K, committed 3008K, reserved 1114112K
  class space    used 295K, committed 384K, reserved 1048576K

Card table byte_map: [0x000001aa1fa90000,0x000001aa1fea0000] _byte_map_base: 0x000001aa1f690000

Marking Bits: (ParMarkBitMap*) 0x00007ffc6c9c3450
 Begin Bits: [0x000001aa325a0000, 0x000001aa345a0000)
 End Bits:   [0x000001aa345a0000, 0x000001aa365a0000)

Polling page: 0x000001aa1e0d0000

Metaspace:

Usage:
  Non-class:      2.49 MB used.
      Class:    295.57 KB used.
       Both:      2.78 MB used.

Virtual space:
  Non-class space:       64.00 MB reserved,       2.56 MB (  4%) committed,  1 nodes.
      Class space:        1.00 GB reserved,     384.00 KB ( <1%) committed,  1 nodes.
             Both:        1.06 GB reserved,       2.94 MB ( <1%) committed. 

Chunk freelists:
   Non-Class:  11.65 MB
       Class:  15.67 MB
        Both:  27.32 MB

MaxMetaspaceSize: unlimited
CompressedClassSpaceSize: 1.00 GB
Initial GC threshold: 21.00 MB
Current GC threshold: 21.00 MB
CDS: on
 - commit_granule_bytes: 65536.
 - commit_granule_words: 8192.
 - virtual_space_node_default_size: 8388608.
 - enlarge_chunks_in_place: 1.
 - use_allocation_guard: 0.


Internal statistics:

num_allocs_failed_limit: 0.
num_arena_births: 82.
num_arena_deaths: 0.
num_vsnodes_births: 2.
num_vsnodes_deaths: 0.
num_space_committed: 47.
num_space_uncommitted: 0.
num_chunks_returned_to_freelist: 0.
num_chunks_taken_from_freelist: 104.
num_chunk_merges: 0.
num_chunk_splits: 73.
num_chunks_enlarged: 47.
num_inconsistent_stats: 0.

CodeHeap 'non-profiled nmethods': size=120000Kb used=264Kb max_used=264Kb free=119736Kb
 bounds [0x000001aa2adc0000, 0x000001aa2b030000, 0x000001aa322f0000]
CodeHeap 'profiled nmethods': size=120000Kb used=1062Kb max_used=1062Kb free=118938Kb
 bounds [0x000001aa232f0000, 0x000001aa23560000, 0x000001aa2a820000]
CodeHeap 'non-nmethods': size=5760Kb used=1194Kb max_used=1212Kb free=4566Kb
 bounds [0x000001aa2a820000, 0x000001aa2aa90000, 0x000001aa2adc0000]
CodeCache: size=245760Kb, used=2520Kb, max_used=2538Kb, free=243240Kb
 total_blobs=1152, nmethods=712, adapters=347, full_count=0
Compilation: enabled, stopped_count=0, restarted_count=0

Compilation events (20 events):
Event: 1.178 Thread 0x000001aa36b4b370 nmethod 702 0x000001aa233f3e90 code [0x000001aa233f4040, 0x000001aa233f4248]
Event: 1.180 Thread 0x000001aa36b4b370  703       3       jdk.internal.misc.Unsafe::getIntUnaligned (83 bytes)
Event: 1.181 Thread 0x000001aa36b4b370 nmethod 703 0x000001aa233f4390 code [0x000001aa233f4580, 0x000001aa233f4a08]
Event: 1.181 Thread 0x000001aa36b4b370  704       3       jdk.internal.misc.Unsafe::convEndian (16 bytes)
Event: 1.181 Thread 0x000001aa36b4b370 nmethod 704 0x000001aa233f4b90 code [0x000001aa233f4d40, 0x000001aa233f4f00]
Event: 1.181 Thread 0x000001aa36b4b370  706       3       java.lang.invoke.VarHandle::checkAccessModeThenIsDirect (29 bytes)
Event: 1.181 Thread 0x000001aa36b4b370 nmethod 706 0x000001aa233f4f90 code [0x000001aa233f51a0, 0x000001aa233f5a08]
Event: 1.181 Thread 0x000001aa36b4b370  705       3       jdk.internal.misc.Unsafe::getIntUnaligned (12 bytes)
Event: 1.182 Thread 0x000001aa36b4b370 nmethod 705 0x000001aa233f5d10 code [0x000001aa233f5ec0, 0x000001aa233f6118]
Event: 1.182 Thread 0x000001aa36b4b370  707       1       java.lang.invoke.MethodHandleImpl::isCompileConstant (2 bytes)
Event: 1.182 Thread 0x000001aa36b4b370 nmethod 707 0x000001aa2adfd090 code [0x000001aa2adfd220, 0x000001aa2adfd2c8]
Event: 1.182 Thread 0x000001aa36b4b370  708       3       java.lang.invoke.VarHandleGuards::guard_LI_I (78 bytes)
Event: 1.183 Thread 0x000001aa36b4b370 nmethod 708 0x000001aa233f6210 code [0x000001aa233f6540, 0x000001aa233f7dd8]
Event: 1.183 Thread 0x000001aa36b4b370  709       3       java.lang.invoke.VarHandleByteArrayAsInts$ArrayHandle::get (36 bytes)
Event: 1.183 Thread 0x000001aa36b4b370 nmethod 709 0x000001aa233f8590 code [0x000001aa233f8760, 0x000001aa233f8b38]
Event: 1.183 Thread 0x000001aa36b4b370  710       3       java.lang.invoke.VarForm::getMemberName (38 bytes)
Event: 1.184 Thread 0x000001aa36b4b370 nmethod 710 0x000001aa233f8d10 code [0x000001aa233f8ee0, 0x000001aa233f9230]
Event: 1.184 Thread 0x000001aa36b4b370  711       3       java.lang.invoke.VarHandleByteArrayAsInts$ArrayHandle::index (12 bytes)
Event: 1.184 Thread 0x000001aa36b4b370 nmethod 711 0x000001aa233f9410 code [0x000001aa233f95c0, 0x000001aa233f9708]
Event: 1.192 Thread 0x000001aa36b4b370  713   !   3       java.lang.String::<init> (880 bytes)

GC Heap History (0 events):
No events

Dll operation events (8 events):
Event: 0.176 Loaded shared library c:\Users\DELL\.vscode\extensions\redhat.java-1.54.0-win32-x64\jre\21.0.10-win32-x86_64\bin\java.dll
Event: 0.388 Loaded shared library c:\Users\DELL\.vscode\extensions\redhat.java-1.54.0-win32-x64\jre\21.0.10-win32-x86_64\bin\zip.dll
Event: 0.445 Loaded shared library C:\Users\DELL\.vscode\extensions\redhat.java-1.54.0-win32-x64\jre\21.0.10-win32-x86_64\bin\instrument.dll
Event: 0.462 Loaded shared library C:\Users\DELL\.vscode\extensions\redhat.java-1.54.0-win32-x64\jre\21.0.10-win32-x86_64\bin\net.dll
Event: 0.468 Loaded shared library C:\Users\DELL\.vscode\extensions\redhat.java-1.54.0-win32-x64\jre\21.0.10-win32-x86_64\bin\nio.dll
Event: 0.475 Loaded shared library C:\Users\DELL\.vscode\extensions\redhat.java-1.54.0-win32-x64\jre\21.0.10-win32-x86_64\bin\zip.dll
Event: 0.557 Loaded shared library C:\Users\DELL\.vscode\extensions\redhat.java-1.54.0-win32-x64\jre\21.0.10-win32-x86_64\bin\jimage.dll
Event: 0.813 Loaded shared library c:\Users\DELL\.vscode\extensions\redhat.java-1.54.0-win32-x64\jre\21.0.10-win32-x86_64\bin\verify.dll

Deoptimization events (20 events):
Event: 1.082 Thread 0x000001aa200e00f0 Uncommon trap: trap_request=0xffffff45 fr.pc=0x000001aa2adf16fc relative=0x000000000000015c
Event: 1.082 Thread 0x000001aa200e00f0 Uncommon trap: reason=unstable_if action=reinterpret pc=0x000001aa2adf16fc method=jdk.internal.util.ArraysSupport.vectorizedHashCode(Ljava/lang/Object;IIII)I @ 2 c2
Event: 1.082 Thread 0x000001aa200e00f0 DEOPT PACKING pc=0x000001aa2adf16fc sp=0x00000029e32fcc80
Event: 1.082 Thread 0x000001aa200e00f0 DEOPT UNPACKING pc=0x000001aa2a876da2 sp=0x00000029e32fcc30 mode 2
Event: 1.089 Thread 0x000001aa200e00f0 Uncommon trap: trap_request=0xffffff45 fr.pc=0x000001aa2ade27f4 relative=0x00000000000000d4
Event: 1.089 Thread 0x000001aa200e00f0 Uncommon trap: reason=unstable_if action=reinterpret pc=0x000001aa2ade27f4 method=java.net.URI.match(CJJ)Z @ 45 c2
Event: 1.089 Thread 0x000001aa200e00f0 DEOPT PACKING pc=0x000001aa2ade27f4 sp=0x00000029e32fce00
Event: 1.089 Thread 0x000001aa200e00f0 DEOPT UNPACKING pc=0x000001aa2a876da2 sp=0x00000029e32fcd68 mode 2
Event: 1.159 Thread 0x000001aa200e00f0 Uncommon trap: trap_request=0xffffff45 fr.pc=0x000001aa2ade0d34 relative=0x0000000000000194
Event: 1.159 Thread 0x000001aa200e00f0 Uncommon trap: reason=unstable_if action=reinterpret pc=0x000001aa2ade0d34 method=java.lang.StringUTF16.compress([CI[BII)I @ 20 c2
Event: 1.159 Thread 0x000001aa200e00f0 DEOPT PACKING pc=0x000001aa2ade0d34 sp=0x00000029e32fba90
Event: 1.159 Thread 0x000001aa200e00f0 DEOPT UNPACKING pc=0x000001aa2a876da2 sp=0x00000029e32fba00 mode 2
Event: 1.181 Thread 0x000001aa200e00f0 Uncommon trap: trap_request=0xffffffde fr.pc=0x000001aa2adee974 relative=0x0000000000000994
Event: 1.181 Thread 0x000001aa200e00f0 Uncommon trap: reason=class_check action=maybe_recompile pc=0x000001aa2adee974 method=java.util.HashMap.putVal(ILjava/lang/Object;Ljava/lang/Object;ZZ)Ljava/lang/Object; @ 91 c2
Event: 1.181 Thread 0x000001aa200e00f0 DEOPT PACKING pc=0x000001aa2adee974 sp=0x00000029e32fdb90
Event: 1.181 Thread 0x000001aa200e00f0 DEOPT UNPACKING pc=0x000001aa2a876da2 sp=0x00000029e32fdb50 mode 2
Event: 1.181 Thread 0x000001aa200e00f0 Uncommon trap: trap_request=0xffffffde fr.pc=0x000001aa2adee974 relative=0x0000000000000994
Event: 1.181 Thread 0x000001aa200e00f0 Uncommon trap: reason=class_check action=maybe_recompile pc=0x000001aa2adee974 method=java.util.HashMap.putVal(ILjava/lang/Object;Ljava/lang/Object;ZZ)Ljava/lang/Object; @ 91 c2
Event: 1.181 Thread 0x000001aa200e00f0 DEOPT PACKING pc=0x000001aa2adee974 sp=0x00000029e32fdcb0
Event: 1.181 Thread 0x000001aa200e00f0 DEOPT UNPACKING pc=0x000001aa2a876da2 sp=0x00000029e32fdc40 mode 2

Classes loaded (20 events):
Event: 1.167 Loading class java/math/MutableBigInteger done
Event: 1.177 Loading class sun/security/provider/certpath/X509CertPath
Event: 1.178 Loading class java/security/cert/CertPath
Event: 1.178 Loading class java/security/cert/CertPath done
Event: 1.178 Loading class sun/security/provider/certpath/X509CertPath done
Event: 1.179 Loading class sun/security/timestamp/TimestampToken
Event: 1.180 Loading class sun/security/timestamp/TimestampToken done
Event: 1.181 Loading class java/security/Timestamp
Event: 1.181 Loading class java/security/Timestamp done
Event: 1.193 Loading class java/security/CodeSigner
Event: 1.193 Loading class java/security/CodeSigner done
Event: 1.193 Loading class sun/security/util/JarConstraintsParameters
Event: 1.193 Loading class sun/security/util/ConstraintsParameters
Event: 1.193 Loading class sun/security/util/ConstraintsParameters done
Event: 1.193 Loading class sun/security/util/JarConstraintsParameters done
Event: 1.194 Loading class java/security/interfaces/ECKey
Event: 1.196 Loading class java/security/interfaces/ECKey done
Event: 1.196 Loading class java/security/interfaces/XECKey
Event: 1.196 Loading class java/security/interfaces/XECKey done
Event: 1.197 Loading class sun/security/util/KeyUtil

Classes unloaded (0 events):
No events

Classes redefined (0 events):
No events

Internal exceptions (12 events):
Event: 0.360 Thread 0x000001aa200e00f0 Exception <a 'java/lang/NoSuchMethodError'{0x00000000d57a91c8}: 'void java.lang.invoke.DirectMethodHandle$Holder.invokeStatic(java.lang.Object, java.lang.Object, java.lang.Object)'> (0x00000000d57a91c8) 
thrown [s\src\hotspot\share\interpreter\linkResolver.cpp, line 773]
Event: 0.501 Thread 0x000001aa200e00f0 Exception <a 'java/lang/NoSuchMethodError'{0x00000000d59122e0}: 'java.lang.Object java.lang.invoke.Invokers$Holder.invokeExact_MT(java.lang.Object, java.lang.Object, java.lang.Object, java.lang.Object, java.lang.Object)'> (0x00000000d59122e0) 
thrown [s\src\hotspot\share\interpreter\linkResolver.cpp, line 773]
Event: 0.661 Thread 0x000001aa200e00f0 Exception <a 'java/lang/NoSuchMethodError'{0x00000000d59ca288}: 'int java.lang.invoke.DirectMethodHandle$Holder.invokeSpecial(java.lang.Object, java.lang.Object, java.lang.Object, int)'> (0x00000000d59ca288) 
thrown [s\src\hotspot\share\interpreter\linkResolver.cpp, line 773]
Event: 0.669 Thread 0x000001aa200e00f0 Exception <a 'java/lang/NoSuchMethodError'{0x00000000d59dcc70}: 'java.lang.Object java.lang.invoke.DirectMethodHandle$Holder.invokeStatic(java.lang.Object, java.lang.Object, java.lang.Object, java.lang.Object, int)'> (0x00000000d59dcc70) 
thrown [s\src\hotspot\share\interpreter\linkResolver.cpp, line 773]
Event: 0.672 Thread 0x000001aa200e00f0 Exception <a 'java/lang/NoSuchMethodError'{0x00000000d59e80b0}: 'void java.lang.invoke.DelegatingMethodHandle$Holder.reinvoke_L(java.lang.Object, java.lang.Object, java.lang.Object, int, java.lang.Object)'> (0x00000000d59e80b0) 
thrown [s\src\hotspot\share\interpreter\linkResolver.cpp, line 773]
Event: 0.682 Thread 0x000001aa200e00f0 Exception <a 'java/lang/NoSuchMethodError'{0x00000000d59f8a00}: 'int java.lang.invoke.DirectMethodHandle$Holder.invokeSpecial(java.lang.Object, java.lang.Object, java.lang.Object)'> (0x00000000d59f8a00) 
thrown [s\src\hotspot\share\interpreter\linkResolver.cpp, line 773]
Event: 0.689 Thread 0x000001aa200e00f0 Exception <a 'java/lang/NoSuchMethodError'{0x00000000d5a046c0}: 'java.lang.Object java.lang.invoke.DirectMethodHandle$Holder.invokeStatic(java.lang.Object, java.lang.Object, int)'> (0x00000000d5a046c0) 
thrown [s\src\hotspot\share\interpreter\linkResolver.cpp, line 773]
Event: 0.690 Thread 0x000001aa200e00f0 Exception <a 'java/lang/NoSuchMethodError'{0x00000000d5a09010}: 'void java.lang.invoke.DirectMethodHandle$Holder.invokeStatic(java.lang.Object, java.lang.Object, int, java.lang.Object)'> (0x00000000d5a09010) 
thrown [s\src\hotspot\share\interpreter\linkResolver.cpp, line 773]
Event: 0.691 Thread 0x000001aa200e00f0 Exception <a 'java/lang/NoSuchMethodError'{0x00000000d5a0cba0}: 'void java.lang.invoke.DirectMethodHandle$Holder.invokeSpecial(java.lang.Object, java.lang.Object, java.lang.Object, int, java.lang.Object)'> (0x00000000d5a0cba0) 
thrown [s\src\hotspot\share\interpreter\linkResolver.cpp, line 773]
Event: 0.691 Thread 0x000001aa200e00f0 Exception <a 'java/lang/NoSuchMethodError'{0x00000000d5a10010}: 'void java.lang.invoke.DelegatingMethodHandle$Holder.delegate(java.lang.Object, java.lang.Object, int, java.lang.Object)'> (0x00000000d5a10010) 
thrown [s\src\hotspot\share\interpreter\linkResolver.cpp, line 773]
Event: 0.863 Thread 0x000001aa200e00f0 Exception <a 'java/lang/NoSuchMethodError'{0x00000000d5bcf1e0}: 'void java.lang.invoke.DelegatingMethodHandle$Holder.reinvoke_L(java.lang.Object, java.lang.Object, java.lang.Object, int)'> (0x00000000d5bcf1e0) 
thrown [s\src\hotspot\share\interpreter\linkResolver.cpp, line 773]
Event: 1.075 Thread 0x000001aa200e00f0 Exception <a 'java/lang/NoSuchMethodError'{0x00000000d605ab08}: 'void java.lang.invoke.DirectMethodHandle$Holder.invokeVirtual(java.lang.Object, java.lang.Object)'> (0x00000000d605ab08) 
thrown [s\src\hotspot\share\interpreter\linkResolver.cpp, line 773]

ZGC Phase Switch (0 events):
No events

VM Operations (4 events):
Event: 0.381 Executing non-safepoint VM operation: HandshakeAllThreads (Deoptimize)
Event: 0.381 Executing non-safepoint VM operation: HandshakeAllThreads (Deoptimize) done
Event: 0.606 Executing non-safepoint VM operation: HandshakeAllThreads (Deoptimize)
Event: 0.606 Executing non-safepoint VM operation: HandshakeAllThreads (Deoptimize) done

Memory protections (0 events):
No events

Nmethod flushes (0 events):
No events

Events (11 events):
Event: 0.199 Thread 0x000001aa200e00f0 Thread added: 0x000001aa200e00f0
Event: 0.229 Thread 0x000001aa200e00f0 Thread added: 0x000001aa36ac9b00
Event: 0.230 Thread 0x000001aa200e00f0 Thread added: 0x000001aa36acc420
Event: 0.230 Thread 0x000001aa200e00f0 Thread added: 0x000001aa36acdb50
Event: 0.230 Thread 0x000001aa200e00f0 Thread added: 0x000001aa36acea70
Event: 0.230 Thread 0x000001aa200e00f0 Thread added: 0x000001aa36acf990
Event: 0.230 Thread 0x000001aa200e00f0 Thread added: 0x000001aa36ad3410
Event: 0.230 Thread 0x000001aa200e00f0 Thread added: 0x000001aa36ad4250
Event: 0.234 Thread 0x000001aa200e00f0 Thread added: 0x000001aa36b4b370
Event: 0.453 Thread 0x000001aa200e00f0 Thread added: 0x000001aa7887f020
Event: 0.991 Thread 0x000001aa200e00f0 Thread added: 0x000001aa789e2950


Dynamic libraries:
0x00007ff77da00000 - 0x00007ff77da0e000 	c:\Users\DELL\.vscode\extensions\redhat.java-1.54.0-win32-x64\jre\21.0.10-win32-x86_64\bin\java.exe
0x00007ffcf8390000 - 0x00007ffcf8588000 	C:\Windows\SYSTEM32\ntdll.dll
0x00007ffcf6680000 - 0x00007ffcf6742000 	C:\Windows\System32\KERNEL32.DLL
0x00007ffcf5e50000 - 0x00007ffcf6146000 	C:\Windows\System32\KERNELBASE.dll
0x00007ffcf5a20000 - 0x00007ffcf5b20000 	C:\Windows\System32\ucrtbase.dll
0x00007ffccf3e0000 - 0x00007ffccf3f8000 	c:\Users\DELL\.vscode\extensions\redhat.java-1.54.0-win32-x64\jre\21.0.10-win32-x86_64\bin\jli.dll
0x00007ffcf63d0000 - 0x00007ffcf6571000 	C:\Windows\System32\USER32.dll
0x00007ffcf5c50000 - 0x00007ffcf5c72000 	C:\Windows\System32\win32u.dll
0x00007ffcf71f0000 - 0x00007ffcf721b000 	C:\Windows\System32\GDI32.dll
0x00007ffcf5d30000 - 0x00007ffcf5e49000 	C:\Windows\System32\gdi32full.dll
0x00007ffcf5bb0000 - 0x00007ffcf5c4d000 	C:\Windows\System32\msvcp_win.dll
0x00007ffccf3c0000 - 0x00007ffccf3de000 	c:\Users\DELL\.vscode\extensions\redhat.java-1.54.0-win32-x64\jre\21.0.10-win32-x86_64\bin\VCRUNTIME140.dll
0x00007ffce2a20000 - 0x00007ffce2cbb000 	C:\Windows\WinSxS\amd64_microsoft.windows.common-controls_6595b64144ccf1df_6.0.19041.6456_none_60b8a6cb71f64256\COMCTL32.dll
0x00007ffcf82b0000 - 0x00007ffcf834e000 	C:\Windows\System32\msvcrt.dll
0x00007ffcf6650000 - 0x00007ffcf667f000 	C:\Windows\System32\IMM32.DLL
0x00007ffced660000 - 0x00007ffced66c000 	c:\Users\DELL\.vscode\extensions\redhat.java-1.54.0-win32-x64\jre\21.0.10-win32-x86_64\bin\vcruntime140_1.dll
0x00007ffccba10000 - 0x00007ffccba9d000 	c:\Users\DELL\.vscode\extensions\redhat.java-1.54.0-win32-x64\jre\21.0.10-win32-x86_64\bin\msvcp140.dll
0x00007ffc6bd00000 - 0x00007ffc6caa1000 	c:\Users\DELL\.vscode\extensions\redhat.java-1.54.0-win32-x64\jre\21.0.10-win32-x86_64\bin\server\jvm.dll
0x00007ffcf70d0000 - 0x00007ffcf7181000 	C:\Windows\System32\ADVAPI32.dll
0x00007ffcf7ad0000 - 0x00007ffcf7b6f000 	C:\Windows\System32\sechost.dll
0x00007ffcf7d90000 - 0x00007ffcf7eb0000 	C:\Windows\System32\RPCRT4.dll
0x00007ffcf62b0000 - 0x00007ffcf62d7000 	C:\Windows\System32\bcrypt.dll
0x00007ffcf7b70000 - 0x00007ffcf7bdb000 	C:\Windows\System32\WS2_32.dll
0x00007ffcf5880000 - 0x00007ffcf58cb000 	C:\Windows\SYSTEM32\POWRPROF.dll
0x00007ffce2ee0000 - 0x00007ffce2f07000 	C:\Windows\SYSTEM32\WINMM.dll
0x00007ffcef1a0000 - 0x00007ffcef1aa000 	C:\Windows\SYSTEM32\VERSION.dll
0x00007ffcf5860000 - 0x00007ffcf5872000 	C:\Windows\SYSTEM32\UMPDC.dll
0x00007ffcf4260000 - 0x00007ffcf4272000 	C:\Windows\SYSTEM32\kernel.appcore.dll
0x00007ffce4820000 - 0x00007ffce482a000 	c:\Users\DELL\.vscode\extensions\redhat.java-1.54.0-win32-x64\jre\21.0.10-win32-x86_64\bin\jimage.dll
0x00007ffcf4000000 - 0x00007ffcf4201000 	C:\Windows\SYSTEM32\DBGHELP.DLL
0x00007ffcd2c50000 - 0x00007ffcd2c84000 	C:\Windows\SYSTEM32\dbgcore.DLL
0x00007ffcf5b20000 - 0x00007ffcf5ba2000 	C:\Windows\System32\bcryptPrimitives.dll
0x00007ffce31e0000 - 0x00007ffce31ef000 	c:\Users\DELL\.vscode\extensions\redhat.java-1.54.0-win32-x64\jre\21.0.10-win32-x86_64\bin\instrument.dll
0x00007ffcce3a0000 - 0x00007ffcce3c0000 	c:\Users\DELL\.vscode\extensions\redhat.java-1.54.0-win32-x64\jre\21.0.10-win32-x86_64\bin\java.dll
0x00007ffcf7220000 - 0x00007ffcf7990000 	C:\Windows\System32\SHELL32.dll
0x00007ffcf3780000 - 0x00007ffcf3f25000 	C:\Windows\SYSTEM32\windows.storage.dll
0x00007ffcf7f40000 - 0x00007ffcf8294000 	C:\Windows\System32\combase.dll
0x00007ffcf5370000 - 0x00007ffcf539b000 	C:\Windows\SYSTEM32\Wldp.dll
0x00007ffcf6750000 - 0x00007ffcf681d000 	C:\Windows\System32\OLEAUT32.dll
0x00007ffcf7a20000 - 0x00007ffcf7acd000 	C:\Windows\System32\SHCORE.dll
0x00007ffcf65f0000 - 0x00007ffcf664b000 	C:\Windows\System32\shlwapi.dll
0x00007ffcf5950000 - 0x00007ffcf5974000 	C:\Windows\SYSTEM32\profapi.dll
0x00007ffcce380000 - 0x00007ffcce398000 	c:\Users\DELL\.vscode\extensions\redhat.java-1.54.0-win32-x64\jre\21.0.10-win32-x86_64\bin\zip.dll
0x00007ffce30d0000 - 0x00007ffce30e0000 	C:\Users\DELL\.vscode\extensions\redhat.java-1.54.0-win32-x64\jre\21.0.10-win32-x86_64\bin\net.dll
0x00007ffcecbf0000 - 0x00007ffceccfa000 	C:\Windows\SYSTEM32\WINHTTP.dll
0x00007ffcf50d0000 - 0x00007ffcf513a000 	C:\Windows\system32\mswsock.dll
0x00007ffcccab0000 - 0x00007ffcccac6000 	C:\Users\DELL\.vscode\extensions\redhat.java-1.54.0-win32-x64\jre\21.0.10-win32-x86_64\bin\nio.dll
0x00007ffce1960000 - 0x00007ffce1970000 	c:\Users\DELL\.vscode\extensions\redhat.java-1.54.0-win32-x64\jre\21.0.10-win32-x86_64\bin\verify.dll

JVMTI agents:
c:\Users\DELL\.vscode\extensions\redhat.java-1.54.0-win32-x64\lombok\lombok-1.18.39-4050.jar path:c:\Users\DELL\.vscode\extensions\redhat.java-1.54.0-win32-x64\jre\21.0.10-win32-x86_64\bin\instrument.dll, loaded, initialized, instrumentlib options:none

dbghelp: loaded successfully - version: 4.0.5 - missing functions: none
symbol engine: initialized successfully - sym options: 0x614 - pdb path: .;c:\Users\DELL\.vscode\extensions\redhat.java-1.54.0-win32-x64\jre\21.0.10-win32-x86_64\bin;C:\Windows\SYSTEM32;C:\Windows\WinSxS\amd64_microsoft.windows.common-controls_6595b64144ccf1df_6.0.19041.6456_none_60b8a6cb71f64256;c:\Users\DELL\.vscode\extensions\redhat.java-1.54.0-win32-x64\jre\21.0.10-win32-x86_64\bin\server

VM Arguments:
jvm_args: --add-modules=ALL-SYSTEM --add-opens=java.base/java.util=ALL-UNNAMED --add-opens=java.base/java.lang=ALL-UNNAMED --add-opens=java.base/sun.nio.fs=ALL-UNNAMED -Declipse.application=org.eclipse.jdt.ls.core.id1 -Dosgi.bundles.defaultStartLevel=4 -Declipse.product=org.eclipse.jdt.ls.core.product -Djava.import.generatesMetadataFilesAtProjectRoot=false -DDetectVMInstallationsJob.disabled=true -Dfile.encoding=utf8 -XX:+UseParallelGC -XX:GCTimeRatio=4 -XX:AdaptiveSizePolicyWeight=90 -Dsun.zip.disableMemoryMapping=true -Xmx2G -Xms100m -Xlog:disable -javaagent:c:\Users\DELL\.vscode\extensions\redhat.java-1.54.0-win32-x64\lombok\lombok-1.18.39-4050.jar -XX:+HeapDumpOnOutOfMemoryError -XX:HeapDumpPath=c:\Users\DELL\AppData\Roaming\Code\User\workspaceStorage\873737dd31112d1eb8e6da68add6094f\redhat.java -Daether.dependencyCollector.impl=bf 
java_command: c:\Users\DELL\.vscode\extensions\redhat.java-1.54.0-win32-x64\server\plugins\org.eclipse.equinox.launcher_1.7.100.v20251111-0406.jar -configuration c:\Users\DELL\AppData\Roaming\Code\User\globalStorage\redhat.java\1.54.0\config_win -data c:\Users\DELL\AppData\Roaming\Code\User\workspaceStorage\873737dd31112d1eb8e6da68add6094f\redhat.java\jdt_ws --pipe=\\.\pipe\lsp-08cd2e0abf33c7f040cc7b4a5cadb221-sock
java_class_path (initial): c:\Users\DELL\.vscode\extensions\redhat.java-1.54.0-win32-x64\server\plugins\org.eclipse.equinox.launcher_1.7.100.v20251111-0406.jar
Launcher Type: SUN_STANDARD

[Global flags]
    uintx AdaptiveSizePolicyWeight                 = 90                                        {product} {command line}
     intx CICompilerCount                          = 3                                         {product} {ergonomic}
    uintx GCTimeRatio                              = 4                                         {product} {command line}
     bool HeapDumpOnOutOfMemoryError               = true                                   {manageable} {command line}
    ccstr HeapDumpPath                             = c:\Users\DELL\AppData\Roaming\Code\User\workspaceStorage\873737dd31112d1eb8e6da68add6094f\redhat.java         {manageable} {command line}
   size_t InitialHeapSize                          = 104857600                                 {product} {command line}
   size_t MaxHeapSize                              = 2147483648                                {product} {command line}
   size_t MaxNewSize                               = 715653120                                 {product} {ergonomic}
   size_t MinHeapDeltaBytes                        = 524288                                    {product} {ergonomic}
   size_t MinHeapSize                              = 104857600                                 {product} {command line}
   size_t NewSize                                  = 34603008                                  {product} {ergonomic}
    uintx NonNMethodCodeHeapSize                   = 5832780                                {pd product} {ergonomic}
    uintx NonProfiledCodeHeapSize                  = 122912730                              {pd product} {ergonomic}
   size_t OldSize                                  = 70254592                                  {product} {ergonomic}
    uintx ProfiledCodeHeapSize                     = 122912730                              {pd product} {ergonomic}
    uintx ReservedCodeCacheSize                    = 251658240                              {pd product} {ergonomic}
     bool SegmentedCodeCache                       = true                                      {product} {ergonomic}
   size_t SoftMaxHeapSize                          = 2147483648                             {manageable} {ergonomic}
     bool UseCompressedOops                        = true                           {product lp64_product} {ergonomic}
     bool UseLargePagesIndividualAllocation        = false                                  {pd product} {ergonomic}
     bool UseParallelGC                            = true                                      {product} {command line}

Logging:
Log output configuration:
 #0: stdout all=off uptime,level,tags foldmultilines=false
 #1: stderr all=off uptime,level,tags foldmultilines=false

Release file:
JAVA_VERSION="21.0.10" 
MODULES="java.base java.compiler java.datatransfer java.xml java.prefs java.desktop java.instrument java.logging java.management java.security.sasl java.naming java.rmi java.management.rmi java.net.http java.scripting java.security.jgss java.transaction.xa java.sql java.sql.rowset java.xml.crypto java.se java.smartcardio jdk.accessibility jdk.internal.jvmstat jdk.attach jdk.charsets jdk.internal.opt jdk.zipfs jdk.compiler jdk.crypto.ec jdk.crypto.cryptoki jdk.crypto.mscapi jdk.dynalink jdk.internal.ed jdk.editpad jdk.hotspot.agent jdk.httpserver jdk.internal.le jdk.internal.vm.ci jdk.internal.vm.compiler jdk.internal.vm.compiler.management jdk.jartool jdk.javadoc jdk.jcmd jdk.management jdk.management.agent jdk.jconsole jdk.jdeps jdk.jdwp.agent jdk.jdi jdk.jfr jdk.jshell jdk.jsobject jdk.jstatd jdk.localedata jdk.management.jfr jdk.naming.dns jdk.naming.rmi jdk.net jdk.nio.mapmode jdk.random jdk.sctp jdk.security.auth jdk.security.jgss jdk.unsupported jdk.unsupported.desktop jdk.xml.dom" 

Environment Variables:
JAVA_HOME=C:\Program Files\Java\jdk-22
PATH=C:\Program Files\Common Files\Oracle\Java\javapath;C:\oraclexe\app\oracle\product\11.2.0\server\bin;C:\Windows\system32;C:\Windows;C:\Windows\System32\Wbem;C:\Windows\System32\WindowsPowerShell\v1.0\;C:\Windows\System32\OpenSSH\;C:\Program Files\Java\jdk-17.0.1\bin;C:\Program Files\dotnet\;C:\php;C:\Program Files\Java\jdk1.8.0_351\bin;C:\Program Files\Java\jdk-22;C:\Program Files\MySQL\MySQL Server 8.0\bin;C:\MinGW\bin;C:\Program Files\Java\jdk-25\bin;C:\Program Files\Git\cmd;C:\Program Files\nodejs\;C:\Program Files\MySQL\MySQL Shell 8.0\bin\;C:\Users\DELL\AppData\Local\Programs\Python\Python37\Scripts\;C:\Users\DELL\AppData\Local\Programs\Python\Python37\;C:\Users\DELL\AppData\Local\Microsoft\WindowsApps;C:\Program Files (x86)\mingw-w64\i686-8.1.0-posix-dwarf-rt_v6-rev0\mingw32\bin;C:\Program Files\Java\jdk-17.0.1\bin;C:\Users\DELL\AppData\Local\Programs\Python\Python38\Scripts;C:\Users\DELL\AppData\Local\Programs\Python\Python38;C:\Users\DELL\AppData\Local\Programs\Microsoft VS Code\bin;C:\Users\DELL\AppData\Local\GitHubDesktop\bin;C:\Program Files\JetBrains\IntelliJ IDEA 2025.3.1\bin;C:\Users\DELL\AppData\Roaming\npm
USERNAME=DELL
OS=Windows_NT
PROCESSOR_IDENTIFIER=Intel64 Family 6 Model 126 Stepping 5, GenuineIntel
TMP=C:\Users\DELL\AppData\Local\Temp
TEMP=C:\Users\DELL\AppData\Local\Temp




Periodic native trim disabled

---------------  S Y S T E M  ---------------

OS:
 Windows 10 , 64 bit Build 19041 (10.0.19041.5915)
OS uptime: 5 days 8:32 hours

CPU: total 4 (initial active 4) (2 cores per cpu, 2 threads per core) family 6 model 126 stepping 5 microcode 0xcc, cx8, cmov, fxsr, ht, mmx, 3dnowpref, sse, sse2, sse3, ssse3, sse4.1, sse4.2, popcnt, lzcnt, tsc, tscinvbit, avx, avx2, aes, erms, clmul, bmi1, bmi2, adx, avx512f, avx512dq, avx512cd, avx512bw, avx512vl, sha, fma, vzeroupper, avx512_vpopcntdq, avx512_vpclmulqdq, avx512_vaes, avx512_vnni, clflush, clflushopt, avx512_vbmi2, avx512_vbmi, rdtscp, rdpid, fsrm, gfni, avx512_bitalg, f16c, pku, avx512_ifma
Processor Information for the first 4 processors :
  Max Mhz: 1190, Current Mhz: 1190, Mhz Limit: 1190

Memory: 4k page, system-wide physical 3862M (70M free)
TotalPageFile size 15638M (AvailPageFile size 75M)
current process WorkingSet (physical memory assigned to process): 57M, peak: 57M
current process commit charge ("private bytes"): 216M, peak: 217M

vm_info: OpenJDK 64-Bit Server VM (21.0.10+7-LTS) for windows-amd64 JRE (21.0.10+7-LTS), built on 2026-01-20T00:00:00Z by "admin" with MS VC++ 17.12 (VS2022)

END.
