#
# There is insufficient memory for the Java Runtime Environment to continue.
# Native memory allocation (malloc) failed to allocate 1048576 bytes. Error detail: AllocateHeap
# Possible reasons:
#   The system is out of physical RAM or swap space
#   This process is running with CompressedOops enabled, and the Java Heap may be blocking the growth of the native heap
# Possible solutions:
#   Reduce memory load on the system
#   Increase physical memory or swap space
#   Check if swap backing store is full
#   Decrease Java heap size (-Xmx/-Xms)
#   Decrease number of Java threads
#   Decrease Java thread stack sizes (-Xss)
#   Set larger code cache with -XX:ReservedCodeCacheSize=
#   JVM is running with Unscaled Compressed Oops mode in which the Java heap is
#     placed in the first 4GB address space. The Java Heap base address is the
#     maximum limit for the native heap growth. Please use -XX:HeapBaseMinAddress
#     to set the Java Heap base and to place the Java Heap above 4GB virtual address.
# This output file may be truncated or incomplete.
#
#  Out of Memory Error (allocation.cpp:44), pid=15792, tid=6852
#
# JRE version: OpenJDK Runtime Environment Temurin-21.0.10+7 (21.0.10+7) (build 21.0.10+7-LTS)
# Java VM: OpenJDK 64-Bit Server VM Temurin-21.0.10+7 (21.0.10+7-LTS, mixed mode, sharing, tiered, compressed oops, compressed class ptrs, parallel gc, windows-amd64)
# No core dump will be written. Minidumps are not enabled by default on client versions of Windows
#

---------------  S U M M A R Y ------------

Command Line: --add-modules=ALL-SYSTEM --add-opens=java.base/java.util=ALL-UNNAMED --add-opens=java.base/java.lang=ALL-UNNAMED --add-opens=java.base/sun.nio.fs=ALL-UNNAMED -Declipse.application=org.eclipse.jdt.ls.core.id1 -Dosgi.bundles.defaultStartLevel=4 -Declipse.product=org.eclipse.jdt.ls.core.product -Djava.import.generatesMetadataFilesAtProjectRoot=false -DDetectVMInstallationsJob.disabled=true -Dfile.encoding=utf8 -XX:+UseParallelGC -XX:GCTimeRatio=4 -XX:AdaptiveSizePolicyWeight=90 -Dsun.zip.disableMemoryMapping=true -Xmx2G -Xms100m -Xlog:disable -javaagent:c:\Users\DELL\.vscode\extensions\redhat.java-1.54.0-win32-x64\lombok\lombok-1.18.39-4050.jar -XX:+HeapDumpOnOutOfMemoryError -XX:HeapDumpPath=c:\Users\DELL\AppData\Roaming\Code\User\workspaceStorage\873737dd31112d1eb8e6da68add6094f\redhat.java -Daether.dependencyCollector.impl=bf c:\Users\DELL\.vscode\extensions\redhat.java-1.54.0-win32-x64\server\plugins\org.eclipse.equinox.launcher_1.7.100.v20251111-0406.jar -configuration c:\Users\DELL\AppData\Roaming\Code\User\globalStorage\redhat.java\1.54.0\config_win -data c:\Users\DELL\AppData\Roaming\Code\User\workspaceStorage\873737dd31112d1eb8e6da68add6094f\redhat.java\jdt_ws --pipe=\\.\pipe\lsp-dd0e430457b01e0f5a2d4cb73512b97f-sock

Host: Intel(R) Core(TM) i3-1005G1 CPU @ 1.20GHz, 4 cores, 3G,  Windows 10 , 64 bit Build 19041 (10.0.19041.5915)
Time: Sat May 23 11:57:56 2026 India Standard Time elapsed time: 681.797378 seconds (0d 0h 11m 21s)

---------------  T H R E A D  ---------------

Current thread (0x000002537fd62160):  JavaThread "Attach Listener" daemon [_thread_in_vm, id=6852, stack(0x0000008eedb00000,0x0000008eedc00000) (1024K)]

Stack: [0x0000008eedb00000,0x0000008eedc00000]
Native frames: (J=compiled Java code, j=interpreted, Vv=VM code, C=native code)
V  [jvm.dll+0x6d7a39]
V  [jvm.dll+0x8b4b26]
V  [jvm.dll+0x8b70de]
V  [jvm.dll+0x8b77c3]
V  [jvm.dll+0x284346]
V  [jvm.dll+0xc1277]
V  [jvm.dll+0x6d82e9]
V  [jvm.dll+0x1334a6]
V  [jvm.dll+0x3f857e]
V  [jvm.dll+0x85f59d]
V  [jvm.dll+0x6d626d]
C  [ucrtbase.dll+0x21bb2]
C  [KERNEL32.DLL+0x17374]
C  [ntdll.dll+0x4cc91]


---------------  P R O C E S S  ---------------

Threads class SMR info:
_java_thread_list=0x000002534b5b53a0, length=33, elements={
0x000002536b1d5980, 0x000002537fd5c5d0, 0x000002537fd5dc20, 0x000002537fd61500,
0x000002537fd62160, 0x000002537fd62dc0, 0x000002537fd65830, 0x000002537fd665c0,
0x000002537fdd37d0, 0x0000025345caf7e0, 0x0000025345d40ae0, 0x000002534a5262b0,
0x000002534a38dbb0, 0x000002534a5da510, 0x000002534a5dab80, 0x000002534aaf0860,
0x000002534a7e64a0, 0x0000025345e5f730, 0x0000025345c6c4c0, 0x0000025345c6be30,
0x0000025345c6df00, 0x0000025345c6b110, 0x000002534c4fbda0, 0x000002534c4feb90,
0x000002534c4fb710, 0x000002534c4fb080, 0x000002534c5026a0, 0x000002534c5012f0,
0x000002534c500c60, 0x000002534c4ff8b0, 0x000002534c4fde70, 0x0000025345c6cb50,
0x0000025345c6d1e0
}

Java Threads: ( => current thread )
  0x000002536b1d5980 JavaThread "main"                              [_thread_blocked, id=18972, stack(0x0000008eed300000,0x0000008eed400000) (1024K)]
  0x000002537fd5c5d0 JavaThread "Reference Handler"          daemon [_thread_blocked, id=17252, stack(0x0000008eed800000,0x0000008eed900000) (1024K)]
  0x000002537fd5dc20 JavaThread "Finalizer"                  daemon [_thread_blocked, id=10528, stack(0x0000008eed900000,0x0000008eeda00000) (1024K)]
  0x000002537fd61500 JavaThread "Signal Dispatcher"          daemon [_thread_blocked, id=9956, stack(0x0000008eeda00000,0x0000008eedb00000) (1024K)]
=>0x000002537fd62160 JavaThread "Attach Listener"            daemon [_thread_in_vm, id=6852, stack(0x0000008eedb00000,0x0000008eedc00000) (1024K)]
  0x000002537fd62dc0 JavaThread "Service Thread"             daemon [_thread_blocked, id=4120, stack(0x0000008eedc00000,0x0000008eedd00000) (1024K)]
  0x000002537fd65830 JavaThread "Monitor Deflation Thread"   daemon [_thread_blocked, id=4960, stack(0x0000008eedd00000,0x0000008eede00000) (1024K)]
  0x000002537fd665c0 JavaThread "C2 CompilerThread0"         daemon [_thread_blocked, id=9712, stack(0x0000008eede00000,0x0000008eedf00000) (1024K)]
  0x000002537fdd37d0 JavaThread "C1 CompilerThread0"         daemon [_thread_blocked, id=16080, stack(0x0000008eedf00000,0x0000008eee000000) (1024K)]
  0x0000025345caf7e0 JavaThread "Common-Cleaner"             daemon [_thread_blocked, id=10552, stack(0x0000008eee000000,0x0000008eee100000) (1024K)]
  0x0000025345d40ae0 JavaThread "Notification Thread"        daemon [_thread_blocked, id=1532, stack(0x0000008eee100000,0x0000008eee200000) (1024K)]
  0x000002534a5262b0 JavaThread "Active Thread: Equinox Container: ba07eebd-9a79-4ba8-a6c6-6f4f87f9de91"        [_thread_blocked, id=9252, stack(0x0000008eee500000,0x0000008eee600000) (1024K)]
  0x000002534a38dbb0 JavaThread "Refresh Thread: Equinox Container: ba07eebd-9a79-4ba8-a6c6-6f4f87f9de91" daemon [_thread_blocked, id=5848, stack(0x0000008eee600000,0x0000008eee700000) (1024K)]
  0x000002534a5da510 JavaThread "Framework Event Dispatcher: Equinox Container: ba07eebd-9a79-4ba8-a6c6-6f4f87f9de91" daemon [_thread_blocked, id=14956, stack(0x0000008eee700000,0x0000008eee800000) (1024K)]
  0x000002534a5dab80 JavaThread "Start Level: Equinox Container: ba07eebd-9a79-4ba8-a6c6-6f4f87f9de91" daemon [_thread_blocked, id=13744, stack(0x0000008eee800000,0x0000008eee900000) (1024K)]
  0x000002534aaf0860 JavaThread "Bundle File Closer"         daemon [_thread_blocked, id=2292, stack(0x0000008eee900000,0x0000008eeea00000) (1024K)]
  0x000002534a7e64a0 JavaThread "SCR Component Actor"        daemon [_thread_blocked, id=18076, stack(0x0000008eeea00000,0x0000008eeeb00000) (1024K)]
  0x0000025345e5f730 JavaThread "Worker-JM"                         [_thread_blocked, id=17236, stack(0x0000008eeeb00000,0x0000008eeec00000) (1024K)]
  0x0000025345c6c4c0 JavaThread "JNA Cleaner"                daemon [_thread_blocked, id=7312, stack(0x0000008eeec00000,0x0000008eeed00000) (1024K)]
  0x0000025345c6be30 JavaThread "Java indexing"              daemon [_thread_blocked, id=16604, stack(0x0000008eeef00000,0x0000008eef000000) (1024K)]
  0x0000025345c6df00 JavaThread "Thread-1"                   daemon [_thread_in_native, id=9300, stack(0x0000008eef300000,0x0000008eef400000) (1024K)]
  0x0000025345c6b110 JavaThread "Thread-2"                   daemon [_thread_in_native, id=10812, stack(0x0000008eef400000,0x0000008eef500000) (1024K)]
  0x000002534c4fbda0 JavaThread "Thread-3"                   daemon [_thread_in_native, id=8772, stack(0x0000008eef500000,0x0000008eef600000) (1024K)]
  0x000002534c4feb90 JavaThread "Thread-4"                   daemon [_thread_in_native, id=5324, stack(0x0000008eef600000,0x0000008eef700000) (1024K)]
  0x000002534c4fb710 JavaThread "Thread-5"                   daemon [_thread_in_native, id=15936, stack(0x0000008eef700000,0x0000008eef800000) (1024K)]
  0x000002534c4fb080 JavaThread "pool-2-thread-1"                   [_thread_blocked, id=17088, stack(0x0000008eef800000,0x0000008eef900000) (1024K)]
  0x000002534c5026a0 JavaThread "WorkspaceEventsHandler"            [_thread_blocked, id=13596, stack(0x0000008eef900000,0x0000008eefa00000) (1024K)]
  0x000002534c5012f0 JavaThread "pool-1-thread-1"                   [_thread_blocked, id=4972, stack(0x0000008eefa00000,0x0000008eefb00000) (1024K)]
  0x000002534c500c60 JavaThread "ForkJoinPool.commonPool-worker-2" daemon [_thread_blocked, id=19288, stack(0x0000008eefc00000,0x0000008eefd00000) (1024K)]
  0x000002534c4ff8b0 JavaThread "Cleaner-0"                  daemon [_thread_blocked, id=13364, stack(0x0000008eefe00000,0x0000008eeff00000) (1024K)]
  0x000002534c4fde70 JavaThread "ForkJoinPool.commonPool-worker-4" daemon [_thread_blocked, id=12456, stack(0x0000008eed100000,0x0000008eed200000) (1024K)]
  0x0000025345c6cb50 JavaThread "Worker-5"                          [_thread_blocked, id=7700, stack(0x0000008eed400000,0x0000008eed500000) (1024K)]
  0x0000025345c6d1e0 JavaThread "Worker-6"                          [_thread_blocked, id=4592, stack(0x0000008eef000000,0x0000008eef100000) (1024K)]
Total: 33

Other Threads:
  0x000002537fd3ffc0 VMThread "VM Thread"                           [id=2180, stack(0x0000008eed700000,0x0000008eed800000) (1024K)]
  0x000002536d437170 WatcherThread "VM Periodic Task Thread"        [id=12408, stack(0x0000008eed600000,0x0000008eed700000) (1024K)]
  0x000002536d38ebe0 WorkerThread "GC Thread#0"                     [id=2336, stack(0x0000008eed500000,0x0000008eed600000) (1024K)]
  0x000002534a3114c0 WorkerThread "GC Thread#1"                     [id=17396, stack(0x0000008eee200000,0x0000008eee300000) (1024K)]
  0x000002534a4e93a0 WorkerThread "GC Thread#2"                     [id=12064, stack(0x0000008eee300000,0x0000008eee400000) (1024K)]
  0x000002534a4e9750 WorkerThread "GC Thread#3"                     [id=2260, stack(0x0000008eee400000,0x0000008eee500000) (1024K)]
Total: 6

Threads with active compile tasks:
Total: 0

VM state: not at safepoint (normal execution)

VM Mutex/Monitor currently owned by a thread: None

Heap address: 0x0000000080000000, size: 2048 MB, Compressed Oops mode: 32-bit

CDS archive(s) mapped at: [0x0000025304000000-0x0000025304ba0000-0x0000025304ba0000), size 12189696, SharedBaseAddress: 0x0000025304000000, ArchiveRelocationMode: 1.
Compressed class space mapped at: 0x0000025305000000-0x0000025345000000, reserved size: 1073741824
Narrow klass base: 0x0000025304000000, Narrow klass shift: 0, Narrow klass range: 0x100000000

GC Precious Log:
 CardTable entry size: 512
 CPUs: 4 total, 4 available
 Memory: 3862M
 Large Page Support: Disabled
 NUMA Support: Disabled
 Compressed Oops: Enabled (32-bit)
 Alignments: Space 512K, Generation 512K, Heap 2M
 Heap Min Capacity: 100M
 Heap Initial Capacity: 100M
 Heap Max Capacity: 2G
 Pre-touch: Disabled
 Parallel Workers: 4

Heap:
 PSYoungGen      total 20480K, used 7037K [0x00000000d5580000, 0x00000000d6c80000, 0x0000000100000000)
  eden space 19968K, 34% used [0x00000000d5580000,0x00000000d5c3f6e0,0x00000000d6900000)
  from space 512K, 25% used [0x00000000d6c00000,0x00000000d6c20000,0x00000000d6c80000)
  to   space 512K, 0% used [0x00000000d6900000,0x00000000d6900000,0x00000000d6980000)
 ParOldGen       total 68608K, used 53918K [0x0000000080000000, 0x0000000084300000, 0x00000000d5580000)
  object space 68608K, 78% used [0x0000000080000000,0x00000000834a7bc0,0x0000000084300000)
 Metaspace       used 72808K, committed 74368K, reserved 1179648K
  class space    used 7590K, committed 8256K, reserved 1048576K

Card table byte_map: [0x000002536cd40000,0x000002536d150000] _byte_map_base: 0x000002536c940000

Marking Bits: (ParMarkBitMap*) 0x00007ffc831f3450
 Begin Bits: [0x0000025300000000, 0x0000025302000000)
 End Bits:   [0x0000025302000000, 0x0000025304000000)

Polling page: 0x000002536b190000

Metaspace:

Usage:
  Non-class:     63.69 MB used.
      Class:      7.41 MB used.
       Both:     71.10 MB used.

Virtual space:
  Non-class space:      128.00 MB reserved,      64.56 MB ( 50%) committed,  2 nodes.
      Class space:        1.00 GB reserved,       8.06 MB ( <1%) committed,  1 nodes.
             Both:        1.12 GB reserved,      72.62 MB (  6%) committed. 

Chunk freelists:
   Non-Class:  15.29 MB
       Class:  7.89 MB
        Both:  23.18 MB

MaxMetaspaceSize: unlimited
CompressedClassSpaceSize: 1.00 GB
Initial GC threshold: 21.00 MB
Current GC threshold: 97.31 MB
CDS: on
 - commit_granule_bytes: 65536.
 - commit_granule_words: 8192.
 - virtual_space_node_default_size: 8388608.
 - enlarge_chunks_in_place: 1.
 - use_allocation_guard: 0.


Internal statistics:

num_allocs_failed_limit: 9.
num_arena_births: 1250.
num_arena_deaths: 14.
num_vsnodes_births: 3.
num_vsnodes_deaths: 0.
num_space_committed: 1162.
num_space_uncommitted: 0.
num_chunks_returned_to_freelist: 23.
num_chunks_taken_from_freelist: 4649.
num_chunk_merges: 15.
num_chunk_splits: 2919.
num_chunks_enlarged: 1754.
num_inconsistent_stats: 0.

CodeHeap 'non-profiled nmethods': size=120000Kb used=9213Kb max_used=9213Kb free=110786Kb
 bounds [0x0000025378050000, 0x0000025378950000, 0x000002537f580000]
CodeHeap 'profiled nmethods': size=120000Kb used=30535Kb max_used=30535Kb free=89464Kb
 bounds [0x0000025370580000, 0x0000025372360000, 0x0000025377ab0000]
CodeHeap 'non-nmethods': size=5760Kb used=1475Kb max_used=1530Kb free=4284Kb
 bounds [0x0000025377ab0000, 0x0000025377d20000, 0x0000025378050000]
CodeCache: size=245760Kb, used=41223Kb, max_used=41278Kb, free=204534Kb
 total_blobs=13560, nmethods=12779, adapters=685, full_count=0
Compilation: enabled, stopped_count=0, restarted_count=0

Compilation events (20 events):
Event: 608.819 Thread 0x000002537fdd37d0 nmethod 13480 0x0000025372350b10 code [0x0000025372350d00, 0x0000025372351550]
Event: 608.823 Thread 0x000002537fd665c0 nmethod 13479 0x000002537892fe90 code [0x0000025378930060, 0x0000025378930328]
Event: 608.823 Thread 0x000002537fd665c0 13481       4       org.eclipse.jdt.core.dom.TypeBinding::getJavaElement (95 bytes)
Event: 608.944 Thread 0x000002537fd665c0 nmethod 13481 0x0000025378930610 code [0x0000025378930b80, 0x0000025378935be0]
Event: 609.081 Thread 0x000002537fd665c0 13482       4       org.eclipse.jdt.internal.core.JrtPackageFragmentRoot::calculateHashCode (41 bytes)
Event: 609.087 Thread 0x000002537fd665c0 nmethod 13482 0x0000025378938590 code [0x0000025378938760, 0x0000025378938ab8]
Event: 609.087 Thread 0x000002537fd665c0 13483       4       org.eclipse.core.internal.resources.Container::getFile (22 bytes)
Event: 609.103 Thread 0x000002537fd665c0 nmethod 13483 0x0000025378938d10 code [0x0000025378939020, 0x0000025378939d80]
Event: 609.367 Thread 0x000002537fd665c0 13484       4       org.eclipse.jdt.ls.core.internal.handlers.InlayHintVisitor::acceptArgument (47 bytes)
Event: 609.371 Thread 0x000002537fd665c0 nmethod 13484 0x000002537893a890 code [0x000002537893aa60, 0x000002537893ac88]
Event: 609.915 Thread 0x000002537fd665c0 13485   !   4       org.eclipse.jdt.ls.core.internal.handlers.InlayHintVisitor::getParameterNames (69 bytes)
Event: 610.290 Thread 0x000002537fd665c0 nmethod 13485 0x000002537893ae90 code [0x000002537893b900, 0x0000025378944f40]
Event: 610.291 Thread 0x000002537fd665c0 13486   !   4       org.eclipse.jdt.ls.core.internal.handlers.InlayHintVisitor::hasSource (70 bytes)
Event: 610.360 Thread 0x000002537fd665c0 nmethod 13486 0x000002537894a110 code [0x000002537894a660, 0x000002537894d468]
Event: 610.432 Thread 0x000002537fd665c0 13487       4       java.util.LinkedList$ListItr::<init> (47 bytes)
Event: 610.439 Thread 0x000002537fd665c0 nmethod 13487 0x000002537894f190 code [0x000002537894f320, 0x000002537894f4d8]
Event: 620.857 Thread 0x000002537fdd37d0 13488       3       java.util.concurrent.ScheduledThreadPoolExecutor$ScheduledFutureTask::getDelay (16 bytes)
Event: 620.860 Thread 0x000002537fdd37d0 nmethod 13488 0x0000025372351810 code [0x00000253723519c0, 0x0000025372351b58]
Event: 670.446 Thread 0x000002537fdd37d0 13489       3       sun.nio.ch.Util$BufferCache::isEmpty (13 bytes)
Event: 670.448 Thread 0x000002537fdd37d0 nmethod 13489 0x0000025372351c10 code [0x0000025372351da0, 0x0000025372351f00]

GC Heap History (20 events):
Event: 454.351 GC heap before
{Heap before GC invocations=50 (full 3):
 PSYoungGen      total 22528K, used 22496K [0x00000000d5580000, 0x00000000d6e80000, 0x0000000100000000)
  eden space 22016K, 100% used [0x00000000d5580000,0x00000000d6b00000,0x00000000d6b00000)
  from space 512K, 93% used [0x00000000d6e00000,0x00000000d6e78020,0x00000000d6e80000)
  to   space 1536K, 0% used [0x00000000d6b80000,0x00000000d6b80000,0x00000000d6d00000)
 ParOldGen       total 68608K, used 47342K [0x0000000080000000, 0x0000000084300000, 0x00000000d5580000)
  object space 68608K, 69% used [0x0000000080000000,0x0000000082e3b818,0x0000000084300000)
 Metaspace       used 70814K, committed 72448K, reserved 1114112K
  class space    used 7450K, committed 8192K, reserved 1048576K
}
Event: 454.354 GC heap after
{Heap after GC invocations=50 (full 3):
 PSYoungGen      total 23552K, used 384K [0x00000000d5580000, 0x00000000d6e80000, 0x0000000100000000)
  eden space 22016K, 0% used [0x00000000d5580000,0x00000000d5580000,0x00000000d6b00000)
  from space 1536K, 25% used [0x00000000d6b80000,0x00000000d6be0000,0x00000000d6d00000)
  to   space 1024K, 0% used [0x00000000d6d80000,0x00000000d6d80000,0x00000000d6e80000)
 ParOldGen       total 68608K, used 47843K [0x0000000080000000, 0x0000000084300000, 0x00000000d5580000)
  object space 68608K, 69% used [0x0000000080000000,0x0000000082eb8eb0,0x0000000084300000)
 Metaspace       used 70814K, committed 72448K, reserved 1114112K
  class space    used 7450K, committed 8192K, reserved 1048576K
}
Event: 455.429 GC heap before
{Heap before GC invocations=51 (full 3):
 PSYoungGen      total 23552K, used 22400K [0x00000000d5580000, 0x00000000d6e80000, 0x0000000100000000)
  eden space 22016K, 100% used [0x00000000d5580000,0x00000000d6b00000,0x00000000d6b00000)
  from space 1536K, 25% used [0x00000000d6b80000,0x00000000d6be0000,0x00000000d6d00000)
  to   space 1024K, 0% used [0x00000000d6d80000,0x00000000d6d80000,0x00000000d6e80000)
 ParOldGen       total 68608K, used 47843K [0x0000000080000000, 0x0000000084300000, 0x00000000d5580000)
  object space 68608K, 69% used [0x0000000080000000,0x0000000082eb8eb0,0x0000000084300000)
 Metaspace       used 70985K, committed 72576K, reserved 1114112K
  class space    used 7471K, committed 8192K, reserved 1048576K
}
Event: 455.431 GC heap after
{Heap after GC invocations=51 (full 3):
 PSYoungGen      total 22528K, used 224K [0x00000000d5580000, 0x00000000d6e00000, 0x0000000100000000)
  eden space 22016K, 0% used [0x00000000d5580000,0x00000000d5580000,0x00000000d6b00000)
  from space 512K, 43% used [0x00000000d6d80000,0x00000000d6db8000,0x00000000d6e00000)
  to   space 512K, 0% used [0x00000000d6d00000,0x00000000d6d00000,0x00000000d6d80000)
 ParOldGen       total 68608K, used 47883K [0x0000000080000000, 0x0000000084300000, 0x00000000d5580000)
  object space 68608K, 69% used [0x0000000080000000,0x0000000082ec2eb0,0x0000000084300000)
 Metaspace       used 70985K, committed 72576K, reserved 1114112K
  class space    used 7471K, committed 8192K, reserved 1048576K
}
Event: 463.866 GC heap before
{Heap before GC invocations=52 (full 3):
 PSYoungGen      total 22528K, used 22240K [0x00000000d5580000, 0x00000000d6e00000, 0x0000000100000000)
  eden space 22016K, 100% used [0x00000000d5580000,0x00000000d6b00000,0x00000000d6b00000)
  from space 512K, 43% used [0x00000000d6d80000,0x00000000d6db8000,0x00000000d6e00000)
  to   space 512K, 0% used [0x00000000d6d00000,0x00000000d6d00000,0x00000000d6d80000)
 ParOldGen       total 68608K, used 47883K [0x0000000080000000, 0x0000000084300000, 0x00000000d5580000)
  object space 68608K, 69% used [0x0000000080000000,0x0000000082ec2eb0,0x0000000084300000)
 Metaspace       used 71155K, committed 72768K, reserved 1114112K
  class space    used 7475K, committed 8192K, reserved 1048576K
}
Event: 463.870 GC heap after
{Heap after GC invocations=52 (full 3):
 PSYoungGen      total 22528K, used 486K [0x00000000d5580000, 0x00000000d6e00000, 0x0000000100000000)
  eden space 22016K, 0% used [0x00000000d5580000,0x00000000d5580000,0x00000000d6b00000)
  from space 512K, 94% used [0x00000000d6d00000,0x00000000d6d79850,0x00000000d6d80000)
  to   space 512K, 0% used [0x00000000d6d80000,0x00000000d6d80000,0x00000000d6e00000)
 ParOldGen       total 68608K, used 48489K [0x0000000080000000, 0x0000000084300000, 0x00000000d5580000)
  object space 68608K, 70% used [0x0000000080000000,0x0000000082f5a700,0x0000000084300000)
 Metaspace       used 71155K, committed 72768K, reserved 1114112K
  class space    used 7475K, committed 8192K, reserved 1048576K
}
Event: 464.919 GC heap before
{Heap before GC invocations=53 (full 3):
 PSYoungGen      total 22528K, used 22502K [0x00000000d5580000, 0x00000000d6e00000, 0x0000000100000000)
  eden space 22016K, 100% used [0x00000000d5580000,0x00000000d6b00000,0x00000000d6b00000)
  from space 512K, 94% used [0x00000000d6d00000,0x00000000d6d79850,0x00000000d6d80000)
  to   space 512K, 0% used [0x00000000d6d80000,0x00000000d6d80000,0x00000000d6e00000)
 ParOldGen       total 68608K, used 48489K [0x0000000080000000, 0x0000000084300000, 0x00000000d5580000)
  object space 68608K, 70% used [0x0000000080000000,0x0000000082f5a700,0x0000000084300000)
 Metaspace       used 71327K, committed 72896K, reserved 1114112K
  class space    used 7482K, committed 8192K, reserved 1048576K
}
Event: 464.922 GC heap after
{Heap after GC invocations=53 (full 3):
 PSYoungGen      total 22528K, used 512K [0x00000000d5580000, 0x00000000d6e00000, 0x0000000100000000)
  eden space 22016K, 0% used [0x00000000d5580000,0x00000000d5580000,0x00000000d6b00000)
  from space 512K, 100% used [0x00000000d6d80000,0x00000000d6e00000,0x00000000d6e00000)
  to   space 1024K, 0% used [0x00000000d6c00000,0x00000000d6c00000,0x00000000d6d00000)
 ParOldGen       total 68608K, used 48827K [0x0000000080000000, 0x0000000084300000, 0x00000000d5580000)
  object space 68608K, 71% used [0x0000000080000000,0x0000000082faee30,0x0000000084300000)
 Metaspace       used 71327K, committed 72896K, reserved 1114112K
  class space    used 7482K, committed 8192K, reserved 1048576K
}
Event: 466.521 GC heap before
{Heap before GC invocations=54 (full 3):
 PSYoungGen      total 22528K, used 22528K [0x00000000d5580000, 0x00000000d6e00000, 0x0000000100000000)
  eden space 22016K, 100% used [0x00000000d5580000,0x00000000d6b00000,0x00000000d6b00000)
  from space 512K, 100% used [0x00000000d6d80000,0x00000000d6e00000,0x00000000d6e00000)
  to   space 1024K, 0% used [0x00000000d6c00000,0x00000000d6c00000,0x00000000d6d00000)
 ParOldGen       total 68608K, used 48827K [0x0000000080000000, 0x0000000084300000, 0x00000000d5580000)
  object space 68608K, 71% used [0x0000000080000000,0x0000000082faee30,0x0000000084300000)
 Metaspace       used 71649K, committed 73216K, reserved 1114112K
  class space    used 7512K, committed 8192K, reserved 1048576K
}
Event: 466.523 GC heap after
{Heap after GC invocations=54 (full 3):
 PSYoungGen      total 23040K, used 272K [0x00000000d5580000, 0x00000000d6e00000, 0x0000000100000000)
  eden space 22016K, 0% used [0x00000000d5580000,0x00000000d5580000,0x00000000d6b00000)
  from space 1024K, 26% used [0x00000000d6c00000,0x00000000d6c44010,0x00000000d6d00000)
  to   space 512K, 0% used [0x00000000d6d80000,0x00000000d6d80000,0x00000000d6e00000)
 ParOldGen       total 68608K, used 49337K [0x0000000080000000, 0x0000000084300000, 0x00000000d5580000)
  object space 68608K, 71% used [0x0000000080000000,0x000000008302e6a8,0x0000000084300000)
 Metaspace       used 71649K, committed 73216K, reserved 1114112K
  class space    used 7512K, committed 8192K, reserved 1048576K
}
Event: 467.435 GC heap before
{Heap before GC invocations=55 (full 3):
 PSYoungGen      total 23040K, used 22288K [0x00000000d5580000, 0x00000000d6e00000, 0x0000000100000000)
  eden space 22016K, 100% used [0x00000000d5580000,0x00000000d6b00000,0x00000000d6b00000)
  from space 1024K, 26% used [0x00000000d6c00000,0x00000000d6c44010,0x00000000d6d00000)
  to   space 512K, 0% used [0x00000000d6d80000,0x00000000d6d80000,0x00000000d6e00000)
 ParOldGen       total 68608K, used 49337K [0x0000000080000000, 0x0000000084300000, 0x00000000d5580000)
  object space 68608K, 71% used [0x0000000080000000,0x000000008302e6a8,0x0000000084300000)
 Metaspace       used 72344K, committed 73920K, reserved 1179648K
  class space    used 7559K, committed 8256K, reserved 1048576K
}
Event: 467.438 GC heap after
{Heap after GC invocations=55 (full 3):
 PSYoungGen      total 22528K, used 512K [0x00000000d5580000, 0x00000000d6e00000, 0x0000000100000000)
  eden space 22016K, 0% used [0x00000000d5580000,0x00000000d5580000,0x00000000d6b00000)
  from space 512K, 100% used [0x00000000d6d80000,0x00000000d6e00000,0x00000000d6e00000)
  to   space 1536K, 0% used [0x00000000d6b00000,0x00000000d6b00000,0x00000000d6c80000)
 ParOldGen       total 68608K, used 50039K [0x0000000080000000, 0x0000000084300000, 0x00000000d5580000)
  object space 68608K, 72% used [0x0000000080000000,0x00000000830ddd10,0x0000000084300000)
 Metaspace       used 72344K, committed 73920K, reserved 1179648K
  class space    used 7559K, committed 8256K, reserved 1048576K
}
Event: 483.900 GC heap before
{Heap before GC invocations=56 (full 3):
 PSYoungGen      total 22528K, used 22528K [0x00000000d5580000, 0x00000000d6e00000, 0x0000000100000000)
  eden space 22016K, 100% used [0x00000000d5580000,0x00000000d6b00000,0x00000000d6b00000)
  from space 512K, 100% used [0x00000000d6d80000,0x00000000d6e00000,0x00000000d6e00000)
  to   space 1536K, 0% used [0x00000000d6b00000,0x00000000d6b00000,0x00000000d6c80000)
 ParOldGen       total 68608K, used 50039K [0x0000000080000000, 0x0000000084300000, 0x00000000d5580000)
  object space 68608K, 72% used [0x0000000080000000,0x00000000830ddd10,0x0000000084300000)
 Metaspace       used 72459K, committed 74048K, reserved 1179648K
  class space    used 7568K, committed 8256K, reserved 1048576K
}
Event: 483.917 GC heap after
{Heap after GC invocations=56 (full 3):
 PSYoungGen      total 23552K, used 192K [0x00000000d5580000, 0x00000000d6e00000, 0x0000000100000000)
  eden space 22016K, 0% used [0x00000000d5580000,0x00000000d5580000,0x00000000d6b00000)
  from space 1536K, 12% used [0x00000000d6b00000,0x00000000d6b30000,0x00000000d6c80000)
  to   space 1024K, 0% used [0x00000000d6d00000,0x00000000d6d00000,0x00000000d6e00000)
 ParOldGen       total 68608K, used 50540K [0x0000000080000000, 0x0000000084300000, 0x00000000d5580000)
  object space 68608K, 73% used [0x0000000080000000,0x000000008315b190,0x0000000084300000)
 Metaspace       used 72459K, committed 74048K, reserved 1179648K
  class space    used 7568K, committed 8256K, reserved 1048576K
}
Event: 519.844 GC heap before
{Heap before GC invocations=57 (full 3):
 PSYoungGen      total 23552K, used 22198K [0x00000000d5580000, 0x00000000d6e00000, 0x0000000100000000)
  eden space 22016K, 99% used [0x00000000d5580000,0x00000000d6afdaf8,0x00000000d6b00000)
  from space 1536K, 12% used [0x00000000d6b00000,0x00000000d6b30000,0x00000000d6c80000)
  to   space 1024K, 0% used [0x00000000d6d00000,0x00000000d6d00000,0x00000000d6e00000)
 ParOldGen       total 68608K, used 50540K [0x0000000080000000, 0x0000000084300000, 0x00000000d5580000)
  object space 68608K, 73% used [0x0000000080000000,0x000000008315b190,0x0000000084300000)
 Metaspace       used 72672K, committed 74240K, reserved 1179648K
  class space    used 7585K, committed 8256K, reserved 1048576K
}
Event: 519.852 GC heap after
{Heap after GC invocations=57 (full 3):
 PSYoungGen      total 20992K, used 992K [0x00000000d5580000, 0x00000000d7300000, 0x0000000100000000)
  eden space 19968K, 0% used [0x00000000d5580000,0x00000000d5580000,0x00000000d6900000)
  from space 1024K, 96% used [0x00000000d6d00000,0x00000000d6df8220,0x00000000d6e00000)
  to   space 4096K, 0% used [0x00000000d6900000,0x00000000d6900000,0x00000000d6d00000)
 ParOldGen       total 68608K, used 52854K [0x0000000080000000, 0x0000000084300000, 0x00000000d5580000)
  object space 68608K, 77% used [0x0000000080000000,0x000000008339d9a0,0x0000000084300000)
 Metaspace       used 72672K, committed 74240K, reserved 1179648K
  class space    used 7585K, committed 8256K, reserved 1048576K
}
Event: 572.250 GC heap before
{Heap before GC invocations=58 (full 3):
 PSYoungGen      total 20992K, used 20960K [0x00000000d5580000, 0x00000000d7300000, 0x0000000100000000)
  eden space 19968K, 100% used [0x00000000d5580000,0x00000000d6900000,0x00000000d6900000)
  from space 1024K, 96% used [0x00000000d6d00000,0x00000000d6df8220,0x00000000d6e00000)
  to   space 4096K, 0% used [0x00000000d6900000,0x00000000d6900000,0x00000000d6d00000)
 ParOldGen       total 68608K, used 52854K [0x0000000080000000, 0x0000000084300000, 0x00000000d5580000)
  object space 68608K, 77% used [0x0000000080000000,0x000000008339d9a0,0x0000000084300000)
 Metaspace       used 72746K, committed 74304K, reserved 1179648K
  class space    used 7590K, committed 8256K, reserved 1048576K
}
Event: 572.292 GC heap after
{Heap after GC invocations=58 (full 3):
 PSYoungGen      total 20480K, used 160K [0x00000000d5580000, 0x00000000d6d80000, 0x0000000100000000)
  eden space 19968K, 0% used [0x00000000d5580000,0x00000000d5580000,0x00000000d6900000)
  from space 512K, 31% used [0x00000000d6900000,0x00000000d6928000,0x00000000d6980000)
  to   space 1536K, 0% used [0x00000000d6c00000,0x00000000d6c00000,0x00000000d6d80000)
 ParOldGen       total 68608K, used 53846K [0x0000000080000000, 0x0000000084300000, 0x00000000d5580000)
  object space 68608K, 78% used [0x0000000080000000,0x0000000083495bc0,0x0000000084300000)
 Metaspace       used 72746K, committed 74304K, reserved 1179648K
  class space    used 7590K, committed 8256K, reserved 1048576K
}
Event: 588.431 GC heap before
{Heap before GC invocations=59 (full 3):
 PSYoungGen      total 20480K, used 20128K [0x00000000d5580000, 0x00000000d6d80000, 0x0000000100000000)
  eden space 19968K, 100% used [0x00000000d5580000,0x00000000d6900000,0x00000000d6900000)
  from space 512K, 31% used [0x00000000d6900000,0x00000000d6928000,0x00000000d6980000)
  to   space 1536K, 0% used [0x00000000d6c00000,0x00000000d6c00000,0x00000000d6d80000)
 ParOldGen       total 68608K, used 53846K [0x0000000080000000, 0x0000000084300000, 0x00000000d5580000)
  object space 68608K, 78% used [0x0000000080000000,0x0000000083495bc0,0x0000000084300000)
 Metaspace       used 72796K, committed 74368K, reserved 1179648K
  class space    used 7590K, committed 8256K, reserved 1048576K
}
Event: 588.432 GC heap after
{Heap after GC invocations=59 (full 3):
 PSYoungGen      total 20480K, used 128K [0x00000000d5580000, 0x00000000d6c80000, 0x0000000100000000)
  eden space 19968K, 0% used [0x00000000d5580000,0x00000000d5580000,0x00000000d6900000)
  from space 512K, 25% used [0x00000000d6c00000,0x00000000d6c20000,0x00000000d6c80000)
  to   space 512K, 0% used [0x00000000d6900000,0x00000000d6900000,0x00000000d6980000)
 ParOldGen       total 68608K, used 53918K [0x0000000080000000, 0x0000000084300000, 0x00000000d5580000)
  object space 68608K, 78% used [0x0000000080000000,0x00000000834a7bc0,0x0000000084300000)
 Metaspace       used 72796K, committed 74368K, reserved 1179648K
  class space    used 7590K, committed 8256K, reserved 1048576K
}

Dll operation events (10 events):
Event: 0.034 Loaded shared library c:\Users\DELL\.vscode\extensions\redhat.java-1.54.0-win32-x64\jre\21.0.10-win32-x86_64\bin\java.dll
Event: 0.160 Loaded shared library c:\Users\DELL\.vscode\extensions\redhat.java-1.54.0-win32-x64\jre\21.0.10-win32-x86_64\bin\zip.dll
Event: 0.194 Loaded shared library C:\Users\DELL\.vscode\extensions\redhat.java-1.54.0-win32-x64\jre\21.0.10-win32-x86_64\bin\instrument.dll
Event: 0.201 Loaded shared library C:\Users\DELL\.vscode\extensions\redhat.java-1.54.0-win32-x64\jre\21.0.10-win32-x86_64\bin\net.dll
Event: 0.203 Loaded shared library C:\Users\DELL\.vscode\extensions\redhat.java-1.54.0-win32-x64\jre\21.0.10-win32-x86_64\bin\nio.dll
Event: 0.208 Loaded shared library C:\Users\DELL\.vscode\extensions\redhat.java-1.54.0-win32-x64\jre\21.0.10-win32-x86_64\bin\zip.dll
Event: 0.238 Loaded shared library C:\Users\DELL\.vscode\extensions\redhat.java-1.54.0-win32-x64\jre\21.0.10-win32-x86_64\bin\jimage.dll
Event: 0.457 Loaded shared library c:\Users\DELL\.vscode\extensions\redhat.java-1.54.0-win32-x64\jre\21.0.10-win32-x86_64\bin\verify.dll
Event: 3.246 Loaded shared library C:\Users\DELL\AppData\Roaming\Code\User\globalStorage\redhat.java\1.54.0\config_win\org.eclipse.equinox.launcher\org.eclipse.equinox.launcher.win32.win32.x86_64_1.3.0.v20260203-2149\eclipse_11919.dll
Event: 8.475 Loaded shared library C:\Users\DELL\AppData\Local\Temp\jna-2094529\jna13470312773670361092.dll

Deoptimization events (20 events):
Event: 519.513 Thread 0x000002534c4fff40 Uncommon trap: trap_request=0xffffffde fr.pc=0x000002537856dbd4 relative=0x00000000000004d4
Event: 519.513 Thread 0x000002534c4fff40 Uncommon trap: reason=class_check action=maybe_recompile pc=0x000002537856dbd4 method=org.eclipse.jdt.internal.core.JavaProject.equals(Ljava/lang/Object;)Z @ 8 c2
Event: 519.513 Thread 0x000002534c4fff40 DEOPT PACKING pc=0x000002537856dbd4 sp=0x0000008eed2fdd20
Event: 519.513 Thread 0x000002534c4fff40 DEOPT UNPACKING pc=0x0000025377b06da2 sp=0x0000008eed2fdcd8 mode 2
Event: 519.513 Thread 0x000002534c4fff40 Uncommon trap: trap_request=0xffffffde fr.pc=0x0000025378717998 relative=0x0000000000000218
Event: 519.513 Thread 0x000002534c4fff40 Uncommon trap: reason=class_check action=maybe_recompile pc=0x0000025378717998 method=org.eclipse.jdt.internal.core.PackageFragmentRoot.calculateHashCode()I @ 11 c2
Event: 519.513 Thread 0x000002534c4fff40 DEOPT PACKING pc=0x0000025378717998 sp=0x0000008eed2fe150
Event: 519.513 Thread 0x000002534c4fff40 DEOPT UNPACKING pc=0x0000025377b06da2 sp=0x0000008eed2fe0f0 mode 2
Event: 519.602 Thread 0x0000025345c6be30 Uncommon trap: trap_request=0xffffff45 fr.pc=0x000002537870c3b0 relative=0x00000000000022b0
Event: 519.602 Thread 0x0000025345c6be30 Uncommon trap: reason=unstable_if action=reinterpret pc=0x000002537870c3b0 method=org.eclipse.jdt.internal.core.index.DiskIndex.readStreamDocumentArray(Ljava/io/InputStream;I)[I @ 17 c2
Event: 519.603 Thread 0x0000025345c6be30 DEOPT PACKING pc=0x000002537870c3b0 sp=0x0000008eeeffee60
Event: 519.603 Thread 0x0000025345c6be30 DEOPT UNPACKING pc=0x0000025377b06da2 sp=0x0000008eeeffeda0 mode 2
Event: 520.067 Thread 0x000002534c4fff40 Uncommon trap: trap_request=0xffffff45 fr.pc=0x00000253787de1d0 relative=0x0000000000000eb0
Event: 520.067 Thread 0x000002534c4fff40 Uncommon trap: reason=unstable_if action=reinterpret pc=0x00000253787de1d0 method=org.eclipse.jdt.internal.core.index.DiskIndex.addQueryResults([[C[CILorg/eclipse/jdt/internal/core/index/MemoryIndex;)Lorg/eclipse/jdt/internal/compiler/util/HashtableOfObje
Event: 520.067 Thread 0x000002534c4fff40 DEOPT PACKING pc=0x00000253787de1d0 sp=0x0000008eed2feda0
Event: 520.067 Thread 0x000002534c4fff40 DEOPT UNPACKING pc=0x0000025377b06da2 sp=0x0000008eed2fed68 mode 2
Event: 572.406 Thread 0x000002534c4fff40 DEOPT PACKING pc=0x0000025371881e66 sp=0x0000008eed2fe820
Event: 572.407 Thread 0x000002534c4fff40 DEOPT UNPACKING pc=0x0000025377b078e2 sp=0x0000008eed2fdd80 mode 0
Event: 584.376 Thread 0x000002534c4fff40 DEOPT PACKING pc=0x00000253719a93e3 sp=0x0000008eed2fe610
Event: 584.376 Thread 0x000002534c4fff40 DEOPT UNPACKING pc=0x0000025377b078e2 sp=0x0000008eed2fdb08 mode 0

Classes loaded (20 events):
Event: 32.956 Loading class sun/nio/cs/Surrogate
Event: 32.956 Loading class sun/nio/cs/Surrogate done
Event: 191.519 Loading class java/util/function/IntPredicate
Event: 191.522 Loading class java/util/function/IntPredicate done
Event: 191.564 Loading class java/util/regex/Pattern$Bound
Event: 191.565 Loading class java/util/regex/Pattern$Bound done
Event: 217.314 Loading class java/util/AbstractList$SubList
Event: 217.314 Loading class java/util/AbstractList$SubList done
Event: 217.315 Loading class java/util/AbstractList$SubList$1
Event: 217.316 Loading class java/util/AbstractList$SubList$1 done
Event: 389.351 Loading class java/lang/StringLatin1$CharsSpliterator
Event: 389.355 Loading class java/lang/StringLatin1$CharsSpliterator done
Event: 466.373 Loading class java/util/stream/DistinctOps
Event: 466.374 Loading class java/util/stream/DistinctOps done
Event: 466.374 Loading class java/util/stream/DistinctOps$1
Event: 466.375 Loading class java/util/stream/DistinctOps$1 done
Event: 466.502 Loading class java/util/stream/DistinctOps$1$2
Event: 466.507 Loading class java/util/stream/DistinctOps$1$2 done
Event: 519.636 Loading class sun/nio/fs/WindowsFileCopy
Event: 519.649 Loading class sun/nio/fs/WindowsFileCopy done

Classes unloaded (7 events):
Event: 9.290 Thread 0x000002537fd3ffc0 Unloading class 0x00000253051aac00 'java/lang/invoke/LambdaForm$MH+0x00000253051aac00'
Event: 9.290 Thread 0x000002537fd3ffc0 Unloading class 0x00000253051aa800 'java/lang/invoke/LambdaForm$MH+0x00000253051aa800'
Event: 9.290 Thread 0x000002537fd3ffc0 Unloading class 0x00000253051aa400 'java/lang/invoke/LambdaForm$MH+0x00000253051aa400'
Event: 9.290 Thread 0x000002537fd3ffc0 Unloading class 0x00000253051aa000 'java/lang/invoke/LambdaForm$MH+0x00000253051aa000'
Event: 9.290 Thread 0x000002537fd3ffc0 Unloading class 0x00000253051a9c00 'java/lang/invoke/LambdaForm$BMH+0x00000253051a9c00'
Event: 9.290 Thread 0x000002537fd3ffc0 Unloading class 0x00000253051a9800 'java/lang/invoke/LambdaForm$DMH+0x00000253051a9800'
Event: 9.290 Thread 0x000002537fd3ffc0 Unloading class 0x00000253051a8400 'java/lang/invoke/LambdaForm$DMH+0x00000253051a8400'

Classes redefined (0 events):
No events

Internal exceptions (20 events):
Event: 217.644 Thread 0x000002534c500c60 Exception <a 'sun/nio/fs/WindowsException'{0x00000000d69e7f08}> (0x00000000d69e7f08) 
thrown [s\src\hotspot\share\prims\jni.cpp, line 520]
Event: 217.649 Thread 0x000002534c500c60 Exception <a 'sun/nio/fs/WindowsException'{0x00000000d69e8538}> (0x00000000d69e8538) 
thrown [s\src\hotspot\share\prims\jni.cpp, line 520]
Event: 427.958 Thread 0x000002534c5012f0 Exception <a 'java/lang/IncompatibleClassChangeError'{0x00000000d5902738}: Found class java.lang.Object, but interface was expected> (0x00000000d5902738) 
thrown [s\src\hotspot\share\interpreter\linkResolver.cpp, line 840]
Event: 428.012 Thread 0x000002534c4fde70 Exception <a 'java/lang/NoSuchMethodError'{0x00000000d598c460}: 'java.lang.Object java.lang.invoke.DirectMethodHandle$Holder.invokeSpecial(java.lang.Object, java.lang.Object, java.lang.Object, java.lang.Object, int, java.lang.Object, java.lang.Object)'> (0x00000000d598c460) 
thrown [s\src\hotspot\share\interpreter\linkResolver.cpp, line 773]
Event: 447.135 Thread 0x000002534c4fde70 Exception <a 'sun/nio/fs/WindowsException'{0x00000000d5b8ff18}> (0x00000000d5b8ff18) 
thrown [s\src\hotspot\share\prims\jni.cpp, line 520]
Event: 447.136 Thread 0x000002534c4fde70 Exception <a 'sun/nio/fs/WindowsException'{0x00000000d5b90548}> (0x00000000d5b90548) 
thrown [s\src\hotspot\share\prims\jni.cpp, line 520]
Event: 451.596 Thread 0x000002534c4fde70 Exception <a 'sun/nio/fs/WindowsException'{0x00000000d66a1480}> (0x00000000d66a1480) 
thrown [s\src\hotspot\share\prims\jni.cpp, line 520]
Event: 451.596 Thread 0x000002534c4fde70 Exception <a 'sun/nio/fs/WindowsException'{0x00000000d66a1ab0}> (0x00000000d66a1ab0) 
thrown [s\src\hotspot\share\prims\jni.cpp, line 520]
Event: 454.467 Thread 0x000002534c5012f0 Exception <a 'java/lang/IncompatibleClassChangeError'{0x00000000d65e8898}: Found class java.lang.Object, but interface was expected> (0x00000000d65e8898) 
thrown [s\src\hotspot\share\interpreter\linkResolver.cpp, line 840]
Event: 454.679 Thread 0x000002534c4fde70 Exception <a 'java/lang/NoSuchMethodError'{0x00000000d66e9f70}: 'java.lang.Object java.lang.invoke.DirectMethodHandle$Holder.invokeStatic(java.lang.Object, java.lang.Object, int, java.lang.Object, java.lang.Object)'> (0x00000000d66e9f70) 
thrown [s\src\hotspot\share\interpreter\linkResolver.cpp, line 773]
Event: 463.843 Thread 0x000002534c5012f0 Exception <a 'java/lang/IncompatibleClassChangeError'{0x00000000d694f4c8}: Found class java.lang.Object, but interface was expected> (0x00000000d694f4c8) 
thrown [s\src\hotspot\share\interpreter\linkResolver.cpp, line 840]
Event: 464.926 Thread 0x000002534c5012f0 Exception <a 'java/lang/IncompatibleClassChangeError'{0x00000000d5596a90}: Found class java.lang.Object, but interface was expected> (0x00000000d5596a90) 
thrown [s\src\hotspot\share\interpreter\linkResolver.cpp, line 840]
Event: 465.923 Thread 0x000002534c5012f0 Exception <a 'java/lang/IncompatibleClassChangeError'{0x00000000d68fb440}: Found class java.lang.Object, but interface was expected> (0x00000000d68fb440) 
thrown [s\src\hotspot\share\interpreter\linkResolver.cpp, line 840]
Event: 465.923 Thread 0x000002534c5012f0 Exception <a 'java/lang/IncompatibleClassChangeError'{0x00000000d68ff2d0}: Found class java.lang.Object, but interface was expected> (0x00000000d68ff2d0) 
thrown [s\src\hotspot\share\interpreter\linkResolver.cpp, line 840]
Event: 467.027 Thread 0x0000025345c6be30 Implicit null exception at 0x000002537877bd62 to 0x000002537877c1c8
Event: 467.037 Thread 0x0000025345c6be30 Implicit null exception at 0x00000253785d9900 to 0x00000253785d9d34
Event: 468.518 Thread 0x000002534c4fff40 Exception <a 'sun/nio/fs/WindowsException'{0x00000000d5b5c2c8}> (0x00000000d5b5c2c8) 
thrown [s\src\hotspot\share\prims\jni.cpp, line 520]
Event: 468.518 Thread 0x000002534c4fff40 Exception <a 'sun/nio/fs/WindowsException'{0x00000000d5b5c918}> (0x00000000d5b5c918) 
thrown [s\src\hotspot\share\prims\jni.cpp, line 520]
Event: 519.651 Thread 0x0000025345c6be30 Exception <a 'sun/nio/fs/WindowsException'{0x00000000d5fbebb0}> (0x00000000d5fbebb0) 
thrown [s\src\hotspot\share\prims\jni.cpp, line 520]
Event: 519.887 Thread 0x0000025345c6be30 Exception <a 'sun/nio/fs/WindowsException'{0x00000000d567e8a0}> (0x00000000d567e8a0) 
thrown [s\src\hotspot\share\prims\jni.cpp, line 520]

ZGC Phase Switch (0 events):
No events

VM Operations (20 events):
Event: 578.328 Executing safepoint VM operation: Cleanup
Event: 578.328 Executing safepoint VM operation: Cleanup done
Event: 587.398 Executing safepoint VM operation: Cleanup
Event: 587.398 Executing safepoint VM operation: Cleanup done
Event: 588.404 Executing safepoint VM operation: Cleanup
Event: 588.404 Executing safepoint VM operation: Cleanup done
Event: 588.431 Executing safepoint VM operation: ParallelGCFailedAllocation (Allocation Failure)
Event: 588.432 Executing safepoint VM operation: ParallelGCFailedAllocation (Allocation Failure) done
Event: 601.100 Executing non-safepoint VM operation: HandshakeAllThreads (HandshakeForDeflation)
Event: 601.100 Executing non-safepoint VM operation: HandshakeAllThreads (HandshakeForDeflation) done
Event: 601.100 Executing non-safepoint VM operation: RendezvousGCThreads
Event: 601.100 Executing non-safepoint VM operation: RendezvousGCThreads done
Event: 609.169 Executing safepoint VM operation: Cleanup
Event: 609.169 Executing safepoint VM operation: Cleanup done
Event: 611.191 Executing safepoint VM operation: Cleanup
Event: 611.191 Executing safepoint VM operation: Cleanup done
Event: 661.124 Executing non-safepoint VM operation: HandshakeAllThreads (HandshakeForDeflation)
Event: 661.125 Executing non-safepoint VM operation: HandshakeAllThreads (HandshakeForDeflation) done
Event: 661.125 Executing non-safepoint VM operation: RendezvousGCThreads
Event: 661.125 Executing non-safepoint VM operation: RendezvousGCThreads done

Memory protections (0 events):
No events

Nmethod flushes (20 events):
Event: 18.311 Thread 0x000002537fd3ffc0 flushing  nmethod 0x0000025370e5f710
Event: 18.311 Thread 0x000002537fd3ffc0 flushing  nmethod 0x0000025370e69390
Event: 18.311 Thread 0x000002537fd3ffc0 flushing  nmethod 0x0000025370e69690
Event: 18.311 Thread 0x000002537fd3ffc0 flushing  nmethod 0x0000025370e69f90
Event: 18.311 Thread 0x000002537fd3ffc0 flushing  nmethod 0x0000025370e6a310
Event: 18.311 Thread 0x000002537fd3ffc0 flushing  nmethod 0x0000025370e70110
Event: 18.311 Thread 0x000002537fd3ffc0 flushing  nmethod 0x0000025370e71310
Event: 18.311 Thread 0x000002537fd3ffc0 flushing  nmethod 0x0000025370e72290
Event: 18.311 Thread 0x000002537fd3ffc0 flushing  nmethod 0x0000025370e73b10
Event: 18.311 Thread 0x000002537fd3ffc0 flushing  nmethod 0x0000025370e79890
Event: 18.311 Thread 0x000002537fd3ffc0 flushing  nmethod 0x0000025370e7b190
Event: 18.311 Thread 0x000002537fd3ffc0 flushing  nmethod 0x0000025370e81390
Event: 18.311 Thread 0x000002537fd3ffc0 flushing  nmethod 0x0000025370e81b10
Event: 18.311 Thread 0x000002537fd3ffc0 flushing  nmethod 0x0000025370e81e90
Event: 18.311 Thread 0x000002537fd3ffc0 flushing  nmethod 0x0000025370e82210
Event: 18.311 Thread 0x000002537fd3ffc0 flushing  nmethod 0x0000025370e84210
Event: 18.311 Thread 0x000002537fd3ffc0 flushing  nmethod 0x0000025370e84990
Event: 18.311 Thread 0x000002537fd3ffc0 flushing  nmethod 0x0000025370e84d90
Event: 18.311 Thread 0x000002537fd3ffc0 flushing  nmethod 0x0000025370e86590
Event: 18.311 Thread 0x000002537fd3ffc0 flushing  nmethod 0x0000025370e8d610

Events (20 events):
Event: 13.054 Thread 0x0000025345c6b7a0 Thread added: 0x000002534c4fc430
Event: 13.083 Thread 0x000002534c4fc430 Thread added: 0x000002534c500c60
Event: 13.990 Thread 0x0000025345c6d1e0 Thread added: 0x000002534c4fe500
Event: 17.144 Thread 0x000002534c4fe500 Thread exited: 0x000002534c4fe500
Event: 18.138 Thread 0x000002534c500c60 Thread added: 0x000002534c4fd7e0
Event: 19.281 Thread 0x000002534c4fc430 Thread added: 0x000002534c4ff8b0
Event: 79.731 Thread 0x0000025345c6d870 Thread exited: 0x0000025345c6d870
Event: 89.132 Thread 0x000002534c4fc430 Thread exited: 0x000002534c4fc430
Event: 139.743 Thread 0x0000025345c6d1e0 Thread exited: 0x0000025345c6d1e0
Event: 139.743 Thread 0x0000025345c6cb50 Thread exited: 0x0000025345c6cb50
Event: 149.147 Thread 0x000002534c4fd7e0 Thread exited: 0x000002534c4fd7e0
Event: 190.761 Thread 0x000002534c5012f0 Thread added: 0x000002534c4fde70
Event: 219.919 Thread 0x000002534c4fde70 Thread added: 0x000002534c4fff40
Event: 466.886 Thread 0x0000025345c6aa80 Thread added: 0x0000025345c6cb50
Event: 467.000 Thread 0x0000025345c6b7a0 Thread added: 0x0000025345c6d1e0
Event: 467.021 Thread 0x0000025345c6d1e0 Thread added: 0x0000025345c6d870
Event: 579.819 Thread 0x0000025345c6d870 Thread exited: 0x0000025345c6d870
Event: 579.833 Thread 0x0000025345c6b7a0 Thread exited: 0x0000025345c6b7a0
Event: 579.834 Thread 0x0000025345c6aa80 Thread exited: 0x0000025345c6aa80
Event: 670.451 Thread 0x000002534c4fff40 Thread exited: 0x000002534c4fff40


Dynamic libraries:
0x00007ff7ea380000 - 0x00007ff7ea38e000 	c:\Users\DELL\.vscode\extensions\redhat.java-1.54.0-win32-x64\jre\21.0.10-win32-x86_64\bin\java.exe
0x00007ffcf8390000 - 0x00007ffcf8588000 	C:\Windows\SYSTEM32\ntdll.dll
0x00007ffcf6680000 - 0x00007ffcf6742000 	C:\Windows\System32\KERNEL32.DLL
0x00007ffcf5e50000 - 0x00007ffcf6146000 	C:\Windows\System32\KERNELBASE.dll
0x00007ffcf5a20000 - 0x00007ffcf5b20000 	C:\Windows\System32\ucrtbase.dll
0x00007ffce1e70000 - 0x00007ffce1e88000 	c:\Users\DELL\.vscode\extensions\redhat.java-1.54.0-win32-x64\jre\21.0.10-win32-x86_64\bin\jli.dll
0x00007ffcf63d0000 - 0x00007ffcf6571000 	C:\Windows\System32\USER32.dll
0x00007ffcf5c50000 - 0x00007ffcf5c72000 	C:\Windows\System32\win32u.dll
0x00007ffcf71f0000 - 0x00007ffcf721b000 	C:\Windows\System32\GDI32.dll
0x00007ffcf5d30000 - 0x00007ffcf5e49000 	C:\Windows\System32\gdi32full.dll
0x00007ffcf5bb0000 - 0x00007ffcf5c4d000 	C:\Windows\System32\msvcp_win.dll
0x00007ffcd9400000 - 0x00007ffcd941e000 	c:\Users\DELL\.vscode\extensions\redhat.java-1.54.0-win32-x64\jre\21.0.10-win32-x86_64\bin\VCRUNTIME140.dll
0x00007ffce2a20000 - 0x00007ffce2cbb000 	C:\Windows\WinSxS\amd64_microsoft.windows.common-controls_6595b64144ccf1df_6.0.19041.6456_none_60b8a6cb71f64256\COMCTL32.dll
0x00007ffcf82b0000 - 0x00007ffcf834e000 	C:\Windows\System32\msvcrt.dll
0x00007ffcf6650000 - 0x00007ffcf667f000 	C:\Windows\System32\IMM32.DLL
0x00007ffcee3b0000 - 0x00007ffcee3bc000 	c:\Users\DELL\.vscode\extensions\redhat.java-1.54.0-win32-x64\jre\21.0.10-win32-x86_64\bin\vcruntime140_1.dll
0x00007ffcd1210000 - 0x00007ffcd129d000 	c:\Users\DELL\.vscode\extensions\redhat.java-1.54.0-win32-x64\jre\21.0.10-win32-x86_64\bin\msvcp140.dll
0x00007ffc82530000 - 0x00007ffc832d1000 	c:\Users\DELL\.vscode\extensions\redhat.java-1.54.0-win32-x64\jre\21.0.10-win32-x86_64\bin\server\jvm.dll
0x00007ffcf70d0000 - 0x00007ffcf7181000 	C:\Windows\System32\ADVAPI32.dll
0x00007ffcf7ad0000 - 0x00007ffcf7b6f000 	C:\Windows\System32\sechost.dll
0x00007ffcf7d90000 - 0x00007ffcf7eb0000 	C:\Windows\System32\RPCRT4.dll
0x00007ffcf62b0000 - 0x00007ffcf62d7000 	C:\Windows\System32\bcrypt.dll
0x00007ffcf7b70000 - 0x00007ffcf7bdb000 	C:\Windows\System32\WS2_32.dll
0x00007ffcf5880000 - 0x00007ffcf58cb000 	C:\Windows\SYSTEM32\POWRPROF.dll
0x00007ffce2ee0000 - 0x00007ffce2f07000 	C:\Windows\SYSTEM32\WINMM.dll
0x00007ffcef1a0000 - 0x00007ffcef1aa000 	C:\Windows\SYSTEM32\VERSION.dll
0x00007ffcf5860000 - 0x00007ffcf5872000 	C:\Windows\SYSTEM32\UMPDC.dll
0x00007ffcf4260000 - 0x00007ffcf4272000 	C:\Windows\SYSTEM32\kernel.appcore.dll
0x00007ffce4060000 - 0x00007ffce406a000 	c:\Users\DELL\.vscode\extensions\redhat.java-1.54.0-win32-x64\jre\21.0.10-win32-x86_64\bin\jimage.dll
0x00007ffcf4000000 - 0x00007ffcf4201000 	C:\Windows\SYSTEM32\DBGHELP.DLL
0x00007ffcd2c50000 - 0x00007ffcd2c84000 	C:\Windows\SYSTEM32\dbgcore.DLL
0x00007ffcf5b20000 - 0x00007ffcf5ba2000 	C:\Windows\System32\bcryptPrimitives.dll
0x00007ffce4010000 - 0x00007ffce401f000 	c:\Users\DELL\.vscode\extensions\redhat.java-1.54.0-win32-x64\jre\21.0.10-win32-x86_64\bin\instrument.dll
0x00007ffcd91d0000 - 0x00007ffcd91f0000 	c:\Users\DELL\.vscode\extensions\redhat.java-1.54.0-win32-x64\jre\21.0.10-win32-x86_64\bin\java.dll
0x00007ffcf7220000 - 0x00007ffcf7990000 	C:\Windows\System32\SHELL32.dll
0x00007ffcf3780000 - 0x00007ffcf3f25000 	C:\Windows\SYSTEM32\windows.storage.dll
0x00007ffcf7f40000 - 0x00007ffcf8294000 	C:\Windows\System32\combase.dll
0x00007ffcf5370000 - 0x00007ffcf539b000 	C:\Windows\SYSTEM32\Wldp.dll
0x00007ffcf6750000 - 0x00007ffcf681d000 	C:\Windows\System32\OLEAUT32.dll
0x00007ffcf7a20000 - 0x00007ffcf7acd000 	C:\Windows\System32\SHCORE.dll
0x00007ffcf65f0000 - 0x00007ffcf664b000 	C:\Windows\System32\shlwapi.dll
0x00007ffcf5950000 - 0x00007ffcf5974000 	C:\Windows\SYSTEM32\profapi.dll
0x00007ffcd2e20000 - 0x00007ffcd2e38000 	c:\Users\DELL\.vscode\extensions\redhat.java-1.54.0-win32-x64\jre\21.0.10-win32-x86_64\bin\zip.dll
0x00007ffce2110000 - 0x00007ffce2120000 	C:\Users\DELL\.vscode\extensions\redhat.java-1.54.0-win32-x64\jre\21.0.10-win32-x86_64\bin\net.dll
0x00007ffcecbf0000 - 0x00007ffceccfa000 	C:\Windows\SYSTEM32\WINHTTP.dll
0x00007ffcf50d0000 - 0x00007ffcf513a000 	C:\Windows\system32\mswsock.dll
0x00007ffccf9c0000 - 0x00007ffccf9d6000 	C:\Users\DELL\.vscode\extensions\redhat.java-1.54.0-win32-x64\jre\21.0.10-win32-x86_64\bin\nio.dll
0x00007ffce1960000 - 0x00007ffce1970000 	c:\Users\DELL\.vscode\extensions\redhat.java-1.54.0-win32-x64\jre\21.0.10-win32-x86_64\bin\verify.dll
0x00007ffccaa90000 - 0x00007ffccaad5000 	C:\Users\DELL\AppData\Roaming\Code\User\globalStorage\redhat.java\1.54.0\config_win\org.eclipse.equinox.launcher\org.eclipse.equinox.launcher.win32.win32.x86_64_1.3.0.v20260203-2149\eclipse_11919.dll
0x00007ffcf6ec0000 - 0x00007ffcf6feb000 	C:\Windows\System32\ole32.dll
0x00007ffcf52d0000 - 0x00007ffcf52e8000 	C:\Windows\SYSTEM32\CRYPTSP.dll
0x00007ffcf49f0000 - 0x00007ffcf4a28000 	C:\Windows\system32\rsaenh.dll
0x00007ffcf5910000 - 0x00007ffcf593e000 	C:\Windows\SYSTEM32\USERENV.dll
0x00007ffcf52c0000 - 0x00007ffcf52cc000 	C:\Windows\SYSTEM32\CRYPTBASE.dll
0x00007ffcf4db0000 - 0x00007ffcf4deb000 	C:\Windows\SYSTEM32\IPHLPAPI.DLL
0x00007ffcf7eb0000 - 0x00007ffcf7eb8000 	C:\Windows\System32\NSI.dll
0x00007ffcca840000 - 0x00007ffcca889000 	C:\Users\DELL\AppData\Local\Temp\jna-2094529\jna13470312773670361092.dll
0x00007ffcf82a0000 - 0x00007ffcf82a8000 	C:\Windows\System32\PSAPI.DLL
0x00007ffced1a0000 - 0x00007ffced1b7000 	C:\Windows\SYSTEM32\dhcpcsvc6.DLL
0x00007ffceddb0000 - 0x00007ffceddcd000 	C:\Windows\SYSTEM32\dhcpcsvc.DLL

JVMTI agents:
c:\Users\DELL\.vscode\extensions\redhat.java-1.54.0-win32-x64\lombok\lombok-1.18.39-4050.jar path:c:\Users\DELL\.vscode\extensions\redhat.java-1.54.0-win32-x64\jre\21.0.10-win32-x86_64\bin\instrument.dll, loaded, initialized, instrumentlib options:none

dbghelp: loaded successfully - version: 4.0.5 - missing functions: none
symbol engine: initialized successfully - sym options: 0x614 - pdb path: .;c:\Users\DELL\.vscode\extensions\redhat.java-1.54.0-win32-x64\jre\21.0.10-win32-x86_64\bin;C:\Windows\SYSTEM32;C:\Windows\WinSxS\amd64_microsoft.windows.common-controls_6595b64144ccf1df_6.0.19041.6456_none_60b8a6cb71f64256;c:\Users\DELL\.vscode\extensions\redhat.java-1.54.0-win32-x64\jre\21.0.10-win32-x86_64\bin\server;C:\Users\DELL\AppData\Roaming\Code\User\globalStorage\redhat.java\1.54.0\config_win\org.eclipse.equinox.launcher\org.eclipse.equinox.launcher.win32.win32.x86_64_1.3.0.v20260203-2149;C:\Users\DELL\AppData\Local\Temp\jna-2094529

VM Arguments:
jvm_args: --add-modules=ALL-SYSTEM --add-opens=java.base/java.util=ALL-UNNAMED --add-opens=java.base/java.lang=ALL-UNNAMED --add-opens=java.base/sun.nio.fs=ALL-UNNAMED -Declipse.application=org.eclipse.jdt.ls.core.id1 -Dosgi.bundles.defaultStartLevel=4 -Declipse.product=org.eclipse.jdt.ls.core.product -Djava.import.generatesMetadataFilesAtProjectRoot=false -DDetectVMInstallationsJob.disabled=true -Dfile.encoding=utf8 -XX:+UseParallelGC -XX:GCTimeRatio=4 -XX:AdaptiveSizePolicyWeight=90 -Dsun.zip.disableMemoryMapping=true -Xmx2G -Xms100m -Xlog:disable -javaagent:c:\Users\DELL\.vscode\extensions\redhat.java-1.54.0-win32-x64\lombok\lombok-1.18.39-4050.jar -XX:+HeapDumpOnOutOfMemoryError -XX:HeapDumpPath=c:\Users\DELL\AppData\Roaming\Code\User\workspaceStorage\873737dd31112d1eb8e6da68add6094f\redhat.java -Daether.dependencyCollector.impl=bf 
java_command: c:\Users\DELL\.vscode\extensions\redhat.java-1.54.0-win32-x64\server\plugins\org.eclipse.equinox.launcher_1.7.100.v20251111-0406.jar -configuration c:\Users\DELL\AppData\Roaming\Code\User\globalStorage\redhat.java\1.54.0\config_win -data c:\Users\DELL\AppData\Roaming\Code\User\workspaceStorage\873737dd31112d1eb8e6da68add6094f\redhat.java\jdt_ws --pipe=\\.\pipe\lsp-dd0e430457b01e0f5a2d4cb73512b97f-sock
java_class_path (initial): c:\Users\DELL\.vscode\extensions\redhat.java-1.54.0-win32-x64\server\plugins\org.eclipse.equinox.launcher_1.7.100.v20251111-0406.jar
Launcher Type: SUN_STANDARD

[Global flags]
    uintx AdaptiveSizePolicyWeight                 = 90                                        {product} {command line}
     intx CICompilerCount                          = 3                                         {product} {ergonomic}
    uintx GCTimeRatio                              = 4                                         {product} {command line}
     bool HeapDumpOnOutOfMemoryError               = true                                   {manageable} {command line}
    ccstr HeapDumpPath                             = c:\Users\DELL\AppData\Roaming\Code\User\workspaceStorage\873737dd31112d1eb8e6da68add6094f\redhat.java         {manageable} {command line}
   size_t InitialHeapSize                          = 104857600                                 {product} {command line}
   size_t MaxHeapSize                              = 2147483648                                {product} {command line}
   size_t MaxNewSize                               = 715653120                                 {product} {ergonomic}
   size_t MinHeapDeltaBytes                        = 524288                                    {product} {ergonomic}
   size_t MinHeapSize                              = 104857600                                 {product} {command line}
   size_t NewSize                                  = 34603008                                  {product} {ergonomic}
    uintx NonNMethodCodeHeapSize                   = 5832780                                {pd product} {ergonomic}
    uintx NonProfiledCodeHeapSize                  = 122912730                              {pd product} {ergonomic}
   size_t OldSize                                  = 70254592                                  {product} {ergonomic}
    uintx ProfiledCodeHeapSize                     = 122912730                              {pd product} {ergonomic}
    uintx ReservedCodeCacheSize                    = 251658240                              {pd product} {ergonomic}
     bool SegmentedCodeCache                       = true                                      {product} {ergonomic}
   size_t SoftMaxHeapSize                          = 2147483648                             {manageable} {ergonomic}
     bool UseCompressedOops                        = true                           {product lp64_product} {ergonomic}
     bool UseLargePagesIndividualAllocation        = false                                  {pd product} {ergonomic}
     bool UseParallelGC                            = true                                      {product} {command line}

Logging:
Log output configuration:
 #0: stdout all=off uptime,level,tags foldmultilines=false
 #1: stderr all=off uptime,level,tags foldmultilines=false

Release file:
JAVA_VERSION="21.0.10" 
MODULES="java.base java.compiler java.datatransfer java.xml java.prefs java.desktop java.instrument java.logging java.management java.security.sasl java.naming java.rmi java.management.rmi java.net.http java.scripting java.security.jgss java.transaction.xa java.sql java.sql.rowset java.xml.crypto java.se java.smartcardio jdk.accessibility jdk.internal.jvmstat jdk.attach jdk.charsets jdk.internal.opt jdk.zipfs jdk.compiler jdk.crypto.ec jdk.crypto.cryptoki jdk.crypto.mscapi jdk.dynalink jdk.internal.ed jdk.editpad jdk.hotspot.agent jdk.httpserver jdk.internal.le jdk.internal.vm.ci jdk.internal.vm.compiler jdk.internal.vm.compiler.management jdk.jartool jdk.javadoc jdk.jcmd jdk.management jdk.management.agent jdk.jconsole jdk.jdeps jdk.jdwp.agent jdk.jdi jdk.jfr jdk.jshell jdk.jsobject jdk.jstatd jdk.localedata jdk.management.jfr jdk.naming.dns jdk.naming.rmi jdk.net jdk.nio.mapmode jdk.random jdk.sctp jdk.security.auth jdk.security.jgss jdk.unsupported jdk.unsupported.desktop jdk.xml.dom" 

Environment Variables:
JAVA_HOME=C:\Program Files\Java\jdk-22
PATH=C:\Program Files\Common Files\Oracle\Java\javapath;C:\oraclexe\app\oracle\product\11.2.0\server\bin;C:\Windows\system32;C:\Windows;C:\Windows\System32\Wbem;C:\Windows\System32\WindowsPowerShell\v1.0\;C:\Windows\System32\OpenSSH\;C:\Program Files\Java\jdk-17.0.1\bin;C:\Program Files\dotnet\;C:\php;C:\Program Files\Java\jdk1.8.0_351\bin;C:\Program Files\Java\jdk-22;C:\Program Files\MySQL\MySQL Server 8.0\bin;C:\MinGW\bin;C:\Program Files\Java\jdk-25\bin;C:\Program Files\Git\cmd;C:\Program Files\nodejs\;C:\Program Files\MySQL\MySQL Shell 8.0\bin\;C:\Users\DELL\AppData\Local\Programs\Python\Python37\Scripts\;C:\Users\DELL\AppData\Local\Programs\Python\Python37\;C:\Users\DELL\AppData\Local\Microsoft\WindowsApps;C:\Program Files (x86)\mingw-w64\i686-8.1.0-posix-dwarf-rt_v6-rev0\mingw32\bin;C:\Program Files\Java\jdk-17.0.1\bin;C:\Users\DELL\AppData\Local\Programs\Python\Python38\Scripts;C:\Users\DELL\AppData\Local\Programs\Python\Python38;C:\Users\DELL\AppData\Local\Programs\Microsoft VS Code\bin;C:\Users\DELL\AppData\Local\GitHubDesktop\bin;C:\Program Files\JetBrains\IntelliJ IDEA 2025.3.1\bin;C:\Users\DELL\AppData\Roaming\npm
USERNAME=DELL
OS=Windows_NT
PROCESSOR_IDENTIFIER=Intel64 Family 6 Model 126 Stepping 5, GenuineIntel
TMP=C:\Users\DELL\AppData\Local\Temp
TEMP=C:\Users\DELL\AppData\Local\Temp




Periodic native trim disabled

---------------  S Y S T E M  ---------------

OS:
 Windows 10 , 64 bit Build 19041 (10.0.19041.5915)
OS uptime: 5 days 1:23 hours

CPU: total 4 (initial active 4) (2 cores per cpu, 2 threads per core) family 6 model 126 stepping 5 microcode 0xcc, cx8, cmov, fxsr, ht, mmx, 3dnowpref, sse, sse2, sse3, ssse3, sse4.1, sse4.2, popcnt, lzcnt, tsc, tscinvbit, avx, avx2, aes, erms, clmul, bmi1, bmi2, adx, avx512f, avx512dq, avx512cd, avx512bw, avx512vl, sha, fma, vzeroupper, avx512_vpopcntdq, avx512_vpclmulqdq, avx512_vaes, avx512_vnni, clflush, clflushopt, avx512_vbmi2, avx512_vbmi, rdtscp, rdpid, fsrm, gfni, avx512_bitalg, f16c, pku, avx512_ifma
Processor Information for the first 4 processors :
  Max Mhz: 1190, Current Mhz: 1190, Mhz Limit: 1190

Memory: 4k page, system-wide physical 3862M (304M free)
TotalPageFile size 15638M (AvailPageFile size 3M)
current process WorkingSet (physical memory assigned to process): 10M, peak: 213M
current process commit charge ("private bytes"): 372M, peak: 379M

vm_info: OpenJDK 64-Bit Server VM (21.0.10+7-LTS) for windows-amd64 JRE (21.0.10+7-LTS), built on 2026-01-20T00:00:00Z by "admin" with MS VC++ 17.12 (VS2022)

END.
